BEGIN	1756837044.7637997
EXEC	/work1/grodgers/git/tr_aomp/TheRock/build/compiler/amd-llvm/build	/usr/bin/cmake -E env --unset=ROCM_PATH --unset=ROCM_DIR --unset=HIP_PATH --unset=HIP_DIR -- /usr/bin/cmake -GNinja -B/work/grodgers/git/tr_aomp/TheRock/build/compiler/amd-llvm/build -S/work/grodgers/git/tr_aomp/TheRock/compiler/amd-llvm/llvm -DCMAKE_BUILD_TYPE=Release -DCMAKE_INSTALL_PREFIX=/work/grodgers/git/tr_aomp/TheRock/build/compiler/amd-llvm/stage/lib/llvm -DTHEROCK_STAGE_INSTALL_ROOT=/work/grodgers/git/tr_aomp/TheRock/build/compiler/amd-llvm/stage -DCMAKE_TOOLCHAIN_FILE=/work/grodgers/git/tr_aomp/TheRock/build/compiler/amd-llvm/_toolchain.cmake -DCMAKE_PROJECT_TOP_LEVEL_INCLUDES=/work/grodgers/git/tr_aomp/TheRock/build/compiler/amd-llvm/_init.cmake -DLLVM_APPEND_VC_REV=ON -DLLVM_FORCE_VC_REPOSITORY=https://github.com/ROCm/llvm-project.git -DLLVM_FORCE_VC_REVISION=1b5ca053c4ff3f9e729db16d11ca998bbd65d7e3+PATCHED:6509c030a655df7073b63a5b3d705e00f4f461ca -DLIBCXX_ENABLE_SHARED=OFF -DLIBCXX_ENABLE_STATIC=ON -DLIBCXX_INSTALL_LIBRARY=OFF -DLIBCXX_INSTALL_HEADERS=OFF -DLIBCXXABI_ENABLE_SHARED=OFF -DLIBCXXABI_ENABLE_STATIC=ON -DLLVM_INCLUDE_TESTS=OFF -DLLVM_ENABLE_ZLIB=FORCE_ON -DLLVM_ENABLE_Z3_SOLVER=OFF -DLLVM_ENABLE_LIBXML2=OFF -DCLANG_DEFAULT_LINKER=lld -DCLANG_DEFAULT_RTLIB=compiler-rt -DCLANG_DEFAULT_UNWINDLIB=libgcc -DCLANG_ENABLE_AMDCLANG=ON -DLLVM_INSTALL_TOOLCHAIN_ONLY=OFF -DLLVM_BUILD_LLVM_C_DYLIB=OFF -DCLANG_ENABLE_ARCMT=OFF -DCLANG_ENABLE_STATIC_ANALYZER=OFF -DCLANG_ENABLE_CLANGD=OFF -DCLANG_TIDY_ENABLE_STATIC_ANALYZER=OFF -DCLANG_TOOL_CLANG_LINKER_WRAPPER_BUILD=ON -DOPENMP_ENABLE_LIBOMPTARGET=ON -DLIBOMPTARGET_BUILD_DEVICE_FORTRT=ON -DLLVM_ENABLE_PEDANTIC=OFF -DLLVM_ENABLE_PROJECTS=clang lld clang-tools-extra flang -DLLVM_ENABLE_RUNTIMES=libcxx libcxxabi libunwind openmp offload compiler-rt flang-rt -DLLVM_VERSION_SUFFIX=_AOMP_22.0-5
0.0	CMake Warning:
0.0	  Ignoring extra path from command line:
0.0	
0.0	   "flang-rt"
0.0	
0.0	
0.0	-- Sub-project PKG_CONFIG_PATH: /work/grodgers/git/tr_aomp/TheRock/build/third-party/sysdeps/linux/zlib/build/stage/lib/rocm_sysdeps/lib/pkgconfig:/work/grodgers/git/tr_aomp/TheRock/build/third-party/sysdeps/linux/zstd/build/stage/lib/rocm_sysdeps/lib/pkgconfig:
0.0	-- Resolving packages from super-project: ZLIB;zstd;ROCmCMakeBuildTools;ROCM
0.0	-- Implicit tool option: LLVM_TOOL_BUGPOINT_BUILD = OFF
0.0	-- Implicit tool option: LLVM_TOOL_BUGPOINT_PASSES_BUILD = OFF
0.0	-- Implicit tool option: LLVM_TOOL_DSYMUTIL_BUILD = OFF
0.0	-- Implicit tool option: LLVM_TOOL_DXIL_DIS_BUILD = OFF
0.0	-- Implicit tool option: LLVM_TOOL_GOLD_BUILD = OFF
0.0	-- Implicit tool option: LLVM_TOOL_LLC_BUILD = OFF
0.0	-- Implicit tool option: LLVM_TOOL_LLI_BUILD = OFF
0.0	-- Implicit tool option: LLVM_TOOL_LLVM_AR_BUILD = ON
0.0	-- Implicit tool option: LLVM_TOOL_LLVM_AS_BUILD = OFF
0.0	-- Implicit tool option: LLVM_TOOL_LLVM_AS_FUZZER_BUILD = OFF
0.0	-- Implicit tool option: LLVM_TOOL_LLVM_BCANALYZER_BUILD = OFF
0.0	-- Implicit tool option: LLVM_TOOL_LLVM_C_TEST_BUILD = OFF
0.0	-- Implicit tool option: LLVM_TOOL_LLVM_CAT_BUILD = OFF
0.0	-- Implicit tool option: LLVM_TOOL_LLVM_CFI_VERIFY_BUILD = OFF
0.0	-- Implicit tool option: LLVM_TOOL_LLVM_CGDATA_BUILD = OFF
0.0	-- Implicit tool option: LLVM_TOOL_LLVM_CONFIG_BUILD = ON
0.0	-- Implicit tool option: LLVM_TOOL_LLVM_COV_BUILD = OFF
0.0	-- Implicit tool option: LLVM_TOOL_LLVM_CTXPROF_UTIL_BUILD = OFF
0.0	-- Implicit tool option: LLVM_TOOL_LLVM_CVTRES_BUILD = OFF
0.0	-- Implicit tool option: LLVM_TOOL_LLVM_CXXDUMP_BUILD = OFF
0.0	-- Implicit tool option: LLVM_TOOL_LLVM_CXXFILT_BUILD = OFF
0.0	-- Implicit tool option: LLVM_TOOL_LLVM_CXXMAP_BUILD = OFF
0.0	-- Implicit tool option: LLVM_TOOL_LLVM_DEBUGINFO_ANALYZER_BUILD = OFF
0.0	-- Implicit tool option: LLVM_TOOL_LLVM_DEBUGINFOD_BUILD = OFF
0.0	-- Implicit tool option: LLVM_TOOL_LLVM_DEBUGINFOD_FIND_BUILD = OFF
0.0	-- Implicit tool option: LLVM_TOOL_LLVM_DIFF_BUILD = OFF
0.0	-- Implicit tool option: LLVM_TOOL_LLVM_DIS_BUILD = OFF
0.0	-- Implicit tool option: LLVM_TOOL_LLVM_DIS_FUZZER_BUILD = OFF
0.0	-- Implicit tool option: LLVM_TOOL_LLVM_DLANG_DEMANGLE_FUZZER_BUILD = OFF
0.0	-- Implicit tool option: LLVM_TOOL_LLVM_DRIVER_BUILD = OFF
0.0	-- Implicit tool option: LLVM_TOOL_LLVM_DWARFDUMP_BUILD = ON
0.0	-- Implicit tool option: LLVM_TOOL_LLVM_DWARFUTIL_BUILD = OFF
0.0	-- Implicit tool option: LLVM_TOOL_LLVM_DWP_BUILD = OFF
0.0	-- Implicit tool option: LLVM_TOOL_LLVM_EXEGESIS_BUILD = OFF
0.0	-- Implicit tool option: LLVM_TOOL_LLVM_EXTRACT_BUILD = OFF
0.0	-- Implicit tool option: LLVM_TOOL_LLVM_GPU_LOADER_BUILD = OFF
0.0	-- Implicit tool option: LLVM_TOOL_LLVM_GSYMUTIL_BUILD = OFF
0.0	-- Implicit tool option: LLVM_TOOL_LLVM_IFS_BUILD = OFF
0.0	-- Implicit tool option: LLVM_TOOL_LLVM_IR2VEC_BUILD = OFF
0.0	-- Implicit tool option: LLVM_TOOL_LLVM_ISEL_FUZZER_BUILD = OFF
0.0	-- Implicit tool option: LLVM_TOOL_LLVM_ITANIUM_DEMANGLE_FUZZER_BUILD = OFF
0.0	-- Implicit tool option: LLVM_TOOL_LLVM_JITLINK_BUILD = ON
0.0	-- Implicit tool option: LLVM_TOOL_LLVM_JITLISTENER_BUILD = OFF
0.0	-- Implicit tool option: LLVM_TOOL_LLVM_LIBTOOL_DARWIN_BUILD = OFF
0.0	-- Implicit tool option: LLVM_TOOL_LLVM_LINK_BUILD = ON
0.0	-- Implicit tool option: LLVM_TOOL_LLVM_LIPO_BUILD = OFF
0.0	-- Implicit tool option: LLVM_TOOL_LLVM_LTO_BUILD = OFF
0.0	-- Implicit tool option: LLVM_TOOL_LLVM_LTO2_BUILD = OFF
0.0	-- Implicit tool option: LLVM_TOOL_LLVM_MC_BUILD = ON
0.0	-- Implicit tool option: LLVM_TOOL_LLVM_MC_ASSEMBLE_FUZZER_BUILD = OFF
0.0	-- Implicit tool option: LLVM_TOOL_LLVM_MC_DISASSEMBLE_FUZZER_BUILD = OFF
0.0	-- Implicit tool option: LLVM_TOOL_LLVM_MCA_BUILD = OFF
0.0	-- Implicit tool option: LLVM_TOOL_LLVM_MICROSOFT_DEMANGLE_FUZZER_BUILD = OFF
0.0	-- Implicit tool option: LLVM_TOOL_LLVM_ML_BUILD = OFF
0.0	-- Implicit tool option: LLVM_TOOL_LLVM_MODEXTRACT_BUILD = OFF
0.0	-- Implicit tool option: LLVM_TOOL_LLVM_MT_BUILD = OFF
0.0	-- Implicit tool option: LLVM_TOOL_LLVM_NM_BUILD = ON
0.0	-- Implicit tool option: LLVM_TOOL_LLVM_OBJCOPY_BUILD = ON
0.0	-- Implicit tool option: LLVM_TOOL_LLVM_OBJDUMP_BUILD = ON
0.0	-- Implicit tool option: LLVM_TOOL_LLVM_OFFLOAD_WRAPPER_BUILD = OFF
0.0	-- Implicit tool option: LLVM_TOOL_LLVM_OPT_FUZZER_BUILD = OFF
0.0	-- Implicit tool option: LLVM_TOOL_LLVM_OPT_REPORT_BUILD = OFF
0.0	-- Implicit tool option: LLVM_TOOL_LLVM_PDBUTIL_BUILD = OFF
0.0	-- Implicit tool option: LLVM_TOOL_LLVM_PROFDATA_BUILD = OFF
0.0	-- Implicit tool option: LLVM_TOOL_LLVM_PROFGEN_BUILD = OFF
0.0	-- Implicit tool option: LLVM_TOOL_LLVM_RC_BUILD = OFF
0.0	-- Implicit tool option: LLVM_TOOL_LLVM_READOBJ_BUILD = OFF
0.0	-- Implicit tool option: LLVM_TOOL_LLVM_READTAPI_BUILD = OFF
0.0	-- Implicit tool option: LLVM_TOOL_LLVM_REDUCE_BUILD = OFF
0.0	-- Implicit tool option: LLVM_TOOL_LLVM_REMARKUTIL_BUILD = OFF
0.0	-- Implicit tool option: LLVM_TOOL_LLVM_RTDYLD_BUILD = OFF
0.0	-- Implicit tool option: LLVM_TOOL_LLVM_RUST_DEMANGLE_FUZZER_BUILD = OFF
0.0	-- Implicit tool option: LLVM_TOOL_LLVM_SHLIB_BUILD = ON
0.0	-- Implicit tool option: LLVM_TOOL_LLVM_SIM_BUILD = OFF
0.0	-- Implicit tool option: LLVM_TOOL_LLVM_SIZE_BUILD = OFF
0.0	-- Implicit tool option: LLVM_TOOL_LLVM_SPECIAL_CASE_LIST_FUZZER_BUILD = OFF
0.0	-- Implicit tool option: LLVM_TOOL_LLVM_SPLIT_BUILD = OFF
0.0	-- Implicit tool option: LLVM_TOOL_LLVM_STRESS_BUILD = OFF
0.0	-- Implicit tool option: LLVM_TOOL_LLVM_STRINGS_BUILD = OFF
0.0	-- Implicit tool option: LLVM_TOOL_LLVM_SYMBOLIZER_BUILD = OFF
0.0	-- Implicit tool option: LLVM_TOOL_LLVM_TLI_CHECKER_BUILD = OFF
0.0	-- Implicit tool option: LLVM_TOOL_LLVM_UNDNAME_BUILD = OFF
0.0	-- Implicit tool option: LLVM_TOOL_LLVM_XRAY_BUILD = OFF
0.0	-- Implicit tool option: LLVM_TOOL_LLVM_YAML_NUMERIC_PARSER_FUZZER_BUILD = OFF
0.0	-- Implicit tool option: LLVM_TOOL_LLVM_YAML_PARSER_FUZZER_BUILD = OFF
0.0	-- Implicit tool option: LLVM_TOOL_LTO_BUILD = OFF
0.0	-- Implicit tool option: LLVM_TOOL_OBJ2YAML_BUILD = OFF
0.0	-- Implicit tool option: LLVM_TOOL_OPT_BUILD = ON
0.0	-- Implicit tool option: LLVM_TOOL_OPT_VIEWER_BUILD = OFF
0.0	-- Implicit tool option: LLVM_TOOL_REDUCE_CHUNK_LIST_BUILD = OFF
0.0	-- Implicit tool option: LLVM_TOOL_REMARKS_SHLIB_BUILD = OFF
0.0	-- Implicit tool option: LLVM_TOOL_SANCOV_BUILD = OFF
0.0	-- Implicit tool option: LLVM_TOOL_SANSTATS_BUILD = OFF
0.0	-- Implicit tool option: LLVM_TOOL_SPIRV_TOOLS_BUILD = OFF
0.0	-- Implicit tool option: LLVM_TOOL_VERIFY_USELISTORDER_BUILD = OFF
0.0	-- Implicit tool option: LLVM_TOOL_VFABI_DEMANGLE_FUZZER_BUILD = OFF
0.0	-- Implicit tool option: LLVM_TOOL_XCODE_TOOLCHAIN_BUILD = OFF
0.0	-- Implicit tool option: LLVM_TOOL_YAML2OBJ_BUILD = ON
0.0	-- Implicit tool option: CLANG_TOOL_AMDGPU_ARCH_BUILD = ON
0.0	-- Implicit tool option: CLANG_TOOL_AMDLLVM_BUILD = OFF
0.0	-- Implicit tool option: CLANG_TOOL_APINOTES_TEST_BUILD = OFF
0.0	-- Implicit tool option: CLANG_TOOL_C_INDEX_TEST_BUILD = OFF
0.0	-- Implicit tool option: CLANG_TOOL_CIR_LSP_SERVER_BUILD = OFF
0.0	-- Implicit tool option: CLANG_TOOL_CIR_OPT_BUILD = OFF
0.0	-- Implicit tool option: CLANG_TOOL_CIR_TRANSLATE_BUILD = OFF
0.0	-- Implicit tool option: CLANG_TOOL_CLANG_CHECK_BUILD = OFF
0.0	-- Implicit tool option: CLANG_TOOL_CLANG_DIFF_BUILD = OFF
0.0	-- Implicit tool option: CLANG_TOOL_CLANG_EXTDEF_MAPPING_BUILD = OFF
0.0	-- Implicit tool option: CLANG_TOOL_CLANG_FORMAT_BUILD = OFF
0.0	-- Implicit tool option: CLANG_TOOL_CLANG_FUZZER_BUILD = OFF
0.0	-- Implicit tool option: CLANG_TOOL_CLANG_HIP_BUILD = ON
0.0	-- Implicit tool option: CLANG_TOOL_CLANG_IMPORT_TEST_BUILD = OFF
0.0	-- Implicit tool option: CLANG_TOOL_CLANG_INSTALLAPI_BUILD = OFF
0.0	-- Implicit tool option: CLANG_TOOL_CLANG_LINKER_WRAPPER_BUILD = ON
0.0	-- Implicit tool option: CLANG_TOOL_CLANG_NVLINK_WRAPPER_BUILD = OFF
0.0	-- Implicit tool option: CLANG_TOOL_CLANG_OFFLOAD_BUNDLER_BUILD = ON
0.0	-- Implicit tool option: CLANG_TOOL_CLANG_OFFLOAD_PACKAGER_BUILD = ON
0.0	-- Implicit tool option: CLANG_TOOL_CLANG_OFFLOAD_WRAPPER_BUILD = ON
0.0	-- Implicit tool option: CLANG_TOOL_CLANG_REFACTOR_BUILD = OFF
0.0	-- Implicit tool option: CLANG_TOOL_CLANG_REPL_BUILD = OFF
0.0	-- Implicit tool option: CLANG_TOOL_CLANG_SCAN_DEPS_BUILD = OFF
0.0	-- Implicit tool option: CLANG_TOOL_CLANG_SHLIB_BUILD = ON
0.0	-- Implicit tool option: CLANG_TOOL_CLANG_SYCL_LINKER_BUILD = OFF
0.0	-- Implicit tool option: CLANG_TOOL_DIAGTOOL_BUILD = OFF
0.0	-- Implicit tool option: CLANG_TOOL_DRIVER_BUILD = ON
0.0	-- Implicit tool option: CLANG_TOOL_LIBCLANG_BUILD = OFF
0.0	-- Implicit tool option: CLANG_TOOL_OFFLOAD_ARCH_BUILD = OFF
0.0	-- Implicit tool option: CLANG_TOOL_SCAN_BUILD_BUILD = OFF
0.0	-- Implicit tool option: CLANG_TOOL_SCAN_BUILD_PY_BUILD = OFF
0.0	-- Implicit tool option: CLANG_TOOL_SCAN_VIEW_BUILD = OFF
0.1	-- The C compiler identification is GNU 13.3.0
0.1	-- The CXX compiler identification is GNU 13.3.0
0.2	-- The ASM compiler identification is GNU
0.2	-- Found assembler: /usr/bin/cc
0.2	-- Detecting C compiler ABI info
0.3	-- Detecting C compiler ABI info - done
0.3	-- Check for working C compiler: /usr/bin/cc - skipped
0.3	-- Detecting C compile features
0.3	-- Detecting C compile features - done
0.3	-- Detecting CXX compiler ABI info
0.4	-- Detecting CXX compiler ABI info - done
0.4	-- Check for working CXX compiler: /usr/bin/c++ - skipped
0.4	-- Detecting CXX compile features
0.4	-- Detecting CXX compile features - done
0.4	-- Enabling MLIR as a dependency to flang
0.4	-- bolt project is disabled
0.4	-- clang project is enabled
0.4	-- clang-tools-extra project is enabled
0.4	-- compiler-rt project is disabled
0.4	-- cross-project-tests project is disabled
0.4	-- libclc project is disabled
0.4	-- lld project is enabled
0.4	-- lldb project is disabled
0.4	-- mlir project is enabled
0.4	-- openmp project is disabled
0.4	-- polly project is disabled
0.4	-- flang project is enabled
0.4	-- libc project is disabled
0.4	-- rocm-device-libs project is enabled
0.4	-- Resolving system find_package(Python3) (not found in super-project ZLIB;zstd;ROCmCMakeBuildTools;ROCM)
0.6	-- Found Python3: /work/grodgers/git/tr_aomp/TheRock/.venv/bin/python3 (found suitable version "3.12.3", minimum required is "3.0") found components: Interpreter 
0.6	-- Performing Test CXX_COMPILER_SUPPORTS_STDLIB
0.6	-- Performing Test CXX_COMPILER_SUPPORTS_STDLIB - Failed
0.6	-- Performing Test CXX_LINKER_SUPPORTS_STDLIB
0.7	-- Performing Test CXX_LINKER_SUPPORTS_STDLIB - Failed
0.7	CMake Warning at cmake/modules/HandleLLVMStdlib.cmake:28 (message):
0.7	  Can't specify libc++ with '-stdlib='
0.7	Call Stack (most recent call first):
0.7	  cmake/config-ix.cmake:13 (include)
0.7	  CMakeLists.txt:1043 (include)
0.7	
0.7	
0.7	-- Looking for __GLIBC__
0.8	-- Looking for __GLIBC__ - found
0.8	-- Looking for valgrind/valgrind.h
0.9	-- Looking for valgrind/valgrind.h - found
0.9	-- Looking for FE_ALL_EXCEPT
0.9	-- Looking for FE_ALL_EXCEPT - found
0.9	-- Looking for FE_INEXACT
1.0	-- Looking for FE_INEXACT - found
1.0	-- Performing Test HAVE_BUILTIN_THREAD_POINTER
1.1	-- Performing Test HAVE_BUILTIN_THREAD_POINTER - Success
1.1	-- Looking for CrashReporterClient.h
1.1	-- Looking for CrashReporterClient.h - not found
1.1	-- Looking for linux/magic.h
1.2	-- Looking for linux/magic.h - found
1.2	-- Looking for pthread_create in pthread
1.3	-- Looking for pthread_create in pthread - found
1.3	-- Looking for pthread_rwlock_init in pthread
1.4	-- Looking for pthread_rwlock_init in pthread - found
1.4	-- Looking for pthread_mutex_lock in pthread
1.4	-- Looking for pthread_mutex_lock in pthread - found
1.4	-- Looking for dlopen in dl
1.5	-- Looking for dlopen in dl - found
1.5	-- Looking for shm_open in rt
1.6	-- Looking for shm_open in rt - found
1.6	-- Looking for pfm_initialize in pfm
1.7	-- Looking for pfm_initialize in pfm - not found
1.7	-- Resolving system find_package(Threads) (not found in super-project ZLIB;zstd;ROCmCMakeBuildTools;ROCM)
1.7	-- Performing Test CMAKE_HAVE_LIBC_PTHREAD
1.8	-- Performing Test CMAKE_HAVE_LIBC_PTHREAD - Success
1.8	-- Found Threads: TRUE  
1.8	-- Resolving super-project find_package(ZLIB REQUIRED BYPASS_PROVIDER NO_DEFAULT_PATH PATHS /work/grodgers/git/tr_aomp/TheRock/build/third-party/sysdeps/linux/zlib/build/dist/lib/rocm_sysdeps/lib/cmake/ZLIB)
1.8	-- Looking for compress2
1.9	-- Looking for compress2 - found
1.9	-- Resolving super-project find_package(zstd QUIET BYPASS_PROVIDER NO_DEFAULT_PATH PATHS /work/grodgers/git/tr_aomp/TheRock/build/third-party/sysdeps/linux/zstd/build/dist/lib/rocm_sysdeps/lib/cmake/zstd)
1.9	-- Resolving system find_package(Threads) (not found in super-project ZLIB;zstd;ROCmCMakeBuildTools;ROCM)
1.9	-- Resolving system find_package(LibEdit) (not found in super-project ZLIB;zstd;ROCmCMakeBuildTools;ROCM)
1.9	-- Resolving system find_package(PkgConfig) (not found in super-project ZLIB;zstd;ROCmCMakeBuildTools;ROCM)
2.0	-- Looking for histedit.h
2.1	-- Looking for histedit.h - found
2.1	-- Found LibEdit: /usr/include (found version "2.11") 
2.1	-- Looking for arc4random
2.2	-- Looking for arc4random - found
2.2	-- Resolving system find_package(Backtrace) (not found in super-project ZLIB;zstd;ROCmCMakeBuildTools;ROCM)
2.2	-- Looking for backtrace
2.3	-- Looking for backtrace - found
2.3	-- backtrace facility detected in default set of libraries
2.3	-- Found Backtrace: /usr/include  
2.3	-- Performing Test C_SUPPORTS_WERROR_UNGUARDED_AVAILABILITY_NEW
2.3	-- Performing Test C_SUPPORTS_WERROR_UNGUARDED_AVAILABILITY_NEW - Failed
2.3	-- Looking for __register_frame
2.4	-- Looking for __register_frame - found
2.4	-- Looking for __deregister_frame
2.5	-- Looking for __deregister_frame - found
2.5	-- Looking for __unw_add_dynamic_fde
2.5	-- Looking for __unw_add_dynamic_fde - not found
2.5	-- Looking for _Unwind_Backtrace
2.6	-- Looking for _Unwind_Backtrace - found
2.6	-- Looking for getpagesize
2.7	-- Looking for getpagesize - found
2.7	-- Looking for sysconf
2.8	-- Looking for sysconf - found
2.8	-- Looking for getrusage
2.9	-- Looking for getrusage - found
2.9	-- Looking for isatty
3.0	-- Looking for isatty - found
3.0	-- Looking for futimens
3.1	-- Looking for futimens - found
3.1	-- Looking for futimes
3.1	-- Looking for futimes - found
3.1	-- Looking for getauxval
3.2	-- Looking for getauxval - found
3.2	-- Looking for sigaltstack
3.3	-- Looking for sigaltstack - found
3.3	-- Looking for mallctl
3.4	-- Looking for mallctl - not found
3.4	-- Looking for mallinfo
3.5	-- Looking for mallinfo - found
3.5	-- Looking for mallinfo2
3.6	-- Looking for mallinfo2 - found
3.6	-- Looking for malloc_zone_statistics
3.7	-- Looking for malloc_zone_statistics - not found
3.7	-- Looking for posix_spawn
3.7	-- Looking for posix_spawn - found
3.7	-- Looking for pread
3.9	-- Looking for pread - found
3.9	-- Looking for sbrk
3.9	-- Looking for sbrk - found
3.9	-- Looking for strerror_r
4.0	-- Looking for strerror_r - found
4.0	-- Looking for strerror_s
4.1	-- Looking for strerror_s - not found
4.1	-- Looking for setenv
4.2	-- Looking for setenv - found
4.2	-- Performing Test HAVE_STRUCT_STAT_ST_MTIMESPEC_TV_NSEC
4.2	-- Performing Test HAVE_STRUCT_STAT_ST_MTIMESPEC_TV_NSEC - Failed
4.2	-- Performing Test HAVE_STRUCT_STAT_ST_MTIM_TV_NSEC
4.3	-- Performing Test HAVE_STRUCT_STAT_ST_MTIM_TV_NSEC - Success
4.3	-- Looking for pthread_getname_np
4.4	-- Looking for pthread_getname_np - found
4.4	-- Looking for pthread_setname_np
4.5	-- Looking for pthread_setname_np - found
4.5	-- Looking for pthread_get_name_np
4.5	-- Looking for pthread_get_name_np - not found
4.5	-- Looking for pthread_set_name_np
4.6	-- Looking for pthread_set_name_np - not found
4.6	-- Looking for dlopen
4.6	-- Looking for dlopen - found
4.6	-- Looking for proc_pid_rusage
4.7	-- Looking for proc_pid_rusage - not found
4.7	-- Performing Test HAVE_CXX_ATOMICS_WITHOUT_LIB
4.8	-- Performing Test HAVE_CXX_ATOMICS_WITHOUT_LIB - Success
4.8	-- Performing Test HAVE_CXX_ATOMICS64_WITHOUT_LIB
4.9	-- Performing Test HAVE_CXX_ATOMICS64_WITHOUT_LIB - Success
4.9	-- Performing Test LLVM_HAS_ATOMICS
5.0	-- Performing Test LLVM_HAS_ATOMICS - Success
5.0	-- LLVM host triple: x86_64-unknown-linux-gnu
5.0	-- Native target architecture is X86
5.0	-- Threads enabled.
5.0	-- Doxygen disabled.
5.0	-- Ninja version: 1.11.1
5.0	-- Could NOT find OCaml (missing: OCAMLFIND OCAML_VERSION OCAML_STDLIB_PATH) 
5.0	-- Resolving system find_package(OCaml) (not found in super-project ZLIB;zstd;ROCmCMakeBuildTools;ROCM)
5.0	-- Could NOT find OCaml (missing: OCAMLFIND OCAML_VERSION OCAML_STDLIB_PATH) 
5.0	-- Could NOT find OCaml (missing: OCAMLFIND OCAML_VERSION OCAML_STDLIB_PATH) 
5.0	-- OCaml bindings disabled.
5.0	-- Found Python module pygments
5.1	-- Found Python module pygments.lexers.c_cpp
5.1	-- Found Python module yaml
5.1	-- LLVM default target triple: x86_64-unknown-linux-gnu
5.1	-- Performing Test LLVM_USES_LIBSTDCXX
5.2	-- Performing Test LLVM_USES_LIBSTDCXX - Success
5.2	-- Performing Test LLVM_DEFAULT_TO_GLIBCXX_USE_CXX11_ABI
5.4	-- Performing Test LLVM_DEFAULT_TO_GLIBCXX_USE_CXX11_ABI - Success
5.4	-- Performing Test C_SUPPORTS_FPIC
5.5	-- Performing Test C_SUPPORTS_FPIC - Success
5.5	-- Performing Test CXX_SUPPORTS_FPIC
5.6	-- Performing Test CXX_SUPPORTS_FPIC - Success
5.6	-- Building with -fPIC
5.6	-- Performing Test C_SUPPORTS_FNO_SEMANTIC_INTERPOSITION
5.7	-- Performing Test C_SUPPORTS_FNO_SEMANTIC_INTERPOSITION - Success
5.7	-- Performing Test CXX_SUPPORTS_FNO_SEMANTIC_INTERPOSITION
5.7	-- Performing Test CXX_SUPPORTS_FNO_SEMANTIC_INTERPOSITION - Success
5.7	-- Performing Test SUPPORTS_FVISIBILITY_INLINES_HIDDEN_FLAG
5.8	-- Performing Test SUPPORTS_FVISIBILITY_INLINES_HIDDEN_FLAG - Success
5.8	-- Performing Test CXX_SUPPORTS_SUGGEST_OVERRIDE_FLAG
5.9	-- Performing Test CXX_SUPPORTS_SUGGEST_OVERRIDE_FLAG - Success
5.9	-- Performing Test CXX_WSUGGEST_OVERRIDE_ALLOWS_ONLY_FINAL
6.0	-- Performing Test CXX_WSUGGEST_OVERRIDE_ALLOWS_ONLY_FINAL - Success
6.0	-- Performing Test C_WCOMMENT_ALLOWS_LINE_WRAP
6.0	-- Performing Test C_WCOMMENT_ALLOWS_LINE_WRAP - Failed
6.0	-- Performing Test C_SUPPORTS_CTAD_MAYBE_UNSPPORTED_FLAG
6.1	-- Performing Test C_SUPPORTS_CTAD_MAYBE_UNSPPORTED_FLAG - Failed
6.1	-- Performing Test CXX_SUPPORTS_CTAD_MAYBE_UNSPPORTED_FLAG
6.1	-- Performing Test CXX_SUPPORTS_CTAD_MAYBE_UNSPPORTED_FLAG - Success
6.1	-- Performing Test LINKER_SUPPORTS_COLOR_DIAGNOSTICS
6.2	-- Performing Test LINKER_SUPPORTS_COLOR_DIAGNOSTICS - Failed
6.2	-- Looking for os_signpost_interval_begin
6.3	-- Looking for os_signpost_interval_begin - not found
6.3	-- Linker detection: GNU ld
6.3	-- Performing Test LLVM_LINKER_SUPPORTS_B_SYMBOLIC_FUNCTIONS
6.4	-- Performing Test LLVM_LINKER_SUPPORTS_B_SYMBOLIC_FUNCTIONS - Success
6.4	-- Performing Test HAS_WERROR_GLOBAL_CTORS
6.4	-- Performing Test HAS_WERROR_GLOBAL_CTORS - Failed
6.4	-- Looking for __x86_64__
6.5	-- Looking for __x86_64__ - found
6.6	-- Resolving system find_package(Git) (not found in super-project ZLIB;zstd;ROCmCMakeBuildTools;ROCM)
6.6	-- Found Git: /usr/bin/git (found version "2.43.0") 
6.7	-- Looking for logf128
6.9	-- Looking for logf128 - found
7.0	-- Targeting AMDGPU
7.0	-- Targeting X86
7.1	-- LLD version: 22.0.0
7.1	-- Resolving system find_package(Git) (not found in super-project ZLIB;zstd;ROCmCMakeBuildTools;ROCM)
7.1	-- Resolving system find_package(Git) (not found in super-project ZLIB;zstd;ROCmCMakeBuildTools;ROCM)
7.2	-- Performing Test C_SUPPORTS_WERROR_IMPLICIT_FUNCTION_DECLARATION
7.2	-- Performing Test C_SUPPORTS_WERROR_IMPLICIT_FUNCTION_DECLARATION - Success
7.2	-- Performing Test C_SUPPORTS_WUNDEF
7.3	-- Performing Test C_SUPPORTS_WUNDEF - Success
7.3	-- Performing Test C_SUPPORTS_WERROR_MISMATCHED_TAGS
7.4	-- Performing Test C_SUPPORTS_WERROR_MISMATCHED_TAGS - Failed
7.4	-- Performing Test CXX_SUPPORTS_WNO_UNUSED_BUT_SET_PARAMETER
7.5	-- Performing Test CXX_SUPPORTS_WNO_UNUSED_BUT_SET_PARAMETER - Success
7.8	-- Performing Test C_SUPPORTS_WERROR_GLOBAL_CONSTRUCTOR
7.8	-- Performing Test C_SUPPORTS_WERROR_GLOBAL_CONSTRUCTOR - Failed
7.8	-- Performing Test CXX_SUPPORTS_WERROR_GLOBAL_CONSTRUCTOR
7.9	-- Performing Test CXX_SUPPORTS_WERROR_GLOBAL_CONSTRUCTOR - Failed
8.5	-- Performing Test COMPILER_SUPPORTS_WARNING_WEAK_VTABLES
8.6	-- Performing Test COMPILER_SUPPORTS_WARNING_WEAK_VTABLES - Failed
8.8	-- Looking for sys/resource.h
8.9	-- Looking for sys/resource.h - found
8.9	-- Looking for dlfcn.h
9.0	-- Looking for dlfcn.h - found
9.0	-- Looking for dladdr
9.2	-- Looking for dladdr - found
9.2	-- Resolving system find_package(CUDA) (not found in super-project ZLIB;zstd;ROCmCMakeBuildTools;ROCM)
9.2	CMake Warning (dev) at /work/grodgers/git/tr_aomp/TheRock/cmake/therock_subproject_dep_provider.cmake:63 (find_package):
9.2	  Policy CMP0146 is not set: The FindCUDA module is removed.  Run "cmake
9.2	  --help-policy CMP0146" for policy details.  Use the cmake_policy command to
9.2	  set the policy and suppress this warning.
9.2	
9.2	Call Stack (most recent call first):
9.2	  /work/grodgers/git/tr_aomp/TheRock/compiler/amd-llvm/clang/CMakeLists.txt:292 (find_package)
9.2	This warning is for project developers.  Use -Wno-dev to suppress it.
9.2	
9.2	-- Resolving system find_package(Threads) (not found in super-project ZLIB;zstd;ROCmCMakeBuildTools;ROCM)
9.5	-- Autodetected CUDA architecture(s):  7.0
9.5	-- Clang version: 22.0.0_AOMP_22.0-5
9.5	CMake Deprecation Warning at /work/grodgers/git/tr_aomp/TheRock/compiler/amd-llvm/clang/CMakeLists.txt:475 (message):
9.5	  'CLANG_ENABLE_ARCMT' is deprecated as ARCMigrate has been removed from
9.5	  Clang.  Please use 'CLANG_ENABLE_OBJC_REWRITER' instead to enable or
9.5	  disable the Objective-C rewriter.
9.5	
9.5	
9.6	-- Resolving system find_package(Git) (not found in super-project ZLIB;zstd;ROCmCMakeBuildTools;ROCM)
9.6	-- Resolving system find_package(Git) (not found in super-project ZLIB;zstd;ROCmCMakeBuildTools;ROCM)
9.7	-- Looking for include file sys/inotify.h
9.8	-- Looking for include file sys/inotify.h - found
9.8	-- Resolving system find_package(Threads) (not found in super-project ZLIB;zstd;ROCmCMakeBuildTools;ROCM)
10.0	-- Resolving system find_package(Python3) (not found in super-project ZLIB;zstd;ROCmCMakeBuildTools;ROCM)
10.2	-- Found Python3: /work/grodgers/git/tr_aomp/TheRock/.venv/bin/python3 (found suitable version "3.12.3", minimum required is "3.8") found components: Interpreter 
10.2	-- Flang version: 22.0.0
10.2	-- Performing Test CXX_SUPPORTS_NO_DEPRECATED_COPY_FLAG
10.3	-- Performing Test CXX_SUPPORTS_NO_DEPRECATED_COPY_FLAG - Success
10.3	-- Performing Test CXX_SUPPORTS_NO_STRING_CONVERSION_FLAG
10.4	-- Performing Test CXX_SUPPORTS_NO_STRING_CONVERSION_FLAG - Failed
10.4	-- Performing Test CXX_SUPPORTS_NO_CTAD_MAYBE_UNSUPPORTED_FLAG
10.5	-- Performing Test CXX_SUPPORTS_NO_CTAD_MAYBE_UNSUPPORTED_FLAG - Success
10.5	-- Performing Test CXX_SUPPORTS_NO_NESTED_ANON_TYPES_FLAG
10.6	-- Performing Test CXX_SUPPORTS_NO_NESTED_ANON_TYPES_FLAG - Failed
10.6	-- Performing Test HAVE_LDBL_MANT_DIG_113
10.7	-- Performing Test HAVE_LDBL_MANT_DIG_113 - Failed
10.7	-- Looking for quadmath.h
10.9	-- Looking for quadmath.h - found
10.9	-- quadmath.h found without additional include paths
10.9	-- Looking for sinq in quadmath
11.0	-- Looking for sinq in quadmath - found
11.0	-- Resolving system find_package(Git) (not found in super-project ZLIB;zstd;ROCmCMakeBuildTools;ROCM)
11.1	-- Resolving system find_package(Git) (not found in super-project ZLIB;zstd;ROCmCMakeBuildTools;ROCM)
11.1	-- OpenMP runtime support enabled via LLVM_ENABLE_RUNTIMES, assuming omp_lib.mod is built there
11.1	-- OpenMP runtime support enabled via LLVM_ENABLE_RUNTIMES, assuming omp_lib.h is built there
11.2	-- Resolving system find_package(Doxygen) (not found in super-project ZLIB;zstd;ROCmCMakeBuildTools;ROCM)
11.2	-- Found Doxygen: /usr/bin/doxygen (found version "1.9.8") found components: doxygen dot 
11.3	CMake Deprecation Warning at /work/grodgers/git/tr_aomp/TheRock/compiler/amd-llvm/amd/device-libs/cmake/OCL.cmake:14 (cmake_policy):
11.3	  The OLD behavior for policy CMP0053 will be removed from a future version
11.3	  of CMake.
11.3	
11.3	  The cmake-policies(7) manual explains that the OLD behaviors of all
11.3	  policies are deprecated and that a policy should be set to OLD only under
11.3	  specific short-term circumstances.  Projects should be ported to the NEW
11.3	  behavior and not rely on setting a policy to OLD.
11.3	Call Stack (most recent call first):
11.3	  /work/grodgers/git/tr_aomp/TheRock/compiler/amd-llvm/amd/device-libs/CMakeLists.txt:67 (include)
11.3	
11.3	
11.4	-- Running constant fold tests
11.4	-- Configuring build of omp_lib.mod and omp_lib_kinds.mod via flang
11.5	-- Registering ExampleIRTransforms as a pass plugin (static build: OFF)
11.5	-- Registering Bye as a pass plugin (static build: OFF)
11.6	-- Failed to find LLVM FileCheck
11.6	-- Resolving system find_package(Git) (not found in super-project ZLIB;zstd;ROCmCMakeBuildTools;ROCM)
11.6	-- Google Benchmark version: v0.0.0, normalized to 0.0.0
11.6	-- Looking for shm_open in rt
11.8	-- Looking for shm_open in rt - found
11.8	-- Performing Test HAVE_CXX_FLAG_WALL
11.9	-- Performing Test HAVE_CXX_FLAG_WALL - Success
11.9	-- Performing Test HAVE_CXX_FLAG_WEXTRA
12.0	-- Performing Test HAVE_CXX_FLAG_WEXTRA - Success
12.0	-- Performing Test HAVE_CXX_FLAG_WSHADOW
12.1	-- Performing Test HAVE_CXX_FLAG_WSHADOW - Success
12.1	-- Performing Test HAVE_CXX_FLAG_WFLOAT_EQUAL
12.2	-- Performing Test HAVE_CXX_FLAG_WFLOAT_EQUAL - Success
12.2	-- Performing Test HAVE_CXX_FLAG_WOLD_STYLE_CAST
12.3	-- Performing Test HAVE_CXX_FLAG_WOLD_STYLE_CAST - Success
12.3	-- Performing Test HAVE_CXX_FLAG_WSUGGEST_OVERRIDE
12.4	-- Performing Test HAVE_CXX_FLAG_WSUGGEST_OVERRIDE - Success
12.5	-- Performing Test HAVE_CXX_FLAG_PEDANTIC
12.6	-- Performing Test HAVE_CXX_FLAG_PEDANTIC - Success
12.6	-- Performing Test HAVE_CXX_FLAG_PEDANTIC_ERRORS
12.7	-- Performing Test HAVE_CXX_FLAG_PEDANTIC_ERRORS - Success
12.7	-- Performing Test HAVE_CXX_FLAG_WSHORTEN_64_TO_32
12.8	-- Performing Test HAVE_CXX_FLAG_WSHORTEN_64_TO_32 - Failed
12.8	-- Performing Test HAVE_CXX_FLAG_FSTRICT_ALIASING
13.0	-- Performing Test HAVE_CXX_FLAG_FSTRICT_ALIASING - Success
13.0	-- Performing Test HAVE_CXX_FLAG_WNO_DEPRECATED_DECLARATIONS
13.1	-- Performing Test HAVE_CXX_FLAG_WNO_DEPRECATED_DECLARATIONS - Success
13.1	-- Performing Test HAVE_CXX_FLAG_FNO_EXCEPTIONS
13.2	-- Performing Test HAVE_CXX_FLAG_FNO_EXCEPTIONS - Success
13.2	-- Performing Test HAVE_CXX_FLAG_WSTRICT_ALIASING
13.4	-- Performing Test HAVE_CXX_FLAG_WSTRICT_ALIASING - Success
13.4	-- Performing Test HAVE_CXX_FLAG_WD654
13.4	-- Performing Test HAVE_CXX_FLAG_WD654 - Failed
13.4	-- Performing Test HAVE_CXX_FLAG_WTHREAD_SAFETY
13.5	-- Performing Test HAVE_CXX_FLAG_WTHREAD_SAFETY - Failed
13.5	-- Performing Test HAVE_CXX_FLAG_COVERAGE
13.6	-- Performing Test HAVE_CXX_FLAG_COVERAGE - Success
13.6	-- Compiling and running to test HAVE_GNU_POSIX_REGEX
13.8	-- Performing Test HAVE_GNU_POSIX_REGEX -- failed to compile
13.8	-- Compiling and running to test HAVE_POSIX_REGEX
14.0	-- Performing Test HAVE_POSIX_REGEX -- success
14.0	-- Compiling and running to test HAVE_STEADY_CLOCK
14.2	-- Performing Test HAVE_STEADY_CLOCK -- success
14.2	-- Resolving system find_package(Threads) (not found in super-project ZLIB;zstd;ROCmCMakeBuildTools;ROCM)
14.2	-- Compiling and running to test HAVE_PTHREAD_AFFINITY
14.4	-- Performing Test HAVE_PTHREAD_AFFINITY -- success
14.5	-- Configuring done (14.5s)
17.8	-- Generating done (2.2s)
18.3	CMake Warning:
18.3	  Manually-specified variables were not used by the project:
18.3	
18.3	    THEROCK_STAGE_INSTALL_ROOT
18.3	
18.3	
18.3	-- Build files have been written to: /work/grodgers/git/tr_aomp/TheRock/build/compiler/amd-llvm/build
END	1756837063.591486	18.827686309814453
