BEGIN	1756496077.2434115
EXEC	/work1/grodgers/git/tr_aomp/TheRock/build/third-party/sysdeps/linux/libdrm/build/build	/usr/bin/cmake -E env --unset=ROCM_PATH --unset=ROCM_DIR --unset=HIP_PATH --unset=HIP_DIR -- /usr/bin/cmake --build /work/grodgers/git/tr_aomp/TheRock/build/third-party/sysdeps/linux/libdrm/build/build
0.0	[1/2] cd /work/grodgers/git/tr_aomp/TheRock/build/third-party/sysdeps/linux/libdrm/build/build && /usr/bin/cmake -E rm -f /work/grodgers/git/tr_aomp/TheRock/build/third-party/sysdeps/linux/libdrm/build/stamp/stage.stamp
2.4	[2/2] cd /work/grodgers/git/tr_aomp/TheRock/build/third-party/sysdeps/linux/libdrm/build/build && /usr/bin/cmake -E rm -rf -- /work/grodgers/git/tr_aomp/TheRock/build/third-party/sysdeps/linux/libdrm/build/stage/lib/rocm_sysdeps /work/grodgers/git/tr_aomp/TheRock/build/third-party/sysdeps/linux/libdrm/build/build/../patch_source && /usr/bin/cmake -E copy_directory /work/grodgers/git/tr_aomp/TheRock/build/third-party/sysdeps/linux/libdrm/source /work/grodgers/git/tr_aomp/TheRock/build/third-party/sysdeps/linux/libdrm/build/build/../patch_source && /work/grodgers/git/tr_aomp/TheRock/third-party/sysdeps/linux/libdrm/inline_amdgpu_ids.sh /work/grodgers/git/tr_aomp/TheRock/build/third-party/sysdeps/linux/libdrm/build/build/../patch_source && /usr/bin/cmake -E chdir /work/grodgers/git/tr_aomp/TheRock/build/third-party/sysdeps/linux/libdrm/build/build/../patch_source /usr/bin/cmake -E env LDFLAGS=-Wl,-rpath='$ORIGIN'\ -Wl,--version-script=/work/grodgers/git/tr_aomp/TheRock/third-party/sysdeps/linux/libdrm/version.lds -- /work/grodgers/git/tr_aomp/TheRock/.venv/bin/meson setup /work/grodgers/git/tr_aomp/TheRock/build/third-party/sysdeps/linux/libdrm/build/build --reconfigure --prefix / -Dpkgconfig.relocatable=true -Dlibdir=lib -Damdgpu=enabled -Dintel=disabled -Dnouveau=disabled -Dradeon=disabled -Dvmwgfx=disabled && /work/grodgers/git/tr_aomp/TheRock/.venv/bin/meson compile --verbose && /usr/bin/cmake -E env DESTDIR=/work/grodgers/git/tr_aomp/TheRock/build/third-party/sysdeps/linux/libdrm/build/stage/lib/rocm_sysdeps -- /work/grodgers/git/tr_aomp/TheRock/.venv/bin/meson install && /usr/bin/cmake -E env PATCHELF=/home/grodgers/.local/bin/patchelf THEROCK_SOURCE_DIR=/work/grodgers/git/tr_aomp/TheRock Python3_EXECUTABLE=/work/grodgers/git/tr_aomp/TheRock/.venv/bin/python3 -- /work/grodgers/git/tr_aomp/TheRock/third-party/sysdeps/linux/libdrm/patch_install.sh /work/grodgers/git/tr_aomp/TheRock/build/third-party/sysdeps/linux/libdrm/build/stage/lib/rocm_sysdeps
2.4	Cleaning... 0 files.
2.4	The Meson build system
2.4	Version: 1.9.0
2.4	Source dir: /work1/grodgers/git/tr_aomp/TheRock/build/third-party/sysdeps/linux/libdrm/build/patch_source
2.4	Build dir: /work1/grodgers/git/tr_aomp/TheRock/build/third-party/sysdeps/linux/libdrm/build/build
2.4	Build type: native build
2.4	Project name: libdrm
2.4	Project version: 2.4.124
2.4	C compiler for the host machine: ccache cc (gcc 13.3.0 "cc (Ubuntu 13.3.0-6ubuntu2~24.04) 13.3.0")
2.4	C linker for the host machine: cc ld.bfd 2.42
2.4	Host machine cpu family: x86_64
2.4	Host machine cpu: x86_64
2.4	Run-time dependency threads found: YES
2.4	Program symbols-check.py found: YES (/work1/grodgers/git/tr_aomp/TheRock/.venv/bin/python3 /work1/grodgers/git/tr_aomp/TheRock/build/third-party/sysdeps/linux/libdrm/build/patch_source/symbols-check.py)
2.4	Program nm found: YES (/usr/bin/nm)
2.4	Program python3 found: YES (/work1/grodgers/git/tr_aomp/TheRock/.venv/bin/python3)
2.4	Found pkg-config: YES (/usr/bin/pkg-config) 1.8.1
2.4	Found CMake: /usr/bin/cmake (3.28.3)
2.4	Run-time dependency atomic_ops found: NO (tried pkgconfig and cmake)
2.4	Checking if "Intel Atomics" links: YES 
2.4	Dependency pciaccess skipped: feature intel disabled
2.4	Checking for function "dlsym" : YES 
2.4	Checking for function "clock_gettime" : YES 
2.4	Check usable header "sys/select.h" : YES 
2.4	Check usable header "alloca.h" : YES 
2.4	Header "sys/sysmacros.h" has symbol "major" : YES 
2.4	Header "sys/sysmacros.h" has symbol "minor" : YES 
2.4	Header "sys/sysmacros.h" has symbol "makedev" : YES 
2.4	Header "sys/mkdev.h" has symbol "major" : NO 
2.4	Checking for function "open_memstream" : YES 
2.4	Compiler for C supports arguments -Wsign-compare: YES 
2.4	Compiler for C supports arguments -Werror=undef: YES 
2.4	Compiler for C supports arguments -Werror=implicit-function-declaration: YES 
2.4	Compiler for C supports arguments -Wpointer-arith: YES 
2.4	Compiler for C supports arguments -Wwrite-strings: YES 
2.4	Compiler for C supports arguments -Wstrict-prototypes: YES 
2.4	Compiler for C supports arguments -Wmissing-prototypes: YES 
2.4	Compiler for C supports arguments -Wmissing-declarations: YES 
2.4	Compiler for C supports arguments -Wnested-externs: YES 
2.4	Compiler for C supports arguments -Wpacked: YES 
2.4	Compiler for C supports arguments -Wswitch-enum: YES 
2.4	Compiler for C supports arguments -Wmissing-format-attribute: YES 
2.4	Compiler for C supports arguments -Wstrict-aliasing=2: YES 
2.4	Compiler for C supports arguments -Winit-self: YES 
2.4	Compiler for C supports arguments -Winline: YES 
2.4	Compiler for C supports arguments -Wshadow: YES 
2.4	Compiler for C supports arguments -Wdeclaration-after-statement: YES 
2.4	Compiler for C supports arguments -Wold-style-definition: YES 
2.4	Compiler for C supports arguments -Wno-unused-parameter: YES 
2.4	Compiler for C supports arguments -Wno-attributes: YES 
2.4	Compiler for C supports arguments -Wno-long-long: YES 
2.4	Compiler for C supports arguments -Wno-missing-field-initializers: YES 
2.4	Run-time dependency cunit found: NO (tried pkgconfig and cmake)
2.4	Run-time dependency cairo found: NO (tried pkgconfig and cmake)
2.4	Run-time dependency valgrind found: YES 3.22.0
2.4	Program rst2man rst2man.py found: NO
2.4	Compiler for C supports function attribute visibility:hidden: YES 
2.4	Configuring config.h using configuration
2.4	Build targets in project: 12
2.4	
2.4	libdrm 2.4.124
2.4	
2.4	    Intel                : false
2.4	    Radeon               : false
2.4	    AMDGPU               : true
2.4	    Nouveau              : false
2.4	    vmwgfx               : false
2.4	    OMAP                 : false
2.4	    Freedreno            : false
2.4	    Freedreon-kgsl       : false
2.4	    Tegra                : false
2.4	    Etnaviv              : false
2.4	    EXYNOS               : false
2.4	    VC4                  : false
2.4	
2.4	  User defined options
2.4	    amdgpu               : enabled
2.4	    intel                : disabled
2.4	    libdir               : lib
2.4	    nouveau              : disabled
2.4	    pkgconfig.relocatable: true
2.4	    prefix               : /
2.4	    radeon               : disabled
2.4	    vmwgfx               : disabled
2.4	
2.4	Found ninja-1.11.1 at /usr/bin/ninja
2.4	[1/40] /work1/grodgers/git/tr_aomp/TheRock/.venv/bin/python3 ../patch_source/gen_table_fourcc.py ../patch_source/include/drm/drm_fourcc.h generated_static_table_fourcc.h
2.4	[2/40] ccache cc -Iamdgpu/libdrm_amdgpu.so.1.124.0.p -Iamdgpu -I../patch_source/amdgpu -I. -I../patch_source -I../patch_source/include/drm -fdiagnostics-color=always -D_FILE_OFFSET_BITS=64 -Wall -Winvalid-pch -std=c11 -O2 -g -include /work1/grodgers/git/tr_aomp/TheRock/build/third-party/sysdeps/linux/libdrm/build/build/config.h -fPIC -pthread -Wsign-compare -Werror=undef -Werror=implicit-function-declaration -Wpointer-arith -Wwrite-strings -Wstrict-prototypes -Wmissing-prototypes -Wmissing-declarations -Wnested-externs -Wpacked -Wswitch-enum -Wmissing-format-attribute -Wstrict-aliasing=2 -Winit-self -Winline -Wshadow -Wdeclaration-after-statement -Wold-style-definition -Wno-unused-parameter -Wno-attributes -Wno-long-long -Wno-missing-field-initializers '-DAMDGPU_ASIC_ID_TABLE="/share/libdrm/amdgpu.ids"' -MD -MQ amdgpu/libdrm_amdgpu.so.1.124.0.p/amdgpu_vamgr.c.o -MF amdgpu/libdrm_amdgpu.so.1.124.0.p/amdgpu_vamgr.c.o.d -o amdgpu/libdrm_amdgpu.so.1.124.0.p/amdgpu_vamgr.c.o -c ../patch_source/amdgpu/amdgpu_vamgr.c
2.4	[3/40] ccache cc -Itests/modeprint/modeprint.p -Itests/modeprint -I../patch_source/tests/modeprint -I. -I../patch_source -Itests -I../patch_source/tests -I../patch_source/include/drm -fdiagnostics-color=always -D_FILE_OFFSET_BITS=64 -Wall -Winvalid-pch -std=c11 -O2 -g -include /work1/grodgers/git/tr_aomp/TheRock/build/third-party/sysdeps/linux/libdrm/build/build/config.h -pthread -Wsign-compare -Werror=undef -Werror=implicit-function-declaration -Wpointer-arith -Wwrite-strings -Wstrict-prototypes -Wmissing-prototypes -Wmissing-declarations -Wnested-externs -Wpacked -Wswitch-enum -Wmissing-format-attribute -Wstrict-aliasing=2 -Winit-self -Winline -Wshadow -Wdeclaration-after-statement -Wold-style-definition -Wno-unused-parameter -Wno-attributes -Wno-long-long -Wno-missing-field-initializers -MD -MQ tests/modeprint/modeprint.p/modeprint.c.o -MF tests/modeprint/modeprint.p/modeprint.c.o.d -o tests/modeprint/modeprint.p/modeprint.c.o -c ../patch_source/tests/modeprint/modeprint.c
2.4	[4/40] ccache cc -Iamdgpu/libdrm_amdgpu.so.1.124.0.p -Iamdgpu -I../patch_source/amdgpu -I. -I../patch_source -I../patch_source/include/drm -fdiagnostics-color=always -D_FILE_OFFSET_BITS=64 -Wall -Winvalid-pch -std=c11 -O2 -g -include /work1/grodgers/git/tr_aomp/TheRock/build/third-party/sysdeps/linux/libdrm/build/build/config.h -fPIC -pthread -Wsign-compare -Werror=undef -Werror=implicit-function-declaration -Wpointer-arith -Wwrite-strings -Wstrict-prototypes -Wmissing-prototypes -Wmissing-declarations -Wnested-externs -Wpacked -Wswitch-enum -Wmissing-format-attribute -Wstrict-aliasing=2 -Winit-self -Winline -Wshadow -Wdeclaration-after-statement -Wold-style-definition -Wno-unused-parameter -Wno-attributes -Wno-long-long -Wno-missing-field-initializers '-DAMDGPU_ASIC_ID_TABLE="/share/libdrm/amdgpu.ids"' -MD -MQ amdgpu/libdrm_amdgpu.so.1.124.0.p/amdgpu_device.c.o -MF amdgpu/libdrm_amdgpu.so.1.124.0.p/amdgpu_device.c.o.d -o amdgpu/libdrm_amdgpu.so.1.124.0.p/amdgpu_device.c.o -c ../patch_source/amdgpu/amdgpu_device.c
2.4	[5/40] ccache cc -Itests/util/libutil.a.p -Itests/util -I../patch_source/tests/util -I. -I../patch_source -I../patch_source/include/drm -fdiagnostics-color=always -D_FILE_OFFSET_BITS=64 -Wall -Winvalid-pch -std=c11 -O2 -g -include /work1/grodgers/git/tr_aomp/TheRock/build/third-party/sysdeps/linux/libdrm/build/build/config.h -fPIC -MD -MQ tests/util/libutil.a.p/format.c.o -MF tests/util/libutil.a.p/format.c.o.d -o tests/util/libutil.a.p/format.c.o -c ../patch_source/tests/util/format.c
2.4	[6/40] ccache cc -Iamdgpu/libdrm_amdgpu.so.1.124.0.p -Iamdgpu -I../patch_source/amdgpu -I. -I../patch_source -I../patch_source/include/drm -fdiagnostics-color=always -D_FILE_OFFSET_BITS=64 -Wall -Winvalid-pch -std=c11 -O2 -g -include /work1/grodgers/git/tr_aomp/TheRock/build/third-party/sysdeps/linux/libdrm/build/build/config.h -fPIC -pthread -Wsign-compare -Werror=undef -Werror=implicit-function-declaration -Wpointer-arith -Wwrite-strings -Wstrict-prototypes -Wmissing-prototypes -Wmissing-declarations -Wnested-externs -Wpacked -Wswitch-enum -Wmissing-format-attribute -Wstrict-aliasing=2 -Winit-self -Winline -Wshadow -Wdeclaration-after-statement -Wold-style-definition -Wno-unused-parameter -Wno-attributes -Wno-long-long -Wno-missing-field-initializers '-DAMDGPU_ASIC_ID_TABLE="/share/libdrm/amdgpu.ids"' -MD -MQ amdgpu/libdrm_amdgpu.so.1.124.0.p/amdgpu_gpu_info.c.o -MF amdgpu/libdrm_amdgpu.so.1.124.0.p/amdgpu_gpu_info.c.o.d -o amdgpu/libdrm_amdgpu.so.1.124.0.p/amdgpu_gpu_info.c.o -c ../patch_source/amdgpu/amdgpu_gpu_info.c
2.4	[7/40] ccache cc -Iamdgpu/libdrm_amdgpu.so.1.124.0.p -Iamdgpu -I../patch_source/amdgpu -I. -I../patch_source -I../patch_source/include/drm -fdiagnostics-color=always -D_FILE_OFFSET_BITS=64 -Wall -Winvalid-pch -std=c11 -O2 -g -include /work1/grodgers/git/tr_aomp/TheRock/build/third-party/sysdeps/linux/libdrm/build/build/config.h -fPIC -pthread -Wsign-compare -Werror=undef -Werror=implicit-function-declaration -Wpointer-arith -Wwrite-strings -Wstrict-prototypes -Wmissing-prototypes -Wmissing-declarations -Wnested-externs -Wpacked -Wswitch-enum -Wmissing-format-attribute -Wstrict-aliasing=2 -Winit-self -Winline -Wshadow -Wdeclaration-after-statement -Wold-style-definition -Wno-unused-parameter -Wno-attributes -Wno-long-long -Wno-missing-field-initializers '-DAMDGPU_ASIC_ID_TABLE="/share/libdrm/amdgpu.ids"' -MD -MQ amdgpu/libdrm_amdgpu.so.1.124.0.p/amdgpu_bo.c.o -MF amdgpu/libdrm_amdgpu.so.1.124.0.p/amdgpu_bo.c.o.d -o amdgpu/libdrm_amdgpu.so.1.124.0.p/amdgpu_bo.c.o -c ../patch_source/amdgpu/amdgpu_bo.c
2.4	[8/40] ccache cc -Itests/modetest/modetest.p -Itests/modetest -I../patch_source/tests/modetest -I. -I../patch_source -Itests -I../patch_source/tests -I../patch_source/include/drm -fdiagnostics-color=always -D_FILE_OFFSET_BITS=64 -Wall -Winvalid-pch -std=c11 -O2 -g -include /work1/grodgers/git/tr_aomp/TheRock/build/third-party/sysdeps/linux/libdrm/build/build/config.h -pthread -Wsign-compare -Werror=undef -Werror=implicit-function-declaration -Wpointer-arith -Wwrite-strings -Wstrict-prototypes -Wmissing-prototypes -Wmissing-declarations -Wnested-externs -Wpacked -Wswitch-enum -Wmissing-format-attribute -Wstrict-aliasing=2 -Winit-self -Winline -Wshadow -Wdeclaration-after-statement -Wold-style-definition -Wno-unused-parameter -Wno-attributes -Wno-long-long -Wno-missing-field-initializers -Wno-pointer-arith -MD -MQ tests/modetest/modetest.p/buffers.c.o -MF tests/modetest/modetest.p/buffers.c.o.d -o tests/modetest/modetest.p/buffers.c.o -c ../patch_source/tests/modetest/buffers.c
2.4	[9/40] ccache cc -Itests/proptest/proptest.p -Itests/proptest -I../patch_source/tests/proptest -I. -I../patch_source -Itests -I../patch_source/tests -I../patch_source/include/drm -fdiagnostics-color=always -D_FILE_OFFSET_BITS=64 -Wall -Winvalid-pch -std=c11 -O2 -g -include /work1/grodgers/git/tr_aomp/TheRock/build/third-party/sysdeps/linux/libdrm/build/build/config.h -Wsign-compare -Werror=undef -Werror=implicit-function-declaration -Wpointer-arith -Wwrite-strings -Wstrict-prototypes -Wmissing-prototypes -Wmissing-declarations -Wnested-externs -Wpacked -Wswitch-enum -Wmissing-format-attribute -Wstrict-aliasing=2 -Winit-self -Winline -Wshadow -Wdeclaration-after-statement -Wold-style-definition -Wno-unused-parameter -Wno-attributes -Wno-long-long -Wno-missing-field-initializers -MD -MQ tests/proptest/proptest.p/proptest.c.o -MF tests/proptest/proptest.p/proptest.c.o.d -o tests/proptest/proptest.p/proptest.c.o -c ../patch_source/tests/proptest/proptest.c
2.4	[10/40] ccache cc -Iamdgpu/libdrm_amdgpu.so.1.124.0.p -Iamdgpu -I../patch_source/amdgpu -I. -I../patch_source -I../patch_source/include/drm -fdiagnostics-color=always -D_FILE_OFFSET_BITS=64 -Wall -Winvalid-pch -std=c11 -O2 -g -include /work1/grodgers/git/tr_aomp/TheRock/build/third-party/sysdeps/linux/libdrm/build/build/config.h -fPIC -pthread -Wsign-compare -Werror=undef -Werror=implicit-function-declaration -Wpointer-arith -Wwrite-strings -Wstrict-prototypes -Wmissing-prototypes -Wmissing-declarations -Wnested-externs -Wpacked -Wswitch-enum -Wmissing-format-attribute -Wstrict-aliasing=2 -Winit-self -Winline -Wshadow -Wdeclaration-after-statement -Wold-style-definition -Wno-unused-parameter -Wno-attributes -Wno-long-long -Wno-missing-field-initializers '-DAMDGPU_ASIC_ID_TABLE="/share/libdrm/amdgpu.ids"' -MD -MQ amdgpu/libdrm_amdgpu.so.1.124.0.p/amdgpu_cs.c.o -MF amdgpu/libdrm_amdgpu.so.1.124.0.p/amdgpu_cs.c.o.d -o amdgpu/libdrm_amdgpu.so.1.124.0.p/amdgpu_cs.c.o -c ../patch_source/amdgpu/amdgpu_cs.c
2.4	[11/40] ccache cc -Iamdgpu/libdrm_amdgpu.so.1.124.0.p -Iamdgpu -I../patch_source/amdgpu -I. -I../patch_source -I../patch_source/include/drm -fdiagnostics-color=always -D_FILE_OFFSET_BITS=64 -Wall -Winvalid-pch -std=c11 -O2 -g -include /work1/grodgers/git/tr_aomp/TheRock/build/third-party/sysdeps/linux/libdrm/build/build/config.h -fPIC -pthread -Wsign-compare -Werror=undef -Werror=implicit-function-declaration -Wpointer-arith -Wwrite-strings -Wstrict-prototypes -Wmissing-prototypes -Wmissing-declarations -Wnested-externs -Wpacked -Wswitch-enum -Wmissing-format-attribute -Wstrict-aliasing=2 -Winit-self -Winline -Wshadow -Wdeclaration-after-statement -Wold-style-definition -Wno-unused-parameter -Wno-attributes -Wno-long-long -Wno-missing-field-initializers '-DAMDGPU_ASIC_ID_TABLE="/share/libdrm/amdgpu.ids"' -MD -MQ amdgpu/libdrm_amdgpu.so.1.124.0.p/handle_table.c.o -MF amdgpu/libdrm_amdgpu.so.1.124.0.p/handle_table.c.o.d -o amdgpu/libdrm_amdgpu.so.1.124.0.p/handle_table.c.o -c ../patch_source/amdgpu/handle_table.c
2.4	[12/40] ccache cc -Itests/util/libutil.a.p -Itests/util -I../patch_source/tests/util -I. -I../patch_source -I../patch_source/include/drm -fdiagnostics-color=always -D_FILE_OFFSET_BITS=64 -Wall -Winvalid-pch -std=c11 -O2 -g -include /work1/grodgers/git/tr_aomp/TheRock/build/third-party/sysdeps/linux/libdrm/build/build/config.h -fPIC -MD -MQ tests/util/libutil.a.p/pattern.c.o -MF tests/util/libutil.a.p/pattern.c.o.d -o tests/util/libutil.a.p/pattern.c.o -c ../patch_source/tests/util/pattern.c
2.4	[13/40] ccache cc -Itests/drmdevice.p -Itests -I../patch_source/tests -I. -I../patch_source -I../patch_source/include/drm -fdiagnostics-color=always -D_FILE_OFFSET_BITS=64 -Wall -Winvalid-pch -std=c11 -O2 -g -include /work1/grodgers/git/tr_aomp/TheRock/build/third-party/sysdeps/linux/libdrm/build/build/config.h -Wsign-compare -Werror=undef -Werror=implicit-function-declaration -Wpointer-arith -Wwrite-strings -Wstrict-prototypes -Wmissing-prototypes -Wmissing-declarations -Wnested-externs -Wpacked -Wswitch-enum -Wmissing-format-attribute -Wstrict-aliasing=2 -Winit-self -Winline -Wshadow -Wdeclaration-after-statement -Wold-style-definition -Wno-unused-parameter -Wno-attributes -Wno-long-long -Wno-missing-field-initializers -MD -MQ tests/drmdevice.p/drmdevice.c.o -MF tests/drmdevice.p/drmdevice.c.o.d -o tests/drmdevice.p/drmdevice.c.o -c ../patch_source/tests/drmdevice.c
2.4	[14/40] ccache cc -Iamdgpu/libdrm_amdgpu.so.1.124.0.p -Iamdgpu -I../patch_source/amdgpu -I. -I../patch_source -I../patch_source/include/drm -fdiagnostics-color=always -D_FILE_OFFSET_BITS=64 -Wall -Winvalid-pch -std=c11 -O2 -g -include /work1/grodgers/git/tr_aomp/TheRock/build/third-party/sysdeps/linux/libdrm/build/build/config.h -fPIC -pthread -Wsign-compare -Werror=undef -Werror=implicit-function-declaration -Wpointer-arith -Wwrite-strings -Wstrict-prototypes -Wmissing-prototypes -Wmissing-declarations -Wnested-externs -Wpacked -Wswitch-enum -Wmissing-format-attribute -Wstrict-aliasing=2 -Winit-self -Winline -Wshadow -Wdeclaration-after-statement -Wold-style-definition -Wno-unused-parameter -Wno-attributes -Wno-long-long -Wno-missing-field-initializers '-DAMDGPU_ASIC_ID_TABLE="/share/libdrm/amdgpu.ids"' -MD -MQ amdgpu/libdrm_amdgpu.so.1.124.0.p/amdgpu_vm.c.o -MF amdgpu/libdrm_amdgpu.so.1.124.0.p/amdgpu_vm.c.o.d -o amdgpu/libdrm_amdgpu.so.1.124.0.p/amdgpu_vm.c.o -c ../patch_source/amdgpu/amdgpu_vm.c
2.4	[15/40] ccache cc -Itests/modetest/modetest.p -Itests/modetest -I../patch_source/tests/modetest -I. -I../patch_source -Itests -I../patch_source/tests -I../patch_source/include/drm -fdiagnostics-color=always -D_FILE_OFFSET_BITS=64 -Wall -Winvalid-pch -std=c11 -O2 -g -include /work1/grodgers/git/tr_aomp/TheRock/build/third-party/sysdeps/linux/libdrm/build/build/config.h -pthread -Wsign-compare -Werror=undef -Werror=implicit-function-declaration -Wpointer-arith -Wwrite-strings -Wstrict-prototypes -Wmissing-prototypes -Wmissing-declarations -Wnested-externs -Wpacked -Wswitch-enum -Wmissing-format-attribute -Wstrict-aliasing=2 -Winit-self -Winline -Wshadow -Wdeclaration-after-statement -Wold-style-definition -Wno-unused-parameter -Wno-attributes -Wno-long-long -Wno-missing-field-initializers -Wno-pointer-arith -MD -MQ tests/modetest/modetest.p/cursor.c.o -MF tests/modetest/modetest.p/cursor.c.o.d -o tests/modetest/modetest.p/cursor.c.o -c ../patch_source/tests/modetest/cursor.c
2.4	[16/40] ccache cc -Itests/drmsl.p -Itests -I../patch_source/tests -I. -I../patch_source -I../patch_source/include/drm -fdiagnostics-color=always -D_FILE_OFFSET_BITS=64 -Wall -Winvalid-pch -std=c11 -O2 -g -include /work1/grodgers/git/tr_aomp/TheRock/build/third-party/sysdeps/linux/libdrm/build/build/config.h -Wsign-compare -Werror=undef -Werror=implicit-function-declaration -Wpointer-arith -Wwrite-strings -Wstrict-prototypes -Wmissing-prototypes -Wmissing-declarations -Wnested-externs -Wpacked -Wswitch-enum -Wmissing-format-attribute -Wstrict-aliasing=2 -Winit-self -Winline -Wshadow -Wdeclaration-after-statement -Wold-style-definition -Wno-unused-parameter -Wno-attributes -Wno-long-long -Wno-missing-field-initializers -MD -MQ tests/drmsl.p/drmsl.c.o -MF tests/drmsl.p/drmsl.c.o.d -o tests/drmsl.p/drmsl.c.o -c ../patch_source/tests/drmsl.c
2.4	[17/40] ccache cc -Iamdgpu/libdrm_amdgpu.so.1.124.0.p -Iamdgpu -I../patch_source/amdgpu -I. -I../patch_source -I../patch_source/include/drm -fdiagnostics-color=always -D_FILE_OFFSET_BITS=64 -Wall -Winvalid-pch -std=c11 -O2 -g -include /work1/grodgers/git/tr_aomp/TheRock/build/third-party/sysdeps/linux/libdrm/build/build/config.h -fPIC -pthread -Wsign-compare -Werror=undef -Werror=implicit-function-declaration -Wpointer-arith -Wwrite-strings -Wstrict-prototypes -Wmissing-prototypes -Wmissing-declarations -Wnested-externs -Wpacked -Wswitch-enum -Wmissing-format-attribute -Wstrict-aliasing=2 -Winit-self -Winline -Wshadow -Wdeclaration-after-statement -Wold-style-definition -Wno-unused-parameter -Wno-attributes -Wno-long-long -Wno-missing-field-initializers '-DAMDGPU_ASIC_ID_TABLE="/share/libdrm/amdgpu.ids"' -MD -MQ amdgpu/libdrm_amdgpu.so.1.124.0.p/amdgpu_asic_id.c.o -MF amdgpu/libdrm_amdgpu.so.1.124.0.p/amdgpu_asic_id.c.o.d -o amdgpu/libdrm_amdgpu.so.1.124.0.p/amdgpu_asic_id.c.o -c ../patch_source/amdgpu/amdgpu_asic_id.c
2.4	[18/40] ccache cc -Itests/util/libutil.a.p -Itests/util -I../patch_source/tests/util -I. -I../patch_source -I../patch_source/include/drm -fdiagnostics-color=always -D_FILE_OFFSET_BITS=64 -Wall -Winvalid-pch -std=c11 -O2 -g -include /work1/grodgers/git/tr_aomp/TheRock/build/third-party/sysdeps/linux/libdrm/build/build/config.h -fPIC -MD -MQ tests/util/libutil.a.p/kms.c.o -MF tests/util/libutil.a.p/kms.c.o.d -o tests/util/libutil.a.p/kms.c.o -c ../patch_source/tests/util/kms.c
2.4	[19/40] ccache cc -Itests/modetest/modetest.p -Itests/modetest -I../patch_source/tests/modetest -I. -I../patch_source -Itests -I../patch_source/tests -I../patch_source/include/drm -fdiagnostics-color=always -D_FILE_OFFSET_BITS=64 -Wall -Winvalid-pch -std=c11 -O2 -g -include /work1/grodgers/git/tr_aomp/TheRock/build/third-party/sysdeps/linux/libdrm/build/build/config.h -pthread -Wsign-compare -Werror=undef -Werror=implicit-function-declaration -Wpointer-arith -Wwrite-strings -Wstrict-prototypes -Wmissing-prototypes -Wmissing-declarations -Wnested-externs -Wpacked -Wswitch-enum -Wmissing-format-attribute -Wstrict-aliasing=2 -Winit-self -Winline -Wshadow -Wdeclaration-after-statement -Wold-style-definition -Wno-unused-parameter -Wno-attributes -Wno-long-long -Wno-missing-field-initializers -Wno-pointer-arith -MD -MQ tests/modetest/modetest.p/modetest.c.o -MF tests/modetest/modetest.p/modetest.c.o.d -o tests/modetest/modetest.p/modetest.c.o -c ../patch_source/tests/modetest/modetest.c
2.4	[20/40] ccache cc -Itests/amdgpu/amdgpu_stress.p -Itests/amdgpu -I../patch_source/tests/amdgpu -I. -I../patch_source -I../patch_source/include/drm -Iamdgpu -I../patch_source/amdgpu -fdiagnostics-color=always -D_FILE_OFFSET_BITS=64 -Wall -Winvalid-pch -std=c11 -O2 -g -include /work1/grodgers/git/tr_aomp/TheRock/build/third-party/sysdeps/linux/libdrm/build/build/config.h -pthread -MD -MQ tests/amdgpu/amdgpu_stress.p/amdgpu_stress.c.o -MF tests/amdgpu/amdgpu_stress.p/amdgpu_stress.c.o.d -o tests/amdgpu/amdgpu_stress.p/amdgpu_stress.c.o -c ../patch_source/tests/amdgpu/amdgpu_stress.c
2.4	[21/40] ccache cc -Itests/vbltest/vbltest.p -Itests/vbltest -I../patch_source/tests/vbltest -I. -I../patch_source -Itests -I../patch_source/tests -I../patch_source/include/drm -fdiagnostics-color=always -D_FILE_OFFSET_BITS=64 -Wall -Winvalid-pch -std=c11 -O2 -g -include /work1/grodgers/git/tr_aomp/TheRock/build/third-party/sysdeps/linux/libdrm/build/build/config.h -Wsign-compare -Werror=undef -Werror=implicit-function-declaration -Wpointer-arith -Wwrite-strings -Wstrict-prototypes -Wmissing-prototypes -Wmissing-declarations -Wnested-externs -Wpacked -Wswitch-enum -Wmissing-format-attribute -Wstrict-aliasing=2 -Winit-self -Winline -Wshadow -Wdeclaration-after-statement -Wold-style-definition -Wno-unused-parameter -Wno-attributes -Wno-long-long -Wno-missing-field-initializers -MD -MQ tests/vbltest/vbltest.p/vbltest.c.o -MF tests/vbltest/vbltest.p/vbltest.c.o.d -o tests/vbltest/vbltest.p/vbltest.c.o -c ../patch_source/tests/vbltest/vbltest.c
2.4	[22/40] rm -f tests/util/libutil.a && gcc-ar csrDT tests/util/libutil.a tests/util/libutil.a.p/format.c.o tests/util/libutil.a.p/kms.c.o tests/util/libutil.a.p/pattern.c.o
2.4	[23/40] ccache cc -Ilibdrm.so.2.124.0.p -I. -I../patch_source -I../patch_source/include/drm -I/usr/include/valgrind -fvisibility=hidden -fdiagnostics-color=always -D_FILE_OFFSET_BITS=64 -Wall -Winvalid-pch -std=c11 -O2 -g -include /work1/grodgers/git/tr_aomp/TheRock/build/third-party/sysdeps/linux/libdrm/build/build/config.h -fPIC -Wsign-compare -Werror=undef -Werror=implicit-function-declaration -Wpointer-arith -Wwrite-strings -Wstrict-prototypes -Wmissing-prototypes -Wmissing-declarations -Wnested-externs -Wpacked -Wswitch-enum -Wmissing-format-attribute -Wstrict-aliasing=2 -Winit-self -Winline -Wshadow -Wdeclaration-after-statement -Wold-style-definition -Wno-unused-parameter -Wno-attributes -Wno-long-long -Wno-missing-field-initializers -MD -MQ libdrm.so.2.124.0.p/xf86drmSL.c.o -MF libdrm.so.2.124.0.p/xf86drmSL.c.o.d -o libdrm.so.2.124.0.p/xf86drmSL.c.o -c ../patch_source/xf86drmSL.c
2.4	[24/40] ccache cc -Ilibdrm.so.2.124.0.p -I. -I../patch_source -I../patch_source/include/drm -I/usr/include/valgrind -fvisibility=hidden -fdiagnostics-color=always -D_FILE_OFFSET_BITS=64 -Wall -Winvalid-pch -std=c11 -O2 -g -include /work1/grodgers/git/tr_aomp/TheRock/build/third-party/sysdeps/linux/libdrm/build/build/config.h -fPIC -Wsign-compare -Werror=undef -Werror=implicit-function-declaration -Wpointer-arith -Wwrite-strings -Wstrict-prototypes -Wmissing-prototypes -Wmissing-declarations -Wnested-externs -Wpacked -Wswitch-enum -Wmissing-format-attribute -Wstrict-aliasing=2 -Winit-self -Winline -Wshadow -Wdeclaration-after-statement -Wold-style-definition -Wno-unused-parameter -Wno-attributes -Wno-long-long -Wno-missing-field-initializers -MD -MQ libdrm.so.2.124.0.p/xf86drmHash.c.o -MF libdrm.so.2.124.0.p/xf86drmHash.c.o.d -o libdrm.so.2.124.0.p/xf86drmHash.c.o -c ../patch_source/xf86drmHash.c
2.4	[25/40] ccache cc -Ilibdrm.so.2.124.0.p -I. -I../patch_source -I../patch_source/include/drm -I/usr/include/valgrind -fvisibility=hidden -fdiagnostics-color=always -D_FILE_OFFSET_BITS=64 -Wall -Winvalid-pch -std=c11 -O2 -g -include /work1/grodgers/git/tr_aomp/TheRock/build/third-party/sysdeps/linux/libdrm/build/build/config.h -fPIC -Wsign-compare -Werror=undef -Werror=implicit-function-declaration -Wpointer-arith -Wwrite-strings -Wstrict-prototypes -Wmissing-prototypes -Wmissing-declarations -Wnested-externs -Wpacked -Wswitch-enum -Wmissing-format-attribute -Wstrict-aliasing=2 -Winit-self -Winline -Wshadow -Wdeclaration-after-statement -Wold-style-definition -Wno-unused-parameter -Wno-attributes -Wno-long-long -Wno-missing-field-initializers -MD -MQ libdrm.so.2.124.0.p/xf86drmMode.c.o -MF libdrm.so.2.124.0.p/xf86drmMode.c.o.d -o libdrm.so.2.124.0.p/xf86drmMode.c.o -c ../patch_source/xf86drmMode.c
2.4	[26/40] ccache cc -Ilibdrm.so.2.124.0.p -I. -I../patch_source -I../patch_source/include/drm -I/usr/include/valgrind -fvisibility=hidden -fdiagnostics-color=always -D_FILE_OFFSET_BITS=64 -Wall -Winvalid-pch -std=c11 -O2 -g -include /work1/grodgers/git/tr_aomp/TheRock/build/third-party/sysdeps/linux/libdrm/build/build/config.h -fPIC -Wsign-compare -Werror=undef -Werror=implicit-function-declaration -Wpointer-arith -Wwrite-strings -Wstrict-prototypes -Wmissing-prototypes -Wmissing-declarations -Wnested-externs -Wpacked -Wswitch-enum -Wmissing-format-attribute -Wstrict-aliasing=2 -Winit-self -Winline -Wshadow -Wdeclaration-after-statement -Wold-style-definition -Wno-unused-parameter -Wno-attributes -Wno-long-long -Wno-missing-field-initializers -MD -MQ libdrm.so.2.124.0.p/xf86drm.c.o -MF libdrm.so.2.124.0.p/xf86drm.c.o.d -o libdrm.so.2.124.0.p/xf86drm.c.o -c ../patch_source/xf86drm.c
2.4	../patch_source/xf86drm.c: In function ‘drmGetFormatModifierNameFromVivante’:
2.4	../patch_source/xf86drm.c:608:5: warning: ignoring return value of ‘asprintf’ declared with attribute ‘warn_unused_result’ [-Wunused-result]
2.4	  608 |     asprintf(&mod_vivante, "%s%s%s", color_tiling, tile_status, compression);
2.4	      |     ^~~~~~~~~~~~~~~~~~~~~~~~~~~~~~~~~~~~~~~~~~~~~~~~~~~~~~~~~~~~~~~~~~~~~~~~
2.4	../patch_source/xf86drm.c: In function ‘drmGetFormatModifierNameFromAmlogic’:
2.4	../patch_source/xf86drm.c:544:5: warning: ignoring return value of ‘asprintf’ declared with attribute ‘warn_unused_result’ [-Wunused-result]
2.4	  544 |     asprintf(&mod_amlogic, "FBC,LAYOUT=%s,OPTIONS=%s", layout_str, opts_str);
2.4	      |     ^~~~~~~~~~~~~~~~~~~~~~~~~~~~~~~~~~~~~~~~~~~~~~~~~~~~~~~~~~~~~~~~~~~~~~~~
2.4	../patch_source/xf86drm.c: In function ‘drmGetFormatModifierNameFromNvidia’:
2.4	../patch_source/xf86drm.c:350:9: warning: ignoring return value of ‘asprintf’ declared with attribute ‘warn_unused_result’ [-Wunused-result]
2.4	  350 |         asprintf(&mod_nvidia, "BLOCK_LINEAR_2D,HEIGHT=%"PRIu64",KIND=%"PRIu64","
2.4	      |         ^~~~~~~~~~~~~~~~~~~~~~~~~~~~~~~~~~~~~~~~~~~~~~~~~~~~~~~~~~~~~~~~~~~~~~~~
2.4	  351 |                  "GEN=%"PRIu64",SECTOR=%"PRIu64",COMPRESSION=%"PRIu64"", height,
2.4	      |                  ~~~~~~~~~~~~~~~~~~~~~~~~~~~~~~~~~~~~~~~~~~~~~~~~~~~~~~~~~~~~~~~
2.4	  352 |                  kind, gen, sector, compression);
2.4	      |                  ~~~~~~~~~~~~~~~~~~~~~~~~~~~~~~~
2.4	[27/40] ccache cc -Ilibdrm.so.2.124.0.p -I. -I../patch_source -I../patch_source/include/drm -I/usr/include/valgrind -fvisibility=hidden -fdiagnostics-color=always -D_FILE_OFFSET_BITS=64 -Wall -Winvalid-pch -std=c11 -O2 -g -include /work1/grodgers/git/tr_aomp/TheRock/build/third-party/sysdeps/linux/libdrm/build/build/config.h -fPIC -Wsign-compare -Werror=undef -Werror=implicit-function-declaration -Wpointer-arith -Wwrite-strings -Wstrict-prototypes -Wmissing-prototypes -Wmissing-declarations -Wnested-externs -Wpacked -Wswitch-enum -Wmissing-format-attribute -Wstrict-aliasing=2 -Winit-self -Winline -Wshadow -Wdeclaration-after-statement -Wold-style-definition -Wno-unused-parameter -Wno-attributes -Wno-long-long -Wno-missing-field-initializers -MD -MQ libdrm.so.2.124.0.p/xf86drmRandom.c.o -MF libdrm.so.2.124.0.p/xf86drmRandom.c.o.d -o libdrm.so.2.124.0.p/xf86drmRandom.c.o -c ../patch_source/xf86drmRandom.c
2.4	[28/40] ccache cc -Itests/hash.p -Itests -I../patch_source/tests -I. -I../patch_source -I../patch_source/include/drm -fdiagnostics-color=always -D_FILE_OFFSET_BITS=64 -Wall -Winvalid-pch -std=c11 -O2 -g -include /work1/grodgers/git/tr_aomp/TheRock/build/third-party/sysdeps/linux/libdrm/build/build/config.h -Wsign-compare -Werror=undef -Werror=implicit-function-declaration -Wpointer-arith -Wwrite-strings -Wstrict-prototypes -Wmissing-prototypes -Wmissing-declarations -Wnested-externs -Wpacked -Wswitch-enum -Wmissing-format-attribute -Wstrict-aliasing=2 -Winit-self -Winline -Wshadow -Wdeclaration-after-statement -Wold-style-definition -Wno-unused-parameter -Wno-attributes -Wno-long-long -Wno-missing-field-initializers -MD -MQ tests/hash.p/hash.c.o -MF tests/hash.p/hash.c.o.d -o tests/hash.p/hash.c.o -c ../patch_source/tests/hash.c
2.4	[29/40] cc  -o libdrm.so.2.124.0 libdrm.so.2.124.0.p/xf86drm.c.o libdrm.so.2.124.0.p/xf86drmHash.c.o libdrm.so.2.124.0.p/xf86drmRandom.c.o libdrm.so.2.124.0.p/xf86drmSL.c.o libdrm.so.2.124.0.p/xf86drmMode.c.o -Wl,--as-needed -Wl,--no-undefined -shared -fPIC -Wl,-soname,libdrm.so.2 '-Wl,-rpath=$ORIGIN' -Wl,--version-script=/work/grodgers/git/tr_aomp/TheRock/third-party/sysdeps/linux/libdrm/version.lds
2.4	[30/40] /work/grodgers/git/tr_aomp/TheRock/.venv/bin/meson --internal symbolextractor /work1/grodgers/git/tr_aomp/TheRock/build/third-party/sysdeps/linux/libdrm/build/build libdrm.so.2.124.0 libdrm.so.2.124.0 libdrm.so.2.124.0.p/libdrm.so.2.124.0.symbols 
2.4	[31/40] cc  -o tests/proptest/proptest tests/proptest/proptest.p/proptest.c.o -Wl,--as-needed -Wl,--no-undefined '-Wl,-rpath=$ORIGIN' -Wl,--version-script=/work/grodgers/git/tr_aomp/TheRock/third-party/sysdeps/linux/libdrm/version.lds '-Wl,-rpath,$ORIGIN/../..' -Wl,--start-group libdrm.so.2.124.0 tests/util/libutil.a -Wl,--end-group
2.4	[32/40] cc  -o amdgpu/libdrm_amdgpu.so.1.124.0 amdgpu/libdrm_amdgpu.so.1.124.0.p/amdgpu_asic_id.c.o amdgpu/libdrm_amdgpu.so.1.124.0.p/amdgpu_bo.c.o amdgpu/libdrm_amdgpu.so.1.124.0.p/amdgpu_cs.c.o amdgpu/libdrm_amdgpu.so.1.124.0.p/amdgpu_device.c.o amdgpu/libdrm_amdgpu.so.1.124.0.p/amdgpu_gpu_info.c.o amdgpu/libdrm_amdgpu.so.1.124.0.p/amdgpu_vamgr.c.o amdgpu/libdrm_amdgpu.so.1.124.0.p/amdgpu_vm.c.o amdgpu/libdrm_amdgpu.so.1.124.0.p/handle_table.c.o -Wl,--as-needed -Wl,--no-undefined -shared -fPIC -Wl,-soname,libdrm_amdgpu.so.1 '-Wl,-rpath=$ORIGIN' -Wl,--version-script=/work/grodgers/git/tr_aomp/TheRock/third-party/sysdeps/linux/libdrm/version.lds '-Wl,-rpath,$ORIGIN/..' libdrm.so.2.124.0 -pthread
2.4	[33/40] cc  -o tests/drmsl tests/drmsl.p/drmsl.c.o -Wl,--as-needed -Wl,--no-undefined '-Wl,-rpath=$ORIGIN' -Wl,--version-script=/work/grodgers/git/tr_aomp/TheRock/third-party/sysdeps/linux/libdrm/version.lds '-Wl,-rpath,$ORIGIN/..' libdrm.so.2.124.0
2.4	[34/40] cc  -o tests/hash tests/hash.p/hash.c.o -Wl,--as-needed -Wl,--no-undefined '-Wl,-rpath=$ORIGIN' -Wl,--version-script=/work/grodgers/git/tr_aomp/TheRock/third-party/sysdeps/linux/libdrm/version.lds '-Wl,-rpath,$ORIGIN/..' libdrm.so.2.124.0
2.4	[35/40] cc  -o tests/vbltest/vbltest tests/vbltest/vbltest.p/vbltest.c.o -Wl,--as-needed -Wl,--no-undefined '-Wl,-rpath=$ORIGIN' -Wl,--version-script=/work/grodgers/git/tr_aomp/TheRock/third-party/sysdeps/linux/libdrm/version.lds '-Wl,-rpath,$ORIGIN/../..' -Wl,--start-group libdrm.so.2.124.0 tests/util/libutil.a -Wl,--end-group
2.4	[36/40] cc  -o tests/modetest/modetest tests/modetest/modetest.p/buffers.c.o tests/modetest/modetest.p/cursor.c.o tests/modetest/modetest.p/modetest.c.o -Wl,--as-needed -Wl,--no-undefined '-Wl,-rpath=$ORIGIN' -Wl,--version-script=/work/grodgers/git/tr_aomp/TheRock/third-party/sysdeps/linux/libdrm/version.lds '-Wl,-rpath,$ORIGIN/../..' -Wl,--start-group libdrm.so.2.124.0 tests/util/libutil.a -lm -Wl,--end-group -pthread
2.4	[37/40] cc  -o tests/drmdevice tests/drmdevice.p/drmdevice.c.o -Wl,--as-needed -Wl,--no-undefined '-Wl,-rpath=$ORIGIN' -Wl,--version-script=/work/grodgers/git/tr_aomp/TheRock/third-party/sysdeps/linux/libdrm/version.lds '-Wl,-rpath,$ORIGIN/..' libdrm.so.2.124.0
2.4	[38/40] cc  -o tests/modeprint/modeprint tests/modeprint/modeprint.p/modeprint.c.o -Wl,--as-needed -Wl,--no-undefined '-Wl,-rpath=$ORIGIN' -Wl,--version-script=/work/grodgers/git/tr_aomp/TheRock/third-party/sysdeps/linux/libdrm/version.lds '-Wl,-rpath,$ORIGIN/../..' -Wl,--start-group libdrm.so.2.124.0 tests/util/libutil.a -Wl,--end-group -pthread
2.4	[39/40] /work/grodgers/git/tr_aomp/TheRock/.venv/bin/meson --internal symbolextractor /work1/grodgers/git/tr_aomp/TheRock/build/third-party/sysdeps/linux/libdrm/build/build amdgpu/libdrm_amdgpu.so.1.124.0 amdgpu/libdrm_amdgpu.so.1.124.0 amdgpu/libdrm_amdgpu.so.1.124.0.p/libdrm_amdgpu.so.1.124.0.symbols 
2.4	[40/40] cc  -o tests/amdgpu/amdgpu_stress tests/amdgpu/amdgpu_stress.p/amdgpu_stress.c.o -Wl,--as-needed -Wl,--no-undefined '-Wl,-rpath=$ORIGIN' -Wl,--version-script=/work/grodgers/git/tr_aomp/TheRock/third-party/sysdeps/linux/libdrm/version.lds '-Wl,-rpath,$ORIGIN/../..:$ORIGIN/../../amdgpu' -Wl,--start-group libdrm.so.2.124.0 amdgpu/libdrm_amdgpu.so.1.124.0 -Wl,--end-group -pthread
2.4	INFO: autodetecting backend as ninja
2.4	INFO: calculating backend command to run: /usr/bin/ninja -v
2.4	ninja: Entering directory `/work1/grodgers/git/tr_aomp/TheRock/build/third-party/sysdeps/linux/libdrm/build/build'
2.4	ninja: no work to do.
2.4	Installing libdrm.so.2.124.0 to /work/grodgers/git/tr_aomp/TheRock/build/third-party/sysdeps/linux/libdrm/build/stage/lib/rocm_sysdeps/lib
2.4	Installing amdgpu/libdrm_amdgpu.so.1.124.0 to /work/grodgers/git/tr_aomp/TheRock/build/third-party/sysdeps/linux/libdrm/build/stage/lib/rocm_sysdeps/lib
2.4	Installing /work1/grodgers/git/tr_aomp/TheRock/build/third-party/sysdeps/linux/libdrm/build/patch_source/libsync.h to /work/grodgers/git/tr_aomp/TheRock/build/third-party/sysdeps/linux/libdrm/build/stage/lib/rocm_sysdeps/include
2.4	Installing /work1/grodgers/git/tr_aomp/TheRock/build/third-party/sysdeps/linux/libdrm/build/patch_source/xf86drm.h to /work/grodgers/git/tr_aomp/TheRock/build/third-party/sysdeps/linux/libdrm/build/stage/lib/rocm_sysdeps/include
2.4	Installing /work1/grodgers/git/tr_aomp/TheRock/build/third-party/sysdeps/linux/libdrm/build/patch_source/xf86drmMode.h to /work/grodgers/git/tr_aomp/TheRock/build/third-party/sysdeps/linux/libdrm/build/stage/lib/rocm_sysdeps/include
2.4	Installing /work1/grodgers/git/tr_aomp/TheRock/build/third-party/sysdeps/linux/libdrm/build/patch_source/include/drm/drm.h to /work/grodgers/git/tr_aomp/TheRock/build/third-party/sysdeps/linux/libdrm/build/stage/lib/rocm_sysdeps/include/libdrm
2.4	Installing /work1/grodgers/git/tr_aomp/TheRock/build/third-party/sysdeps/linux/libdrm/build/patch_source/include/drm/drm_fourcc.h to /work/grodgers/git/tr_aomp/TheRock/build/third-party/sysdeps/linux/libdrm/build/stage/lib/rocm_sysdeps/include/libdrm
2.4	Installing /work1/grodgers/git/tr_aomp/TheRock/build/third-party/sysdeps/linux/libdrm/build/patch_source/include/drm/drm_mode.h to /work/grodgers/git/tr_aomp/TheRock/build/third-party/sysdeps/linux/libdrm/build/stage/lib/rocm_sysdeps/include/libdrm
2.4	Installing /work1/grodgers/git/tr_aomp/TheRock/build/third-party/sysdeps/linux/libdrm/build/patch_source/include/drm/drm_sarea.h to /work/grodgers/git/tr_aomp/TheRock/build/third-party/sysdeps/linux/libdrm/build/stage/lib/rocm_sysdeps/include/libdrm
2.4	Installing /work1/grodgers/git/tr_aomp/TheRock/build/third-party/sysdeps/linux/libdrm/build/patch_source/include/drm/i915_drm.h to /work/grodgers/git/tr_aomp/TheRock/build/third-party/sysdeps/linux/libdrm/build/stage/lib/rocm_sysdeps/include/libdrm
2.4	Installing /work1/grodgers/git/tr_aomp/TheRock/build/third-party/sysdeps/linux/libdrm/build/patch_source/include/drm/mach64_drm.h to /work/grodgers/git/tr_aomp/TheRock/build/third-party/sysdeps/linux/libdrm/build/stage/lib/rocm_sysdeps/include/libdrm
2.4	Installing /work1/grodgers/git/tr_aomp/TheRock/build/third-party/sysdeps/linux/libdrm/build/patch_source/include/drm/mga_drm.h to /work/grodgers/git/tr_aomp/TheRock/build/third-party/sysdeps/linux/libdrm/build/stage/lib/rocm_sysdeps/include/libdrm
2.4	Installing /work1/grodgers/git/tr_aomp/TheRock/build/third-party/sysdeps/linux/libdrm/build/patch_source/include/drm/msm_drm.h to /work/grodgers/git/tr_aomp/TheRock/build/third-party/sysdeps/linux/libdrm/build/stage/lib/rocm_sysdeps/include/libdrm
2.4	Installing /work1/grodgers/git/tr_aomp/TheRock/build/third-party/sysdeps/linux/libdrm/build/patch_source/include/drm/nouveau_drm.h to /work/grodgers/git/tr_aomp/TheRock/build/third-party/sysdeps/linux/libdrm/build/stage/lib/rocm_sysdeps/include/libdrm
2.4	Installing /work1/grodgers/git/tr_aomp/TheRock/build/third-party/sysdeps/linux/libdrm/build/patch_source/include/drm/qxl_drm.h to /work/grodgers/git/tr_aomp/TheRock/build/third-party/sysdeps/linux/libdrm/build/stage/lib/rocm_sysdeps/include/libdrm
2.4	Installing /work1/grodgers/git/tr_aomp/TheRock/build/third-party/sysdeps/linux/libdrm/build/patch_source/include/drm/r128_drm.h to /work/grodgers/git/tr_aomp/TheRock/build/third-party/sysdeps/linux/libdrm/build/stage/lib/rocm_sysdeps/include/libdrm
2.4	Installing /work1/grodgers/git/tr_aomp/TheRock/build/third-party/sysdeps/linux/libdrm/build/patch_source/include/drm/radeon_drm.h to /work/grodgers/git/tr_aomp/TheRock/build/third-party/sysdeps/linux/libdrm/build/stage/lib/rocm_sysdeps/include/libdrm
2.4	Installing /work1/grodgers/git/tr_aomp/TheRock/build/third-party/sysdeps/linux/libdrm/build/patch_source/include/drm/amdgpu_drm.h to /work/grodgers/git/tr_aomp/TheRock/build/third-party/sysdeps/linux/libdrm/build/stage/lib/rocm_sysdeps/include/libdrm
2.4	Installing /work1/grodgers/git/tr_aomp/TheRock/build/third-party/sysdeps/linux/libdrm/build/patch_source/include/drm/savage_drm.h to /work/grodgers/git/tr_aomp/TheRock/build/third-party/sysdeps/linux/libdrm/build/stage/lib/rocm_sysdeps/include/libdrm
2.4	Installing /work1/grodgers/git/tr_aomp/TheRock/build/third-party/sysdeps/linux/libdrm/build/patch_source/include/drm/sis_drm.h to /work/grodgers/git/tr_aomp/TheRock/build/third-party/sysdeps/linux/libdrm/build/stage/lib/rocm_sysdeps/include/libdrm
2.4	Installing /work1/grodgers/git/tr_aomp/TheRock/build/third-party/sysdeps/linux/libdrm/build/patch_source/include/drm/tegra_drm.h to /work/grodgers/git/tr_aomp/TheRock/build/third-party/sysdeps/linux/libdrm/build/stage/lib/rocm_sysdeps/include/libdrm
2.4	Installing /work1/grodgers/git/tr_aomp/TheRock/build/third-party/sysdeps/linux/libdrm/build/patch_source/include/drm/vc4_drm.h to /work/grodgers/git/tr_aomp/TheRock/build/third-party/sysdeps/linux/libdrm/build/stage/lib/rocm_sysdeps/include/libdrm
2.4	Installing /work1/grodgers/git/tr_aomp/TheRock/build/third-party/sysdeps/linux/libdrm/build/patch_source/include/drm/via_drm.h to /work/grodgers/git/tr_aomp/TheRock/build/third-party/sysdeps/linux/libdrm/build/stage/lib/rocm_sysdeps/include/libdrm
2.4	Installing /work1/grodgers/git/tr_aomp/TheRock/build/third-party/sysdeps/linux/libdrm/build/patch_source/include/drm/virtgpu_drm.h to /work/grodgers/git/tr_aomp/TheRock/build/third-party/sysdeps/linux/libdrm/build/stage/lib/rocm_sysdeps/include/libdrm
2.4	Installing /work1/grodgers/git/tr_aomp/TheRock/build/third-party/sysdeps/linux/libdrm/build/patch_source/amdgpu/amdgpu.h to /work/grodgers/git/tr_aomp/TheRock/build/third-party/sysdeps/linux/libdrm/build/stage/lib/rocm_sysdeps/include/libdrm
2.4	Installing /work1/grodgers/git/tr_aomp/TheRock/build/third-party/sysdeps/linux/libdrm/build/build/meson-private/libdrm.pc to /work/grodgers/git/tr_aomp/TheRock/build/third-party/sysdeps/linux/libdrm/build/stage/lib/rocm_sysdeps/lib/pkgconfig
2.4	Installing /work1/grodgers/git/tr_aomp/TheRock/build/third-party/sysdeps/linux/libdrm/build/build/meson-private/libdrm_amdgpu.pc to /work/grodgers/git/tr_aomp/TheRock/build/third-party/sysdeps/linux/libdrm/build/stage/lib/rocm_sysdeps/lib/pkgconfig
2.4	Installing /work1/grodgers/git/tr_aomp/TheRock/build/third-party/sysdeps/linux/libdrm/build/patch_source/data/amdgpu.ids to /work/grodgers/git/tr_aomp/TheRock/build/third-party/sysdeps/linux/libdrm/build/stage/lib/rocm_sysdeps/share/libdrm
2.4	Installing symlink pointing to libdrm.so.2.124.0 to /work/grodgers/git/tr_aomp/TheRock/build/third-party/sysdeps/linux/libdrm/build/stage/lib/rocm_sysdeps/lib/libdrm.so.2
2.4	Installing symlink pointing to libdrm.so.2 to /work/grodgers/git/tr_aomp/TheRock/build/third-party/sysdeps/linux/libdrm/build/stage/lib/rocm_sysdeps/lib/libdrm.so
2.4	Installing symlink pointing to libdrm_amdgpu.so.1.124.0 to /work/grodgers/git/tr_aomp/TheRock/build/third-party/sysdeps/linux/libdrm/build/stage/lib/rocm_sysdeps/lib/libdrm_amdgpu.so.1
2.4	Installing symlink pointing to libdrm_amdgpu.so.1 to /work/grodgers/git/tr_aomp/TheRock/build/third-party/sysdeps/linux/libdrm/build/stage/lib/rocm_sysdeps/lib/libdrm_amdgpu.so
2.4	++ Exec [/work1/grodgers/git/tr_aomp/TheRock/build/third-party/sysdeps/linux/libdrm/build/build]$ /home/grodgers/.local/bin/patchelf --print-soname /work/grodgers/git/tr_aomp/TheRock/build/third-party/sysdeps/linux/libdrm/build/stage/lib/rocm_sysdeps/lib/libdrm.so
2.4	Prefixing SONAME libdrm.so.2 -> librocm_sysdeps_drm.so.2 for /work1/grodgers/git/tr_aomp/TheRock/build/third-party/sysdeps/linux/libdrm/build/stage/lib/rocm_sysdeps/lib/libdrm.so.2.124.0
2.4	++ Exec [/work1/grodgers/git/tr_aomp/TheRock/build/third-party/sysdeps/linux/libdrm/build/build]$ /home/grodgers/.local/bin/patchelf --set-soname librocm_sysdeps_drm.so.2 /work/grodgers/git/tr_aomp/TheRock/build/third-party/sysdeps/linux/libdrm/build/stage/lib/rocm_sysdeps/lib/librocm_sysdeps_drm.so.2
2.4	Removing original link: /work/grodgers/git/tr_aomp/TheRock/build/third-party/sysdeps/linux/libdrm/build/stage/lib/rocm_sysdeps/lib/libdrm.so
2.4	Removing original link: /work/grodgers/git/tr_aomp/TheRock/build/third-party/sysdeps/linux/libdrm/build/stage/lib/rocm_sysdeps/lib/libdrm.so.2
2.4	++ Exec [/work1/grodgers/git/tr_aomp/TheRock/build/third-party/sysdeps/linux/libdrm/build/build]$ /home/grodgers/.local/bin/patchelf --print-soname /work/grodgers/git/tr_aomp/TheRock/build/third-party/sysdeps/linux/libdrm/build/stage/lib/rocm_sysdeps/lib/libdrm_amdgpu.so
2.4	Prefixing SONAME libdrm_amdgpu.so.1 -> librocm_sysdeps_drm_amdgpu.so.1 for /work1/grodgers/git/tr_aomp/TheRock/build/third-party/sysdeps/linux/libdrm/build/stage/lib/rocm_sysdeps/lib/libdrm_amdgpu.so.1.124.0
2.4	++ Exec [/work1/grodgers/git/tr_aomp/TheRock/build/third-party/sysdeps/linux/libdrm/build/build]$ /home/grodgers/.local/bin/patchelf --set-soname librocm_sysdeps_drm_amdgpu.so.1 /work/grodgers/git/tr_aomp/TheRock/build/third-party/sysdeps/linux/libdrm/build/stage/lib/rocm_sysdeps/lib/librocm_sysdeps_drm_amdgpu.so.1
2.4	Removing original link: /work/grodgers/git/tr_aomp/TheRock/build/third-party/sysdeps/linux/libdrm/build/stage/lib/rocm_sysdeps/lib/libdrm_amdgpu.so
2.4	Removing original link: /work/grodgers/git/tr_aomp/TheRock/build/third-party/sysdeps/linux/libdrm/build/stage/lib/rocm_sysdeps/lib/libdrm_amdgpu.so.1
2.4	++ Exec [/work1/grodgers/git/tr_aomp/TheRock/build/third-party/sysdeps/linux/libdrm/build/build]$ /home/grodgers/.local/bin/patchelf --replace-needed libdrm.so.2 librocm_sysdeps_drm.so.2 /work/grodgers/git/tr_aomp/TheRock/build/third-party/sysdeps/linux/libdrm/build/stage/lib/rocm_sysdeps/lib/librocm_sysdeps_drm.so.2
2.4	++ Exec [/work1/grodgers/git/tr_aomp/TheRock/build/third-party/sysdeps/linux/libdrm/build/build]$ /home/grodgers/.local/bin/patchelf --replace-needed libdrm.so.2 librocm_sysdeps_drm.so.2 /work/grodgers/git/tr_aomp/TheRock/build/third-party/sysdeps/linux/libdrm/build/stage/lib/rocm_sysdeps/lib/librocm_sysdeps_drm_amdgpu.so.1
2.4	++ Exec [/work1/grodgers/git/tr_aomp/TheRock/build/third-party/sysdeps/linux/libdrm/build/build]$ /home/grodgers/.local/bin/patchelf --replace-needed libdrm_amdgpu.so.1 librocm_sysdeps_drm_amdgpu.so.1 /work/grodgers/git/tr_aomp/TheRock/build/third-party/sysdeps/linux/libdrm/build/stage/lib/rocm_sysdeps/lib/librocm_sysdeps_drm.so.2
2.4	++ Exec [/work1/grodgers/git/tr_aomp/TheRock/build/third-party/sysdeps/linux/libdrm/build/build]$ /home/grodgers/.local/bin/patchelf --replace-needed libdrm_amdgpu.so.1 librocm_sysdeps_drm_amdgpu.so.1 /work/grodgers/git/tr_aomp/TheRock/build/third-party/sysdeps/linux/libdrm/build/stage/lib/rocm_sysdeps/lib/librocm_sysdeps_drm_amdgpu.so.1
END	1756496079.6119232	2.36851167678833
