BEGIN	1757694039.0530138
EXEC	/work1/grodgers/git/tr-aomp/TheRock/build/core/clr/build	/usr/bin/cmake -E env --unset=ROCM_PATH --unset=ROCM_DIR --unset=HIP_PATH --unset=HIP_DIR -- /usr/bin/cmake --build /work/grodgers/git/tr-aomp/TheRock/build/core/clr/build
0.1	[1/94] cd /work/grodgers/git/tr-aomp/TheRock/build/core/clr/build && /usr/bin/cmake -E rm -f /work/grodgers/git/tr-aomp/TheRock/build/core/clr/stamp/stage.stamp
0.1	[2/94] Building CXX object rocclr/CMakeFiles/rocclr.dir/device/blitcl.cpp.o
0.1	[3/94] Building CXX object rocclr/CMakeFiles/rocclr.dir/device/hsailctx.cpp.o
0.1	[4/94] Building CXX object rocclr/CMakeFiles/rocclr.dir/os/os_win32.cpp.o
0.1	[5/94] Building CXX object rocclr/CMakeFiles/rocclr.dir/device/rocm/rocblitcl.cpp.o
0.1	[6/94] Building CXX object rocclr/CMakeFiles/rocclr.dir/device/rocm/rocurilocator.cpp.o
0.1	[7/94] Generating hip_rtc_gen/hipRTC
0.1	-- Appending hiprtc macros to /work/grodgers/git/tr-aomp/TheRock/build/core/clr/build/hipamd/src/hiprtc/hip_rtc_gen/hipRTC.
0.1	[8/94] Generating hip_rtc_gen/hipRTC_header.o
0.1	[9/94] cd /work/grodgers/git/tr-aomp/TheRock/build/core/clr/build/hipamd/packaging && HIP_PATH=/work/grodgers/git/tr-aomp/TheRock/rocm-systems/projects/hip doxygen /work/grodgers/git/tr-aomp/TheRock/rocm-systems/projects/hip/docs/doxygen-input/doxy.cfg
0.1	warning: Tag 'OUTPUT_TEXT_DIRECTION' at line 102 of file '/work/grodgers/git/tr-aomp/TheRock/rocm-systems/projects/hip/docs/doxygen-input/doxy.cfg' has become obsolete.
0.1	         To avoid this warning please remove this line from your configuration file or upgrade it using "doxygen -u"
0.1	warning: Tag 'COLS_IN_ALPHA_INDEX' at line 1150 of file '/work/grodgers/git/tr-aomp/TheRock/rocm-systems/projects/hip/docs/doxygen-input/doxy.cfg' has become obsolete.
0.1	         To avoid this warning please remove this line from your configuration file or upgrade it using "doxygen -u"
0.1	warning: Tag 'HTML_TIMESTAMP' at line 1286 of file '/work/grodgers/git/tr-aomp/TheRock/rocm-systems/projects/hip/docs/doxygen-input/doxy.cfg' has become obsolete.
0.1	         To avoid this warning please remove this line from your configuration file or upgrade it using "doxygen -u"
0.1	warning: Tag 'FORMULA_TRANSPARENT' at line 1589 of file '/work/grodgers/git/tr-aomp/TheRock/rocm-systems/projects/hip/docs/doxygen-input/doxy.cfg' has become obsolete.
0.1	         To avoid this warning please remove this line from your configuration file or upgrade it using "doxygen -u"
0.1	warning: Tag 'LATEX_SOURCE_CODE' at line 1899 of file '/work/grodgers/git/tr-aomp/TheRock/rocm-systems/projects/hip/docs/doxygen-input/doxy.cfg' has become obsolete.
0.1	         To avoid this warning please remove this line from your configuration file or upgrade it using "doxygen -u"
0.1	warning: Tag 'LATEX_TIMESTAMP' at line 1915 of file '/work/grodgers/git/tr-aomp/TheRock/rocm-systems/projects/hip/docs/doxygen-input/doxy.cfg' has become obsolete.
0.1	         To avoid this warning please remove this line from your configuration file or upgrade it using "doxygen -u"
0.1	warning: Tag 'RTF_SOURCE_CODE' at line 1989 of file '/work/grodgers/git/tr-aomp/TheRock/rocm-systems/projects/hip/docs/doxygen-input/doxy.cfg' has become obsolete.
0.1	         To avoid this warning please remove this line from your configuration file or upgrade it using "doxygen -u"
0.1	warning: Tag 'DOCBOOK_PROGRAMLISTING' at line 2094 of file '/work/grodgers/git/tr-aomp/TheRock/rocm-systems/projects/hip/docs/doxygen-input/doxy.cfg' has become obsolete.
0.1	         To avoid this warning please remove this line from your configuration file or upgrade it using "doxygen -u"
0.1	warning: Tag 'CLASS_DIAGRAMS' at line 2286 of file '/work/grodgers/git/tr-aomp/TheRock/rocm-systems/projects/hip/docs/doxygen-input/doxy.cfg' has become obsolete.
0.1	         To avoid this warning please remove this line from your configuration file or upgrade it using "doxygen -u"
0.1	warning: Tag 'DOT_FONTNAME' at line 2328 of file '/work/grodgers/git/tr-aomp/TheRock/rocm-systems/projects/hip/docs/doxygen-input/doxy.cfg' has become obsolete.
0.1	         To avoid this warning please remove this line from your configuration file or upgrade it using "doxygen -u"
0.1	warning: Tag 'DOT_FONTSIZE' at line 2335 of file '/work/grodgers/git/tr-aomp/TheRock/rocm-systems/projects/hip/docs/doxygen-input/doxy.cfg' has become obsolete.
0.1	         To avoid this warning please remove this line from your configuration file or upgrade it using "doxygen -u"
0.1	warning: Tag 'DOT_TRANSPARENT' at line 2559 of file '/work/grodgers/git/tr-aomp/TheRock/rocm-systems/projects/hip/docs/doxygen-input/doxy.cfg' has become obsolete.
0.1	         To avoid this warning please remove this line from your configuration file or upgrade it using "doxygen -u"
0.1	warning: tag INPUT: input source 'mainpage.txt' does not exist
0.1	warning: tag INPUT: input source '../../README.md' does not exist
0.1	warning: tag INPUT: input source '../../CONTRIBUTING.md' does not exist
0.1	warning: tag INPUT: input source 'sync.txt' does not exist
0.1	warning: tag INPUT: input source '../../INSTALL.md' does not exist
0.1	warning: tag INPUT: input source '../../docs/markdown' does not exist
0.1	warning: tag INPUT: input source '../../include/hip' does not exist
0.1	warning: tag INPUT: input source '../../../hipamd/include/hip/amd_detail/' does not exist
0.1	warning: source './examples' is not a readable file or directory... skipping.
0.1	warning: source 'images' is not a readable file or directory... skipping.
0.1	warning: source 'mainpage.txt' is not a readable file or directory... skipping.
0.1	warning: source '../../README.md' is not a readable file or directory... skipping.
0.1	warning: source '../../CONTRIBUTING.md' is not a readable file or directory... skipping.
0.1	warning: source 'sync.txt' is not a readable file or directory... skipping.
0.1	warning: source '../../INSTALL.md' is not a readable file or directory... skipping.
0.1	warning: source '../../docs/markdown' is not a readable file or directory... skipping.
0.1	warning: source '../../include/hip' is not a readable file or directory... skipping.
0.1	warning: source '../../../hipamd/include/hip/amd_detail' is not a readable file or directory... skipping.
0.1	warning: No files to be processed, please check your settings, in particular INPUT, FILE_PATTERNS, and RECURSIVE
0.1	Doxygen version used: 1.9.8
0.1	Notice: Output directory 'RuntimeAPI' does not exist. I have created it for you.
0.1	Searching for include files...
0.1	Searching for example files...
0.1	Searching for images...
0.1	Searching for dot files...
0.1	Searching for msc files...
0.1	Searching for dia files...
0.1	Searching for files to exclude
0.1	Searching INPUT for files to process...
0.1	Reading and parsing tag files
0.1	Parsing files
0.1	Building macro definition list...
0.1	Building group list...
0.1	Building directory list...
0.1	Building namespace list...
0.1	Building file list...
0.1	Building class list...
0.1	Building concept list...
0.1	Computing nesting relations for classes...
0.1	Associating documentation with classes...
0.1	Associating documentation with concepts...
0.1	Associating documentation with modules...
0.1	Building example list...
0.1	Searching for enumerations...
0.1	Searching for documented typedefs...
0.1	Searching for members imported via using declarations...
0.1	Searching for included using directives...
0.1	Searching for documented variables...
0.1	Building interface member list...
0.1	Building member list...
0.1	Searching for friends...
0.1	Searching for documented defines...
0.1	Computing class inheritance relations...
0.1	Computing class usage relations...
0.1	Flushing cached template relations that have become invalid...
0.1	Computing class relations...
0.1	Add enum values to enums...
0.1	Searching for member function documentation...
0.1	Creating members for template instances...
0.1	Building page list...
0.1	Search for main page...
0.1	Computing page relations...
0.1	Determining the scope of groups...
0.1	Computing module relations...
0.1	Sorting lists...
0.1	Determining which enums are documented
0.1	Computing member relations...
0.1	Building full member lists recursively...
0.1	Adding members to member groups.
0.1	Computing member references...
0.1	Inheriting documentation...
0.1	Generating disk names...
0.1	Adding source references...
0.1	Adding xrefitems...
0.1	Sorting member lists...
0.1	Setting anonymous enum type...
0.1	Computing dependencies between directories...
0.1	Generating citations page...
0.1	Counting members...
0.1	Counting data structures...
0.1	Resolving user defined references...
0.1	Finding anchors and sections in the documentation...
0.1	Transferring function references...
0.1	Combining using relations...
0.1	Adding members to index pages...
0.1	Correcting members for VHDL...
0.1	Computing tooltip texts...
0.1	Generating style sheet...
0.1	Generating search indices...
0.1	Generating example documentation...
0.1	Generating file sources...
0.1	Generating file documentation...
0.1	Generating page documentation...
0.1	Generating group documentation...
0.1	Generating class documentation...
0.1	Generating concept documentation...
0.1	Generating module documentation...
0.1	Generating namespace documentation...
0.1	Generating graph info page...
0.1	Generating directory documentation...
0.1	Generating index page...
0.1	Generating page index...
0.1	Generating topic index...
0.1	Generating module index...
0.1	Generating module member index...
0.1	Generating namespace index...
0.1	Generating namespace member index...
0.1	Generating concept index...
0.1	Generating annotated compound index...
0.1	Generating alphabetical compound index...
0.1	Generating hierarchical class index...
0.1	Generating member index...
0.1	Generating file index...
0.1	Generating file member index...
0.1	Generating example index...
0.1	finalizing index lists...
0.1	writing tag file...
0.1	Running plantuml with JAVA...
0.1	type lookup cache used 0/65536 hits=0 misses=0
0.1	symbol lookup cache used 0/65536 hits=0 misses=0
0.1	finished...
0.1	[10/94] Generating new header from hip_runtime_api.h
0.1	[11/94] Linking CXX shared library hipamd/lib/libhiprtc-builtins.so.7.1.25364-a119dd4628
0.1	[12/94] Creating library symlink hipamd/lib/libhiprtc-builtins.so.7 hipamd/lib/libhiprtc-builtins.so
0.2	[13/94] Building CXX object rocclr/CMakeFiles/rocclr.dir/device/rocm/rocsignal.cpp.o
0.3	[14/94] Building CXX object rocclr/CMakeFiles/rocclr.dir/os/alloc.cpp.o
0.3	[15/94] Building CXX object rocclr/CMakeFiles/rocclr.dir/platform/ndrange.cpp.o
0.3	[16/94] Building CXX object rocclr/CMakeFiles/rocclr.dir/device/devhcmessages.cpp.o
0.3	[17/94] Building CXX object rocclr/CMakeFiles/rocclr.dir/device/rocm/rocglinterop.cpp.o
0.3	[18/94] Building CXX object rocclr/CMakeFiles/rocclr.dir/os/os.cpp.o
0.4	[19/94] Building CXX object rocclr/CMakeFiles/rocclr.dir/device/appprofile.cpp.o
0.4	[20/94] Building CXX object rocclr/CMakeFiles/rocclr.dir/thread/thread.cpp.o
0.4	In file included from /work1/grodgers/git/tr-aomp/TheRock/rocm-systems/projects/clr/rocclr/include/top.hpp:57,
0.4	                 from /work1/grodgers/git/tr-aomp/TheRock/rocm-systems/projects/clr/rocclr/thread/thread.hpp:24,
0.4	                 from /work/grodgers/git/tr-aomp/TheRock/rocm-systems/projects/clr/rocclr/thread/thread.cpp:21:
0.4	In member function ‘_Tp std::atomic<_Tp>::load(std::memory_order) const [with _Tp = amd::Monitor::notifyState]’,
0.4	    inlined from ‘void amd::Monitor::notify()’ at /work1/grodgers/git/tr-aomp/TheRock/rocm-systems/projects/clr/rocclr/thread/monitor.hpp:148:26,
0.4	    inlined from ‘bool amd::Thread::start(void*)’ at /work/grodgers/git/tr-aomp/TheRock/rocm-systems/projects/clr/rocclr/thread/thread.cpp:107:29:
0.4	/usr/include/c++/13/atomic:297:22: warning: ‘unsigned int __atomic_load_4(const volatile void*, int)’ writing 4 bytes into a region of size 0 overflows the destination [-Wstringop-overflow=]
0.4	  297 |         __atomic_load(std::__addressof(_M_i), __ptr, int(__m));
0.4	      |         ~~~~~~~~~~~~~^~~~~~~~~~~~~~~~~~~~~~~~~~~~~~~~~~~~~~~~~
0.4	In member function ‘bool amd::Thread::start(void*)’:
0.4	cc1plus: note: destination object is likely at address zero
0.4	In file included from /usr/include/c++/13/atomic:41:
0.4	In member function ‘std::__atomic_base<_IntTp>::__int_type std::__atomic_base<_IntTp>::load(std::memory_order) const [with _ITp = int]’,
0.4	    inlined from ‘void amd::Monitor::notify()’ at /work1/grodgers/git/tr-aomp/TheRock/rocm-systems/projects/clr/rocclr/thread/monitor.hpp:149:20,
0.4	    inlined from ‘bool amd::Thread::start(void*)’ at /work/grodgers/git/tr-aomp/TheRock/rocm-systems/projects/clr/rocclr/thread/thread.cpp:107:29:
0.4	/usr/include/c++/13/bits/atomic_base.h:505:31: warning: ‘unsigned int __atomic_load_4(const volatile void*, int)’ writing 4 bytes into a region of size 0 overflows the destination [-Wstringop-overflow=]
0.4	  505 |         return __atomic_load_n(&_M_i, int(__m));
0.4	      |                ~~~~~~~~~~~~~~~^~~~~~~~~~~~~~~~~
0.4	In member function ‘bool amd::Thread::start(void*)’:
0.4	cc1plus: note: destination object is likely at address zero
0.4	In member function ‘_Tp std::atomic<_Tp>::load(std::memory_order) const [with _Tp = amd::Monitor::notifyState]’,
0.4	    inlined from ‘void amd::Monitor::notify()’ at /work1/grodgers/git/tr-aomp/TheRock/rocm-systems/projects/clr/rocclr/thread/monitor.hpp:148:26,
0.4	    inlined from ‘void amd::Thread::resume()’ at /work/grodgers/git/tr-aomp/TheRock/rocm-systems/projects/clr/rocclr/thread/thread.cpp:115:27:
0.4	/usr/include/c++/13/atomic:297:22: warning: ‘unsigned int __atomic_load_4(const volatile void*, int)’ writing 4 bytes into a region of size 0 overflows the destination [-Wstringop-overflow=]
0.4	  297 |         __atomic_load(std::__addressof(_M_i), __ptr, int(__m));
0.4	      |         ~~~~~~~~~~~~~^~~~~~~~~~~~~~~~~~~~~~~~~~~~~~~~~~~~~~~~~
0.4	In member function ‘void amd::Thread::resume()’:
0.4	cc1plus: note: destination object is likely at address zero
0.4	In member function ‘std::__atomic_base<_IntTp>::__int_type std::__atomic_base<_IntTp>::load(std::memory_order) const [with _ITp = int]’,
0.4	    inlined from ‘void amd::Monitor::notify()’ at /work1/grodgers/git/tr-aomp/TheRock/rocm-systems/projects/clr/rocclr/thread/monitor.hpp:149:20,
0.4	    inlined from ‘void amd::Thread::resume()’ at /work/grodgers/git/tr-aomp/TheRock/rocm-systems/projects/clr/rocclr/thread/thread.cpp:115:27:
0.4	/usr/include/c++/13/bits/atomic_base.h:505:31: warning: ‘unsigned int __atomic_load_4(const volatile void*, int)’ writing 4 bytes into a region of size 0 overflows the destination [-Wstringop-overflow=]
0.4	  505 |         return __atomic_load_n(&_M_i, int(__m));
0.4	      |                ~~~~~~~~~~~~~~~^~~~~~~~~~~~~~~~~
0.4	In member function ‘void amd::Thread::resume()’:
0.4	cc1plus: note: destination object is likely at address zero
0.4	In member function ‘void std::atomic<_Tp>::store(_Tp, std::memory_order) [with _Tp = amd::Monitor::notifyState]’,
0.4	    inlined from ‘void amd::Monitor::notify()’ at /work1/grodgers/git/tr-aomp/TheRock/rocm-systems/projects/clr/rocclr/thread/monitor.hpp:150:25,
0.4	    inlined from ‘void amd::Thread::resume()’ at /work/grodgers/git/tr-aomp/TheRock/rocm-systems/projects/clr/rocclr/thread/thread.cpp:115:27:
0.4	/usr/include/c++/13/atomic:279:23: warning: ‘void __atomic_store_4(volatile void*, unsigned int, int)’ writing 4 bytes into a region of size 0 overflows the destination [-Wstringop-overflow=]
0.4	  279 |         __atomic_store(std::__addressof(_M_i),
0.4	      |         ~~~~~~~~~~~~~~^~~~~~~~~~~~~~~~~~~~~~~~
0.4	  280 |                        __atomic_impl::__clear_padding(__i),
0.4	      |                        ~~~~~~~~~~~~~~~~~~~~~~~~~~~~~~~~~~~~
0.4	  281 |                        int(__m));
0.4	      |                        ~~~~~~~~~
0.4	In member function ‘void amd::Thread::resume()’:
0.4	cc1plus: note: destination object is likely at address zero
0.4	In member function ‘_Tp std::atomic<_Tp>::load(std::memory_order) const [with _Tp = amd::Monitor::notifyState]’,
0.4	    inlined from ‘void amd::Monitor::notify()’ at /work1/grodgers/git/tr-aomp/TheRock/rocm-systems/projects/clr/rocclr/thread/monitor.hpp:148:26,
0.4	    inlined from ‘void* amd::Thread::main()’ at /work/grodgers/git/tr-aomp/TheRock/rocm-systems/projects/clr/rocclr/thread/thread.cpp:75:29:
0.4	/usr/include/c++/13/atomic:297:22: warning: ‘unsigned int __atomic_load_4(const volatile void*, int)’ writing 4 bytes into a region of size 0 overflows the destination [-Wstringop-overflow=]
0.4	  297 |         __atomic_load(std::__addressof(_M_i), __ptr, int(__m));
0.4	      |         ~~~~~~~~~~~~~^~~~~~~~~~~~~~~~~~~~~~~~~~~~~~~~~~~~~~~~~
0.4	In member function ‘void* amd::Thread::main()’:
0.4	cc1plus: note: destination object is likely at address zero
0.4	In member function ‘std::__atomic_base<_IntTp>::__int_type std::__atomic_base<_IntTp>::load(std::memory_order) const [with _ITp = int]’,
0.4	    inlined from ‘void amd::Monitor::notify()’ at /work1/grodgers/git/tr-aomp/TheRock/rocm-systems/projects/clr/rocclr/thread/monitor.hpp:149:20,
0.4	    inlined from ‘void* amd::Thread::main()’ at /work/grodgers/git/tr-aomp/TheRock/rocm-systems/projects/clr/rocclr/thread/thread.cpp:75:29:
0.4	/usr/include/c++/13/bits/atomic_base.h:505:31: warning: ‘unsigned int __atomic_load_4(const volatile void*, int)’ writing 4 bytes into a region of size 0 overflows the destination [-Wstringop-overflow=]
0.4	  505 |         return __atomic_load_n(&_M_i, int(__m));
0.4	      |                ~~~~~~~~~~~~~~~^~~~~~~~~~~~~~~~~
0.4	In member function ‘void* amd::Thread::main()’:
0.4	cc1plus: note: destination object is likely at address zero
0.5	[21/94] Building CXX object rocclr/CMakeFiles/rocclr.dir/utils/debug.cpp.o
0.5	[22/94] Building CXX object rocclr/CMakeFiles/rocclr.dir/device/comgrctx.cpp.o
0.5	[23/94] Building CXX object rocclr/CMakeFiles/rocclr.dir/utils/flags.cpp.o
0.7	[24/94] Generating profiling primitives: /work/grodgers/git/tr-aomp/TheRock/build/core/clr/build/hipamd/include/hip/amd_detail/hip_prof_str.h
0.7	/work/grodgers/git/tr-aomp/TheRock/rocm-systems/projects/clr/hipamd/src/hip_prof_gen.py:73: SyntaxWarning: invalid escape sequence '\s'
0.7	  record = re.sub("\s__dparm\([^\)]*\)", r'', record);
0.7	/work/grodgers/git/tr-aomp/TheRock/rocm-systems/projects/clr/hipamd/src/hip_prof_gen.py:74: SyntaxWarning: invalid escape sequence '\('
0.7	  record = re.sub("\(void\*\)", r'', record);
0.7	/work/grodgers/git/tr-aomp/TheRock/rocm-systems/projects/clr/hipamd/src/hip_prof_gen.py:101: SyntaxWarning: invalid escape sequence '\s'
0.7	  m = re.match("^(.*)\s(\S+)$", arg_pair);
0.7	/work/grodgers/git/tr-aomp/TheRock/rocm-systems/projects/clr/hipamd/src/hip_prof_gen.py:145: SyntaxWarning: invalid escape sequence '\s'
0.7	  beg_pattern = re.compile("^(hipError_t|const char\s*\*)\s+([^\(]+)\(");
0.7	/work/grodgers/git/tr-aomp/TheRock/rocm-systems/projects/clr/hipamd/src/hip_prof_gen.py:146: SyntaxWarning: invalid escape sequence '\s'
0.7	  api_pattern = re.compile("^(hipError_t|const char\s*\*)\s+([^\(]+)\(([^\)]*)\)");
0.7	/work/grodgers/git/tr-aomp/TheRock/rocm-systems/projects/clr/hipamd/src/hip_prof_gen.py:179: SyntaxWarning: invalid escape sequence '\s'
0.7	  record = re.sub("\s__dparm\([^\)]*\)", '', record);
0.7	/work/grodgers/git/tr-aomp/TheRock/rocm-systems/projects/clr/hipamd/src/hip_prof_gen.py:218: SyntaxWarning: invalid escape sequence '\s'
0.7	  beg_pattern = re.compile("^(hipError_t|const char\s*\*)\s+[^\(]+\(");
0.7	/work/grodgers/git/tr-aomp/TheRock/rocm-systems/projects/clr/hipamd/src/hip_prof_gen.py:220: SyntaxWarning: invalid escape sequence '\s'
0.7	  decl_pattern = re.compile("^(hipError_t|const char\s*\*)\s+([^\(]+)\(([^\)]*)\)\s*;");
0.7	/work/grodgers/git/tr-aomp/TheRock/rocm-systems/projects/clr/hipamd/src/hip_prof_gen.py:222: SyntaxWarning: invalid escape sequence '\s'
0.7	  api_pattern = re.compile("^(hipError_t|const char\s*\*)\s+([^\(]+)\(([^\)]*)\)\s*{");
0.7	/work/grodgers/git/tr-aomp/TheRock/rocm-systems/projects/clr/hipamd/src/hip_prof_gen.py:224: SyntaxWarning: invalid escape sequence '\s'
0.7	  init_pattern = re.compile("(^\s*HIP_INIT_API[^\s]*\s*)\((([^,]+)(,.*|)|)(\);|,)\s*$");
0.7	/work/grodgers/git/tr-aomp/TheRock/rocm-systems/projects/clr/hipamd/src/hip_prof_gen.py:648: SyntaxWarning: invalid escape sequence '\.'
0.7	  src_pat = "\.cpp$"
0.7	api: hipInit
0.7	api: hipDriverGetVersion
0.7	api: hipRuntimeGetVersion
0.7	api: hipDeviceGet
0.7	api: hipDeviceComputeCapability
0.7	api: hipDeviceGetName
0.7	api: hipDeviceGetUuid
0.7	api: hipDeviceGetP2PAttribute
0.7	api: hipDeviceGetPCIBusId
0.7	api: hipDeviceGetByPCIBusId
0.7	api: hipDeviceTotalMem
0.7	api: hipDeviceSynchronize
0.7	api: hipDeviceReset
0.7	api: hipSetDevice
0.7	api: hipSetValidDevices
0.7	api: hipGetDevice
0.7	api: hipGetDeviceCount
0.7	api: hipDeviceGetAttribute
0.7	api: hipDeviceGetDefaultMemPool
0.7	api: hipDeviceSetMemPool
0.7	api: hipDeviceGetMemPool
0.7	api: hipGetDevicePropertiesR0600
0.7	api: hipDeviceGetTexture1DLinearMaxWidth
0.7	api: hipDeviceSetCacheConfig
0.7	api: hipDeviceGetCacheConfig
0.7	api: hipDeviceGetLimit
0.7	api: hipDeviceSetLimit
0.7	api: hipDeviceGetSharedMemConfig
0.7	api: hipGetDeviceFlags
0.7	api: hipDeviceSetSharedMemConfig
0.7	api: hipSetDeviceFlags
0.7	api: hipChooseDeviceR0600
0.7	api: hipExtGetLinkTypeAndHopCount
0.7	api: hipIpcGetMemHandle
0.7	api: hipIpcOpenMemHandle
0.7	api: hipIpcCloseMemHandle
0.7	api: hipIpcGetEventHandle
0.7	api: hipIpcOpenEventHandle
0.7	api: hipFuncSetAttribute
0.7	api: hipFuncSetCacheConfig
0.7	api: hipFuncSetSharedMemConfig
0.7	api: hipGetLastError
0.7	api: hipExtGetLastError
0.7	api: hipPeekAtLastError
0.7	api: hipGetErrorName
0.7	api: hipGetErrorString
0.7	api: hipDrvGetErrorName
0.7	api: hipDrvGetErrorString
0.7	api: hipStreamCreate
0.7	api: hipStreamCreateWithFlags
0.7	api: hipStreamCreateWithPriority
0.7	api: hipDeviceGetStreamPriorityRange
0.7	api: hipStreamDestroy
0.7	api: hipStreamQuery
0.7	api: hipStreamSynchronize
0.7	api: hipStreamWaitEvent
0.7	api: hipStreamGetFlags
0.7	api: hipStreamGetId
0.7	api: hipStreamGetPriority
0.7	api: hipStreamGetDevice
0.7	api: hipExtStreamCreateWithCUMask
0.7	api: hipExtStreamGetCUMask
0.7	api: hipStreamAddCallback
0.7	api: hipStreamSetAttribute
0.7	api: hipStreamGetAttribute
0.7	api: hipStreamWaitValue32
0.7	api: hipStreamWaitValue64
0.7	api: hipStreamWriteValue32
0.7	api: hipStreamWriteValue64
0.7	api: hipStreamBatchMemOp
0.7	api: hipGraphAddBatchMemOpNode
0.7	api: hipGraphBatchMemOpNodeGetParams
0.7	api: hipGraphBatchMemOpNodeSetParams
0.7	api: hipGraphExecBatchMemOpNodeSetParams
0.7	api: hipEventCreateWithFlags
0.7	api: hipEventCreate
0.7	api: hipEventRecordWithFlags
0.7	api: hipEventRecord
0.7	api: hipEventDestroy
0.7	api: hipEventSynchronize
0.7	api: hipEventElapsedTime
0.7	api: hipEventQuery
0.7	api: hipPointerSetAttribute
0.7	api: hipPointerGetAttributes
0.7	api: hipPointerGetAttribute
0.7	api: hipDrvPointerGetAttributes
0.7	api: hipImportExternalSemaphore
0.7	api: hipSignalExternalSemaphoresAsync
0.7	api: hipWaitExternalSemaphoresAsync
0.7	api: hipDestroyExternalSemaphore
0.7	api: hipImportExternalMemory
0.7	api: hipExternalMemoryGetMappedBuffer
0.7	api: hipDestroyExternalMemory
0.7	api: hipExternalMemoryGetMappedMipmappedArray
0.7	api: hipMalloc
0.7	api: hipExtMallocWithFlags
0.7	api: hipMallocHost
0.7	api: hipMemAllocHost
0.7	api: hipHostMalloc
0.7	api: hipMallocManaged
0.7	api: hipMemPrefetchAsync
0.7	api: hipMemPrefetchAsync_v2
0.7	api: hipMemAdvise
0.7	api: hipMemAdvise_v2
0.7	api: hipMemRangeGetAttribute
0.7	api: hipMemRangeGetAttributes
0.7	api: hipStreamAttachMemAsync
0.7	api: hipMallocAsync
0.7	api: hipFreeAsync
0.7	api: hipMemPoolTrimTo
0.7	api: hipMemPoolSetAttribute
0.7	api: hipMemPoolGetAttribute
0.7	api: hipMemPoolSetAccess
0.7	api: hipMemPoolGetAccess
0.7	api: hipMemPoolCreate
0.7	api: hipMemPoolDestroy
0.7	api: hipMallocFromPoolAsync
0.7	api: hipMemPoolExportToShareableHandle
0.7	api: hipMemPoolImportFromShareableHandle
0.7	api: hipMemPoolExportPointer
0.7	api: hipMemPoolImportPointer
0.7	api: hipHostAlloc
0.7	api: hipHostGetDevicePointer
0.7	api: hipHostGetFlags
0.7	api: hipHostRegister
0.7	api: hipHostUnregister
0.7	api: hipMallocPitch
0.7	api: hipMemAllocPitch
0.7	api: hipFree
0.7	api: hipFreeHost
0.7	api: hipHostFree
0.7	api: hipMemcpy
0.7	api: hipMemcpyWithStream
0.7	api: hipMemcpyHtoD
0.7	api: hipMemcpyDtoH
0.7	api: hipMemcpyDtoD
0.7	api: hipMemcpyAtoD
0.7	api: hipMemcpyDtoA
0.7	api: hipMemcpyAtoA
0.7	api: hipMemcpyHtoDAsync
0.7	api: hipMemcpyDtoHAsync
0.7	api: hipMemcpyDtoDAsync
0.7	api: hipMemcpyAtoHAsync
0.7	api: hipMemcpyHtoAAsync
0.7	api: hipModuleGetGlobal
0.7	api: hipGetSymbolAddress
0.7	api: hipGetSymbolSize
0.7	api: hipGetProcAddress
0.7	api: hipMemcpyToSymbol
0.7	api: hipMemcpyToSymbolAsync
0.7	api: hipMemcpyFromSymbol
0.7	api: hipMemcpyFromSymbolAsync
0.7	api: hipMemcpyAsync
0.7	api: hipMemset
0.7	api: hipMemsetD8
0.7	api: hipMemsetD8Async
0.7	api: hipMemsetD16
0.7	api: hipMemsetD16Async
0.7	api: hipMemsetD32
0.7	api: hipMemsetAsync
0.7	api: hipMemsetD32Async
0.7	api: hipMemset2D
0.7	api: hipMemset2DAsync
0.7	api: hipMemset3D
0.7	api: hipMemset3DAsync
0.7	api: hipMemsetD2D8
0.7	api: hipMemsetD2D8Async
0.7	api: hipMemsetD2D16
0.7	api: hipMemsetD2D16Async
0.7	api: hipMemsetD2D32
0.7	api: hipMemsetD2D32Async
0.7	api: hipMemGetInfo
0.7	api: hipMemPtrGetInfo
0.7	api: hipMallocArray
0.7	api: hipArrayCreate
0.7	api: hipArrayDestroy
0.7	api: hipArray3DCreate
0.7	api: hipMalloc3D
0.7	api: hipFreeArray
0.7	api: hipMalloc3DArray
0.7	api: hipArrayGetInfo
0.7	api: hipArrayGetDescriptor
0.7	api: hipArray3DGetDescriptor
0.7	api: hipMemcpy2D
0.7	api: hipMemcpyParam2D
0.7	api: hipMemcpyParam2DAsync
0.7	api: hipMemcpy2DAsync
0.7	api: hipMemcpy2DToArray
0.7	api: hipMemcpy2DToArrayAsync
0.7	api: hipMemcpy2DArrayToArray
0.7	api: hipMemcpyToArray
0.7	api: hipMemcpyFromArray
0.7	api: hipMemcpy2DFromArray
0.7	api: hipMemcpy2DFromArrayAsync
0.7	api: hipMemcpyAtoH
0.7	api: hipMemcpyHtoA
0.7	api: hipMemcpy3D
0.7	api: hipMemcpy3DAsync
0.7	api: hipDrvMemcpy3D
0.7	api: hipDrvMemcpy3DAsync
0.7	api: hipMemGetAddressRange
0.7	api: hipMemcpyBatchAsync
0.7	api: hipMemcpy3DBatchAsync
0.7	api: hipMemcpy3DPeer
0.7	api: hipMemcpy3DPeerAsync
0.7	api: hipDeviceCanAccessPeer
0.7	api: hipDeviceEnablePeerAccess
0.7	api: hipDeviceDisablePeerAccess
0.7	api: hipMemcpyPeer
0.7	api: hipMemcpyPeerAsync
0.7	api: hipCtxCreate
0.7	api: hipCtxDestroy
0.7	api: hipCtxPopCurrent
0.7	api: hipCtxPushCurrent
0.7	api: hipCtxSetCurrent
0.7	api: hipCtxGetCurrent
0.7	api: hipCtxGetDevice
0.7	api: hipCtxGetApiVersion
0.7	api: hipCtxGetCacheConfig
0.7	api: hipCtxSetCacheConfig
0.7	api: hipCtxSetSharedMemConfig
0.7	api: hipCtxGetSharedMemConfig
0.7	api: hipCtxSynchronize
0.7	api: hipCtxGetFlags
0.7	api: hipCtxEnablePeerAccess
0.7	api: hipCtxDisablePeerAccess
0.7	api: hipDevicePrimaryCtxGetState
0.7	api: hipDevicePrimaryCtxRelease
0.7	api: hipDevicePrimaryCtxRetain
0.7	api: hipDevicePrimaryCtxReset
0.7	api: hipDevicePrimaryCtxSetFlags
0.7	api: hipModuleLoadFatBinary
0.7	api: hipModuleLoad
0.7	api: hipModuleUnload
0.7	api: hipModuleGetFunction
0.7	api: hipModuleGetFunctionCount
0.7	api: hipFuncGetAttributes
0.7	api: hipFuncGetAttribute
0.7	api: hipGetFuncBySymbol
0.7	api: hipGetDriverEntryPoint
0.7	api: hipModuleGetTexRef
0.7	api: hipModuleLoadData
0.7	api: hipModuleLoadDataEx
0.7	api: hipLinkAddData
0.7	api: hipLinkAddFile
0.7	api: hipLinkComplete
0.7	api: hipLinkCreate
0.7	api: hipLinkDestroy
0.7	api: hipModuleLaunchKernel
0.7	api: hipModuleLaunchCooperativeKernel
0.7	api: hipModuleLaunchCooperativeKernelMultiDevice
0.7	api: hipLaunchCooperativeKernel
0.7	api: hipLaunchCooperativeKernelMultiDevice
0.7	api: hipExtLaunchMultiKernelMultiDevice
0.7	api: hipLaunchKernelExC
0.7	api: hipDrvLaunchKernelEx
0.7	api: hipMemGetHandleForAddressRange
0.7	api: hipModuleOccupancyMaxPotentialBlockSize
0.7	api: hipModuleOccupancyMaxPotentialBlockSizeWithFlags
0.7	api: hipModuleOccupancyMaxActiveBlocksPerMultiprocessor
0.7	api: hipModuleOccupancyMaxActiveBlocksPerMultiprocessorWithFlags
0.7	api: hipOccupancyMaxActiveBlocksPerMultiprocessor
0.7	api: hipOccupancyMaxActiveBlocksPerMultiprocessorWithFlags
0.7	api: hipOccupancyMaxPotentialBlockSize
0.7	api: hipProfilerStart
0.7	api: hipProfilerStop
0.7	api: hipConfigureCall
0.7	api: hipSetupArgument
0.7	api: hipLaunchByPtr
0.7	api: __hipPushCallConfiguration
0.7	api: __hipPopCallConfiguration
0.7	api: hipLaunchKernel
0.7	api: hipLaunchHostFunc
0.7	api: hipDrvMemcpy2DUnaligned
0.7	api: hipExtLaunchKernel
0.7	api: hipCreateTextureObject
0.7	api: hipDestroyTextureObject
0.7	api: hipGetChannelDesc
0.7	api: hipGetTextureObjectResourceDesc
0.7	api: hipGetTextureObjectResourceViewDesc
0.7	api: hipGetTextureObjectTextureDesc
0.7	api: hipTexObjectCreate
0.7	api: hipTexObjectDestroy
0.7	api: hipTexObjectGetResourceDesc
0.7	api: hipTexObjectGetResourceViewDesc
0.7	api: hipTexObjectGetTextureDesc
0.7	api: hipMallocMipmappedArray
0.7	api: hipFreeMipmappedArray
0.7	api: hipGetMipmappedArrayLevel
0.7	api: hipMipmappedArrayCreate
0.7	api: hipMipmappedArrayDestroy
0.7	api: hipMipmappedArrayGetLevel
0.7	api: hipBindTextureToMipmappedArray
0.7	api: hipGetTextureReference
0.7	api: hipTexRefGetBorderColor
0.7	api: hipTexRefGetArray
0.7	api: hipTexRefSetAddressMode
0.7	api: hipTexRefSetArray
0.7	api: hipTexRefSetFilterMode
0.7	api: hipTexRefSetFlags
0.7	api: hipTexRefSetFormat
0.7	api: hipBindTexture
0.7	api: hipBindTexture2D
0.7	api: hipBindTextureToArray
0.7	api: hipGetTextureAlignmentOffset
0.7	api: hipUnbindTexture
0.7	api: hipTexRefGetAddress
0.7	api: hipTexRefGetAddressMode
0.7	api: hipTexRefGetFilterMode
0.7	api: hipTexRefGetFlags
0.7	api: hipTexRefGetFormat
0.7	api: hipTexRefGetMaxAnisotropy
0.7	api: hipTexRefGetMipmapFilterMode
0.7	api: hipTexRefGetMipmapLevelBias
0.7	api: hipTexRefGetMipmapLevelClamp
0.7	api: hipTexRefGetMipMappedArray
0.7	api: hipTexRefSetAddress
0.7	api: hipTexRefSetAddress2D
0.7	api: hipTexRefSetMaxAnisotropy
0.7	api: hipTexRefSetBorderColor
0.7	api: hipTexRefSetMipmapFilterMode
0.7	api: hipTexRefSetMipmapLevelBias
0.7	api: hipTexRefSetMipmapLevelClamp
0.7	api: hipTexRefSetMipmappedArray
0.7	api: hipApiName
0.7	api: hipKernelNameRef
0.7	api: hipKernelNameRefByPtr
0.7	api: hipStreamBeginCapture
0.7	api: hipStreamBeginCaptureToGraph
0.7	api: hipStreamEndCapture
0.7	api: hipStreamGetCaptureInfo
0.7	api: hipStreamGetCaptureInfo_v2
0.7	api: hipStreamIsCapturing
0.7	api: hipStreamUpdateCaptureDependencies
0.7	api: hipThreadExchangeStreamCaptureMode
0.7	api: hipGraphCreate
0.7	api: hipGraphDestroy
0.7	api: hipGraphAddDependencies
0.7	api: hipGraphRemoveDependencies
0.7	api: hipGraphGetEdges
0.7	api: hipGraphGetNodes
0.7	api: hipGraphGetRootNodes
0.7	api: hipGraphNodeGetDependencies
0.7	api: hipGraphNodeGetDependentNodes
0.7	api: hipGraphNodeGetType
0.7	api: hipGraphDestroyNode
0.7	api: hipGraphClone
0.7	api: hipGraphNodeFindInClone
0.7	api: hipGraphInstantiate
0.7	api: hipGraphInstantiateWithFlags
0.7	api: hipGraphInstantiateWithParams
0.7	api: hipGraphLaunch
0.7	api: hipGraphUpload
0.7	api: hipGraphAddNode
0.7	api: hipGraphExecGetFlags
0.7	api: hipGraphNodeSetParams
0.7	api: hipGraphExecNodeSetParams
0.7	api: hipGraphExecDestroy
0.7	api: hipGraphExecUpdate
0.7	api: hipGraphAddKernelNode
0.7	api: hipGraphKernelNodeGetParams
0.7	api: hipGraphKernelNodeSetParams
0.7	api: hipGraphExecKernelNodeSetParams
0.7	api: hipDrvGraphAddMemcpyNode
0.7	api: hipGraphAddMemcpyNode
0.7	api: hipGraphMemcpyNodeGetParams
0.7	api: hipGraphMemcpyNodeSetParams
0.7	api: hipGraphKernelNodeSetAttribute
0.7	api: hipGraphKernelNodeGetAttribute
0.7	api: hipGraphExecMemcpyNodeSetParams
0.7	api: hipGraphAddMemcpyNode1D
0.7	api: hipGraphMemcpyNodeSetParams1D
0.7	api: hipGraphExecMemcpyNodeSetParams1D
0.7	api: hipGraphAddMemcpyNodeFromSymbol
0.7	api: hipGraphMemcpyNodeSetParamsFromSymbol
0.7	api: hipGraphExecMemcpyNodeSetParamsFromSymbol
0.7	api: hipGraphAddMemcpyNodeToSymbol
0.7	api: hipGraphMemcpyNodeSetParamsToSymbol
0.7	api: hipGraphExecMemcpyNodeSetParamsToSymbol
0.7	api: hipGraphAddMemsetNode
0.7	api: hipGraphMemsetNodeGetParams
0.7	api: hipGraphMemsetNodeSetParams
0.7	api: hipGraphExecMemsetNodeSetParams
0.7	api: hipGraphAddHostNode
0.7	api: hipGraphHostNodeGetParams
0.7	api: hipGraphHostNodeSetParams
0.7	api: hipGraphExecHostNodeSetParams
0.7	api: hipGraphAddChildGraphNode
0.7	api: hipGraphChildGraphNodeGetGraph
0.7	api: hipGraphExecChildGraphNodeSetParams
0.7	api: hipGraphAddEmptyNode
0.7	api: hipGraphAddEventRecordNode
0.7	api: hipGraphEventRecordNodeGetEvent
0.7	api: hipGraphEventRecordNodeSetEvent
0.7	api: hipGraphExecEventRecordNodeSetEvent
0.7	api: hipGraphAddEventWaitNode
0.7	api: hipGraphEventWaitNodeGetEvent
0.7	api: hipGraphEventWaitNodeSetEvent
0.7	api: hipGraphExecEventWaitNodeSetEvent
0.7	api: hipGraphAddMemAllocNode
0.7	api: hipGraphMemAllocNodeGetParams
0.7	api: hipGraphAddMemFreeNode
0.7	api: hipGraphMemFreeNodeGetParams
0.7	api: hipDeviceGetGraphMemAttribute
0.7	api: hipDeviceSetGraphMemAttribute
0.7	api: hipDeviceGraphMemTrim
0.7	api: hipUserObjectCreate
0.7	api: hipUserObjectRelease
0.7	api: hipUserObjectRetain
0.7	api: hipGraphRetainUserObject
0.7	api: hipGraphReleaseUserObject
0.7	api: hipGraphDebugDotPrint
0.7	api: hipGraphKernelNodeCopyAttributes
0.7	api: hipGraphNodeSetEnabled
0.7	api: hipGraphNodeGetEnabled
0.7	api: hipGraphAddExternalSemaphoresWaitNode
0.7	api: hipGraphAddExternalSemaphoresSignalNode
0.7	api: hipGraphExternalSemaphoresSignalNodeSetParams
0.7	api: hipGraphExternalSemaphoresWaitNodeSetParams
0.7	api: hipGraphExternalSemaphoresSignalNodeGetParams
0.7	api: hipGraphExternalSemaphoresWaitNodeGetParams
0.7	api: hipGraphExecExternalSemaphoresSignalNodeSetParams
0.7	api: hipGraphExecExternalSemaphoresWaitNodeSetParams
0.7	api: hipDrvGraphMemcpyNodeGetParams
0.7	api: hipDrvGraphMemcpyNodeSetParams
0.7	api: hipDrvGraphAddMemsetNode
0.7	api: hipDrvGraphAddMemFreeNode
0.7	api: hipDrvGraphExecMemcpyNodeSetParams
0.7	api: hipDrvGraphExecMemsetNodeSetParams
0.7	api: hipMemAddressFree
0.7	api: hipMemAddressReserve
0.7	api: hipMemCreate
0.7	api: hipMemExportToShareableHandle
0.7	api: hipMemGetAccess
0.7	api: hipMemGetAllocationGranularity
0.7	api: hipMemGetAllocationPropertiesFromHandle
0.7	api: hipMemImportFromShareableHandle
0.7	api: hipMemMap
0.7	api: hipMemMapArrayAsync
0.7	api: hipMemRelease
0.7	api: hipMemRetainAllocationHandle
0.7	api: hipMemSetAccess
0.7	api: hipMemUnmap
0.7	api: hipGraphicsMapResources
0.7	api: hipGraphicsSubResourceGetMappedArray
0.7	api: hipGraphicsResourceGetMappedPointer
0.7	api: hipGraphicsUnmapResources
0.7	api: hipGraphicsUnregisterResource
0.7	api: hipCreateSurfaceObject
0.7	api: hipDestroySurfaceObject
0.7	api: hipGetDevicePropertiesR0000
0.7	api: hipChooseDeviceR0000
0.7	api: hipGLGetDevices
0.7	api: hipGraphicsGLRegisterBuffer
0.7	api: hipGraphicsGLRegisterImage
0.7	Parsing /work/grodgers/git/tr-aomp/TheRock/rocm-systems/projects/clr/hipamd/src for '\.cpp$'
0.7	/work/grodgers/git/tr-aomp/TheRock/rocm-systems/projects/clr/hipamd/src/hip_graph.cpp
0.7		hipStreamIsCapturing
0.7		hipThreadExchangeStreamCaptureMode
0.7		hipStreamBeginCapture
0.7		hipStreamBeginCaptureToGraph
0.7		hipStreamEndCapture
0.7		hipGraphCreate
0.7		hipGraphDestroy
0.7		hipGraphAddKernelNode
0.7		hipGraphAddMemcpyNode
0.7		hipDrvGraphAddMemcpyNode
0.7		hipGraphAddMemcpyNode1D
0.7		hipGraphMemcpyNodeSetParams1D
0.7		hipGraphExecMemcpyNodeSetParams1D
0.7		hipGraphAddMemsetNode
0.7		hipDrvGraphAddMemsetNode
0.7		hipGraphAddEmptyNode
0.7		hipGraphAddChildGraphNode
0.7		hipGraphInstantiate
0.7		hipGraphInstantiateWithFlags
0.7		hipGraphInstantiateWithParams
0.7		hipGraphExecDestroy
0.7		hipGraphLaunch
0.7		hipGraphGetNodes
0.7		hipGraphGetRootNodes
0.7		hipGraphKernelNodeGetParams
0.7		hipGraphKernelNodeSetParams
0.7		hipGraphMemcpyNodeGetParams
0.7		hipGraphKernelNodeSetAttribute args mismatch:
0.7			/work/grodgers/git/tr-aomp/TheRock/rocm-systems/projects/clr/hipamd/src/hip_graph.cpp line(1740)
0.7			api: hipGraphNode_t, hipKernelNodeAttrID, const hipKernelNodeAttrValue*, 
0.7			eta: hipGraphNode_t, hipLaunchAttributeID, const hipLaunchAttributeValue*, 
0.7	
0.7		hipGraphKernelNodeGetAttribute args mismatch:
0.7			/work/grodgers/git/tr-aomp/TheRock/rocm-systems/projects/clr/hipamd/src/hip_graph.cpp line(1758)
0.7			api: hipGraphNode_t, hipKernelNodeAttrID, hipKernelNodeAttrValue*, 
0.7			eta: hipGraphNode_t, hipLaunchAttributeID, hipLaunchAttributeValue*, 
0.7	
0.7		hipGraphMemcpyNodeSetParams
0.7		hipGraphExecMemcpyNodeSetParams
0.7		hipGraphMemsetNodeGetParams
0.7		hipGraphMemsetNodeSetParams
0.7		hipGraphExecMemsetNodeSetParams
0.7		hipGraphAddDependencies
0.7		hipGraphExecKernelNodeSetParams
0.7		hipGraphChildGraphNodeGetGraph
0.7		hipGraphExecChildGraphNodeSetParams
0.7		hipStreamGetCaptureInfo
0.7		hipStreamGetCaptureInfo_v2
0.7		hipStreamUpdateCaptureDependencies
0.7		hipGraphRemoveDependencies
0.7		hipGraphGetEdges
0.7		hipGraphNodeGetDependencies
0.7		hipGraphNodeGetDependentNodes
0.7		hipGraphNodeGetType
0.7		hipGraphDestroyNode
0.7		hipGraphClone
0.7		hipGraphNodeFindInClone
0.7		hipGraphAddMemcpyNodeFromSymbol
0.7		hipGraphMemcpyNodeSetParamsFromSymbol
0.7		hipGraphExecMemcpyNodeSetParamsFromSymbol
0.7		hipGraphAddMemcpyNodeToSymbol
0.7		hipGraphMemcpyNodeSetParamsToSymbol
0.7		hipGraphExecMemcpyNodeSetParamsToSymbol
0.7		hipGraphAddEventRecordNode
0.7		hipGraphEventRecordNodeGetEvent
0.7		hipGraphEventRecordNodeSetEvent
0.7		hipGraphExecEventRecordNodeSetEvent
0.7		hipGraphAddEventWaitNode
0.7		hipGraphEventWaitNodeGetEvent
0.7		hipGraphEventWaitNodeSetEvent
0.7		hipGraphExecEventWaitNodeSetEvent
0.7		hipGraphAddHostNode
0.7		hipGraphHostNodeGetParams
0.7		hipGraphHostNodeSetParams
0.7		hipGraphExecHostNodeSetParams
0.7		hipGraphExecUpdate
0.7		hipGraphAddMemAllocNode
0.7		hipGraphMemAllocNodeGetParams
0.7		hipGraphAddMemFreeNode
0.7		hipGraphMemFreeNodeGetParams
0.7		hipDeviceGetGraphMemAttribute
0.7		hipDeviceSetGraphMemAttribute
0.7		hipDeviceGraphMemTrim
0.7		hipUserObjectCreate
0.7		hipUserObjectRelease
0.7		hipUserObjectRetain
0.7		hipGraphRetainUserObject
0.7		hipGraphReleaseUserObject
0.7		hipGraphKernelNodeCopyAttributes
0.7		hipGraphDebugDotPrint
0.7		hipGraphNodeSetEnabled
0.7		hipGraphNodeGetEnabled
0.7		hipGraphUpload
0.7		hipGraphAddNode
0.7		hipGraphAddExternalSemaphoresSignalNode
0.7		hipGraphAddExternalSemaphoresWaitNode
0.7		hipGraphExternalSemaphoresSignalNodeSetParams
0.7		hipGraphExternalSemaphoresWaitNodeSetParams
0.7		hipGraphExternalSemaphoresSignalNodeGetParams
0.7		hipGraphExternalSemaphoresWaitNodeGetParams
0.7		hipGraphExecExternalSemaphoresSignalNodeSetParams
0.7		hipGraphExecExternalSemaphoresWaitNodeSetParams
0.7		hipDrvGraphAddMemFreeNode
0.7		hipDrvGraphExecMemcpyNodeSetParams
0.7		hipDrvGraphExecMemsetNodeSetParams
0.7		hipGraphExecGetFlags
0.7		hipGraphNodeSetParams
0.7		hipGraphExecNodeSetParams
0.7		hipDrvGraphMemcpyNodeGetParams
0.7		hipDrvGraphMemcpyNodeSetParams
0.7		hipGraphAddBatchMemOpNode
0.7		hipGraphBatchMemOpNodeGetParams
0.7		hipGraphBatchMemOpNodeSetParams
0.7		hipGraphExecBatchMemOpNodeSetParams
0.7	/work/grodgers/git/tr-aomp/TheRock/rocm-systems/projects/clr/hipamd/src/hip_profile.cpp
0.7		hipProfilerStart
0.7		hipProfilerStop
0.7	/work/grodgers/git/tr-aomp/TheRock/rocm-systems/projects/clr/hipamd/src/hip_memory.cpp
0.7		hipImportExternalMemory
0.7		hipExternalMemoryGetMappedBuffer
0.7		hipDestroyExternalMemory
0.7		hipImportExternalSemaphore
0.7		hipSignalExternalSemaphoresAsync
0.7		hipWaitExternalSemaphoresAsync
0.7		hipDestroyExternalSemaphore
0.7		hipExtMallocWithFlags
0.7		hipMalloc
0.7		hipHostMalloc
0.7		hipFree
0.7		hipMemcpy
0.7		hipMemcpyWithStream
0.7		hipMemPtrGetInfo
0.7		hipHostFree
0.7		hipFreeArray
0.7		hipMemGetAddressRange
0.7		hipMemGetInfo
0.7		hipMallocPitch
0.7		hipMalloc3D
0.7		hipArrayCreate
0.7		hipMallocArray
0.7		hipArray3DCreate
0.7		hipMalloc3DArray
0.7		hipHostGetFlags
0.7		hipHostRegister
0.7		hipHostUnregister
0.7		hipHostAlloc
0.7		hipMemcpyToSymbol
0.7		hipMemcpyFromSymbol
0.7		hipMemcpyToSymbolAsync
0.7		hipMemcpyFromSymbolAsync
0.7		hipMemcpyHtoD
0.7		hipMemcpyDtoH
0.7		hipMemcpyDtoD
0.7		hipMemcpyAsync
0.7		hipMemcpyHtoDAsync
0.7		hipMemcpyDtoDAsync
0.7		hipMemcpyDtoHAsync
0.7		hipMemcpyParam2D
0.7		hipMemcpy2D
0.7		hipMemcpy2DAsync
0.7		hipMemcpy2DToArray
0.7		hipMemcpyToArray
0.7		hipMemcpyFromArray
0.7		hipMemcpy3D
0.7		hipMemcpy3DAsync
0.7		hipDrvMemcpy3D
0.7		hipDrvMemcpy3DAsync
0.7		hipMemcpyBatchAsync
0.7		hipMemcpy3DBatchAsync
0.7		hipMemset
0.7		hipMemsetAsync
0.7		hipMemsetD8
0.7		hipMemsetD8Async
0.7		hipMemsetD16
0.7		hipMemsetD16Async
0.7		hipMemsetD32
0.7		hipMemsetD32Async
0.7		hipMemset2D
0.7		hipMemset2DAsync
0.7		hipMemsetD2D8
0.7		hipMemsetD2D8Async
0.7		hipMemsetD2D16
0.7		hipMemsetD2D16Async
0.7		hipMemsetD2D32
0.7		hipMemsetD2D32Async
0.7		hipMemset3D
0.7		hipMemset3DAsync
0.7		hipMemAllocPitch
0.7		hipMemAllocHost
0.7		hipIpcGetMemHandle
0.7		hipIpcOpenMemHandle
0.7		hipIpcCloseMemHandle
0.7		hipHostGetDevicePointer
0.7		hipPointerGetAttributes
0.7		hipPointerSetAttribute
0.7		hipPointerGetAttribute
0.7		hipDrvPointerGetAttributes
0.7		hipArrayDestroy
0.7		hipArrayGetInfo
0.7		hipArrayGetDescriptor
0.7		hipArray3DGetDescriptor
0.7		hipMemcpyParam2DAsync
0.7		hipMemcpy2DArrayToArray
0.7		hipMemcpy2DFromArray
0.7		hipMemcpy2DFromArrayAsync
0.7		hipMemcpy2DToArrayAsync
0.7		hipMemcpyAtoA
0.7		hipMemcpyAtoD
0.7		hipMemcpyAtoHAsync
0.7		hipMemcpyDtoA
0.7		hipMemcpyHtoAAsync
0.7		hipMemcpyHtoA
0.7		hipMemcpyAtoH
0.7		hipMallocHost
0.7		hipFreeHost
0.7		hipDrvMemcpy2DUnaligned
0.7		hipMipmappedArrayCreate
0.7		hipMipmappedArrayDestroy
0.7		hipMipmappedArrayGetLevel
0.7		hipMallocMipmappedArray
0.7		hipFreeMipmappedArray
0.7		hipGetMipmappedArrayLevel
0.7		hipExternalMemoryGetMappedMipmappedArray
0.7		hipMemGetHandleForAddressRange
0.7	/work/grodgers/git/tr-aomp/TheRock/rocm-systems/projects/clr/hipamd/src/hip_runtime.cpp
0.7	/work/grodgers/git/tr-aomp/TheRock/rocm-systems/projects/clr/hipamd/src/hip_mempool.cpp
0.7		hipDeviceGetDefaultMemPool
0.7		hipDeviceSetMemPool
0.7		hipDeviceGetMemPool
0.7		hipMallocAsync
0.7		hipFreeAsync
0.7		hipMemPoolTrimTo
0.7		hipMemPoolSetAttribute
0.7		hipMemPoolGetAttribute
0.7		hipMemPoolSetAccess
0.7		hipMemPoolGetAccess
0.7		hipMemPoolCreate
0.7		hipMemPoolDestroy
0.7		hipMallocFromPoolAsync
0.7		hipMemPoolExportToShareableHandle
0.7		hipMemPoolImportFromShareableHandle
0.7		hipMemPoolExportPointer
0.7		hipMemPoolImportPointer
0.7	/work/grodgers/git/tr-aomp/TheRock/rocm-systems/projects/clr/hipamd/src/hip_stream.cpp
0.7		hipStreamCreateWithFlags
0.7		hipStreamCreate
0.7		hipStreamCreateWithPriority
0.7		hipDeviceGetStreamPriorityRange
0.7		hipStreamGetFlags
0.7		hipStreamGetId
0.7		hipStreamSynchronize
0.7		hipStreamDestroy
0.7		hipStreamWaitEvent
0.7		hipStreamQuery
0.7		hipStreamAddCallback
0.7		hipLaunchHostFunc
0.7		hipExtStreamCreateWithCUMask
0.7		hipStreamGetPriority
0.7		hipExtStreamGetCUMask
0.7		hipStreamGetDevice
0.7		hipStreamSetAttribute args mismatch:
0.7			/work/grodgers/git/tr-aomp/TheRock/rocm-systems/projects/clr/hipamd/src/hip_stream.cpp line(851)
0.7			api: hipStream_t, hipStreamAttrID, const hipStreamAttrValue*, 
0.7			eta: hipStream_t, hipLaunchAttributeID, const hipLaunchAttributeValue*, 
0.7	
0.7		hipStreamGetAttribute args mismatch:
0.7			/work/grodgers/git/tr-aomp/TheRock/rocm-systems/projects/clr/hipamd/src/hip_stream.cpp line(890)
0.7			api: hipStream_t, hipStreamAttrID, hipStreamAttrValue*, 
0.7			eta: hipStream_t, hipLaunchAttributeID, hipLaunchAttributeValue*, 
0.7	
0.7	/work/grodgers/git/tr-aomp/TheRock/rocm-systems/projects/clr/hipamd/src/hip_event.cpp
0.7		hipEventCreateWithFlags
0.7		hipEventCreate
0.7		hipEventDestroy
0.7		hipEventElapsedTime
0.7		hipEventRecord
0.7		hipEventRecordWithFlags
0.7		hipEventSynchronize
0.7		hipEventQuery
0.7	/work/grodgers/git/tr-aomp/TheRock/rocm-systems/projects/clr/hipamd/src/hip_context.cpp
0.7		hipInit
0.7		hipCtxCreate
0.7		hipCtxSetCurrent
0.7		hipCtxGetCurrent
0.7		hipCtxGetSharedMemConfig
0.7		hipRuntimeGetVersion
0.7		hipCtxDestroy
0.7		hipCtxPopCurrent
0.7		hipCtxPushCurrent
0.7		hipDriverGetVersion
0.7		hipCtxGetDevice
0.7		hipCtxGetApiVersion
0.7		hipCtxGetCacheConfig
0.7		hipCtxSetCacheConfig
0.7		hipCtxSetSharedMemConfig
0.7		hipCtxSynchronize
0.7		hipCtxGetFlags
0.7		hipDevicePrimaryCtxGetState
0.7		hipDevicePrimaryCtxRelease
0.7		hipDevicePrimaryCtxRetain
0.7		hipDevicePrimaryCtxReset
0.7		hipDevicePrimaryCtxSetFlags
0.7	/work/grodgers/git/tr-aomp/TheRock/rocm-systems/projects/clr/hipamd/src/hip_surface.cpp
0.7		hipCreateSurfaceObject
0.7		hipDestroySurfaceObject
0.7	/work/grodgers/git/tr-aomp/TheRock/rocm-systems/projects/clr/hipamd/src/fixme.cpp
0.7	/work/grodgers/git/tr-aomp/TheRock/rocm-systems/projects/clr/hipamd/src/hip_comgr_helper.cpp
0.7	/work/grodgers/git/tr-aomp/TheRock/rocm-systems/projects/clr/hipamd/src/hip_event_ipc.cpp
0.7		hipIpcGetEventHandle
0.7		hipIpcOpenEventHandle
0.7	/work/grodgers/git/tr-aomp/TheRock/rocm-systems/projects/clr/hipamd/src/hip_table_interface.cpp
0.7	SKIP FILE:hip_table_interface.cpp
0.7	/work/grodgers/git/tr-aomp/TheRock/rocm-systems/projects/clr/hipamd/src/hip_fatbin.cpp
0.7	/work/grodgers/git/tr-aomp/TheRock/rocm-systems/projects/clr/hipamd/src/hip_table_interface_c.cpp
0.7	/work/grodgers/git/tr-aomp/TheRock/rocm-systems/projects/clr/hipamd/src/hip_intercept.cpp
0.7	/work/grodgers/git/tr-aomp/TheRock/rocm-systems/projects/clr/hipamd/src/hip_hmm.cpp
0.7		hipMallocManaged
0.7		hipMemPrefetchAsync
0.7		hipMemPrefetchAsync_v2
0.7		hipMemAdvise
0.7		hipMemAdvise_v2
0.7		hipMemRangeGetAttribute
0.7		hipMemRangeGetAttributes
0.7		hipStreamAttachMemAsync
0.7	/work/grodgers/git/tr-aomp/TheRock/rocm-systems/projects/clr/hipamd/src/hip_stream_ops.cpp
0.7		hipStreamWaitValue32
0.7		hipStreamWaitValue64
0.7		hipStreamWriteValue32
0.7		hipStreamWriteValue64
0.7		hipStreamBatchMemOp
0.7	/work/grodgers/git/tr-aomp/TheRock/rocm-systems/projects/clr/hipamd/src/hip_activity.cpp
0.7	/work/grodgers/git/tr-aomp/TheRock/rocm-systems/projects/clr/hipamd/src/hip_vm.cpp
0.7		hipMemAddressFree
0.7		hipMemAddressReserve
0.7		hipMemCreate
0.7		hipMemExportToShareableHandle
0.7		hipMemGetAccess
0.7		hipMemGetAllocationGranularity
0.7		hipMemGetAllocationPropertiesFromHandle
0.7		hipMemImportFromShareableHandle
0.7		hipMemMap
0.7		hipMemMapArrayAsync
0.7		hipMemRelease
0.7		hipMemRetainAllocationHandle
0.7		hipMemSetAccess
0.7		hipMemUnmap
0.7	/work/grodgers/git/tr-aomp/TheRock/rocm-systems/projects/clr/hipamd/src/hip_global.cpp
0.7	/work/grodgers/git/tr-aomp/TheRock/rocm-systems/projects/clr/hipamd/src/hip_graph_internal.cpp
0.7	/work/grodgers/git/tr-aomp/TheRock/rocm-systems/projects/clr/hipamd/src/hip_device.cpp
0.7		hipDeviceGet
0.7		hipDeviceTotalMem
0.7		hipDeviceComputeCapability
0.7		hipDeviceGetName
0.7		hipDeviceGetUuid
0.7		hipGetDevicePropertiesR0600
0.7		hipGetDevicePropertiesR0000
0.7		hipGetProcAddress
0.7	/work/grodgers/git/tr-aomp/TheRock/rocm-systems/projects/clr/hipamd/src/hip_api_trace.cpp
0.7	/work/grodgers/git/tr-aomp/TheRock/rocm-systems/projects/clr/hipamd/src/hip_peer.cpp
0.7		hipExtGetLinkTypeAndHopCount
0.7		hipDeviceGetP2PAttribute
0.7		hipDeviceCanAccessPeer
0.7		hipDeviceDisablePeerAccess
0.7		hipDeviceEnablePeerAccess
0.7		hipMemcpyPeer
0.7		hipMemcpyPeerAsync
0.7		hipMemcpy3DPeer
0.7		hipMemcpy3DPeerAsync
0.7		hipCtxEnablePeerAccess
0.7		hipCtxDisablePeerAccess
0.7	/work/grodgers/git/tr-aomp/TheRock/rocm-systems/projects/clr/hipamd/src/hip_error.cpp
0.7		hipExtGetLastError
0.7		hipGetLastError
0.7		hipPeekAtLastError
0.7	/work/grodgers/git/tr-aomp/TheRock/rocm-systems/projects/clr/hipamd/src/hip_module.cpp
0.7		hipModuleUnload
0.7		hipModuleLoadFatBinary
0.7		hipModuleLoad
0.7		hipModuleLoadData
0.7		hipModuleLoadDataEx
0.7		hipModuleGetFunction
0.7		hipModuleGetFunctionCount
0.7		hipModuleGetGlobal
0.7		hipFuncGetAttribute
0.7		hipFuncGetAttributes
0.7		hipFuncSetAttribute
0.7		hipFuncSetCacheConfig
0.7		hipFuncSetSharedMemConfig
0.7		hipModuleLaunchKernel
0.7		hipExtModuleLaunchKernel
0.7		hipHccModuleLaunchKernel
0.7		hipModuleLaunchCooperativeKernel
0.7		hipModuleLaunchCooperativeKernelMultiDevice
0.7		hipGetFuncBySymbol
0.7		hipLaunchKernel
0.7		hipExtLaunchKernel
0.7	/work/grodgers/git/tr-aomp/TheRock/rocm-systems/projects/clr/hipamd/src/hip_prof_gen.py Warning: implementation not found: hipStreamSetAttribute
0.7	/work/grodgers/git/tr-aomp/TheRock/rocm-systems/projects/clr/hipamd/src/hip_prof_gen.py Warning: implementation not found: hipStreamGetAttribute
0.7	/work/grodgers/git/tr-aomp/TheRock/rocm-systems/projects/clr/hipamd/src/hip_prof_gen.py Warning: implementation not found: hipGraphKernelNodeSetAttribute
0.7	/work/grodgers/git/tr-aomp/TheRock/rocm-systems/projects/clr/hipamd/src/hip_prof_gen.py Warning: implementation not found: hipGraphKernelNodeGetAttribute
0.7	/work/grodgers/git/tr-aomp/TheRock/rocm-systems/projects/clr/hipamd/src/hip_prof_gen.py Warning: 4 API calls missing in interception layer
0.7		hipLaunchCooperativeKernel
0.7		hipLaunchCooperativeKernelMultiDevice
0.7		hipExtLaunchMultiKernelMultiDevice
0.7		hipModuleGetTexRef
0.7		hipLinkAddData
0.7		hipLinkAddFile
0.7		hipLinkCreate
0.7		hipLinkComplete
0.7		hipLinkDestroy
0.7		hipLaunchKernelExC
0.7		hipDrvLaunchKernelEx
0.7	/work/grodgers/git/tr-aomp/TheRock/rocm-systems/projects/clr/hipamd/src/hip_code_object.cpp
0.7	/work/grodgers/git/tr-aomp/TheRock/rocm-systems/projects/clr/hipamd/src/hip_mempool_impl.cpp
0.7	/work/grodgers/git/tr-aomp/TheRock/rocm-systems/projects/clr/hipamd/src/hip_platform.cpp
0.7		hipConfigureCall
0.7		__hipPushCallConfiguration
0.7		__hipPopCallConfiguration
0.7		hipSetupArgument
0.7		hipLaunchByPtr
0.7		hipGetSymbolAddress
0.7		hipGetSymbolSize
0.7		hipOccupancyMaxPotentialBlockSize
0.7		hipModuleOccupancyMaxPotentialBlockSize
0.7		hipModuleOccupancyMaxPotentialBlockSizeWithFlags
0.7		hipModuleOccupancyMaxActiveBlocksPerMultiprocessor
0.7		hipModuleOccupancyMaxActiveBlocksPerMultiprocessorWithFlags
0.7		hipOccupancyMaxActiveBlocksPerMultiprocessor
0.7		hipOccupancyMaxActiveBlocksPerMultiprocessorWithFlags
0.7	/work/grodgers/git/tr-aomp/TheRock/rocm-systems/projects/clr/hipamd/src/hip_device_runtime.cpp
0.7		hipChooseDeviceR0600
0.7		hipChooseDeviceR0000
0.7		hipDeviceGetAttribute
0.7		hipDeviceGetByPCIBusId
0.7		hipDeviceGetCacheConfig
0.7		hipDeviceGetLimit
0.7		hipDeviceGetPCIBusId
0.7		hipDeviceGetSharedMemConfig
0.7		hipDeviceReset
0.7		hipDeviceSetCacheConfig
0.7		hipDeviceSetLimit
0.7		hipDeviceSetSharedMemConfig
0.7		hipDeviceSynchronize
0.7		hipGetDevice
0.7		hipGetDeviceCount
0.7		hipGetDeviceFlags
0.7		hipGetDriverEntryPoint
0.7		hipSetDevice
0.7		hipSetDeviceFlags
0.7		hipSetValidDevices
0.7	/work/grodgers/git/tr-aomp/TheRock/rocm-systems/projects/clr/hipamd/src/hip_gl.cpp
0.7		hipGLGetDevices
0.7		hipGraphicsSubResourceGetMappedArray
0.7		hipGraphicsGLRegisterImage
0.7		hipGraphicsGLRegisterBuffer
0.7		hipGraphicsMapResources
0.7		hipGraphicsResourceGetMappedPointer
0.7		hipGraphicsUnmapResources
0.7		hipGraphicsUnregisterResource
0.7	/work/grodgers/git/tr-aomp/TheRock/rocm-systems/projects/clr/hipamd/src/hip_texture.cpp
0.7		hipGetChannelDesc
0.7		hipTexRefSetFormat
0.7		hipTexRefSetFlags
0.7		hipTexRefGetArray
0.7		hipTexRefSetArray
0.7		hipTexRefGetAddress
0.7		hipTexRefSetAddress
0.7		hipTexRefSetAddress2D
0.7		hipTexRefGetBorderColor
0.7		hipTexRefGetFlags
0.7		hipTexRefGetFormat
0.7		hipTexRefGetMaxAnisotropy
0.7		hipTexRefGetMipmapLevelBias
0.7		hipTexRefGetMipmapLevelClamp
0.7		hipTexRefGetMipMappedArray
0.7		hipTexRefSetBorderColor
0.7		hipTexRefSetMaxAnisotropy
0.7		hipTexRefSetMipmapLevelBias
0.7		hipTexRefSetMipmapLevelClamp
0.7		hipTexRefSetMipmappedArray
0.7	Init missing: hipKernelNameRef
0.7	Init missing: hipKernelNameRefByPtr
0.7	Init missing: hipApiName
0.7	Init missing: hipGetErrorName
0.7	Init missing: hipGetErrorString
0.7	Init missing: hipDrvGetErrorName
0.7	Init missing: hipDrvGetErrorString
0.7	 Warning: implementation not found: hipStreamSetAttribute
0.7	 Warning: implementation not found: hipStreamGetAttribute
0.7	 Warning: implementation not found: hipGraphKernelNodeSetAttribute
0.7	 Warning: implementation not found: hipGraphKernelNodeGetAttribute
0.7	 Warning: 4 API calls missing in interception layer
0.7	Private: hipBindTexture
0.7	Private: hipBindTexture2D
0.7	Private: hipBindTextureToArray
0.7	Private: hipBindTextureToMipmappedArray
0.7	Private: hipCreateTextureObject
0.7	Private: hipDestroyTextureObject
0.7	Private: hipDeviceGetCount
0.7	Private: hipDeviceGetTexture1DLinearMaxWidth
0.7	Private: hipGetTextureAlignmentOffset
0.7	Private: hipGetTextureObjectResourceDesc
0.7	Private: hipGetTextureObjectResourceViewDesc
0.7	Private: hipGetTextureObjectTextureDesc
0.7	Private: hipGetTextureReference
0.7	Private: hipTexObjectCreate
0.7	Private: hipTexObjectDestroy
0.7	Private: hipTexObjectGetResourceDesc
0.7	Private: hipTexObjectGetResourceViewDesc
0.7	Private: hipTexObjectGetTextureDesc
0.7	Private: hipTexRefGetAddressMode
0.7	Private: hipTexRefGetFilterMode
0.7	Private: hipTexRefGetMipmapFilterMode
0.7	Private: hipTexRefSetAddressMode
0.7	Private: hipTexRefSetFilterMode
0.7	Private: hipTexRefSetMipmapFilterMode
0.7	Private: hipUnbindTexture
0.7	Warning: "/work/grodgers/git/tr-aomp/TheRock/rocm-systems/projects/clr/hipamd/include/hip/amd_detail/hip_prof_str.h" needs to be re-generated and checked-in with the current changes
0.7	[25/94] Building CXX object rocclr/CMakeFiles/rocclr.dir/device/rocm/rocappprofile.cpp.o
0.7	[26/94] Building CXX object rocclr/CMakeFiles/rocclr.dir/os/os_posix.cpp.o
0.8	[27/94] Building CXX object rocclr/CMakeFiles/rocclr.dir/device/rocm/rocsettings.cpp.o
0.9	[28/94] Building CXX object rocclr/CMakeFiles/rocclr.dir/device/devhcprintf.cpp.o
0.9	[29/94] Building CXX object rocclr/CMakeFiles/rocclr.dir/device/devhostcall.cpp.o
1.0	[30/94] Building CXX object rocclr/CMakeFiles/rocclr.dir/platform/activity.cpp.o
1.0	[31/94] Building CXX object hipamd/src/CMakeFiles/amdhip64.dir/hip_table_interface_c.cpp.o
1.0	[32/94] Building CXX object hipamd/src/CMakeFiles/amdhip64.dir/hip_activity.cpp.o
1.1	[33/94] Building CXX object rocclr/CMakeFiles/rocclr.dir/platform/interop_gl.cpp.o
1.1	[34/94] Building CXX object rocclr/CMakeFiles/rocclr.dir/platform/runtime.cpp.o
1.1	[35/94] Building CXX object rocclr/CMakeFiles/rocclr.dir/platform/agent.cpp.o
1.1	[36/94] Building CXX object rocclr/CMakeFiles/rocclr.dir/device/rocm/rockernel.cpp.o
1.1	[37/94] Building CXX object rocclr/CMakeFiles/rocclr.dir/device/blit.cpp.o
1.1	[38/94] Building CXX object rocclr/CMakeFiles/rocclr.dir/platform/context.cpp.o
1.1	[39/94] Building CXX object rocclr/CMakeFiles/rocclr.dir/device/rocm/rocprogram.cpp.o
1.2	[40/94] Building CXX object rocclr/CMakeFiles/rocclr.dir/device/rocm/roccounters.cpp.o
1.2	[41/94] Building CXX object rocclr/CMakeFiles/rocclr.dir/platform/vmheap.cpp.o
1.2	[42/94] Building CXX object rocclr/CMakeFiles/rocclr.dir/platform/kernel.cpp.o
1.2	[43/94] Building CXX object rocclr/CMakeFiles/rocclr.dir/platform/commandqueue.cpp.o
1.3	[44/94] Building CXX object rocclr/CMakeFiles/rocclr.dir/device/rocm/rocprintf.cpp.o
1.4	[45/94] Building CXX object rocclr/CMakeFiles/rocclr.dir/platform/command.cpp.o
1.4	[46/94] Building CXX object hipamd/src/CMakeFiles/amdhip64.dir/hip_table_interface.cpp.o
1.4	[47/94] Building CXX object rocclr/CMakeFiles/rocclr.dir/platform/program.cpp.o
1.5	[48/94] Building CXX object rocclr/CMakeFiles/rocclr.dir/device/rocm/rocmemory.cpp.o
1.5	[49/94] Building CXX object rocclr/CMakeFiles/rocclr.dir/platform/memory.cpp.o
1.6	[50/94] Building CXX object hipamd/src/CMakeFiles/amdhip64.dir/fixme.cpp.o
1.7	[51/94] Building CXX object rocclr/CMakeFiles/rocclr.dir/device/devkernel.cpp.o
1.7	[52/94] Building CXX object hipamd/src/hiprtc/CMakeFiles/hiprtc.dir/hiprtcInternal.cpp.o
1.9	[53/94] Building CXX object hipamd/src/CMakeFiles/amdhip64.dir/hip_profile.cpp.o
1.9	[54/94] Building CXX object rocclr/CMakeFiles/rocclr.dir/device/device.cpp.o
2.0	[55/94] Building CXX object hipamd/src/CMakeFiles/amdhip64.dir/hip_error.cpp.o
2.0	[56/94] Building CXX object hipamd/src/CMakeFiles/amdhip64.dir/hip_intercept.cpp.o
2.0	[57/94] Building CXX object hipamd/src/CMakeFiles/amdhip64.dir/hip_api_trace.cpp.o
2.0	[58/94] Building CXX object rocclr/CMakeFiles/rocclr.dir/elf/elf.cpp.o
2.1	[59/94] Building CXX object hipamd/src/hiprtc/CMakeFiles/hiprtc.dir/__/hip_comgr_helper.cpp.o
2.1	[60/94] Building CXX object hipamd/src/CMakeFiles/amdhip64.dir/hip_surface.cpp.o
2.1	[61/94] Building CXX object hipamd/src/CMakeFiles/amdhip64.dir/hip_global.cpp.o
2.1	[62/94] Building CXX object hipamd/src/CMakeFiles/amdhip64.dir/hip_event_ipc.cpp.o
2.2	[63/94] Building CXX object rocclr/CMakeFiles/rocclr.dir/device/rocm/rocblit.cpp.o
2.2	[64/94] Building CXX object hipamd/src/hiprtc/CMakeFiles/hiprtc.dir/hiprtc.cpp.o
2.3	[65/94] Building CXX object hipamd/src/CMakeFiles/amdhip64.dir/hip_mempool_impl.cpp.o
2.5	[66/94] Building CXX object rocclr/CMakeFiles/rocclr.dir/device/devprogram.cpp.o
2.5	/work/grodgers/git/tr-aomp/TheRock/rocm-systems/projects/clr/rocclr/device/devprogram.cpp: In member function ‘bool amd::device::Program::compileToLLVMBitcode(amd_comgr_data_set_t, const std::vector<std::__cxx11::basic_string<char> >&, amd::option::Options*, char**, size_t*, bool)’:
2.5	/work/grodgers/git/tr-aomp/TheRock/rocm-systems/projects/clr/rocclr/device/devprogram.cpp:412:38: warning: ‘AMD_COMGR_ACTION_ADD_PRECOMPILED_HEADERS’ is deprecated: Will be removed in Comgr v4.0. Currently the action    is a no-op, as the OpenCL pre-compiled headers are no longer used. [-Wdeprecated-declarations]
2.5	  412 |       status = amd::Comgr::do_action(AMD_COMGR_ACTION_ADD_PRECOMPILED_HEADERS, action, input,
2.5	      |                                      ^~~~~~~~~~~~~~~~~~~~~~~~~~~~~~~~~~~~~~~~
2.5	In file included from /work1/grodgers/git/tr-aomp/TheRock/rocm-systems/projects/clr/rocclr/device/devprogram.hpp:31,
2.5	                 from /work1/grodgers/git/tr-aomp/TheRock/rocm-systems/projects/clr/rocclr/device/device.hpp:34,
2.5	                 from /work1/grodgers/git/tr-aomp/TheRock/rocm-systems/projects/clr/rocclr/platform/context.hpp:25,
2.5	                 from /work1/grodgers/git/tr-aomp/TheRock/rocm-systems/projects/clr/rocclr/platform/command.hpp:29,
2.5	                 from /work/grodgers/git/tr-aomp/TheRock/rocm-systems/projects/clr/rocclr/device/devprogram.cpp:21:
2.5	/work/grodgers/git/tr-aomp/TheRock/build/compiler/amd-comgr/dist/include/amd_comgr/amd_comgr.h:1617:3: note: declared here
2.5	 1617 |   AMD_COMGR_ACTION_ADD_PRECOMPILED_HEADERS
2.5	      |   ^~~~~~~~~~~~~~~~~~~~~~~~~~~~~~~~~~~~~~~~
2.5	[67/94] Building CXX object hipamd/src/CMakeFiles/amdhip64.dir/hip_stream_ops.cpp.o
2.7	[68/94] Building CXX object rocclr/CMakeFiles/rocclr.dir/device/rocm/rocvirtual.cpp.o
2.7	[69/94] Building CXX object rocclr/CMakeFiles/rocclr.dir/device/rocm/rocdevice.cpp.o
2.8	[70/94] Building CXX object hipamd/src/CMakeFiles/amdhip64.dir/hip_comgr_helper.cpp.o
2.8	[71/94] Building CXX object hipamd/src/CMakeFiles/amdhip64.dir/hip_code_object.cpp.o
3.0	[72/94] Building CXX object hipamd/src/CMakeFiles/amdhip64.dir/hip_hmm.cpp.o
3.1	[73/94] Building CXX object hipamd/src/CMakeFiles/amdhip64.dir/hip_fatbin.cpp.o
3.1	[74/94] Building CXX object hipamd/src/CMakeFiles/amdhip64.dir/hip_peer.cpp.o
3.2	[75/94] Building CXX object rocclr/CMakeFiles/rocclr.dir/compiler/lib/utils/options.cpp.o
3.3	[76/94] Building CXX object hipamd/src/CMakeFiles/amdhip64.dir/hip_vm.cpp.o
3.3	[77/94] Linking CXX static library rocclr/librocclr.a
3.4	[78/94] Linking CXX shared library hipamd/lib/libhiprtc.so.7.1.25364-a119dd4628
3.4	[79/94] Creating library symlink hipamd/lib/libhiprtc.so.7 hipamd/lib/libhiprtc.so
3.4	[80/94] Building CXX object hipamd/src/CMakeFiles/amdhip64.dir/hip_gl.cpp.o
3.4	[81/94] Building CXX object hipamd/src/CMakeFiles/amdhip64.dir/hip_graph_internal.cpp.o
3.5	[82/94] Building CXX object hipamd/src/CMakeFiles/amdhip64.dir/hip_device.cpp.o
3.6	[83/94] Building CXX object hipamd/src/CMakeFiles/amdhip64.dir/hip_mempool.cpp.o
3.7	[84/94] Building CXX object hipamd/src/CMakeFiles/amdhip64.dir/hip_event.cpp.o
3.8	[85/94] Building CXX object hipamd/src/CMakeFiles/amdhip64.dir/hip_context.cpp.o
4.0	[86/94] Building CXX object hipamd/src/CMakeFiles/amdhip64.dir/hip_platform.cpp.o
4.1	[87/94] Building CXX object hipamd/src/CMakeFiles/amdhip64.dir/hip_device_runtime.cpp.o
5.1	[88/94] Building CXX object hipamd/src/CMakeFiles/amdhip64.dir/hip_stream.cpp.o
5.8	[89/94] Building CXX object hipamd/src/CMakeFiles/amdhip64.dir/hip_module.cpp.o
6.3	[90/94] Building CXX object hipamd/src/CMakeFiles/amdhip64.dir/hip_texture.cpp.o
14.4	[91/94] Building CXX object hipamd/src/CMakeFiles/amdhip64.dir/hip_memory.cpp.o
15.2	[92/94] Building CXX object hipamd/src/CMakeFiles/amdhip64.dir/hip_graph.cpp.o
15.4	[93/94] Linking CXX shared library hipamd/lib/libamdhip64.so.7.1.25364-a119dd4628
15.6	[94/94] Creating library symlink hipamd/lib/libamdhip64.so.7 hipamd/lib/libamdhip64.so
END	1757694054.646694	15.593680143356323	0
