BEGIN	1757694233.029162
EXEC	/work1/grodgers/git/tr-aomp/TheRock/build/math-libs/BLAS/hipBLASLt/build	/usr/bin/cmake -E env --unset=ROCM_PATH --unset=ROCM_DIR --unset=HIP_PATH --unset=HIP_DIR -- /usr/bin/cmake --build /work/grodgers/git/tr-aomp/TheRock/build/math-libs/BLAS/hipBLASLt/build
0.1	[1/240] cd /work/grodgers/git/tr-aomp/TheRock/build/math-libs/BLAS/hipBLASLt/build && /usr/bin/cmake -E rm -f /work/grodgers/git/tr-aomp/TheRock/build/math-libs/BLAS/hipBLASLt/stamp/stage.stamp
0.5	[2/240] Building CXX object tensilelite/rocisa/CMakeFiles/rocisa.dir/rocisa/src/helper.cpp.o
0.5	[3/240] Building CXX object tensilelite/rocisa/CMakeFiles/nanobind-static.dir/__/__/_deps/nanobind-src/src/nb_ft.cpp.o
0.5	[4/240] Building CXX object tensilelite/rocisa/CMakeFiles/rocisa.dir/rocisa/src/main.cpp.o
0.6	[5/240] Building CXX object tensilelite/rocisa/CMakeFiles/rocisa.dir/rocisa/src/enum.cpp.o
0.9	[6/240] Building CXX object tensilelite/rocisa/CMakeFiles/nanobind-static.dir/__/__/_deps/nanobind-src/src/nb_static_property.cpp.o
1.1	[7/240] Building CXX object tensilelite/rocisa/CMakeFiles/nanobind-static.dir/__/__/_deps/nanobind-src/src/nb_ndarray.cpp.o
1.1	[8/240] Building CXX object tensilelite/rocisa/CMakeFiles/rocisa.dir/rocisa/src/label.cpp.o
1.1	[9/240] Building CXX object tensilelite/rocisa/CMakeFiles/nanobind-static.dir/__/__/_deps/nanobind-src/src/nb_internals.cpp.o
1.3	[10/240] Building CXX object tensilelite/rocisa/CMakeFiles/nanobind-static.dir/__/__/_deps/nanobind-src/src/nb_func.cpp.o
1.4	[11/240] Building CXX object tensilelite/rocisa/CMakeFiles/nanobind-static.dir/__/__/_deps/nanobind-src/src/nb_enum.cpp.o
1.4	[12/240] Building CXX object tensilelite/rocisa/CMakeFiles/nanobind-static.dir/__/__/_deps/nanobind-src/src/trampoline.cpp.o
1.4	[13/240] Building CXX object tensilelite/rocisa/CMakeFiles/nanobind-static.dir/__/__/_deps/nanobind-src/src/implicit.cpp.o
1.6	[14/240] Building CXX object tensilelite/rocisa/CMakeFiles/nanobind-static.dir/__/__/_deps/nanobind-src/src/error.cpp.o
1.7	[15/240] Building CXX object tensilelite/rocisa/CMakeFiles/nanobind-static.dir/__/__/_deps/nanobind-src/src/common.cpp.o
2.0	[16/240] Building CXX object tensilelite/rocisa/CMakeFiles/rocisa.dir/rocisa/src/pass/cycle.cpp.o
2.0	[17/240] Building CXX object tensilelite/rocisa/CMakeFiles/rocisa.dir/rocisa/src/pass/pass.cpp.o
2.0	[18/240] Building CXX object tensilelite/rocisa/CMakeFiles/nanobind-static.dir/__/__/_deps/nanobind-src/src/nb_type.cpp.o
2.1	[19/240] Linking CXX static library tensilelite/rocisa/libnanobind-static.a
2.3	[20/240] Building CXX object tensilelite/CMakeFiles/tensilelite-host.dir/src/Utils.cpp.o
2.4	[21/240] Building CXX object tensilelite/CMakeFiles/tensilelite-host.dir/src/EmbeddedData.cpp.o
2.4	[22/240] Building CXX object tensilelite/CMakeFiles/tensilelite-host.dir/src/Activation.cpp.o
2.5	[23/240] Building CXX object tensilelite/rocisa/CMakeFiles/rocisa.dir/rocisa/src/instruction/branch.cpp.o
2.7	[24/240] Building CXX object tensilelite/CMakeFiles/tensilelite-host.dir/src/Debug.cpp.o
2.7	[25/240] Building CXX object tensilelite/CMakeFiles/tensilelite-host.dir/src/PerformanceMetricTypes.cpp.o
2.8	[26/240] Building CXX object tensilelite/rocisa/CMakeFiles/rocisa.dir/rocisa/src/instruction/mfma.cpp.o
2.9	[27/240] Building CXX object clients/CMakeFiles/hipblaslt-clients-common.dir/common/src/singletons.cpp.o
3.0	[28/240] Building CXX object tensilelite/CMakeFiles/tensilelite-host.dir/src/KernelLanguageTypes.cpp.o
3.0	[29/240] Building CXX object tensilelite/rocisa/CMakeFiles/rocisa.dir/rocisa/src/base.cpp.o
3.2	[30/240] Building CXX object CMakeFiles/hipblaslt.dir/library/src/amd_detail/rocblaslt/src/Debug.cpp.o
3.5	[31/240] Building CXX object tensilelite/rocisa/CMakeFiles/rocisa.dir/rocisa/src/pass/composite.cpp.o
3.5	[32/240] Building CXX object clients/samples/25_hipblaslt_weight_swizzle_padding/CMakeFiles/sample_hipblaslt_weight_swizzle_padding.dir/sample_hipblaslt_weight_swizzle_padding.cpp.o
3.7	[33/240] Building CXX object tensilelite/CMakeFiles/tensilelite-host.dir/src/analytical/StreamK.cpp.o
3.8	[34/240] Building CXX object tensilelite/rocisa/CMakeFiles/rocisa.dir/rocisa/src/functions/argument.cpp.o
4.0	[35/240] Building CXX object tensilelite/CMakeFiles/tensilelite-host.dir/src/analytical/Hardware.cpp.o
4.2	[36/240] Building CXX object tensilelite/rocisa/CMakeFiles/rocisa.dir/rocisa/src/pass/remove.cpp.o
4.2	[37/240] Building CXX object clients/samples/01_hipblaslt_gemm/CMakeFiles/sample_hipblaslt_gemm.dir/sample_hipblaslt_gemm.cpp.o
4.3	[38/240] Building CXX object clients/samples/02_hipblaslt_gemm_batched/CMakeFiles/sample_hipblaslt_gemm_batched.dir/sample_hipblaslt_gemm_batched.cpp.o
4.3	[39/240] Building CXX object clients/samples/11_hipblaslt_gemm_bgradb/CMakeFiles/sample_hipblaslt_gemm_bgradb.dir/sample_hipblaslt_gemm_bgradb.cpp.o
4.3	[40/240] Building CXX object clients/samples/19_hipblaslt_gemm_mix_precision/CMakeFiles/sample_hipblaslt_gemm_mix_precision.dir/sample_hipblaslt_gemm_mix_precision.cpp.o
4.3	[41/240] Building CXX object tensilelite/rocisa/CMakeFiles/rocisa.dir/rocisa/src/count.cpp.o
4.3	[42/240] Building CXX object clients/samples/10_hipblaslt_gemm_amax_with_scale/CMakeFiles/sample_hipblaslt_gemm_amax_with_scale.dir/sample_hipblaslt_gemm_amax_with_scale.cpp.o
4.3	[43/240] Building CXX object clients/samples/04_hipblaslt_gemm_bias/CMakeFiles/sample_hipblaslt_gemm_bias.dir/sample_hipblaslt_gemm_bias.cpp.o
4.3	[44/240] Building CXX object clients/samples/24_hipblaslt_gemm_with_TF32/CMakeFiles/sample_hipblaslt_gemm_with_TF32.dir/sample_hipblaslt_gemm_with_TF32.cpp.o
4.3	[45/240] Building CXX object clients/samples/27_hipblaslt_gemm_clamp_bias/CMakeFiles/sample_hipblaslt_gemm_clamp_bias.dir/sample_hipblaslt_gemm_clamp_bias.cpp.o
4.3	[46/240] Building CXX object tensilelite/CMakeFiles/tensilelite-host.dir/src/MLPNet.cpp.o
4.3	[47/240] Building CXX object clients/samples/12_hipblaslt_gemm_dgelu_bgrad/CMakeFiles/sample_hipblaslt_gemm_dgelu_bgrad.dir/sample_hipblaslt_gemm_dgelu_bgrad.cpp.o
4.3	[48/240] Building CXX object clients/samples/26_hipblaslt_gemm_swish_bias/CMakeFiles/sample_hipblaslt_gemm_swish_bias.dir/sample_hipblaslt_gemm_swish_bias.cpp.o
4.3	[49/240] Building CXX object tensilelite/CMakeFiles/tensilelite-host.dir/src/analytical/AnalyticalGemm.cpp.o
4.4	[50/240] Building CXX object clients/samples/15_hipblaslt_gemm_with_scale_a_b_vector/CMakeFiles/sample_hipblaslt_gemm_with_scale_a_b_vector.dir/sample_hipblaslt_gemm_with_scale_a_b_vector.cpp.o
4.4	[51/240] Building CXX object tensilelite/rocisa/CMakeFiles/rocisa.dir/rocisa/src/pass/insert_delay_alu.cpp.o
4.4	[52/240] Building CXX object clients/samples/13_hipblaslt_gemm_is_tuned_ext/CMakeFiles/sample_hipblaslt_gemm_is_tuned_ext.dir/sample_hipblaslt_gemm_is_tuned_ext.cpp.o
4.4	[53/240] Building CXX object tensilelite/rocisa/CMakeFiles/rocisa.dir/rocisa/src/instruction/cvt.cpp.o
4.5	[54/240] Building CXX object clients/samples/23_hipblaslt_ext_op_amax/CMakeFiles/sample_hipblaslt_ext_op_amax.dir/sample_hipblaslt_ext_op_amax.cpp.o
4.5	[55/240] Building CXX object clients/samples/10_hipblaslt_gemm_amax_with_scale_ext/CMakeFiles/sample_hipblaslt_gemm_amax_with_scale_ext.dir/sample_hipblaslt_gemm_amax_with_scale_ext.cpp.o
4.5	[56/240] Building CXX object clients/samples/05_hipblaslt_gemm_get_all_algos/CMakeFiles/sample_hipblaslt_gemm_get_all_algos.dir/sample_hipblaslt_gemm_get_all_algos.cpp.o
4.5	[57/240] Building CXX object clients/samples/08_hipblaslt_gemm_gelu_aux_bias/CMakeFiles/sample_hipblaslt_gemm_gelu_aux_bias.dir/sample_hipblaslt_gemm_gelu_aux_bias.cpp.o
4.5	[58/240] Building CXX object tensilelite/CMakeFiles/tensilelite-host.dir/src/ScalarValueTypes.cpp.o
4.5	[59/240] Building CXX object clients/samples/12_hipblaslt_gemm_dgelu_bgrad_ext/CMakeFiles/sample_hipblaslt_gemm_dgelu_bgrad_ext.dir/sample_hipblaslt_gemm_dgelu_bgrad_ext.cpp.o
4.5	[60/240] Building CXX object tensilelite/CMakeFiles/tensilelite-host.dir/src/TensorDescriptor.cpp.o
4.6	[61/240] Building CXX object clients/samples/19_hipblaslt_gemm_mix_precision_ext/CMakeFiles/sample_hipblaslt_gemm_mix_precision_ext.dir/sample_hipblaslt_gemm_mix_precision_ext.cpp.o
4.6	[62/240] Building CXX object clients/samples/03_hipblaslt_gemm_tuning_splitk_ext/CMakeFiles/sample_hipblaslt_gemm_tuning_splitk_ext.dir/sample_hipblaslt_gemm_tuning_splitk_ext.cpp.o
4.6	[63/240] Building CXX object clients/samples/14_hipblaslt_gemm_tuning_wgm_ext/CMakeFiles/sample_hipblaslt_gemm_tuning_wgm_ext.dir/sample_hipblaslt_gemm_tuning_wgm_ext.cpp.o
4.6	[64/240] Building CXX object clients/samples/08_hipblaslt_gemm_gelu_aux_bias_ext/CMakeFiles/sample_hipblaslt_gemm_gelu_aux_bias_ext.dir/sample_hipblaslt_gemm_gelu_aux_bias_ext.cpp.o
4.6	[65/240] Building CXX object clients/samples/09_hipblaslt_gemm_amax/CMakeFiles/sample_hipblaslt_gemm_amax.dir/sample_hipblaslt_gemm_amax.cpp.o
4.6	[66/240] Building CXX object clients/samples/15_hipblaslt_gemm_with_scale_a_b_ext/CMakeFiles/sample_hipblaslt_gemm_with_scale_a_b_ext.dir/sample_hipblaslt_gemm_with_scale_a_b_ext.cpp.o
4.6	[67/240] Building CXX object tensilelite/CMakeFiles/tensilelite-host.dir/src/KernelArguments.cpp.o
4.6	[68/240] Building CXX object clients/samples/15_hipblaslt_gemm_with_scale_a_b/CMakeFiles/sample_hipblaslt_gemm_with_scale_a_b.dir/sample_hipblaslt_gemm_with_scale_a_b.cpp.o
4.7	[69/240] Building CXX object clients/samples/21_hipblaslt_gemm_attr_tciA_tciB/CMakeFiles/sample_hipblaslt_gemm_attr_tciA_tciB.dir/sample_hipblaslt_gemm_attr_tciA_tciB.cpp.o
4.7	[70/240] Building CXX object clients/samples/02_hipblaslt_gemm_batched_ext/CMakeFiles/sample_hipblaslt_gemm_batched_ext.dir/sample_hipblaslt_gemm_batched_ext.cpp.o
4.8	[71/240] Building CXX object clients/samples/11_hipblaslt_gemm_ext_bgradb/CMakeFiles/sample_hipblaslt_gemm_ext_bgradb.dir/sample_hipblaslt_gemm_ext_bgradb.cpp.o
4.8	[72/240] Building CXX object tensilelite/CMakeFiles/tensilelite-host.dir/src/TensorOps.cpp.o
4.8	[73/240] Building CXX object tensilelite/rocisa/CMakeFiles/rocisa.dir/rocisa/src/pass/graph.cpp.o
4.8	[74/240] Building CXX object clients/samples/17_hipblaslt_groupedgemm_fixed_mk_ext/CMakeFiles/sample_hipblaslt_groupedgemm_fixed_mk_ext.dir/sample_hipblaslt_groupedgemm_fixed_mk_ext.cpp.o
4.8	[75/240] Building CXX object clients/samples/05_hipblaslt_gemm_get_all_algos_ext/CMakeFiles/sample_hipblaslt_gemm_get_all_algos_ext.dir/sample_hipblaslt_gemm_get_all_algos_ext.cpp.o
4.9	[76/240] Building CXX object clients/samples/04_hipblaslt_gemm_bias_ext/CMakeFiles/sample_hipblaslt_gemm_bias_ext.dir/sample_hipblaslt_gemm_bias_ext.cpp.o
4.9	[77/240] Building CXX object tensilelite/rocisa/CMakeFiles/rocisa.dir/rocisa/src/functions/f_cast.cpp.o
4.9	[78/240] Building CXX object clients/samples/09_hipblaslt_gemm_amax_ext/CMakeFiles/sample_hipblaslt_gemm_amax_ext.dir/sample_hipblaslt_gemm_amax_ext.cpp.o
5.0	[79/240] Building CXX object clients/samples/07_hipblaslt_gemm_alphavec_ext/CMakeFiles/sample_hipblaslt_gemm_alphavec_ext.dir/sample_hipblaslt_gemm_alphavec_ext.cpp.o
5.0	[80/240] Building CXX object tensilelite/CMakeFiles/tensilelite-host.dir/src/AMDGPU.cpp.o
5.1	[81/240] Building CXX object tensilelite/rocisa/CMakeFiles/rocisa.dir/rocisa/src/register.cpp.o
5.1	[82/240] Building CXX object tensilelite/rocisa/CMakeFiles/rocisa.dir/rocisa/src/macro.cpp.o
5.2	[83/240] Building CXX object tensilelite/CMakeFiles/tensilelite-host.dir/src/analytical/Utils.cpp.o
5.2	[84/240] Building CXX object clients/samples/06_hipblaslt_gemm_get_algo_by_index_ext/CMakeFiles/sample_hipblaslt_gemm_get_algo_by_index_ext.dir/sample_hipblaslt_gemm_get_algo_by_index_ext.cpp.o
5.2	[85/240] Building CXX object tensilelite/CMakeFiles/tensilelite-host.dir/src/DataTypes.cpp.o
5.2	[86/240] Building CXX object clients/samples/20_hipblaslt_gemm_mix_precision_with_amax_ext/CMakeFiles/sample_hipblaslt_gemm_mix_precision_with_amax_ext.dir/sample_hipblaslt_gemm_mix_precision_with_amax_ext.cpp.o
5.3	[87/240] Building CXX object tensilelite/rocisa/CMakeFiles/rocisa.dir/rocisa/src/instruction/instruction.cpp.o
5.3	[88/240] Building CXX object clients/samples/16_hipblaslt_groupedgemm_ext/CMakeFiles/sample_hipblaslt_groupedgemm_ext.dir/sample_hipblaslt_groupedgemm_ext.cpp.o
5.3	[89/240] Building CXX object clients/samples/01_hipblaslt_gemm_ext/CMakeFiles/sample_hipblaslt_gemm_ext.dir/sample_hipblaslt_gemm_ext.cpp.o
5.4	[90/240] Building CXX object tensilelite/rocisa/CMakeFiles/rocisa.dir/rocisa/src/functions/f_branch.cpp.o
5.4	[91/240] Building CXX object clients/CMakeFiles/hipblaslt-api-overhead.dir/bench/src/client_api_overhead.cpp.o
5.5	[92/240] Building CXX object tensilelite/CMakeFiles/tensilelite-host.dir/src/hip/HipHardware.cpp.o
5.6	[93/240] Building CXX object CMakeFiles/hipblaslt.dir/library/src/amd_detail/rocblaslt/src/status.cpp.o
5.6	[94/240] Building CXX object clients/samples/18_hipblaslt_groupedgemm_get_all_algos_ext/CMakeFiles/sample_hipblaslt_groupedgemm_get_all_algos_ext.dir/sample_hipblaslt_groupedgemm_get_all_algos_ext.cpp.o
5.6	[95/240] Building CXX object tensilelite/CMakeFiles/tensilelite-host.dir/src/EmbeddedLibrary.cpp.o
5.7	[96/240] Building CXX object CMakeFiles/hipblaslt.dir/library/src/amd_detail/rocblaslt/src/handle.cpp.o
5.7	[97/240] Building CXX object clients/samples/25_hipblaslt_gemm_bias_swizzle_a_ext/CMakeFiles/sample_hipblaslt_gemm_bias_swizzle_a_ext.dir/sample_hipblaslt_gemm_bias_swizzle_a_ext.cpp.o
5.8	[98/240] Building CXX object tensilelite/CMakeFiles/tensilelite-host.dir/src/Tensile.cpp.o
5.9	[99/240] Building CXX object CMakeFiles/hipblaslt.dir/library/src/amd_detail/rocblaslt/src/utility.cpp.o
5.9	[100/240] Building CXX object tensilelite/CMakeFiles/tensilelite-host.dir/src/hip/HipSolutionAdapter.cpp.o
5.9	[101/240] Building CXX object clients/samples/15_hipblaslt_gemm_with_scale_a_b_vector/CMakeFiles/sample_hipblaslt_gemm_swizzleA_with_scale_a_b_vector.dir/sample_hipblaslt_gemm_swizzleA_with_scale_a_b_vector.cpp.o
6.0	[102/240] Building CXX object clients/samples/25_hipblaslt_gemm_swizzle_a/CMakeFiles/sample_hipblaslt_gemm_swizzle_a.dir/sample_hipblaslt_gemm_swizzle_a.cpp.o
6.0	[103/240] Building CXX object tensilelite/CMakeFiles/tensilelite-host.dir/src/MLFeatures.cpp.o
6.4	[104/240] Building CXX object tensilelite/rocisa/CMakeFiles/rocisa.dir/rocisa/src/code.cpp.o
6.5	[105/240] Building CXX object tensilelite/rocisa/CMakeFiles/rocisa.dir/rocisa/src/instruction/extension.cpp.o
6.5	[106/240] Building CXX object CMakeFiles/hipblaslt.dir/library/src/amd_detail/hipblaslt-ext.cpp.o
6.6	[107/240] Building CXX object tensilelite/rocisa/CMakeFiles/rocisa.dir/rocisa/src/functions/functions.cpp.o
7.1	[108/240] Building CXX object tensilelite/rocisa/CMakeFiles/rocisa.dir/rocisa/src/instruction/cmp.cpp.o
7.1	[109/240] Building CXX object clients/CMakeFiles/hipblaslt-clients-common.dir/common/src/hipblaslt_random.cpp.o
7.1	[110/240] Building CXX object clients/CMakeFiles/hipblaslt-clients-common.dir/common/src/efficiency_monitor.cpp.o
7.4	[111/240] Building CXX object tensilelite/rocisa/CMakeFiles/rocisa.dir/rocisa/src/container.cpp.o
7.6	[112/240] Building CXX object tensilelite/CMakeFiles/tensilelite-host.dir/src/ContractionProblem.cpp.o
7.8	[113/240] Building CXX object CMakeFiles/hipblaslt.dir/library/src/amd_detail/hipblaslt_ostream.cpp.o
8.1	[114/240] Building CXX object clients/samples/22_hipblaslt_ext_op_layernorm/CMakeFiles/sample_hipblaslt_ext_op_layernorm.dir/sample_hipblaslt_ext_op_layernorm.cpp.o
8.3	[115/240] Building CXX object clients/CMakeFiles/hipblaslt-bench-extop-layernorm.dir/bench/src/client_extop_layernorm.cpp.o
8.5	[116/240] Building CXX object clients/CMakeFiles/hipblaslt-bench-extop-softmax.dir/bench/src/client_extop_softmax.cpp.o
8.7	[117/240] Building CXX object clients/CMakeFiles/hipblaslt-clients-common.dir/common/src/mxDataGen.cpp.o
8.7	[118/240] Building hipblasltTransform.hsaco
8.7	[119/240] cd /work/grodgers/git/tr-aomp/TheRock/build/math-libs/BLAS/hipBLASLt/build/device-library/matrix-transform && /usr/bin/cmake -E copy /work/grodgers/git/tr-aomp/TheRock/build/math-libs/BLAS/hipBLASLt/build/device-library/matrix-transform/hipblasltTransform.hsaco /work/grodgers/git/tr-aomp/TheRock/build/math-libs/BLAS/hipBLASLt/build/Tensile/library
9.0	[120/240] Building CXX object clients/CMakeFiles/hipblaslt-bench-extop-amax.dir/bench/src/client_extop_amax.cpp.o
9.1	[121/240] Building CXX object CMakeFiles/hipblaslt.dir/library/src/amd_detail/rocblaslt/src/UserDrivenTuningParser.cpp.o
9.3	[122/240] Building CXX object tensilelite/CMakeFiles/tensilelite-host.dir/src/ContractionSolution.cpp.o
9.4	[123/240] Building CXX object CMakeFiles/hipblaslt.dir/library/src/amd_detail/hipblaslt.cpp.o
9.4	[124/240] Building CXX object clients/CMakeFiles/hipblaslt-bench-extop-matrixtransform.dir/bench/src/client_extop_matrixtransform.cpp.o
9.4	[125/240] Building CXX object clients/CMakeFiles/hipblaslt-clients-common.dir/common/src/argument_model.cpp.o
9.6	[126/240] Building CXX object clients/CMakeFiles/hipblaslt-clients-common.dir/common/src/hipblaslt_arguments.cpp.o
9.8	[127/240] Building CXX object tensilelite/rocisa/CMakeFiles/rocisa.dir/rocisa/src/instruction/mem.cpp.o
10.2	[128/240] Building CXX object CMakeFiles/hipblaslt.dir/library/src/amd_detail/rocblaslt/src/rocblaslt_auxiliary.cpp.o
10.2	[129/240] Building CXX object CMakeFiles/hipblaslt.dir/library/src/amd_detail/rocblaslt/src/rocblaslt_mat.cpp.o
10.5	[130/240] Building CXX object clients/CMakeFiles/hipblaslt-clients-common.dir/common/src/hipblaslt_parse_data.cpp.o
11.0	[131/240] Building CXX object tensilelite/rocisa/CMakeFiles/rocisa.dir/rocisa/src/functions/f_math.cpp.o
11.6	[132/240] Building CXX object library/src/amd_detail/rocblaslt/src/CMakeFiles/hipblaslt-rocroller.dir/rocroller_host.cpp.o
12.1	[133/240] Building CXX object clients/CMakeFiles/hipblaslt-sequence.dir/bench/src/client_sequence.cpp.o
12.6	[134/240] Building CXX object clients/CMakeFiles/hipblaslt-clients-common.dir/common/src/utility.cpp.o
14.4	[135/240] Building CXX object clients/CMakeFiles/hipblaslt-bench-groupedgemm-fixed-mk.dir/bench/src/client_groupedgemm_fixed_mk.cpp.o
14.4	[136/240] Building CXX object clients/CMakeFiles/hipblaslt-clients-common.dir/common/src/hipblaslt_init_device.cpp.o
17.0	[137/240] Building CXX object tensilelite/rocisa/CMakeFiles/rocisa.dir/rocisa/src/instruction/common.cpp.o
17.1	[138/240] Linking CXX shared module tensilelite/rocisa/lib/rocisa.cpython-312-x86_64-linux-gnu.so
17.1	[138/240] Building device libraries to /work/grodgers/git/tr-aomp/TheRock/build/math-libs/BLAS/hipBLASLt/build/Tensile ...
17.3	
17.3	################################################################################
17.3	# Tensile Create Library
24.0	Capability         gfx908 gfx90a gfx942
24.0	HasMFMA_bf16_1k    -      1      1     
24.0	HasAddLshl         1      1      1     
24.0	HasAtomicAdd       1      1      1     
24.0	HasBF16CVT         -      -      -     
24.0	HasDirectToLds     1      1      1     
24.0	HasDirectToLdsx4   -      -      -     
24.0	HasExplicitCO      1      1      1     
24.0	HasExplicitNC      -      -      -     
24.0	HasGLCModifier     1      1      -     
24.0	HasLDSTr           -      -      -     
24.0	HasLshlOr          1      1      1     
24.0	HasMFMA            1      1      1     
24.0	HasMUBUFConst      1      1      1     
24.0	HasNTModifier      -      -      1     
24.0	HasNewBarrier      -      -      -     
24.0	HasSCMPK           1      1      1     
24.0	HasSMFMA           -      -      1     
24.0	HasSMulHi          1      1      1     
24.0	HasWMMA            -      -      -     
24.0	MaxLgkmcnt         1      1      1     
24.0	MaxVmcnt           1      1      1     
24.0	SeparateLGKMcnt    -      -      -     
24.0	SeparateVMcnt      -      -      -     
24.0	SeparateVscnt      -      -      -     
24.0	SupportedISA       1      1      1     
24.0	SupportedSource    1      1      1     
24.0	HasWMMA_V1         -      -      -     
24.0	HasWMMA_V2         -      -      -     
24.0	s_delay_alu        -      -      -     
24.0	v_prng_b32         -      -      -     
24.0	v_mov_b64          -      -      1     
24.0	HasMFMA_b8         -      -      1     
24.0	v_dot2_f32_bf16    -      -      -     
24.0	v_dot2c_f32_bf16   -      -      -     
24.0	HasMFMA_explictB   -      -      1     
24.0	Hascvtfp8_f16      -      -      -     
24.0	v_dot2_f32_f16     1      1      1     
24.0	v_dot2c_f32_f16    1      1      1     
24.0	v_fma_f16          1      1      1     
24.0	v_fmac_f16         -      -      -     
24.0	v_mac_f16          1      1      1     
24.0	v_pk_fma_f16       1      1      1     
24.0	v_pk_fmac_f16      -      -      -     
24.0	v_fma_f32          1      1      1     
24.0	v_fma_mix_f32      1      1      1     
24.0	v_fmac_f32         1      1      1     
24.0	v_mac_f32          1      1      -     
24.0	v_mad_mix_f32      -      -      -     
24.0	v_pk_add_f32       -      1      1     
24.0	v_pk_mul_f32       -      1      1     
24.0	HasMFMA_f64        -      1      1     
24.0	v_fma_f64          1      1      1     
24.0	HasMFMA_f8         -      -      1     
24.0	HasMFMA_f8f6f4     -      -      -     
24.0	Hascvtf16_fp8      -      -      -     
24.0	VOP3v_dot4_i32_i8  1      1      1     
24.0	v_dot4_i32_i8      -      -      -     
24.0	v_dot4c_i32_i8     1      1      1     
24.0	HasMFMA_xf32       -      -      1     
24.0	ArchAccUnifiedRegs -      1      1     
24.0	CMPXWritesSGPR     1      1      1     
24.0	CrosslaneWait      -      -      1     
24.0	DSLow16NotPreserve -      -      -     
24.0	DeviceLDS          1      1      1     
24.0	HasAccCD           -      1      1     
24.0	HasEccHalf         1      1      1     
24.0	HasF32XEmulation   -      -      -     
24.0	HasFP8_OCP         -      -      -     
24.0	HasSchedMode       -      -      -     
24.0	HasWave32          -      -      -     
24.0	NoSDWA             -      -      -     
24.0	SDWAWait           -      -      1     
24.0	TransOpWait        -      -      1     
24.0	VOP3ByteSel        -      -      -     
24.0	VgprBank           -      -      -     
24.0	Waitcnt0Disabled   1      1      1     
24.0	WorkGroupIdFromTTM -      -      -     
24.0	# Found hipcc version 7.1.25364-a119dd4628
24.1	ROCm 6.5.51400 Component path: /work/grodgers/git/tr-aomp/TheRock/build/core/clr/dist/lib/llvm/bin/clang++ version: 22.0.6
24.1	ROCm 6.5.51400 Component path: /opt/rocm/lib/llvm/bin/clang-offload-bundler version: 20.0.0
24.1	# LogicFilter:       /work/grodgers/git/tr-aomp/TheRock/rocm-libraries/projects/hipblaslt/library/**/*.yaml
24.2	# Experimental:      False
24.3	# Archs: gfx908 ,gfx90a ,gfx942
24.3	# LibraryLogicFiles: 1059
24.3	Loading Logics...: Launching 256 threads...
24.6	Loading Logics...: Done. (0.4 secs elapsed)
24.8	Tensile::WARNING: Version = /work/grodgers/git/tr-aomp/TheRock/rocm-libraries/projects/hipblaslt/library/src/amd_detail/rocblaslt/src/Tensile/Logic/asm_full/aquavanjaram/gfx942/Equality/aquavanjaram_Cijk_Alik_Bljk_B8F8NBS_BH_BiasSB_HAS_SAB_SAV_UserArgs.yaml in library logic file 4.33.0 does not match Tensile version = 5.0.0
30.7	Tensile::WARNING: Version = /work/grodgers/git/tr-aomp/TheRock/rocm-libraries/projects/hipblaslt/library/src/amd_detail/rocblaslt/src/Tensile/Logic/asm_full/aquavanjaram/gfx942/GridBased/aquavanjaram_Cijk_Alik_Bljk_BBS_STA_BH_UserArgs.yaml in library logic file 4.33.0 does not match Tensile version = 5.0.0
36.9	Tensile::WARNING: Version = /work/grodgers/git/tr-aomp/TheRock/rocm-libraries/projects/hipblaslt/library/src/amd_detail/rocblaslt/src/Tensile/Logic/asm_full/aquavanjaram/gfx942_80cu/GridBased/aquavanjaram_Cijk_Alik_Bljk_HSS_STA_BH_UserArgs.yaml in library logic file 4.33.0 does not match Tensile version = 5.0.0
38.0	Tensile::WARNING: Version = /work/grodgers/git/tr-aomp/TheRock/rocm-libraries/projects/hipblaslt/library/src/amd_detail/rocblaslt/src/Tensile/Logic/asm_full/aquavanjaram/gfx942_80cu/GridBased/aquavanjaram_Cijk_Alik_Bljk_HSS_STA_BH_Bias_HA_S_SAV_UserArgs.yaml in library logic file 4.33.0 does not match Tensile version = 5.0.0
38.0	Tensile::WARNING: Version = /work/grodgers/git/tr-aomp/TheRock/rocm-libraries/projects/hipblaslt/library/src/amd_detail/rocblaslt/src/Tensile/Logic/asm_full/aquavanjaram/gfx942_80cu/GridBased/aquavanjaram_Cijk_Alik_Bljk_BSS_STA_BH_UserArgs.yaml in library logic file 4.33.0 does not match Tensile version = 5.0.0
39.4	Tensile::WARNING: Version = /work/grodgers/git/tr-aomp/TheRock/rocm-libraries/projects/hipblaslt/library/src/amd_detail/rocblaslt/src/Tensile/Logic/asm_full/aquavanjaram/gfx942_80cu/GridBased/aquavanjaram_Cijk_Alik_Bljk_BSS_STA_BH_Bias_HA_S_SAV_UserArgs.yaml in library logic file 4.33.0 does not match Tensile version = 5.0.0
39.7	Tensile::WARNING: Version = /work/grodgers/git/tr-aomp/TheRock/rocm-libraries/projects/hipblaslt/library/src/amd_detail/rocblaslt/src/Tensile/Logic/asm_full/aquavanjaram/gfx942_80cu/GridBased/aquavanjaram_Cijk_Alik_Bljk_BBS_STA_BH_Bias_HA_S_SAV_UserArgs.yaml in library logic file 4.33.0 does not match Tensile version = 5.0.0
40.2	Tensile::WARNING: Version = /work/grodgers/git/tr-aomp/TheRock/rocm-libraries/projects/hipblaslt/library/src/amd_detail/rocblaslt/src/Tensile/Logic/asm_full/aquavanjaram/gfx942_80cu/GridBased/aquavanjaram_Cijk_Alik_Bljk_HHS_STA_BH_UserArgs.yaml in library logic file 4.33.0 does not match Tensile version = 5.0.0
40.8	Tensile::WARNING: Version = /work/grodgers/git/tr-aomp/TheRock/rocm-libraries/projects/hipblaslt/library/src/amd_detail/rocblaslt/src/Tensile/Logic/asm_full/aquavanjaram/gfx942_80cu/GridBased/aquavanjaram_Cijk_Alik_Bljk_BBS_STA_BH_UserArgs.yaml in library logic file 4.33.0 does not match Tensile version = 5.0.0
41.3	Tensile::WARNING: Version = /work/grodgers/git/tr-aomp/TheRock/rocm-libraries/projects/hipblaslt/library/src/amd_detail/rocblaslt/src/Tensile/Logic/asm_full/aquavanjaram/gfx942_80cu/GridBased/aquavanjaram_Cijk_Alik_Bljk_HHS_STA_BH_Bias_HA_S_SAV_UserArgs.yaml in library logic file 4.33.0 does not match Tensile version = 5.0.0
700.4	Number of solutions parsed: 270182
700.4	Number of unique solutions: 259562
1104.7	Time to load yaml files (s): 676.18
1104.7	Number of duplicate kernels: 24047
1104.8	Generating assembly kernels: Launching 256 threads for 123309 tasks...
1828.4	Generating assembly kernels: Done. (723.6 secs elapsed)
2734.8	buildSourceCodeObjectFile time (s): 567.71
2874.9	Time to generate kernels (s): 1685.92
2874.9	Writing master solution libraries: Launching 256 threads for 51 tasks...
2875.4	Writing master solution libraries: Done. (0.5 secs elapsed)
2889.1	Writing master solution libraries: Launching 256 threads for 93 tasks...
2899.3	Writing master solution libraries: Done. (10.2 secs elapsed)
3030.4	Writing master solution libraries: Launching 256 threads for 664 tasks...
3105.5	Writing master solution libraries: Done. (75.1 secs elapsed)
3170.9	Time to write master solution libraries (s): 230.67
3170.9	# Tensile Library Writer DONE
3170.9	################################################################################
3170.9	
3170.9	Total time (s): 3139.58
3170.9	Total kernels processed: 123309
3170.9	Kernels processed per second: 39.28
3170.9	KernelHelperObjs: 262
3171.8	[239/240] Linking CXX executable clients/hipblaslt-sequence
END	1757697404.8269246	3171.79776263237	0
