BEGIN	1757699181.3482845
EXEC	/work1/grodgers/git/tr-aomp/TheRock/build/math-libs/BLAS/hipBLAS/build	/usr/bin/cmake -E env --unset=ROCM_PATH --unset=ROCM_DIR --unset=HIP_PATH --unset=HIP_DIR -- /usr/bin/cmake -GNinja -B/work/grodgers/git/tr-aomp/TheRock/build/math-libs/BLAS/hipBLAS/build -S/work/grodgers/git/tr-aomp/TheRock/rocm-libraries/projects/hipblas -DCMAKE_BUILD_TYPE=Release -DCMAKE_INSTALL_PREFIX=/work/grodgers/git/tr-aomp/TheRock/build/math-libs/BLAS/hipBLAS/stage -DTHEROCK_STAGE_INSTALL_ROOT=/work/grodgers/git/tr-aomp/TheRock/build/math-libs/BLAS/hipBLAS/stage -DCMAKE_TOOLCHAIN_FILE=/work/grodgers/git/tr-aomp/TheRock/build/math-libs/BLAS/hipBLAS/_toolchain.cmake -DCMAKE_PROJECT_TOP_LEVEL_INCLUDES=/work/grodgers/git/tr-aomp/TheRock/build/math-libs/BLAS/hipBLAS/_init.cmake -DHIP_PLATFORM=amd -DROCM_PATH= -DROCM_DIR= -DBUILD_WITH_SOLVER=ON -DBUILD_CLIENTS_TESTS=OFF -DBUILD_CLIENTS_BENCHMARKS=OFF -DBUILD_CLIENTS_SAMPLES=OFF -DLINK_BLIS=OFF
0.0	-- Sub-project PKG_CONFIG_PATH: /work/grodgers/git/tr-aomp/TheRock/build/third-party/sysdeps/linux/zlib/build/stage/lib/rocm_sysdeps/lib/pkgconfig:/work/grodgers/git/tr-aomp/TheRock/build/third-party/sysdeps/linux/zstd/build/stage/lib/rocm_sysdeps/lib/pkgconfig:/work/grodgers/git/tr-aomp/TheRock/build/third-party/sysdeps/linux/bzip2/build/stage/lib/rocm_sysdeps/lib/pkgconfig:/work/grodgers/git/tr-aomp/TheRock/build/third-party/sysdeps/linux/elfutils/build/stage/lib/rocm_sysdeps/lib/pkgconfig:/work/grodgers/git/tr-aomp/TheRock/build/third-party/sysdeps/linux/libdrm/build/stage/lib/rocm_sysdeps/lib/pkgconfig:/work/grodgers/git/tr-aomp/TheRock/build/third-party/sysdeps/linux/numactl/build/stage/lib/rocm_sysdeps/lib/pkgconfig:/work/grodgers/git/tr-aomp/TheRock/build/third-party/sysdeps/linux/sqlite3/build/stage/lib/rocm_sysdeps/lib/pkgconfig:
0.0	-- Resolving packages from super-project: ZLIB;zstd;AMDDeviceLibs;Clang;LLD;LLVM;amd_comgr;rocm-core;rocprofiler-register;BZip2;LibElf;libdw;NUMA;hsakmt;hsa-runtime64;hip;HIP;hip-lang;hiprtc;OpenBLAS;cblas;SQLite3;rocprofiler-sdk;rocprofiler-sdk-roctx;rocroller;rocm_smi;hipblaslt;rocblas;rocsolver;hipblas-common;ROCmCMakeBuildTools;ROCM;GTest
0.1	-- The CXX compiler identification is Clang 22.0.6
0.2	-- The Fortran compiler identification is GNU 13.3.0
0.3	-- Detecting CXX compiler ABI info
0.4	-- Detecting CXX compiler ABI info - done
0.4	-- Check for working CXX compiler: /work/grodgers/git/tr-aomp/TheRock/build/core/clr/dist/lib/llvm/bin/clang++ - skipped
0.4	-- Detecting CXX compile features
0.4	-- Detecting CXX compile features - done
0.5	-- Detecting Fortran compiler ABI info
0.7	-- Detecting Fortran compiler ABI info - done
0.7	-- Check for working Fortran compiler: /usr/bin/gfortran - skipped
0.7	-- Resolving super-project find_package(ROCmCMakeBuildTools 0.11.0 QUIET CONFIG BYPASS_PROVIDER NO_DEFAULT_PATH PATHS /work/grodgers/git/tr-aomp/TheRock/build/base/rocm-cmake/dist/share/rocmcmakebuildtools/cmake)
1.2	-- Resolving super-project find_package(hip CONFIG BYPASS_PROVIDER NO_DEFAULT_PATH PATHS /work/grodgers/git/tr-aomp/TheRock/build/core/clr/dist/lib/cmake/hip)
1.2	-- Resolving super-project find_package(AMDDeviceLibs BYPASS_PROVIDER NO_DEFAULT_PATH PATHS /work/grodgers/git/tr-aomp/TheRock/build/compiler/amd-llvm/dist/lib/llvm/lib/cmake/AMDDeviceLibs)
1.2	-- Resolving super-project find_package(amd_comgr BYPASS_PROVIDER NO_DEFAULT_PATH PATHS /work/grodgers/git/tr-aomp/TheRock/build/compiler/amd-comgr/dist/lib/cmake/amd_comgr)
1.2	-- Resolving super-project find_package(hsa-runtime64 BYPASS_PROVIDER NO_DEFAULT_PATH PATHS /work/grodgers/git/tr-aomp/TheRock/build/core/ROCR-Runtime/dist/lib/cmake/hsa-runtime64)
1.2	-- Resolving system find_package(Threads) (not found in super-project ZLIB;zstd;AMDDeviceLibs;Clang;LLD;LLVM;amd_comgr;rocm-core;rocprofiler-register;BZip2;LibElf;libdw;NUMA;hsakmt;hsa-runtime64;hip;HIP;hip-lang;hiprtc;OpenBLAS;cblas;SQLite3;rocprofiler-sdk;rocprofiler-sdk-roctx;rocroller;rocm_smi;hipblaslt;rocblas;rocsolver;hipblas-common;ROCmCMakeBuildTools;ROCM;GTest)
1.2	-- Performing Test CMAKE_HAVE_LIBC_PTHREAD
1.3	-- Performing Test CMAKE_HAVE_LIBC_PTHREAD - Success
1.3	-- Found Threads: TRUE  
1.3	-- Performing Test HIP_CLANG_SUPPORTS_PARALLEL_JOBS
1.4	-- Performing Test HIP_CLANG_SUPPORTS_PARALLEL_JOBS - Success
1.5	-- Resolving system find_package(Git) (not found in super-project ZLIB;zstd;AMDDeviceLibs;Clang;LLD;LLVM;amd_comgr;rocm-core;rocprofiler-register;BZip2;LibElf;libdw;NUMA;hsakmt;hsa-runtime64;hip;HIP;hip-lang;hiprtc;OpenBLAS;cblas;SQLite3;rocprofiler-sdk;rocprofiler-sdk-roctx;rocroller;rocm_smi;hipblaslt;rocblas;rocsolver;hipblas-common;ROCmCMakeBuildTools;ROCM;GTest)
1.5	-- Found Git: /usr/bin/git (found version "2.43.0") 
1.5	-- *** Building hipBLAS commit: f5679e5e206f4f7e2541843c21657937f2571d18
1.5	-- ** NOTE: amd_detail/hipblas.cpp is compiled with the verbose flag -v for QC purposes.
1.5	-- Resolving super-project find_package(hipblas-common REQUIRED CONFIG BYPASS_PROVIDER NO_DEFAULT_PATH PATHS /work/grodgers/git/tr-aomp/TheRock/build/math-libs/BLAS/hipBLAS-common/dist/lib/cmake/hipblas-common)
1.5	-- Resolving super-project find_package(rocblas REQUIRED CONFIG BYPASS_PROVIDER NO_DEFAULT_PATH PATHS /work/grodgers/git/tr-aomp/TheRock/build/math-libs/BLAS/rocBLAS/dist/lib/cmake/rocblas)
1.5	-- Resolving super-project find_package(hip REQUIRED BYPASS_PROVIDER NO_DEFAULT_PATH PATHS /work/grodgers/git/tr-aomp/TheRock/build/core/clr/dist/lib/cmake/hip)
1.5	-- Resolving super-project find_package(AMDDeviceLibs BYPASS_PROVIDER NO_DEFAULT_PATH PATHS /work/grodgers/git/tr-aomp/TheRock/build/compiler/amd-llvm/dist/lib/llvm/lib/cmake/AMDDeviceLibs)
1.5	-- Resolving super-project find_package(amd_comgr BYPASS_PROVIDER NO_DEFAULT_PATH PATHS /work/grodgers/git/tr-aomp/TheRock/build/compiler/amd-comgr/dist/lib/cmake/amd_comgr)
1.5	-- Resolving super-project find_package(hsa-runtime64 BYPASS_PROVIDER NO_DEFAULT_PATH PATHS /work/grodgers/git/tr-aomp/TheRock/build/core/ROCR-Runtime/dist/lib/cmake/hsa-runtime64)
1.5	-- Resolving system find_package(Threads) (not found in super-project ZLIB;zstd;AMDDeviceLibs;Clang;LLD;LLVM;amd_comgr;rocm-core;rocprofiler-register;BZip2;LibElf;libdw;NUMA;hsakmt;hsa-runtime64;hip;HIP;hip-lang;hiprtc;OpenBLAS;cblas;SQLite3;rocprofiler-sdk;rocprofiler-sdk-roctx;rocroller;rocm_smi;hipblaslt;rocblas;rocsolver;hipblas-common;ROCmCMakeBuildTools;ROCM;GTest)
1.5	-- Resolving super-project find_package(rocsolver REQUIRED CONFIG BYPASS_PROVIDER NO_DEFAULT_PATH PATHS /work/grodgers/git/tr-aomp/TheRock/build/math-libs/BLAS/rocSOLVER/dist/lib/cmake/rocsolver)
1.5	-- Resolving super-project find_package(rocblas REQUIRED BYPASS_PROVIDER NO_DEFAULT_PATH PATHS /work/grodgers/git/tr-aomp/TheRock/build/math-libs/BLAS/rocBLAS/dist/lib/cmake/rocblas)
1.6	-- Performing Test COMPILER_HAS_HIDDEN_VISIBILITY
1.7	-- Performing Test COMPILER_HAS_HIDDEN_VISIBILITY - Success
1.7	-- Performing Test COMPILER_HAS_HIDDEN_INLINE_VISIBILITY
1.8	-- Performing Test COMPILER_HAS_HIDDEN_INLINE_VISIBILITY - Success
1.8	-- Performing Test COMPILER_HAS_DEPRECATED_ATTR
1.9	-- Performing Test COMPILER_HAS_DEPRECATED_ATTR - Success
1.9	-- Set RPATH $ORIGIN/rocm_sysdeps/lib;$ORIGIN/llvm/lib;$ORIGIN;$ORIGIN/host-math/lib on hipblas
1.9	-- Configuring done (1.9s)
1.9	-- Generating done (0.0s)
1.9	CMake Warning:
1.9	  Manually-specified variables were not used by the project:
1.9	
1.9	    THEROCK_STAGE_INSTALL_ROOT
1.9	
1.9	
1.9	-- Build files have been written to: /work/grodgers/git/tr-aomp/TheRock/build/math-libs/BLAS/hipBLAS/build
END	1757699183.3016195	1.9533350467681885	0
