BEGIN	1757694062.9965918
EXEC	/work1/grodgers/git/tr-aomp/TheRock/build/math-libs/hipCUB/build	/usr/bin/cmake --install /work/grodgers/git/tr-aomp/TheRock/build/math-libs/hipCUB/build
0.0	-- Install configuration: "Release"
0.0	-- Installing: /work/grodgers/git/tr-aomp/TheRock/build/math-libs/hipCUB/stage/include/
0.0	-- Installing: /work/grodgers/git/tr-aomp/TheRock/build/math-libs/hipCUB/stage/include//hipcub
0.0	-- Installing: /work/grodgers/git/tr-aomp/TheRock/build/math-libs/hipCUB/stage/include//hipcub/util_ptx.hpp
0.0	-- Installing: /work/grodgers/git/tr-aomp/TheRock/build/math-libs/hipCUB/stage/include//hipcub/hipcub.hpp
0.0	-- Installing: /work/grodgers/git/tr-aomp/TheRock/build/math-libs/hipCUB/stage/include//hipcub/block
0.0	-- Installing: /work/grodgers/git/tr-aomp/TheRock/build/math-libs/hipCUB/stage/include//hipcub/block/radix_rank_sort_operations.hpp
0.0	-- Installing: /work/grodgers/git/tr-aomp/TheRock/build/math-libs/hipCUB/stage/include//hipcub/block/block_histogram.hpp
0.0	-- Installing: /work/grodgers/git/tr-aomp/TheRock/build/math-libs/hipCUB/stage/include//hipcub/block/block_radix_sort.hpp
0.0	-- Installing: /work/grodgers/git/tr-aomp/TheRock/build/math-libs/hipCUB/stage/include//hipcub/block/block_scan.hpp
0.0	-- Installing: /work/grodgers/git/tr-aomp/TheRock/build/math-libs/hipCUB/stage/include//hipcub/block/block_shuffle.hpp
0.0	-- Installing: /work/grodgers/git/tr-aomp/TheRock/build/math-libs/hipCUB/stage/include//hipcub/block/block_radix_rank.hpp
0.0	-- Installing: /work/grodgers/git/tr-aomp/TheRock/build/math-libs/hipCUB/stage/include//hipcub/block/block_adjacent_difference.hpp
0.0	-- Installing: /work/grodgers/git/tr-aomp/TheRock/build/math-libs/hipCUB/stage/include//hipcub/block/block_exchange.hpp
0.0	-- Installing: /work/grodgers/git/tr-aomp/TheRock/build/math-libs/hipCUB/stage/include//hipcub/block/block_run_length_decode.hpp
0.0	-- Installing: /work/grodgers/git/tr-aomp/TheRock/build/math-libs/hipCUB/stage/include//hipcub/block/block_reduce.hpp
0.0	-- Installing: /work/grodgers/git/tr-aomp/TheRock/build/math-libs/hipCUB/stage/include//hipcub/block/block_discontinuity.hpp
0.0	-- Installing: /work/grodgers/git/tr-aomp/TheRock/build/math-libs/hipCUB/stage/include//hipcub/block/block_raking_layout.hpp
0.0	-- Installing: /work/grodgers/git/tr-aomp/TheRock/build/math-libs/hipCUB/stage/include//hipcub/block/block_merge_sort.hpp
0.0	-- Installing: /work/grodgers/git/tr-aomp/TheRock/build/math-libs/hipCUB/stage/include//hipcub/block/block_load.hpp
0.0	-- Installing: /work/grodgers/git/tr-aomp/TheRock/build/math-libs/hipCUB/stage/include//hipcub/block/block_store.hpp
0.0	-- Installing: /work/grodgers/git/tr-aomp/TheRock/build/math-libs/hipCUB/stage/include//hipcub/util_temporary_storage.hpp
0.0	-- Installing: /work/grodgers/git/tr-aomp/TheRock/build/math-libs/hipCUB/stage/include//hipcub/agent
0.0	-- Installing: /work/grodgers/git/tr-aomp/TheRock/build/math-libs/hipCUB/stage/include//hipcub/agent/single_pass_scan_operators.hpp
0.0	-- Installing: /work/grodgers/git/tr-aomp/TheRock/build/math-libs/hipCUB/stage/include//hipcub/grid
0.0	-- Installing: /work/grodgers/git/tr-aomp/TheRock/build/math-libs/hipCUB/stage/include//hipcub/grid/grid_mapping.hpp
0.0	-- Installing: /work/grodgers/git/tr-aomp/TheRock/build/math-libs/hipCUB/stage/include//hipcub/grid/grid_even_share.hpp
0.0	-- Installing: /work/grodgers/git/tr-aomp/TheRock/build/math-libs/hipCUB/stage/include//hipcub/grid/grid_queue.hpp
0.0	-- Installing: /work/grodgers/git/tr-aomp/TheRock/build/math-libs/hipCUB/stage/include//hipcub/grid/grid_barrier.hpp
0.0	-- Installing: /work/grodgers/git/tr-aomp/TheRock/build/math-libs/hipCUB/stage/include//hipcub/config.hpp
0.0	-- Installing: /work/grodgers/git/tr-aomp/TheRock/build/math-libs/hipCUB/stage/include//hipcub/iterator
0.0	-- Installing: /work/grodgers/git/tr-aomp/TheRock/build/math-libs/hipCUB/stage/include//hipcub/iterator/counting_input_iterator.hpp
0.0	-- Installing: /work/grodgers/git/tr-aomp/TheRock/build/math-libs/hipCUB/stage/include//hipcub/iterator/transform_input_iterator.hpp
0.0	-- Installing: /work/grodgers/git/tr-aomp/TheRock/build/math-libs/hipCUB/stage/include//hipcub/iterator/cache_modified_input_iterator.hpp
0.0	-- Installing: /work/grodgers/git/tr-aomp/TheRock/build/math-libs/hipCUB/stage/include//hipcub/iterator/cache_modified_output_iterator.hpp
0.0	-- Installing: /work/grodgers/git/tr-aomp/TheRock/build/math-libs/hipCUB/stage/include//hipcub/iterator/tex_obj_input_iterator.hpp
0.0	-- Installing: /work/grodgers/git/tr-aomp/TheRock/build/math-libs/hipCUB/stage/include//hipcub/iterator/constant_input_iterator.hpp
0.0	-- Installing: /work/grodgers/git/tr-aomp/TheRock/build/math-libs/hipCUB/stage/include//hipcub/iterator/discard_output_iterator.hpp
0.0	-- Installing: /work/grodgers/git/tr-aomp/TheRock/build/math-libs/hipCUB/stage/include//hipcub/iterator/arg_index_input_iterator.hpp
0.0	-- Installing: /work/grodgers/git/tr-aomp/TheRock/build/math-libs/hipCUB/stage/include//hipcub/warp
0.0	-- Installing: /work/grodgers/git/tr-aomp/TheRock/build/math-libs/hipCUB/stage/include//hipcub/warp/warp_reduce.hpp
0.0	-- Installing: /work/grodgers/git/tr-aomp/TheRock/build/math-libs/hipCUB/stage/include//hipcub/warp/warp_merge_sort.hpp
0.0	-- Installing: /work/grodgers/git/tr-aomp/TheRock/build/math-libs/hipCUB/stage/include//hipcub/warp/warp_store.hpp
0.0	-- Installing: /work/grodgers/git/tr-aomp/TheRock/build/math-libs/hipCUB/stage/include//hipcub/warp/warp_load.hpp
0.0	-- Installing: /work/grodgers/git/tr-aomp/TheRock/build/math-libs/hipCUB/stage/include//hipcub/warp/warp_exchange.hpp
0.0	-- Installing: /work/grodgers/git/tr-aomp/TheRock/build/math-libs/hipCUB/stage/include//hipcub/warp/warp_scan.hpp
0.0	-- Installing: /work/grodgers/git/tr-aomp/TheRock/build/math-libs/hipCUB/stage/include//hipcub/util_macro.hpp
0.0	-- Installing: /work/grodgers/git/tr-aomp/TheRock/build/math-libs/hipCUB/stage/include//hipcub/backend
0.0	-- Installing: /work/grodgers/git/tr-aomp/TheRock/build/math-libs/hipCUB/stage/include//hipcub/backend/rocprim
0.0	-- Installing: /work/grodgers/git/tr-aomp/TheRock/build/math-libs/hipCUB/stage/include//hipcub/backend/rocprim/util_ptx.hpp
0.0	-- Installing: /work/grodgers/git/tr-aomp/TheRock/build/math-libs/hipCUB/stage/include//hipcub/backend/rocprim/hipcub.hpp
0.0	-- Installing: /work/grodgers/git/tr-aomp/TheRock/build/math-libs/hipCUB/stage/include//hipcub/backend/rocprim/block
0.0	-- Installing: /work/grodgers/git/tr-aomp/TheRock/build/math-libs/hipCUB/stage/include//hipcub/backend/rocprim/block/radix_rank_sort_operations.hpp
0.0	-- Installing: /work/grodgers/git/tr-aomp/TheRock/build/math-libs/hipCUB/stage/include//hipcub/backend/rocprim/block/block_histogram.hpp
0.0	-- Installing: /work/grodgers/git/tr-aomp/TheRock/build/math-libs/hipCUB/stage/include//hipcub/backend/rocprim/block/block_store_func.hpp
0.0	-- Installing: /work/grodgers/git/tr-aomp/TheRock/build/math-libs/hipCUB/stage/include//hipcub/backend/rocprim/block/block_radix_sort.hpp
0.0	-- Installing: /work/grodgers/git/tr-aomp/TheRock/build/math-libs/hipCUB/stage/include//hipcub/backend/rocprim/block/block_scan.hpp
0.0	-- Installing: /work/grodgers/git/tr-aomp/TheRock/build/math-libs/hipCUB/stage/include//hipcub/backend/rocprim/block/block_shuffle.hpp
0.0	-- Installing: /work/grodgers/git/tr-aomp/TheRock/build/math-libs/hipCUB/stage/include//hipcub/backend/rocprim/block/block_radix_rank.hpp
0.0	-- Installing: /work/grodgers/git/tr-aomp/TheRock/build/math-libs/hipCUB/stage/include//hipcub/backend/rocprim/block/block_load_func.hpp
0.0	-- Installing: /work/grodgers/git/tr-aomp/TheRock/build/math-libs/hipCUB/stage/include//hipcub/backend/rocprim/block/block_adjacent_difference.hpp
0.0	-- Installing: /work/grodgers/git/tr-aomp/TheRock/build/math-libs/hipCUB/stage/include//hipcub/backend/rocprim/block/block_exchange.hpp
0.0	-- Installing: /work/grodgers/git/tr-aomp/TheRock/build/math-libs/hipCUB/stage/include//hipcub/backend/rocprim/block/block_run_length_decode.hpp
0.0	-- Installing: /work/grodgers/git/tr-aomp/TheRock/build/math-libs/hipCUB/stage/include//hipcub/backend/rocprim/block/block_reduce.hpp
0.0	-- Installing: /work/grodgers/git/tr-aomp/TheRock/build/math-libs/hipCUB/stage/include//hipcub/backend/rocprim/block/block_discontinuity.hpp
0.0	-- Installing: /work/grodgers/git/tr-aomp/TheRock/build/math-libs/hipCUB/stage/include//hipcub/backend/rocprim/block/block_raking_layout.hpp
0.0	-- Installing: /work/grodgers/git/tr-aomp/TheRock/build/math-libs/hipCUB/stage/include//hipcub/backend/rocprim/block/block_merge_sort.hpp
0.0	-- Installing: /work/grodgers/git/tr-aomp/TheRock/build/math-libs/hipCUB/stage/include//hipcub/backend/rocprim/block/block_load.hpp
0.0	-- Installing: /work/grodgers/git/tr-aomp/TheRock/build/math-libs/hipCUB/stage/include//hipcub/backend/rocprim/block/block_store.hpp
0.0	-- Installing: /work/grodgers/git/tr-aomp/TheRock/build/math-libs/hipCUB/stage/include//hipcub/backend/rocprim/util_temporary_storage.hpp
0.0	-- Installing: /work/grodgers/git/tr-aomp/TheRock/build/math-libs/hipCUB/stage/include//hipcub/backend/rocprim/agent
0.0	-- Installing: /work/grodgers/git/tr-aomp/TheRock/build/math-libs/hipCUB/stage/include//hipcub/backend/rocprim/agent/single_pass_scan_operators.hpp
0.0	-- Installing: /work/grodgers/git/tr-aomp/TheRock/build/math-libs/hipCUB/stage/include//hipcub/backend/rocprim/util_mdspan.hpp
0.0	-- Installing: /work/grodgers/git/tr-aomp/TheRock/build/math-libs/hipCUB/stage/include//hipcub/backend/rocprim/grid
0.0	-- Installing: /work/grodgers/git/tr-aomp/TheRock/build/math-libs/hipCUB/stage/include//hipcub/backend/rocprim/grid/grid_mapping.hpp
0.0	-- Installing: /work/grodgers/git/tr-aomp/TheRock/build/math-libs/hipCUB/stage/include//hipcub/backend/rocprim/grid/grid_even_share.hpp
0.0	-- Installing: /work/grodgers/git/tr-aomp/TheRock/build/math-libs/hipCUB/stage/include//hipcub/backend/rocprim/grid/grid_queue.hpp
0.0	-- Installing: /work/grodgers/git/tr-aomp/TheRock/build/math-libs/hipCUB/stage/include//hipcub/backend/rocprim/grid/grid_barrier.hpp
0.0	-- Installing: /work/grodgers/git/tr-aomp/TheRock/build/math-libs/hipCUB/stage/include//hipcub/backend/rocprim/iterator
0.0	-- Installing: /work/grodgers/git/tr-aomp/TheRock/build/math-libs/hipCUB/stage/include//hipcub/backend/rocprim/iterator/counting_input_iterator.hpp
0.0	-- Installing: /work/grodgers/git/tr-aomp/TheRock/build/math-libs/hipCUB/stage/include//hipcub/backend/rocprim/iterator/transform_input_iterator.hpp
0.0	-- Installing: /work/grodgers/git/tr-aomp/TheRock/build/math-libs/hipCUB/stage/include//hipcub/backend/rocprim/iterator/cache_modified_input_iterator.hpp
0.0	-- Installing: /work/grodgers/git/tr-aomp/TheRock/build/math-libs/hipCUB/stage/include//hipcub/backend/rocprim/iterator/cache_modified_output_iterator.hpp
0.0	-- Installing: /work/grodgers/git/tr-aomp/TheRock/build/math-libs/hipCUB/stage/include//hipcub/backend/rocprim/iterator/tex_obj_input_iterator.hpp
0.0	-- Installing: /work/grodgers/git/tr-aomp/TheRock/build/math-libs/hipCUB/stage/include//hipcub/backend/rocprim/iterator/constant_input_iterator.hpp
0.0	-- Installing: /work/grodgers/git/tr-aomp/TheRock/build/math-libs/hipCUB/stage/include//hipcub/backend/rocprim/iterator/discard_output_iterator.hpp
0.0	-- Installing: /work/grodgers/git/tr-aomp/TheRock/build/math-libs/hipCUB/stage/include//hipcub/backend/rocprim/iterator/arg_index_input_iterator.hpp
0.0	-- Installing: /work/grodgers/git/tr-aomp/TheRock/build/math-libs/hipCUB/stage/include//hipcub/backend/rocprim/iterator/iterator_category.hpp
0.0	-- Installing: /work/grodgers/git/tr-aomp/TheRock/build/math-libs/hipCUB/stage/include//hipcub/backend/rocprim/iterator/iterator_wrapper.hpp
0.0	-- Installing: /work/grodgers/git/tr-aomp/TheRock/build/math-libs/hipCUB/stage/include//hipcub/backend/rocprim/warp
0.0	-- Installing: /work/grodgers/git/tr-aomp/TheRock/build/math-libs/hipCUB/stage/include//hipcub/backend/rocprim/warp/warp_reduce.hpp
0.0	-- Installing: /work/grodgers/git/tr-aomp/TheRock/build/math-libs/hipCUB/stage/include//hipcub/backend/rocprim/warp/warp_merge_sort.hpp
0.0	-- Installing: /work/grodgers/git/tr-aomp/TheRock/build/math-libs/hipCUB/stage/include//hipcub/backend/rocprim/warp/specializations
0.0	-- Installing: /work/grodgers/git/tr-aomp/TheRock/build/math-libs/hipCUB/stage/include//hipcub/backend/rocprim/warp/specializations/warp_exchange_shfl.hpp
0.0	-- Installing: /work/grodgers/git/tr-aomp/TheRock/build/math-libs/hipCUB/stage/include//hipcub/backend/rocprim/warp/specializations/warp_exchange_smem.hpp
0.0	-- Installing: /work/grodgers/git/tr-aomp/TheRock/build/math-libs/hipCUB/stage/include//hipcub/backend/rocprim/warp/warp_store.hpp
0.0	-- Installing: /work/grodgers/git/tr-aomp/TheRock/build/math-libs/hipCUB/stage/include//hipcub/backend/rocprim/warp/warp_load.hpp
0.0	-- Installing: /work/grodgers/git/tr-aomp/TheRock/build/math-libs/hipCUB/stage/include//hipcub/backend/rocprim/warp/warp_exchange.hpp
0.0	-- Installing: /work/grodgers/git/tr-aomp/TheRock/build/math-libs/hipCUB/stage/include//hipcub/backend/rocprim/warp/warp_scan.hpp
0.0	-- Installing: /work/grodgers/git/tr-aomp/TheRock/build/math-libs/hipCUB/stage/include//hipcub/backend/rocprim/util_macro.hpp
0.0	-- Installing: /work/grodgers/git/tr-aomp/TheRock/build/math-libs/hipCUB/stage/include//hipcub/backend/rocprim/util_device.hpp
0.0	-- Installing: /work/grodgers/git/tr-aomp/TheRock/build/math-libs/hipCUB/stage/include//hipcub/backend/rocprim/util_sync.hpp
0.0	-- Installing: /work/grodgers/git/tr-aomp/TheRock/build/math-libs/hipCUB/stage/include//hipcub/backend/rocprim/util_allocator.hpp
0.0	-- Installing: /work/grodgers/git/tr-aomp/TheRock/build/math-libs/hipCUB/stage/include//hipcub/backend/rocprim/tuple.hpp
0.0	-- Installing: /work/grodgers/git/tr-aomp/TheRock/build/math-libs/hipCUB/stage/include//hipcub/backend/rocprim/thread
0.0	-- Installing: /work/grodgers/git/tr-aomp/TheRock/build/math-libs/hipCUB/stage/include//hipcub/backend/rocprim/thread/thread_scan.hpp
0.0	-- Installing: /work/grodgers/git/tr-aomp/TheRock/build/math-libs/hipCUB/stage/include//hipcub/backend/rocprim/thread/thread_store.hpp
0.0	-- Installing: /work/grodgers/git/tr-aomp/TheRock/build/math-libs/hipCUB/stage/include//hipcub/backend/rocprim/thread/thread_search.hpp
0.0	-- Installing: /work/grodgers/git/tr-aomp/TheRock/build/math-libs/hipCUB/stage/include//hipcub/backend/rocprim/thread/thread_load.hpp
0.0	-- Installing: /work/grodgers/git/tr-aomp/TheRock/build/math-libs/hipCUB/stage/include//hipcub/backend/rocprim/thread/thread_operators.hpp
0.0	-- Installing: /work/grodgers/git/tr-aomp/TheRock/build/math-libs/hipCUB/stage/include//hipcub/backend/rocprim/thread/thread_sort.hpp
0.0	-- Installing: /work/grodgers/git/tr-aomp/TheRock/build/math-libs/hipCUB/stage/include//hipcub/backend/rocprim/thread/thread_reduce.hpp
0.0	-- Installing: /work/grodgers/git/tr-aomp/TheRock/build/math-libs/hipCUB/stage/include//hipcub/backend/rocprim/util_type.hpp
0.0	-- Installing: /work/grodgers/git/tr-aomp/TheRock/build/math-libs/hipCUB/stage/include//hipcub/backend/rocprim/util_math.hpp
0.0	-- Installing: /work/grodgers/git/tr-aomp/TheRock/build/math-libs/hipCUB/stage/include//hipcub/backend/rocprim/device
0.0	-- Installing: /work/grodgers/git/tr-aomp/TheRock/build/math-libs/hipCUB/stage/include//hipcub/backend/rocprim/device/device_spmv.hpp
0.0	-- Installing: /work/grodgers/git/tr-aomp/TheRock/build/math-libs/hipCUB/stage/include//hipcub/backend/rocprim/device/device_adjacent_difference.hpp
0.0	-- Installing: /work/grodgers/git/tr-aomp/TheRock/build/math-libs/hipCUB/stage/include//hipcub/backend/rocprim/device/device_memcpy.hpp
0.0	-- Installing: /work/grodgers/git/tr-aomp/TheRock/build/math-libs/hipCUB/stage/include//hipcub/backend/rocprim/device/device_partition.hpp
0.0	-- Installing: /work/grodgers/git/tr-aomp/TheRock/build/math-libs/hipCUB/stage/include//hipcub/backend/rocprim/device/device_radix_sort.hpp
0.0	-- Installing: /work/grodgers/git/tr-aomp/TheRock/build/math-libs/hipCUB/stage/include//hipcub/backend/rocprim/device/device_segmented_reduce.hpp
0.0	-- Installing: /work/grodgers/git/tr-aomp/TheRock/build/math-libs/hipCUB/stage/include//hipcub/backend/rocprim/device/device_segmented_sort.hpp
0.0	-- Installing: /work/grodgers/git/tr-aomp/TheRock/build/math-libs/hipCUB/stage/include//hipcub/backend/rocprim/device/device_copy.hpp
0.0	-- Installing: /work/grodgers/git/tr-aomp/TheRock/build/math-libs/hipCUB/stage/include//hipcub/backend/rocprim/device/device_merge_sort.hpp
0.0	-- Installing: /work/grodgers/git/tr-aomp/TheRock/build/math-libs/hipCUB/stage/include//hipcub/backend/rocprim/device/device_histogram.hpp
0.0	-- Installing: /work/grodgers/git/tr-aomp/TheRock/build/math-libs/hipCUB/stage/include//hipcub/backend/rocprim/device/device_merge.hpp
0.0	-- Installing: /work/grodgers/git/tr-aomp/TheRock/build/math-libs/hipCUB/stage/include//hipcub/backend/rocprim/device/device_scan.hpp
0.0	-- Installing: /work/grodgers/git/tr-aomp/TheRock/build/math-libs/hipCUB/stage/include//hipcub/backend/rocprim/device/device_for.hpp
0.0	-- Installing: /work/grodgers/git/tr-aomp/TheRock/build/math-libs/hipCUB/stage/include//hipcub/backend/rocprim/device/device_reduce.hpp
0.0	-- Installing: /work/grodgers/git/tr-aomp/TheRock/build/math-libs/hipCUB/stage/include//hipcub/backend/rocprim/device/device_run_length_encode.hpp
0.0	-- Installing: /work/grodgers/git/tr-aomp/TheRock/build/math-libs/hipCUB/stage/include//hipcub/backend/rocprim/device/device_select.hpp
0.0	-- Installing: /work/grodgers/git/tr-aomp/TheRock/build/math-libs/hipCUB/stage/include//hipcub/backend/rocprim/device/device_segmented_radix_sort.hpp
0.0	-- Installing: /work/grodgers/git/tr-aomp/TheRock/build/math-libs/hipCUB/stage/include//hipcub/backend/cub
0.0	-- Installing: /work/grodgers/git/tr-aomp/TheRock/build/math-libs/hipCUB/stage/include//hipcub/backend/cub/hipcub.hpp
0.0	-- Installing: /work/grodgers/git/tr-aomp/TheRock/build/math-libs/hipCUB/stage/include//hipcub/backend/cub/util_temporary_storage.hpp
0.0	-- Installing: /work/grodgers/git/tr-aomp/TheRock/build/math-libs/hipCUB/stage/include//hipcub/backend/cub/agent
0.0	-- Installing: /work/grodgers/git/tr-aomp/TheRock/build/math-libs/hipCUB/stage/include//hipcub/backend/cub/agent/single_pass_scan_operators.hpp
0.0	-- Installing: /work/grodgers/git/tr-aomp/TheRock/build/math-libs/hipCUB/stage/include//hipcub/backend/cub/grid
0.0	-- Installing: /work/grodgers/git/tr-aomp/TheRock/build/math-libs/hipCUB/stage/include//hipcub/backend/cub/grid/grid_barrier.hpp
0.0	-- Installing: /work/grodgers/git/tr-aomp/TheRock/build/math-libs/hipCUB/stage/include//hipcub/backend/cub/iterator
0.0	-- Installing: /work/grodgers/git/tr-aomp/TheRock/build/math-libs/hipCUB/stage/include//hipcub/backend/cub/iterator/tex_obj_input_iterator.hpp
0.0	-- Installing: /work/grodgers/git/tr-aomp/TheRock/build/math-libs/hipCUB/stage/include//hipcub/backend/cub/util_macro.hpp
0.0	-- Installing: /work/grodgers/git/tr-aomp/TheRock/build/math-libs/hipCUB/stage/include//hipcub/backend/cub/util_device.hpp
0.0	-- Installing: /work/grodgers/git/tr-aomp/TheRock/build/math-libs/hipCUB/stage/include//hipcub/backend/cub/util_allocator.hpp
0.0	-- Installing: /work/grodgers/git/tr-aomp/TheRock/build/math-libs/hipCUB/stage/include//hipcub/backend/cub/tuple.hpp
0.0	-- Installing: /work/grodgers/git/tr-aomp/TheRock/build/math-libs/hipCUB/stage/include//hipcub/backend/cub/thread
0.0	-- Installing: /work/grodgers/git/tr-aomp/TheRock/build/math-libs/hipCUB/stage/include//hipcub/backend/cub/thread/thread_operators.hpp
0.0	-- Installing: /work/grodgers/git/tr-aomp/TheRock/build/math-libs/hipCUB/stage/include//hipcub/backend/cub/device
0.0	-- Installing: /work/grodgers/git/tr-aomp/TheRock/build/math-libs/hipCUB/stage/include//hipcub/backend/cub/device/device_spmv.hpp
0.0	-- Installing: /work/grodgers/git/tr-aomp/TheRock/build/math-libs/hipCUB/stage/include//hipcub/backend/cub/device/device_adjacent_difference.hpp
0.0	-- Installing: /work/grodgers/git/tr-aomp/TheRock/build/math-libs/hipCUB/stage/include//hipcub/backend/cub/device/device_memcpy.hpp
0.0	-- Installing: /work/grodgers/git/tr-aomp/TheRock/build/math-libs/hipCUB/stage/include//hipcub/backend/cub/device/device_partition.hpp
0.0	-- Installing: /work/grodgers/git/tr-aomp/TheRock/build/math-libs/hipCUB/stage/include//hipcub/backend/cub/device/device_radix_sort.hpp
0.0	-- Installing: /work/grodgers/git/tr-aomp/TheRock/build/math-libs/hipCUB/stage/include//hipcub/backend/cub/device/device_segmented_reduce.hpp
0.0	-- Installing: /work/grodgers/git/tr-aomp/TheRock/build/math-libs/hipCUB/stage/include//hipcub/backend/cub/device/device_segmented_sort.hpp
0.0	-- Installing: /work/grodgers/git/tr-aomp/TheRock/build/math-libs/hipCUB/stage/include//hipcub/backend/cub/device/device_copy.hpp
0.0	-- Installing: /work/grodgers/git/tr-aomp/TheRock/build/math-libs/hipCUB/stage/include//hipcub/backend/cub/device/device_merge_sort.hpp
0.0	-- Installing: /work/grodgers/git/tr-aomp/TheRock/build/math-libs/hipCUB/stage/include//hipcub/backend/cub/device/device_histogram.hpp
0.0	-- Installing: /work/grodgers/git/tr-aomp/TheRock/build/math-libs/hipCUB/stage/include//hipcub/backend/cub/device/device_merge.hpp
0.0	-- Installing: /work/grodgers/git/tr-aomp/TheRock/build/math-libs/hipCUB/stage/include//hipcub/backend/cub/device/device_scan.hpp
0.0	-- Installing: /work/grodgers/git/tr-aomp/TheRock/build/math-libs/hipCUB/stage/include//hipcub/backend/cub/device/device_for.hpp
0.0	-- Installing: /work/grodgers/git/tr-aomp/TheRock/build/math-libs/hipCUB/stage/include//hipcub/backend/cub/device/device_reduce.hpp
0.0	-- Installing: /work/grodgers/git/tr-aomp/TheRock/build/math-libs/hipCUB/stage/include//hipcub/backend/cub/device/device_run_length_encode.hpp
0.0	-- Installing: /work/grodgers/git/tr-aomp/TheRock/build/math-libs/hipCUB/stage/include//hipcub/backend/cub/device/device_select.hpp
0.0	-- Installing: /work/grodgers/git/tr-aomp/TheRock/build/math-libs/hipCUB/stage/include//hipcub/backend/cub/device/device_segmented_radix_sort.hpp
0.0	-- Installing: /work/grodgers/git/tr-aomp/TheRock/build/math-libs/hipCUB/stage/include//hipcub/util_device.hpp
0.0	-- Installing: /work/grodgers/git/tr-aomp/TheRock/build/math-libs/hipCUB/stage/include//hipcub/util_allocator.hpp
0.0	-- Installing: /work/grodgers/git/tr-aomp/TheRock/build/math-libs/hipCUB/stage/include//hipcub/tuple.hpp
0.0	-- Installing: /work/grodgers/git/tr-aomp/TheRock/build/math-libs/hipCUB/stage/include//hipcub/util_deprecated.hpp
0.0	-- Installing: /work/grodgers/git/tr-aomp/TheRock/build/math-libs/hipCUB/stage/include//hipcub/thread
0.0	-- Installing: /work/grodgers/git/tr-aomp/TheRock/build/math-libs/hipCUB/stage/include//hipcub/thread/thread_scan.hpp
0.0	-- Installing: /work/grodgers/git/tr-aomp/TheRock/build/math-libs/hipCUB/stage/include//hipcub/thread/thread_store.hpp
0.0	-- Installing: /work/grodgers/git/tr-aomp/TheRock/build/math-libs/hipCUB/stage/include//hipcub/thread/thread_search.hpp
0.0	-- Installing: /work/grodgers/git/tr-aomp/TheRock/build/math-libs/hipCUB/stage/include//hipcub/thread/thread_load.hpp
0.0	-- Installing: /work/grodgers/git/tr-aomp/TheRock/build/math-libs/hipCUB/stage/include//hipcub/thread/thread_operators.hpp
0.0	-- Installing: /work/grodgers/git/tr-aomp/TheRock/build/math-libs/hipCUB/stage/include//hipcub/thread/thread_sort.hpp
0.0	-- Installing: /work/grodgers/git/tr-aomp/TheRock/build/math-libs/hipCUB/stage/include//hipcub/thread/thread_reduce.hpp
0.0	-- Installing: /work/grodgers/git/tr-aomp/TheRock/build/math-libs/hipCUB/stage/include//hipcub/util_type.hpp
0.0	-- Installing: /work/grodgers/git/tr-aomp/TheRock/build/math-libs/hipCUB/stage/include//hipcub/device
0.0	-- Installing: /work/grodgers/git/tr-aomp/TheRock/build/math-libs/hipCUB/stage/include//hipcub/device/device_spmv.hpp
0.0	-- Installing: /work/grodgers/git/tr-aomp/TheRock/build/math-libs/hipCUB/stage/include//hipcub/device/device_adjacent_difference.hpp
0.0	-- Installing: /work/grodgers/git/tr-aomp/TheRock/build/math-libs/hipCUB/stage/include//hipcub/device/device_memcpy.hpp
0.0	-- Installing: /work/grodgers/git/tr-aomp/TheRock/build/math-libs/hipCUB/stage/include//hipcub/device/device_partition.hpp
0.0	-- Installing: /work/grodgers/git/tr-aomp/TheRock/build/math-libs/hipCUB/stage/include//hipcub/device/device_radix_sort.hpp
0.0	-- Installing: /work/grodgers/git/tr-aomp/TheRock/build/math-libs/hipCUB/stage/include//hipcub/device/device_segmented_reduce.hpp
0.0	-- Installing: /work/grodgers/git/tr-aomp/TheRock/build/math-libs/hipCUB/stage/include//hipcub/device/device_segmented_sort.hpp
0.0	-- Installing: /work/grodgers/git/tr-aomp/TheRock/build/math-libs/hipCUB/stage/include//hipcub/device/device_copy.hpp
0.0	-- Installing: /work/grodgers/git/tr-aomp/TheRock/build/math-libs/hipCUB/stage/include//hipcub/device/device_merge_sort.hpp
0.0	-- Installing: /work/grodgers/git/tr-aomp/TheRock/build/math-libs/hipCUB/stage/include//hipcub/device/device_histogram.hpp
0.0	-- Installing: /work/grodgers/git/tr-aomp/TheRock/build/math-libs/hipCUB/stage/include//hipcub/device/device_merge.hpp
0.0	-- Installing: /work/grodgers/git/tr-aomp/TheRock/build/math-libs/hipCUB/stage/include//hipcub/device/device_scan.hpp
0.0	-- Installing: /work/grodgers/git/tr-aomp/TheRock/build/math-libs/hipCUB/stage/include//hipcub/device/device_for.hpp
0.0	-- Installing: /work/grodgers/git/tr-aomp/TheRock/build/math-libs/hipCUB/stage/include//hipcub/device/device_reduce.hpp
0.0	-- Installing: /work/grodgers/git/tr-aomp/TheRock/build/math-libs/hipCUB/stage/include//hipcub/device/device_run_length_encode.hpp
0.0	-- Installing: /work/grodgers/git/tr-aomp/TheRock/build/math-libs/hipCUB/stage/include//hipcub/device/device_select.hpp
0.0	-- Installing: /work/grodgers/git/tr-aomp/TheRock/build/math-libs/hipCUB/stage/include//hipcub/device/device_segmented_radix_sort.hpp
0.0	-- Up-to-date: /work/grodgers/git/tr-aomp/TheRock/build/math-libs/hipCUB/stage/include/
0.0	-- Up-to-date: /work/grodgers/git/tr-aomp/TheRock/build/math-libs/hipCUB/stage/include//hipcub
0.0	-- Installing: /work/grodgers/git/tr-aomp/TheRock/build/math-libs/hipCUB/stage/include//hipcub/hipcub_version.hpp
0.0	-- Installing: /work/grodgers/git/tr-aomp/TheRock/build/math-libs/hipCUB/stage/lib/cmake/hipcub/hipcub-targets.cmake
0.0	-- Installing: /work/grodgers/git/tr-aomp/TheRock/build/math-libs/hipCUB/stage/lib/cmake/hipcub/hipcub-config.cmake
0.0	-- Installing: /work/grodgers/git/tr-aomp/TheRock/build/math-libs/hipCUB/stage/lib/cmake/hipcub/hipcub-config-version.cmake
0.0	-- Installing: /work/grodgers/git/tr-aomp/TheRock/build/math-libs/hipCUB/stage/share/doc/hipcub/LICENSE.txt
END	1757694063.039767	0.04317522048950195	0
