BEGIN	1757698268.1741552
EXEC	/work1/grodgers/git/tr-aomp/TheRock/build/math-libs/BLAS/hipSPARSE/build	/usr/bin/cmake -E env --unset=ROCM_PATH --unset=ROCM_DIR --unset=HIP_PATH --unset=HIP_DIR -- /usr/bin/cmake --build /work/grodgers/git/tr-aomp/TheRock/build/math-libs/BLAS/hipSPARSE/build
0.1	[1/83] cd /work/grodgers/git/tr-aomp/TheRock/build/math-libs/BLAS/hipSPARSE/build && /usr/bin/cmake -E rm -f /work/grodgers/git/tr-aomp/TheRock/build/math-libs/BLAS/hipSPARSE/stamp/stage.stamp
0.1	[2/83] Building Fortran preprocessed library/CMakeFiles/hipsparse_fortran.dir/src/hipsparse_enums.f90-pp.f90
0.1	[3/83] Building Fortran preprocessed library/CMakeFiles/hipsparse_fortran.dir/src/hipsparse.f90-pp.f90
0.1	[4/83] Generating Fortran dyndep file library/CMakeFiles/hipsparse_fortran.dir/Fortran.dd
0.1	[5/83] Building Fortran object library/CMakeFiles/hipsparse_fortran.dir/src/hipsparse_enums.f90.o
0.3	[6/83] Building Fortran object library/CMakeFiles/hipsparse_fortran.dir/src/hipsparse.f90.o
0.5	[7/83] Building CXX object library/CMakeFiles/hipsparse.dir/src/amd_detail/conversion/hipsparse_coo2csr.cpp.o
0.5	In file included from /work/grodgers/git/tr-aomp/TheRock/rocm-libraries/projects/hipsparse/library/src/amd_detail/conversion/hipsparse_coo2csr.cpp:31:
0.5	/work/grodgers/git/tr-aomp/TheRock/rocm-libraries/projects/hipsparse/library/src/amd_detail/conversion/../utility.h:502:20: warning: 'rocsparse_spmv_alg_csr_stream' is deprecated [-Wdeprecated-declarations]
0.5	  502 |             return rocsparse_spmv_alg_csr_stream;
0.5	      |                    ^
0.5	/work/grodgers/git/tr-aomp/TheRock/build/math-libs/BLAS/rocSPARSE/dist/include/rocsparse/rocsparse-types.h:760:37: note: 'rocsparse_spmv_alg_csr_stream' has been explicitly marked deprecated here
0.5	  760 |     rocsparse_spmv_alg_csr_stream [[deprecated]]
0.5	      |                                     ^
0.5	1 warning generated.
0.5	[8/83] Building CXX object library/CMakeFiles/hipsparse.dir/src/amd_detail/conversion/hipsparse_csr2bsr.cpp.o
0.5	In file included from /work/grodgers/git/tr-aomp/TheRock/rocm-libraries/projects/hipsparse/library/src/amd_detail/conversion/hipsparse_csr2bsr.cpp:31:
0.5	/work/grodgers/git/tr-aomp/TheRock/rocm-libraries/projects/hipsparse/library/src/amd_detail/conversion/../utility.h:502:20: warning: 'rocsparse_spmv_alg_csr_stream' is deprecated [-Wdeprecated-declarations]
0.5	  502 |             return rocsparse_spmv_alg_csr_stream;
0.5	      |                    ^
0.5	/work/grodgers/git/tr-aomp/TheRock/build/math-libs/BLAS/rocSPARSE/dist/include/rocsparse/rocsparse-types.h:760:37: note: 'rocsparse_spmv_alg_csr_stream' has been explicitly marked deprecated here
0.5	  760 |     rocsparse_spmv_alg_csr_stream [[deprecated]]
0.5	      |                                     ^
0.5	1 warning generated.
0.5	[9/83] Building CXX object library/CMakeFiles/hipsparse.dir/src/amd_detail/generic/hipsparse_scatter.cpp.o
0.5	In file included from /work/grodgers/git/tr-aomp/TheRock/rocm-libraries/projects/hipsparse/library/src/amd_detail/generic/hipsparse_scatter.cpp:31:
0.5	/work/grodgers/git/tr-aomp/TheRock/rocm-libraries/projects/hipsparse/library/src/amd_detail/generic/../utility.h:502:20: warning: 'rocsparse_spmv_alg_csr_stream' is deprecated [-Wdeprecated-declarations]
0.5	  502 |             return rocsparse_spmv_alg_csr_stream;
0.5	      |                    ^
0.5	/work/grodgers/git/tr-aomp/TheRock/build/math-libs/BLAS/rocSPARSE/dist/include/rocsparse/rocsparse-types.h:760:37: note: 'rocsparse_spmv_alg_csr_stream' has been explicitly marked deprecated here
0.5	  760 |     rocsparse_spmv_alg_csr_stream [[deprecated]]
0.5	      |                                     ^
0.5	1 warning generated.
0.5	[10/83] Building CXX object library/CMakeFiles/hipsparse.dir/src/amd_detail/conversion/hipsparse_coosort.cpp.o
0.5	In file included from /work/grodgers/git/tr-aomp/TheRock/rocm-libraries/projects/hipsparse/library/src/amd_detail/conversion/hipsparse_coosort.cpp:31:
0.5	/work/grodgers/git/tr-aomp/TheRock/rocm-libraries/projects/hipsparse/library/src/amd_detail/conversion/../utility.h:502:20: warning: 'rocsparse_spmv_alg_csr_stream' is deprecated [-Wdeprecated-declarations]
0.5	  502 |             return rocsparse_spmv_alg_csr_stream;
0.5	      |                    ^
0.5	/work/grodgers/git/tr-aomp/TheRock/build/math-libs/BLAS/rocSPARSE/dist/include/rocsparse/rocsparse-types.h:760:37: note: 'rocsparse_spmv_alg_csr_stream' has been explicitly marked deprecated here
0.5	  760 |     rocsparse_spmv_alg_csr_stream [[deprecated]]
0.5	      |                                     ^
0.5	1 warning generated.
0.5	[11/83] Building CXX object library/CMakeFiles/hipsparse.dir/src/amd_detail/conversion/hipsparse_csr2hyb.cpp.o
0.5	In file included from /work/grodgers/git/tr-aomp/TheRock/rocm-libraries/projects/hipsparse/library/src/amd_detail/conversion/hipsparse_csr2hyb.cpp:31:
0.5	/work/grodgers/git/tr-aomp/TheRock/rocm-libraries/projects/hipsparse/library/src/amd_detail/conversion/../utility.h:502:20: warning: 'rocsparse_spmv_alg_csr_stream' is deprecated [-Wdeprecated-declarations]
0.5	  502 |             return rocsparse_spmv_alg_csr_stream;
0.5	      |                    ^
0.5	/work/grodgers/git/tr-aomp/TheRock/build/math-libs/BLAS/rocSPARSE/dist/include/rocsparse/rocsparse-types.h:760:37: note: 'rocsparse_spmv_alg_csr_stream' has been explicitly marked deprecated here
0.5	  760 |     rocsparse_spmv_alg_csr_stream [[deprecated]]
0.5	      |                                     ^
0.5	1 warning generated.
0.5	[12/83] Building CXX object library/CMakeFiles/hipsparse.dir/src/amd_detail/generic/hipsparse_rot.cpp.o
0.5	In file included from /work/grodgers/git/tr-aomp/TheRock/rocm-libraries/projects/hipsparse/library/src/amd_detail/generic/hipsparse_rot.cpp:31:
0.5	/work/grodgers/git/tr-aomp/TheRock/rocm-libraries/projects/hipsparse/library/src/amd_detail/generic/../utility.h:502:20: warning: 'rocsparse_spmv_alg_csr_stream' is deprecated [-Wdeprecated-declarations]
0.5	  502 |             return rocsparse_spmv_alg_csr_stream;
0.5	      |                    ^
0.5	/work/grodgers/git/tr-aomp/TheRock/build/math-libs/BLAS/rocSPARSE/dist/include/rocsparse/rocsparse-types.h:760:37: note: 'rocsparse_spmv_alg_csr_stream' has been explicitly marked deprecated here
0.5	  760 |     rocsparse_spmv_alg_csr_stream [[deprecated]]
0.5	      |                                     ^
0.5	1 warning generated.
0.5	[13/83] Building CXX object library/CMakeFiles/hipsparse.dir/src/amd_detail/conversion/hipsparse_create_identity_permutation.cpp.o
0.5	In file included from /work/grodgers/git/tr-aomp/TheRock/rocm-libraries/projects/hipsparse/library/src/amd_detail/conversion/hipsparse_create_identity_permutation.cpp:31:
0.5	/work/grodgers/git/tr-aomp/TheRock/rocm-libraries/projects/hipsparse/library/src/amd_detail/conversion/../utility.h:502:20: warning: 'rocsparse_spmv_alg_csr_stream' is deprecated [-Wdeprecated-declarations]
0.5	  502 |             return rocsparse_spmv_alg_csr_stream;
0.5	      |                    ^
0.5	/work/grodgers/git/tr-aomp/TheRock/build/math-libs/BLAS/rocSPARSE/dist/include/rocsparse/rocsparse-types.h:760:37: note: 'rocsparse_spmv_alg_csr_stream' has been explicitly marked deprecated here
0.5	  760 |     rocsparse_spmv_alg_csr_stream [[deprecated]]
0.5	      |                                     ^
0.5	1 warning generated.
0.5	[14/83] Building CXX object library/CMakeFiles/hipsparse.dir/src/amd_detail/conversion/hipsparse_bsr2csr.cpp.o
0.5	In file included from /work/grodgers/git/tr-aomp/TheRock/rocm-libraries/projects/hipsparse/library/src/amd_detail/conversion/hipsparse_bsr2csr.cpp:31:
0.5	/work/grodgers/git/tr-aomp/TheRock/rocm-libraries/projects/hipsparse/library/src/amd_detail/conversion/../utility.h:502:20: warning: 'rocsparse_spmv_alg_csr_stream' is deprecated [-Wdeprecated-declarations]
0.5	  502 |             return rocsparse_spmv_alg_csr_stream;
0.5	      |                    ^
0.5	/work/grodgers/git/tr-aomp/TheRock/build/math-libs/BLAS/rocSPARSE/dist/include/rocsparse/rocsparse-types.h:760:37: note: 'rocsparse_spmv_alg_csr_stream' has been explicitly marked deprecated here
0.5	  760 |     rocsparse_spmv_alg_csr_stream [[deprecated]]
0.5	      |                                     ^
0.5	1 warning generated.
0.5	[15/83] Building CXX object library/CMakeFiles/hipsparse.dir/src/amd_detail/conversion/hipsparse_csc2dense.cpp.o
0.5	In file included from /work/grodgers/git/tr-aomp/TheRock/rocm-libraries/projects/hipsparse/library/src/amd_detail/conversion/hipsparse_csc2dense.cpp:31:
0.5	/work/grodgers/git/tr-aomp/TheRock/rocm-libraries/projects/hipsparse/library/src/amd_detail/conversion/../utility.h:502:20: warning: 'rocsparse_spmv_alg_csr_stream' is deprecated [-Wdeprecated-declarations]
0.5	  502 |             return rocsparse_spmv_alg_csr_stream;
0.5	      |                    ^
0.5	/work/grodgers/git/tr-aomp/TheRock/build/math-libs/BLAS/rocSPARSE/dist/include/rocsparse/rocsparse-types.h:760:37: note: 'rocsparse_spmv_alg_csr_stream' has been explicitly marked deprecated here
0.5	  760 |     rocsparse_spmv_alg_csr_stream [[deprecated]]
0.5	      |                                     ^
0.5	1 warning generated.
0.5	[16/83] Building CXX object library/CMakeFiles/hipsparse.dir/src/amd_detail/conversion/hipsparse_csrsort.cpp.o
0.5	In file included from /work/grodgers/git/tr-aomp/TheRock/rocm-libraries/projects/hipsparse/library/src/amd_detail/conversion/hipsparse_csrsort.cpp:31:
0.5	/work/grodgers/git/tr-aomp/TheRock/rocm-libraries/projects/hipsparse/library/src/amd_detail/conversion/../utility.h:502:20: warning: 'rocsparse_spmv_alg_csr_stream' is deprecated [-Wdeprecated-declarations]
0.5	  502 |             return rocsparse_spmv_alg_csr_stream;
0.5	      |                    ^
0.5	/work/grodgers/git/tr-aomp/TheRock/build/math-libs/BLAS/rocSPARSE/dist/include/rocsparse/rocsparse-types.h:760:37: note: 'rocsparse_spmv_alg_csr_stream' has been explicitly marked deprecated here
0.5	  760 |     rocsparse_spmv_alg_csr_stream [[deprecated]]
0.5	      |                                     ^
0.5	1 warning generated.
0.5	[17/83] Building CXX object library/CMakeFiles/hipsparse.dir/src/amd_detail/conversion/hipsparse_csr2csr_compress.cpp.o
0.5	In file included from /work/grodgers/git/tr-aomp/TheRock/rocm-libraries/projects/hipsparse/library/src/amd_detail/conversion/hipsparse_csr2csr_compress.cpp:31:
0.5	/work/grodgers/git/tr-aomp/TheRock/rocm-libraries/projects/hipsparse/library/src/amd_detail/conversion/../utility.h:502:20: warning: 'rocsparse_spmv_alg_csr_stream' is deprecated [-Wdeprecated-declarations]
0.5	  502 |             return rocsparse_spmv_alg_csr_stream;
0.5	      |                    ^
0.5	/work/grodgers/git/tr-aomp/TheRock/build/math-libs/BLAS/rocSPARSE/dist/include/rocsparse/rocsparse-types.h:760:37: note: 'rocsparse_spmv_alg_csr_stream' has been explicitly marked deprecated here
0.5	  760 |     rocsparse_spmv_alg_csr_stream [[deprecated]]
0.5	      |                                     ^
0.5	1 warning generated.
0.5	[18/83] Building CXX object library/CMakeFiles/hipsparse.dir/src/amd_detail/conversion/hipsparse_dense2csc.cpp.o
0.5	In file included from /work/grodgers/git/tr-aomp/TheRock/rocm-libraries/projects/hipsparse/library/src/amd_detail/conversion/hipsparse_dense2csc.cpp:31:
0.5	/work/grodgers/git/tr-aomp/TheRock/rocm-libraries/projects/hipsparse/library/src/amd_detail/conversion/../utility.h:502:20: warning: 'rocsparse_spmv_alg_csr_stream' is deprecated [-Wdeprecated-declarations]
0.5	  502 |             return rocsparse_spmv_alg_csr_stream;
0.5	      |                    ^
0.5	/work/grodgers/git/tr-aomp/TheRock/build/math-libs/BLAS/rocSPARSE/dist/include/rocsparse/rocsparse-types.h:760:37: note: 'rocsparse_spmv_alg_csr_stream' has been explicitly marked deprecated here
0.5	  760 |     rocsparse_spmv_alg_csr_stream [[deprecated]]
0.5	      |                                     ^
0.5	1 warning generated.
0.5	[19/83] Building CXX object library/CMakeFiles/hipsparse.dir/src/amd_detail/generic/hipsparse_axpby.cpp.o
0.5	In file included from /work/grodgers/git/tr-aomp/TheRock/rocm-libraries/projects/hipsparse/library/src/amd_detail/generic/hipsparse_axpby.cpp:31:
0.5	/work/grodgers/git/tr-aomp/TheRock/rocm-libraries/projects/hipsparse/library/src/amd_detail/generic/../utility.h:502:20: warning: 'rocsparse_spmv_alg_csr_stream' is deprecated [-Wdeprecated-declarations]
0.5	  502 |             return rocsparse_spmv_alg_csr_stream;
0.5	      |                    ^
0.5	/work/grodgers/git/tr-aomp/TheRock/build/math-libs/BLAS/rocSPARSE/dist/include/rocsparse/rocsparse-types.h:760:37: note: 'rocsparse_spmv_alg_csr_stream' has been explicitly marked deprecated here
0.5	  760 |     rocsparse_spmv_alg_csr_stream [[deprecated]]
0.5	      |                                     ^
0.5	1 warning generated.
0.5	[20/83] Building CXX object library/CMakeFiles/hipsparse.dir/src/amd_detail/generic/hipsparse_gather.cpp.o
0.5	In file included from /work/grodgers/git/tr-aomp/TheRock/rocm-libraries/projects/hipsparse/library/src/amd_detail/generic/hipsparse_gather.cpp:31:
0.5	/work/grodgers/git/tr-aomp/TheRock/rocm-libraries/projects/hipsparse/library/src/amd_detail/generic/../utility.h:502:20: warning: 'rocsparse_spmv_alg_csr_stream' is deprecated [-Wdeprecated-declarations]
0.5	  502 |             return rocsparse_spmv_alg_csr_stream;
0.5	      |                    ^
0.5	/work/grodgers/git/tr-aomp/TheRock/build/math-libs/BLAS/rocSPARSE/dist/include/rocsparse/rocsparse-types.h:760:37: note: 'rocsparse_spmv_alg_csr_stream' has been explicitly marked deprecated here
0.5	  760 |     rocsparse_spmv_alg_csr_stream [[deprecated]]
0.5	      |                                     ^
0.5	1 warning generated.
0.5	[21/83] Building CXX object library/CMakeFiles/hipsparse.dir/src/amd_detail/generic/hipsparse_sparse2dense.cpp.o
0.5	In file included from /work/grodgers/git/tr-aomp/TheRock/rocm-libraries/projects/hipsparse/library/src/amd_detail/generic/hipsparse_sparse2dense.cpp:31:
0.5	/work/grodgers/git/tr-aomp/TheRock/rocm-libraries/projects/hipsparse/library/src/amd_detail/generic/../utility.h:502:20: warning: 'rocsparse_spmv_alg_csr_stream' is deprecated [-Wdeprecated-declarations]
0.5	  502 |             return rocsparse_spmv_alg_csr_stream;
0.5	      |                    ^
0.5	/work/grodgers/git/tr-aomp/TheRock/build/math-libs/BLAS/rocSPARSE/dist/include/rocsparse/rocsparse-types.h:760:37: note: 'rocsparse_spmv_alg_csr_stream' has been explicitly marked deprecated here
0.5	  760 |     rocsparse_spmv_alg_csr_stream [[deprecated]]
0.5	      |                                     ^
0.5	1 warning generated.
0.5	[22/83] Building CXX object library/CMakeFiles/hipsparse.dir/src/amd_detail/conversion/hipsparse_cscsort.cpp.o
0.5	In file included from /work/grodgers/git/tr-aomp/TheRock/rocm-libraries/projects/hipsparse/library/src/amd_detail/conversion/hipsparse_cscsort.cpp:31:
0.5	/work/grodgers/git/tr-aomp/TheRock/rocm-libraries/projects/hipsparse/library/src/amd_detail/conversion/../utility.h:502:20: warning: 'rocsparse_spmv_alg_csr_stream' is deprecated [-Wdeprecated-declarations]
0.5	  502 |             return rocsparse_spmv_alg_csr_stream;
0.5	      |                    ^
0.5	/work/grodgers/git/tr-aomp/TheRock/build/math-libs/BLAS/rocSPARSE/dist/include/rocsparse/rocsparse-types.h:760:37: note: 'rocsparse_spmv_alg_csr_stream' has been explicitly marked deprecated here
0.5	  760 |     rocsparse_spmv_alg_csr_stream [[deprecated]]
0.5	      |                                     ^
0.5	1 warning generated.
0.5	[23/83] Building CXX object library/CMakeFiles/hipsparse.dir/src/amd_detail/conversion/hipsparse_csr2coo.cpp.o
0.5	In file included from /work/grodgers/git/tr-aomp/TheRock/rocm-libraries/projects/hipsparse/library/src/amd_detail/conversion/hipsparse_csr2coo.cpp:31:
0.5	/work/grodgers/git/tr-aomp/TheRock/rocm-libraries/projects/hipsparse/library/src/amd_detail/conversion/../utility.h:502:20: warning: 'rocsparse_spmv_alg_csr_stream' is deprecated [-Wdeprecated-declarations]
0.5	  502 |             return rocsparse_spmv_alg_csr_stream;
0.5	      |                    ^
0.5	/work/grodgers/git/tr-aomp/TheRock/build/math-libs/BLAS/rocSPARSE/dist/include/rocsparse/rocsparse-types.h:760:37: note: 'rocsparse_spmv_alg_csr_stream' has been explicitly marked deprecated here
0.5	  760 |     rocsparse_spmv_alg_csr_stream [[deprecated]]
0.5	      |                                     ^
0.5	1 warning generated.
0.5	[24/83] Building CXX object library/CMakeFiles/hipsparse.dir/src/amd_detail/conversion/hipsparse_csr2dense.cpp.o
0.5	In file included from /work/grodgers/git/tr-aomp/TheRock/rocm-libraries/projects/hipsparse/library/src/amd_detail/conversion/hipsparse_csr2dense.cpp:31:
0.5	/work/grodgers/git/tr-aomp/TheRock/rocm-libraries/projects/hipsparse/library/src/amd_detail/conversion/../utility.h:502:20: warning: 'rocsparse_spmv_alg_csr_stream' is deprecated [-Wdeprecated-declarations]
0.5	  502 |             return rocsparse_spmv_alg_csr_stream;
0.5	      |                    ^
0.5	/work/grodgers/git/tr-aomp/TheRock/build/math-libs/BLAS/rocSPARSE/dist/include/rocsparse/rocsparse-types.h:760:37: note: 'rocsparse_spmv_alg_csr_stream' has been explicitly marked deprecated here
0.5	  760 |     rocsparse_spmv_alg_csr_stream [[deprecated]]
0.5	      |                                     ^
0.5	1 warning generated.
0.5	[25/83] Building CXX object library/CMakeFiles/hipsparse.dir/src/amd_detail/conversion/hipsparse_nnz_compress.cpp.o
0.5	In file included from /work/grodgers/git/tr-aomp/TheRock/rocm-libraries/projects/hipsparse/library/src/amd_detail/conversion/hipsparse_nnz_compress.cpp:31:
0.5	/work/grodgers/git/tr-aomp/TheRock/rocm-libraries/projects/hipsparse/library/src/amd_detail/conversion/../utility.h:502:20: warning: 'rocsparse_spmv_alg_csr_stream' is deprecated [-Wdeprecated-declarations]
0.5	  502 |             return rocsparse_spmv_alg_csr_stream;
0.5	      |                    ^
0.5	/work/grodgers/git/tr-aomp/TheRock/build/math-libs/BLAS/rocSPARSE/dist/include/rocsparse/rocsparse-types.h:760:37: note: 'rocsparse_spmv_alg_csr_stream' has been explicitly marked deprecated here
0.5	  760 |     rocsparse_spmv_alg_csr_stream [[deprecated]]
0.5	      |                                     ^
0.5	1 warning generated.
0.5	[26/83] Building CXX object library/CMakeFiles/hipsparse.dir/src/amd_detail/conversion/hipsparse_prune_csr2csr.cpp.o
0.5	In file included from /work/grodgers/git/tr-aomp/TheRock/rocm-libraries/projects/hipsparse/library/src/amd_detail/conversion/hipsparse_prune_csr2csr.cpp:31:
0.5	/work/grodgers/git/tr-aomp/TheRock/rocm-libraries/projects/hipsparse/library/src/amd_detail/conversion/../utility.h:502:20: warning: 'rocsparse_spmv_alg_csr_stream' is deprecated [-Wdeprecated-declarations]
0.5	  502 |             return rocsparse_spmv_alg_csr_stream;
0.5	      |                    ^
0.5	/work/grodgers/git/tr-aomp/TheRock/build/math-libs/BLAS/rocSPARSE/dist/include/rocsparse/rocsparse-types.h:760:37: note: 'rocsparse_spmv_alg_csr_stream' has been explicitly marked deprecated here
0.5	  760 |     rocsparse_spmv_alg_csr_stream [[deprecated]]
0.5	      |                                     ^
0.5	1 warning generated.
0.5	[27/83] Building CXX object library/CMakeFiles/hipsparse.dir/src/amd_detail/conversion/hipsparse_csr2csru.cpp.o
0.5	In file included from /work/grodgers/git/tr-aomp/TheRock/rocm-libraries/projects/hipsparse/library/src/amd_detail/conversion/hipsparse_csr2csru.cpp:31:
0.5	/work/grodgers/git/tr-aomp/TheRock/rocm-libraries/projects/hipsparse/library/src/amd_detail/conversion/../utility.h:502:20: warning: 'rocsparse_spmv_alg_csr_stream' is deprecated [-Wdeprecated-declarations]
0.5	  502 |             return rocsparse_spmv_alg_csr_stream;
0.5	      |                    ^
0.5	/work/grodgers/git/tr-aomp/TheRock/build/math-libs/BLAS/rocSPARSE/dist/include/rocsparse/rocsparse-types.h:760:37: note: 'rocsparse_spmv_alg_csr_stream' has been explicitly marked deprecated here
0.5	  760 |     rocsparse_spmv_alg_csr_stream [[deprecated]]
0.5	      |                                     ^
0.5	1 warning generated.
0.5	[28/83] Building CXX object library/CMakeFiles/hipsparse.dir/src/amd_detail/generic/hipsparse_spvv.cpp.o
0.5	In file included from /work/grodgers/git/tr-aomp/TheRock/rocm-libraries/projects/hipsparse/library/src/amd_detail/generic/hipsparse_spvv.cpp:31:
0.5	/work/grodgers/git/tr-aomp/TheRock/rocm-libraries/projects/hipsparse/library/src/amd_detail/generic/../utility.h:502:20: warning: 'rocsparse_spmv_alg_csr_stream' is deprecated [-Wdeprecated-declarations]
0.5	  502 |             return rocsparse_spmv_alg_csr_stream;
0.5	      |                    ^
0.5	/work/grodgers/git/tr-aomp/TheRock/build/math-libs/BLAS/rocSPARSE/dist/include/rocsparse/rocsparse-types.h:760:37: note: 'rocsparse_spmv_alg_csr_stream' has been explicitly marked deprecated here
0.5	  760 |     rocsparse_spmv_alg_csr_stream [[deprecated]]
0.5	      |                                     ^
0.5	1 warning generated.
0.5	[29/83] Building CXX object library/CMakeFiles/hipsparse.dir/src/amd_detail/conversion/hipsparse_hyb2csr.cpp.o
0.5	In file included from /work/grodgers/git/tr-aomp/TheRock/rocm-libraries/projects/hipsparse/library/src/amd_detail/conversion/hipsparse_hyb2csr.cpp:31:
0.5	/work/grodgers/git/tr-aomp/TheRock/rocm-libraries/projects/hipsparse/library/src/amd_detail/conversion/../utility.h:502:20: warning: 'rocsparse_spmv_alg_csr_stream' is deprecated [-Wdeprecated-declarations]
0.5	  502 |             return rocsparse_spmv_alg_csr_stream;
0.5	      |                    ^
0.5	/work/grodgers/git/tr-aomp/TheRock/build/math-libs/BLAS/rocSPARSE/dist/include/rocsparse/rocsparse-types.h:760:37: note: 'rocsparse_spmv_alg_csr_stream' has been explicitly marked deprecated here
0.5	  760 |     rocsparse_spmv_alg_csr_stream [[deprecated]]
0.5	      |                                     ^
0.5	1 warning generated.
0.5	[30/83] Building CXX object library/CMakeFiles/hipsparse.dir/src/amd_detail/level1/hipsparse_axpyi.cpp.o
0.5	In file included from /work/grodgers/git/tr-aomp/TheRock/rocm-libraries/projects/hipsparse/library/src/amd_detail/level1/hipsparse_axpyi.cpp:31:
0.5	/work/grodgers/git/tr-aomp/TheRock/rocm-libraries/projects/hipsparse/library/src/amd_detail/level1/../utility.h:502:20: warning: 'rocsparse_spmv_alg_csr_stream' is deprecated [-Wdeprecated-declarations]
0.5	  502 |             return rocsparse_spmv_alg_csr_stream;
0.5	      |                    ^
0.5	/work/grodgers/git/tr-aomp/TheRock/build/math-libs/BLAS/rocSPARSE/dist/include/rocsparse/rocsparse-types.h:760:37: note: 'rocsparse_spmv_alg_csr_stream' has been explicitly marked deprecated here
0.5	  760 |     rocsparse_spmv_alg_csr_stream [[deprecated]]
0.5	      |                                     ^
0.5	1 warning generated.
0.5	[31/83] Building CXX object library/CMakeFiles/hipsparse.dir/src/amd_detail/level1/hipsparse_gthr.cpp.o
0.5	In file included from /work/grodgers/git/tr-aomp/TheRock/rocm-libraries/projects/hipsparse/library/src/amd_detail/level1/hipsparse_gthr.cpp:31:
0.5	/work/grodgers/git/tr-aomp/TheRock/rocm-libraries/projects/hipsparse/library/src/amd_detail/level1/../utility.h:502:20: warning: 'rocsparse_spmv_alg_csr_stream' is deprecated [-Wdeprecated-declarations]
0.5	  502 |             return rocsparse_spmv_alg_csr_stream;
0.5	      |                    ^
0.5	/work/grodgers/git/tr-aomp/TheRock/build/math-libs/BLAS/rocSPARSE/dist/include/rocsparse/rocsparse-types.h:760:37: note: 'rocsparse_spmv_alg_csr_stream' has been explicitly marked deprecated here
0.5	  760 |     rocsparse_spmv_alg_csr_stream [[deprecated]]
0.5	      |                                     ^
0.5	1 warning generated.
0.5	[32/83] Building CXX object library/CMakeFiles/hipsparse.dir/src/amd_detail/conversion/hipsparse_nnz.cpp.o
0.5	In file included from /work/grodgers/git/tr-aomp/TheRock/rocm-libraries/projects/hipsparse/library/src/amd_detail/conversion/hipsparse_nnz.cpp:31:
0.5	/work/grodgers/git/tr-aomp/TheRock/rocm-libraries/projects/hipsparse/library/src/amd_detail/conversion/../utility.h:502:20: warning: 'rocsparse_spmv_alg_csr_stream' is deprecated [-Wdeprecated-declarations]
0.5	  502 |             return rocsparse_spmv_alg_csr_stream;
0.5	      |                    ^
0.5	/work/grodgers/git/tr-aomp/TheRock/build/math-libs/BLAS/rocSPARSE/dist/include/rocsparse/rocsparse-types.h:760:37: note: 'rocsparse_spmv_alg_csr_stream' has been explicitly marked deprecated here
0.5	  760 |     rocsparse_spmv_alg_csr_stream [[deprecated]]
0.5	      |                                     ^
0.5	1 warning generated.
0.5	[33/83] Building CXX object library/CMakeFiles/hipsparse.dir/src/amd_detail/level1/hipsparse_doti.cpp.o
0.5	In file included from /work/grodgers/git/tr-aomp/TheRock/rocm-libraries/projects/hipsparse/library/src/amd_detail/level1/hipsparse_doti.cpp:31:
0.5	/work/grodgers/git/tr-aomp/TheRock/rocm-libraries/projects/hipsparse/library/src/amd_detail/level1/../utility.h:502:20: warning: 'rocsparse_spmv_alg_csr_stream' is deprecated [-Wdeprecated-declarations]
0.5	  502 |             return rocsparse_spmv_alg_csr_stream;
0.5	      |                    ^
0.5	/work/grodgers/git/tr-aomp/TheRock/build/math-libs/BLAS/rocSPARSE/dist/include/rocsparse/rocsparse-types.h:760:37: note: 'rocsparse_spmv_alg_csr_stream' has been explicitly marked deprecated here
0.5	  760 |     rocsparse_spmv_alg_csr_stream [[deprecated]]
0.5	      |                                     ^
0.5	1 warning generated.
0.5	[34/83] Building CXX object library/CMakeFiles/hipsparse.dir/src/amd_detail/level1/hipsparse_gthrz.cpp.o
0.5	In file included from /work/grodgers/git/tr-aomp/TheRock/rocm-libraries/projects/hipsparse/library/src/amd_detail/level1/hipsparse_gthrz.cpp:31:
0.5	/work/grodgers/git/tr-aomp/TheRock/rocm-libraries/projects/hipsparse/library/src/amd_detail/level1/../utility.h:502:20: warning: 'rocsparse_spmv_alg_csr_stream' is deprecated [-Wdeprecated-declarations]
0.5	  502 |             return rocsparse_spmv_alg_csr_stream;
0.5	      |                    ^
0.5	/work/grodgers/git/tr-aomp/TheRock/build/math-libs/BLAS/rocSPARSE/dist/include/rocsparse/rocsparse-types.h:760:37: note: 'rocsparse_spmv_alg_csr_stream' has been explicitly marked deprecated here
0.5	  760 |     rocsparse_spmv_alg_csr_stream [[deprecated]]
0.5	      |                                     ^
0.5	1 warning generated.
0.5	[35/83] Building CXX object library/CMakeFiles/hipsparse.dir/src/amd_detail/level1/hipsparse_sctr.cpp.o
0.5	In file included from /work/grodgers/git/tr-aomp/TheRock/rocm-libraries/projects/hipsparse/library/src/amd_detail/level1/hipsparse_sctr.cpp:31:
0.5	/work/grodgers/git/tr-aomp/TheRock/rocm-libraries/projects/hipsparse/library/src/amd_detail/level1/../utility.h:502:20: warning: 'rocsparse_spmv_alg_csr_stream' is deprecated [-Wdeprecated-declarations]
0.5	  502 |             return rocsparse_spmv_alg_csr_stream;
0.5	      |                    ^
0.5	/work/grodgers/git/tr-aomp/TheRock/build/math-libs/BLAS/rocSPARSE/dist/include/rocsparse/rocsparse-types.h:760:37: note: 'rocsparse_spmv_alg_csr_stream' has been explicitly marked deprecated here
0.5	  760 |     rocsparse_spmv_alg_csr_stream [[deprecated]]
0.5	      |                                     ^
0.5	1 warning generated.
0.5	[36/83] Building CXX object library/CMakeFiles/hipsparse.dir/src/amd_detail/conversion/hipsparse_prune_dense2csr.cpp.o
0.5	In file included from /work/grodgers/git/tr-aomp/TheRock/rocm-libraries/projects/hipsparse/library/src/amd_detail/conversion/hipsparse_prune_dense2csr.cpp:31:
0.5	/work/grodgers/git/tr-aomp/TheRock/rocm-libraries/projects/hipsparse/library/src/amd_detail/conversion/../utility.h:502:20: warning: 'rocsparse_spmv_alg_csr_stream' is deprecated [-Wdeprecated-declarations]
0.5	  502 |             return rocsparse_spmv_alg_csr_stream;
0.5	      |                    ^
0.5	/work/grodgers/git/tr-aomp/TheRock/build/math-libs/BLAS/rocSPARSE/dist/include/rocsparse/rocsparse-types.h:760:37: note: 'rocsparse_spmv_alg_csr_stream' has been explicitly marked deprecated here
0.5	  760 |     rocsparse_spmv_alg_csr_stream [[deprecated]]
0.5	      |                                     ^
0.5	1 warning generated.
0.5	[37/83] Building CXX object library/CMakeFiles/hipsparse.dir/src/amd_detail/conversion/hipsparse_prune_dense2csr_by_percentage.cpp.o
0.5	In file included from /work/grodgers/git/tr-aomp/TheRock/rocm-libraries/projects/hipsparse/library/src/amd_detail/conversion/hipsparse_prune_dense2csr_by_percentage.cpp:31:
0.5	/work/grodgers/git/tr-aomp/TheRock/rocm-libraries/projects/hipsparse/library/src/amd_detail/conversion/../utility.h:502:20: warning: 'rocsparse_spmv_alg_csr_stream' is deprecated [-Wdeprecated-declarations]
0.5	  502 |             return rocsparse_spmv_alg_csr_stream;
0.5	      |                    ^
0.5	/work/grodgers/git/tr-aomp/TheRock/build/math-libs/BLAS/rocSPARSE/dist/include/rocsparse/rocsparse-types.h:760:37: note: 'rocsparse_spmv_alg_csr_stream' has been explicitly marked deprecated here
0.5	  760 |     rocsparse_spmv_alg_csr_stream [[deprecated]]
0.5	      |                                     ^
0.5	1 warning generated.
0.5	[38/83] Building CXX object library/CMakeFiles/hipsparse.dir/src/amd_detail/generic/hipsparse_dense2sparse.cpp.o
0.5	In file included from /work/grodgers/git/tr-aomp/TheRock/rocm-libraries/projects/hipsparse/library/src/amd_detail/generic/hipsparse_dense2sparse.cpp:31:
0.5	/work/grodgers/git/tr-aomp/TheRock/rocm-libraries/projects/hipsparse/library/src/amd_detail/generic/../utility.h:502:20: warning: 'rocsparse_spmv_alg_csr_stream' is deprecated [-Wdeprecated-declarations]
0.5	  502 |             return rocsparse_spmv_alg_csr_stream;
0.5	      |                    ^
0.5	/work/grodgers/git/tr-aomp/TheRock/build/math-libs/BLAS/rocSPARSE/dist/include/rocsparse/rocsparse-types.h:760:37: note: 'rocsparse_spmv_alg_csr_stream' has been explicitly marked deprecated here
0.5	  760 |     rocsparse_spmv_alg_csr_stream [[deprecated]]
0.5	      |                                     ^
0.5	1 warning generated.
0.5	[39/83] Building CXX object library/CMakeFiles/hipsparse.dir/src/amd_detail/generic/hipsparse_sddmm.cpp.o
0.5	In file included from /work/grodgers/git/tr-aomp/TheRock/rocm-libraries/projects/hipsparse/library/src/amd_detail/generic/hipsparse_sddmm.cpp:31:
0.5	/work/grodgers/git/tr-aomp/TheRock/rocm-libraries/projects/hipsparse/library/src/amd_detail/generic/../utility.h:502:20: warning: 'rocsparse_spmv_alg_csr_stream' is deprecated [-Wdeprecated-declarations]
0.5	  502 |             return rocsparse_spmv_alg_csr_stream;
0.5	      |                    ^
0.5	/work/grodgers/git/tr-aomp/TheRock/build/math-libs/BLAS/rocSPARSE/dist/include/rocsparse/rocsparse-types.h:760:37: note: 'rocsparse_spmv_alg_csr_stream' has been explicitly marked deprecated here
0.5	  760 |     rocsparse_spmv_alg_csr_stream [[deprecated]]
0.5	      |                                     ^
0.5	1 warning generated.
0.5	[40/83] Building CXX object library/CMakeFiles/hipsparse.dir/src/amd_detail/level1/hipsparse_roti.cpp.o
0.5	In file included from /work/grodgers/git/tr-aomp/TheRock/rocm-libraries/projects/hipsparse/library/src/amd_detail/level1/hipsparse_roti.cpp:31:
0.5	/work/grodgers/git/tr-aomp/TheRock/rocm-libraries/projects/hipsparse/library/src/amd_detail/level1/../utility.h:502:20: warning: 'rocsparse_spmv_alg_csr_stream' is deprecated [-Wdeprecated-declarations]
0.5	  502 |             return rocsparse_spmv_alg_csr_stream;
0.5	      |                    ^
0.5	/work/grodgers/git/tr-aomp/TheRock/build/math-libs/BLAS/rocSPARSE/dist/include/rocsparse/rocsparse-types.h:760:37: note: 'rocsparse_spmv_alg_csr_stream' has been explicitly marked deprecated here
0.5	  760 |     rocsparse_spmv_alg_csr_stream [[deprecated]]
0.5	      |                                     ^
0.5	1 warning generated.
0.5	[41/83] Building CXX object library/CMakeFiles/hipsparse.dir/src/amd_detail/level2/hipsparse_bsrmv.cpp.o
0.5	In file included from /work/grodgers/git/tr-aomp/TheRock/rocm-libraries/projects/hipsparse/library/src/amd_detail/level2/hipsparse_bsrmv.cpp:31:
0.5	/work/grodgers/git/tr-aomp/TheRock/rocm-libraries/projects/hipsparse/library/src/amd_detail/level2/../utility.h:502:20: warning: 'rocsparse_spmv_alg_csr_stream' is deprecated [-Wdeprecated-declarations]
0.5	  502 |             return rocsparse_spmv_alg_csr_stream;
0.5	      |                    ^
0.5	/work/grodgers/git/tr-aomp/TheRock/build/math-libs/BLAS/rocSPARSE/dist/include/rocsparse/rocsparse-types.h:760:37: note: 'rocsparse_spmv_alg_csr_stream' has been explicitly marked deprecated here
0.5	  760 |     rocsparse_spmv_alg_csr_stream [[deprecated]]
0.5	      |                                     ^
0.5	1 warning generated.
0.5	[42/83] Building CXX object library/CMakeFiles/hipsparse.dir/src/amd_detail/level2/hipsparse_bsrxmv.cpp.o
0.5	In file included from /work/grodgers/git/tr-aomp/TheRock/rocm-libraries/projects/hipsparse/library/src/amd_detail/level2/hipsparse_bsrxmv.cpp:31:
0.5	/work/grodgers/git/tr-aomp/TheRock/rocm-libraries/projects/hipsparse/library/src/amd_detail/level2/../utility.h:502:20: warning: 'rocsparse_spmv_alg_csr_stream' is deprecated [-Wdeprecated-declarations]
0.5	  502 |             return rocsparse_spmv_alg_csr_stream;
0.5	      |                    ^
0.5	/work/grodgers/git/tr-aomp/TheRock/build/math-libs/BLAS/rocSPARSE/dist/include/rocsparse/rocsparse-types.h:760:37: note: 'rocsparse_spmv_alg_csr_stream' has been explicitly marked deprecated here
0.5	  760 |     rocsparse_spmv_alg_csr_stream [[deprecated]]
0.5	      |                                     ^
0.5	1 warning generated.
0.5	[43/83] Building CXX object library/CMakeFiles/hipsparse.dir/src/amd_detail/conversion/hipsparse_gebsr2csr.cpp.o
0.5	In file included from /work/grodgers/git/tr-aomp/TheRock/rocm-libraries/projects/hipsparse/library/src/amd_detail/conversion/hipsparse_gebsr2csr.cpp:31:
0.5	/work/grodgers/git/tr-aomp/TheRock/rocm-libraries/projects/hipsparse/library/src/amd_detail/conversion/../utility.h:502:20: warning: 'rocsparse_spmv_alg_csr_stream' is deprecated [-Wdeprecated-declarations]
0.5	  502 |             return rocsparse_spmv_alg_csr_stream;
0.5	      |                    ^
0.5	/work/grodgers/git/tr-aomp/TheRock/build/math-libs/BLAS/rocSPARSE/dist/include/rocsparse/rocsparse-types.h:760:37: note: 'rocsparse_spmv_alg_csr_stream' has been explicitly marked deprecated here
0.5	  760 |     rocsparse_spmv_alg_csr_stream [[deprecated]]
0.5	      |                                     ^
0.5	1 warning generated.
0.5	[44/83] Building CXX object library/CMakeFiles/hipsparse.dir/src/amd_detail/conversion/hipsparse_gebsr2gebsr.cpp.o
0.5	In file included from /work/grodgers/git/tr-aomp/TheRock/rocm-libraries/projects/hipsparse/library/src/amd_detail/conversion/hipsparse_gebsr2gebsr.cpp:31:
0.5	/work/grodgers/git/tr-aomp/TheRock/rocm-libraries/projects/hipsparse/library/src/amd_detail/conversion/../utility.h:502:20: warning: 'rocsparse_spmv_alg_csr_stream' is deprecated [-Wdeprecated-declarations]
0.5	  502 |             return rocsparse_spmv_alg_csr_stream;
0.5	      |                    ^
0.5	/work/grodgers/git/tr-aomp/TheRock/build/math-libs/BLAS/rocSPARSE/dist/include/rocsparse/rocsparse-types.h:760:37: note: 'rocsparse_spmv_alg_csr_stream' has been explicitly marked deprecated here
0.5	  760 |     rocsparse_spmv_alg_csr_stream [[deprecated]]
0.5	      |                                     ^
0.5	1 warning generated.
0.5	[45/83] Building CXX object library/CMakeFiles/hipsparse.dir/src/amd_detail/conversion/hipsparse_prune_csr2csr_by_percentage.cpp.o
0.5	In file included from /work/grodgers/git/tr-aomp/TheRock/rocm-libraries/projects/hipsparse/library/src/amd_detail/conversion/hipsparse_prune_csr2csr_by_percentage.cpp:31:
0.5	/work/grodgers/git/tr-aomp/TheRock/rocm-libraries/projects/hipsparse/library/src/amd_detail/conversion/../utility.h:502:20: warning: 'rocsparse_spmv_alg_csr_stream' is deprecated [-Wdeprecated-declarations]
0.5	  502 |             return rocsparse_spmv_alg_csr_stream;
0.5	      |                    ^
0.5	/work/grodgers/git/tr-aomp/TheRock/build/math-libs/BLAS/rocSPARSE/dist/include/rocsparse/rocsparse-types.h:760:37: note: 'rocsparse_spmv_alg_csr_stream' has been explicitly marked deprecated here
0.5	  760 |     rocsparse_spmv_alg_csr_stream [[deprecated]]
0.5	      |                                     ^
0.5	1 warning generated.
0.5	[46/83] Building CXX object library/CMakeFiles/hipsparse.dir/src/amd_detail/level2/hipsparse_hybmv.cpp.o
0.5	In file included from /work/grodgers/git/tr-aomp/TheRock/rocm-libraries/projects/hipsparse/library/src/amd_detail/level2/hipsparse_hybmv.cpp:31:
0.5	/work/grodgers/git/tr-aomp/TheRock/rocm-libraries/projects/hipsparse/library/src/amd_detail/level2/../utility.h:502:20: warning: 'rocsparse_spmv_alg_csr_stream' is deprecated [-Wdeprecated-declarations]
0.5	  502 |             return rocsparse_spmv_alg_csr_stream;
0.5	      |                    ^
0.5	/work/grodgers/git/tr-aomp/TheRock/build/math-libs/BLAS/rocSPARSE/dist/include/rocsparse/rocsparse-types.h:760:37: note: 'rocsparse_spmv_alg_csr_stream' has been explicitly marked deprecated here
0.5	  760 |     rocsparse_spmv_alg_csr_stream [[deprecated]]
0.5	      |                                     ^
0.5	1 warning generated.
0.5	[47/83] Building CXX object library/CMakeFiles/hipsparse.dir/src/amd_detail/reorder/hipsparse_csrcolor.cpp.o
0.5	In file included from /work/grodgers/git/tr-aomp/TheRock/rocm-libraries/projects/hipsparse/library/src/amd_detail/reorder/hipsparse_csrcolor.cpp:31:
0.5	/work/grodgers/git/tr-aomp/TheRock/rocm-libraries/projects/hipsparse/library/src/amd_detail/reorder/../utility.h:502:20: warning: 'rocsparse_spmv_alg_csr_stream' is deprecated [-Wdeprecated-declarations]
0.5	  502 |             return rocsparse_spmv_alg_csr_stream;
0.5	      |                    ^
0.5	/work/grodgers/git/tr-aomp/TheRock/build/math-libs/BLAS/rocSPARSE/dist/include/rocsparse/rocsparse-types.h:760:37: note: 'rocsparse_spmv_alg_csr_stream' has been explicitly marked deprecated here
0.5	  760 |     rocsparse_spmv_alg_csr_stream [[deprecated]]
0.5	      |                                     ^
0.5	1 warning generated.
0.5	[48/83] Building CXX object library/CMakeFiles/hipsparse.dir/src/amd_detail/conversion/hipsparse_dense2csr.cpp.o
0.5	In file included from /work/grodgers/git/tr-aomp/TheRock/rocm-libraries/projects/hipsparse/library/src/amd_detail/conversion/hipsparse_dense2csr.cpp:31:
0.5	/work/grodgers/git/tr-aomp/TheRock/rocm-libraries/projects/hipsparse/library/src/amd_detail/conversion/../utility.h:502:20: warning: 'rocsparse_spmv_alg_csr_stream' is deprecated [-Wdeprecated-declarations]
0.5	  502 |             return rocsparse_spmv_alg_csr_stream;
0.5	      |                    ^
0.5	/work/grodgers/git/tr-aomp/TheRock/build/math-libs/BLAS/rocSPARSE/dist/include/rocsparse/rocsparse-types.h:760:37: note: 'rocsparse_spmv_alg_csr_stream' has been explicitly marked deprecated here
0.5	  760 |     rocsparse_spmv_alg_csr_stream [[deprecated]]
0.5	      |                                     ^
0.5	1 warning generated.
0.5	[49/83] Building CXX object library/CMakeFiles/hipsparse.dir/src/amd_detail/generic/hipsparse_spmm.cpp.o
0.5	In file included from /work/grodgers/git/tr-aomp/TheRock/rocm-libraries/projects/hipsparse/library/src/amd_detail/generic/hipsparse_spmm.cpp:31:
0.5	/work/grodgers/git/tr-aomp/TheRock/rocm-libraries/projects/hipsparse/library/src/amd_detail/generic/../utility.h:502:20: warning: 'rocsparse_spmv_alg_csr_stream' is deprecated [-Wdeprecated-declarations]
0.5	  502 |             return rocsparse_spmv_alg_csr_stream;
0.5	      |                    ^
0.5	/work/grodgers/git/tr-aomp/TheRock/build/math-libs/BLAS/rocSPARSE/dist/include/rocsparse/rocsparse-types.h:760:37: note: 'rocsparse_spmv_alg_csr_stream' has been explicitly marked deprecated here
0.5	  760 |     rocsparse_spmv_alg_csr_stream [[deprecated]]
0.5	      |                                     ^
0.5	1 warning generated.
0.5	[50/83] Building CXX object library/CMakeFiles/hipsparse.dir/src/amd_detail/generic/hipsparse_spsv.cpp.o
0.5	In file included from /work/grodgers/git/tr-aomp/TheRock/rocm-libraries/projects/hipsparse/library/src/amd_detail/generic/hipsparse_spsv.cpp:31:
0.5	/work/grodgers/git/tr-aomp/TheRock/rocm-libraries/projects/hipsparse/library/src/amd_detail/generic/../utility.h:502:20: warning: 'rocsparse_spmv_alg_csr_stream' is deprecated [-Wdeprecated-declarations]
0.5	  502 |             return rocsparse_spmv_alg_csr_stream;
0.5	      |                    ^
0.5	/work/grodgers/git/tr-aomp/TheRock/build/math-libs/BLAS/rocSPARSE/dist/include/rocsparse/rocsparse-types.h:760:37: note: 'rocsparse_spmv_alg_csr_stream' has been explicitly marked deprecated here
0.5	  760 |     rocsparse_spmv_alg_csr_stream [[deprecated]]
0.5	      |                                     ^
0.5	1 warning generated.
0.5	[51/83] Building CXX object library/CMakeFiles/hipsparse.dir/src/amd_detail/level2/hipsparse_csrmv.cpp.o
0.5	In file included from /work/grodgers/git/tr-aomp/TheRock/rocm-libraries/projects/hipsparse/library/src/amd_detail/level2/hipsparse_csrmv.cpp:31:
0.5	/work/grodgers/git/tr-aomp/TheRock/rocm-libraries/projects/hipsparse/library/src/amd_detail/level2/../utility.h:502:20: warning: 'rocsparse_spmv_alg_csr_stream' is deprecated [-Wdeprecated-declarations]
0.5	  502 |             return rocsparse_spmv_alg_csr_stream;
0.5	      |                    ^
0.5	/work/grodgers/git/tr-aomp/TheRock/build/math-libs/BLAS/rocSPARSE/dist/include/rocsparse/rocsparse-types.h:760:37: note: 'rocsparse_spmv_alg_csr_stream' has been explicitly marked deprecated here
0.5	  760 |     rocsparse_spmv_alg_csr_stream [[deprecated]]
0.5	      |                                     ^
0.5	1 warning generated.
0.5	[52/83] Building CXX object library/CMakeFiles/hipsparse.dir/src/amd_detail/level3/hipsparse_bsrmm.cpp.o
0.5	In file included from /work/grodgers/git/tr-aomp/TheRock/rocm-libraries/projects/hipsparse/library/src/amd_detail/level3/hipsparse_bsrmm.cpp:31:
0.5	/work/grodgers/git/tr-aomp/TheRock/rocm-libraries/projects/hipsparse/library/src/amd_detail/level3/../utility.h:502:20: warning: 'rocsparse_spmv_alg_csr_stream' is deprecated [-Wdeprecated-declarations]
0.5	  502 |             return rocsparse_spmv_alg_csr_stream;
0.5	      |                    ^
0.5	/work/grodgers/git/tr-aomp/TheRock/build/math-libs/BLAS/rocSPARSE/dist/include/rocsparse/rocsparse-types.h:760:37: note: 'rocsparse_spmv_alg_csr_stream' has been explicitly marked deprecated here
0.5	  760 |     rocsparse_spmv_alg_csr_stream [[deprecated]]
0.5	      |                                     ^
0.5	1 warning generated.
0.5	[53/83] Building CXX object library/CMakeFiles/hipsparse.dir/src/amd_detail/precond/hipsparse_gtsv_interleaved_batch.cpp.o
0.5	In file included from /work/grodgers/git/tr-aomp/TheRock/rocm-libraries/projects/hipsparse/library/src/amd_detail/precond/hipsparse_gtsv_interleaved_batch.cpp:31:
0.5	/work/grodgers/git/tr-aomp/TheRock/rocm-libraries/projects/hipsparse/library/src/amd_detail/precond/../utility.h:502:20: warning: 'rocsparse_spmv_alg_csr_stream' is deprecated [-Wdeprecated-declarations]
0.5	  502 |             return rocsparse_spmv_alg_csr_stream;
0.5	      |                    ^
0.5	/work/grodgers/git/tr-aomp/TheRock/build/math-libs/BLAS/rocSPARSE/dist/include/rocsparse/rocsparse-types.h:760:37: note: 'rocsparse_spmv_alg_csr_stream' has been explicitly marked deprecated here
0.5	  760 |     rocsparse_spmv_alg_csr_stream [[deprecated]]
0.5	      |                                     ^
0.5	1 warning generated.
0.5	[54/83] Building CXX object library/CMakeFiles/hipsparse.dir/src/amd_detail/precond/hipsparse_gtsv_nopivot.cpp.o
0.5	In file included from /work/grodgers/git/tr-aomp/TheRock/rocm-libraries/projects/hipsparse/library/src/amd_detail/precond/hipsparse_gtsv_nopivot.cpp:31:
0.5	/work/grodgers/git/tr-aomp/TheRock/rocm-libraries/projects/hipsparse/library/src/amd_detail/precond/../utility.h:502:20: warning: 'rocsparse_spmv_alg_csr_stream' is deprecated [-Wdeprecated-declarations]
0.5	  502 |             return rocsparse_spmv_alg_csr_stream;
0.5	      |                    ^
0.5	/work/grodgers/git/tr-aomp/TheRock/build/math-libs/BLAS/rocSPARSE/dist/include/rocsparse/rocsparse-types.h:760:37: note: 'rocsparse_spmv_alg_csr_stream' has been explicitly marked deprecated here
0.5	  760 |     rocsparse_spmv_alg_csr_stream [[deprecated]]
0.5	      |                                     ^
0.5	1 warning generated.
0.5	[55/83] Building CXX object library/CMakeFiles/hipsparse.dir/src/amd_detail/conversion/hipsparse_gebsr2gebsc.cpp.o
0.5	In file included from /work/grodgers/git/tr-aomp/TheRock/rocm-libraries/projects/hipsparse/library/src/amd_detail/conversion/hipsparse_gebsr2gebsc.cpp:31:
0.5	/work/grodgers/git/tr-aomp/TheRock/rocm-libraries/projects/hipsparse/library/src/amd_detail/conversion/../utility.h:502:20: warning: 'rocsparse_spmv_alg_csr_stream' is deprecated [-Wdeprecated-declarations]
0.5	  502 |             return rocsparse_spmv_alg_csr_stream;
0.5	      |                    ^
0.5	/work/grodgers/git/tr-aomp/TheRock/build/math-libs/BLAS/rocSPARSE/dist/include/rocsparse/rocsparse-types.h:760:37: note: 'rocsparse_spmv_alg_csr_stream' has been explicitly marked deprecated here
0.5	  760 |     rocsparse_spmv_alg_csr_stream [[deprecated]]
0.5	      |                                     ^
0.5	1 warning generated.
0.5	[56/83] Building CXX object library/CMakeFiles/hipsparse.dir/src/amd_detail/extra/hipsparse_csrgeam.cpp.o
0.5	In file included from /work/grodgers/git/tr-aomp/TheRock/rocm-libraries/projects/hipsparse/library/src/amd_detail/extra/hipsparse_csrgeam.cpp:31:
0.5	/work/grodgers/git/tr-aomp/TheRock/rocm-libraries/projects/hipsparse/library/src/amd_detail/extra/../utility.h:502:20: warning: 'rocsparse_spmv_alg_csr_stream' is deprecated [-Wdeprecated-declarations]
0.5	  502 |             return rocsparse_spmv_alg_csr_stream;
0.5	      |                    ^
0.5	/work/grodgers/git/tr-aomp/TheRock/build/math-libs/BLAS/rocSPARSE/dist/include/rocsparse/rocsparse-types.h:760:37: note: 'rocsparse_spmv_alg_csr_stream' has been explicitly marked deprecated here
0.5	  760 |     rocsparse_spmv_alg_csr_stream [[deprecated]]
0.5	      |                                     ^
0.5	1 warning generated.
0.5	[57/83] Building CXX object library/CMakeFiles/hipsparse.dir/src/amd_detail/generic/hipsparse_spsm.cpp.o
0.5	In file included from /work/grodgers/git/tr-aomp/TheRock/rocm-libraries/projects/hipsparse/library/src/amd_detail/generic/hipsparse_spsm.cpp:31:
0.5	/work/grodgers/git/tr-aomp/TheRock/rocm-libraries/projects/hipsparse/library/src/amd_detail/generic/../utility.h:502:20: warning: 'rocsparse_spmv_alg_csr_stream' is deprecated [-Wdeprecated-declarations]
0.5	  502 |             return rocsparse_spmv_alg_csr_stream;
0.5	      |                    ^
0.5	/work/grodgers/git/tr-aomp/TheRock/build/math-libs/BLAS/rocSPARSE/dist/include/rocsparse/rocsparse-types.h:760:37: note: 'rocsparse_spmv_alg_csr_stream' has been explicitly marked deprecated here
0.5	  760 |     rocsparse_spmv_alg_csr_stream [[deprecated]]
0.5	      |                                     ^
0.5	1 warning generated.
0.5	[58/83] Building CXX object library/CMakeFiles/hipsparse.dir/src/amd_detail/level1/hipsparse_dotci.cpp.o
0.5	In file included from /work/grodgers/git/tr-aomp/TheRock/rocm-libraries/projects/hipsparse/library/src/amd_detail/level1/hipsparse_dotci.cpp:31:
0.5	/work/grodgers/git/tr-aomp/TheRock/rocm-libraries/projects/hipsparse/library/src/amd_detail/level1/../utility.h:502:20: warning: 'rocsparse_spmv_alg_csr_stream' is deprecated [-Wdeprecated-declarations]
0.5	  502 |             return rocsparse_spmv_alg_csr_stream;
0.5	      |                    ^
0.5	/work/grodgers/git/tr-aomp/TheRock/build/math-libs/BLAS/rocSPARSE/dist/include/rocsparse/rocsparse-types.h:760:37: note: 'rocsparse_spmv_alg_csr_stream' has been explicitly marked deprecated here
0.5	  760 |     rocsparse_spmv_alg_csr_stream [[deprecated]]
0.5	      |                                     ^
0.5	1 warning generated.
0.5	[59/83] Building CXX object library/CMakeFiles/hipsparse.dir/src/amd_detail/conversion/hipsparse_csr2gebsr.cpp.o
0.5	In file included from /work/grodgers/git/tr-aomp/TheRock/rocm-libraries/projects/hipsparse/library/src/amd_detail/conversion/hipsparse_csr2gebsr.cpp:31:
0.5	/work/grodgers/git/tr-aomp/TheRock/rocm-libraries/projects/hipsparse/library/src/amd_detail/conversion/../utility.h:502:20: warning: 'rocsparse_spmv_alg_csr_stream' is deprecated [-Wdeprecated-declarations]
0.5	  502 |             return rocsparse_spmv_alg_csr_stream;
0.5	      |                    ^
0.5	/work/grodgers/git/tr-aomp/TheRock/build/math-libs/BLAS/rocSPARSE/dist/include/rocsparse/rocsparse-types.h:760:37: note: 'rocsparse_spmv_alg_csr_stream' has been explicitly marked deprecated here
0.5	  760 |     rocsparse_spmv_alg_csr_stream [[deprecated]]
0.5	      |                                     ^
0.5	1 warning generated.
0.5	[60/83] Building CXX object library/CMakeFiles/hipsparse.dir/src/amd_detail/level3/hipsparse_gemmi.cpp.o
0.5	In file included from /work/grodgers/git/tr-aomp/TheRock/rocm-libraries/projects/hipsparse/library/src/amd_detail/level3/hipsparse_gemmi.cpp:31:
0.5	/work/grodgers/git/tr-aomp/TheRock/rocm-libraries/projects/hipsparse/library/src/amd_detail/level3/../utility.h:502:20: warning: 'rocsparse_spmv_alg_csr_stream' is deprecated [-Wdeprecated-declarations]
0.5	  502 |             return rocsparse_spmv_alg_csr_stream;
0.5	      |                    ^
0.5	/work/grodgers/git/tr-aomp/TheRock/build/math-libs/BLAS/rocSPARSE/dist/include/rocsparse/rocsparse-types.h:760:37: note: 'rocsparse_spmv_alg_csr_stream' has been explicitly marked deprecated here
0.5	  760 |     rocsparse_spmv_alg_csr_stream [[deprecated]]
0.5	      |                                     ^
0.5	1 warning generated.
0.5	[61/83] Building CXX object library/CMakeFiles/hipsparse.dir/src/amd_detail/precond/hipsparse_gtsv_strided_batch.cpp.o
0.5	In file included from /work/grodgers/git/tr-aomp/TheRock/rocm-libraries/projects/hipsparse/library/src/amd_detail/precond/hipsparse_gtsv_strided_batch.cpp:31:
0.5	/work/grodgers/git/tr-aomp/TheRock/rocm-libraries/projects/hipsparse/library/src/amd_detail/precond/../utility.h:502:20: warning: 'rocsparse_spmv_alg_csr_stream' is deprecated [-Wdeprecated-declarations]
0.5	  502 |             return rocsparse_spmv_alg_csr_stream;
0.5	      |                    ^
0.5	/work/grodgers/git/tr-aomp/TheRock/build/math-libs/BLAS/rocSPARSE/dist/include/rocsparse/rocsparse-types.h:760:37: note: 'rocsparse_spmv_alg_csr_stream' has been explicitly marked deprecated here
0.5	  760 |     rocsparse_spmv_alg_csr_stream [[deprecated]]
0.5	      |                                     ^
0.5	1 warning generated.
0.5	[62/83] Building CXX object library/CMakeFiles/hipsparse.dir/src/amd_detail/level3/hipsparse_csrmm.cpp.o
0.5	In file included from /work/grodgers/git/tr-aomp/TheRock/rocm-libraries/projects/hipsparse/library/src/amd_detail/level3/hipsparse_csrmm.cpp:31:
0.5	/work/grodgers/git/tr-aomp/TheRock/rocm-libraries/projects/hipsparse/library/src/amd_detail/level3/../utility.h:502:20: warning: 'rocsparse_spmv_alg_csr_stream' is deprecated [-Wdeprecated-declarations]
0.5	  502 |             return rocsparse_spmv_alg_csr_stream;
0.5	      |                    ^
0.5	/work/grodgers/git/tr-aomp/TheRock/build/math-libs/BLAS/rocSPARSE/dist/include/rocsparse/rocsparse-types.h:760:37: note: 'rocsparse_spmv_alg_csr_stream' has been explicitly marked deprecated here
0.5	  760 |     rocsparse_spmv_alg_csr_stream [[deprecated]]
0.5	      |                                     ^
0.5	1 warning generated.
0.5	[63/83] Building CXX object library/CMakeFiles/hipsparse.dir/src/amd_detail/precond/hipsparse_gtsv.cpp.o
0.5	In file included from /work/grodgers/git/tr-aomp/TheRock/rocm-libraries/projects/hipsparse/library/src/amd_detail/precond/hipsparse_gtsv.cpp:31:
0.5	/work/grodgers/git/tr-aomp/TheRock/rocm-libraries/projects/hipsparse/library/src/amd_detail/precond/../utility.h:502:20: warning: 'rocsparse_spmv_alg_csr_stream' is deprecated [-Wdeprecated-declarations]
0.5	  502 |             return rocsparse_spmv_alg_csr_stream;
0.5	      |                    ^
0.5	/work/grodgers/git/tr-aomp/TheRock/build/math-libs/BLAS/rocSPARSE/dist/include/rocsparse/rocsparse-types.h:760:37: note: 'rocsparse_spmv_alg_csr_stream' has been explicitly marked deprecated here
0.5	  760 |     rocsparse_spmv_alg_csr_stream [[deprecated]]
0.5	      |                                     ^
0.5	1 warning generated.
0.5	[64/83] Building CXX object library/CMakeFiles/hipsparse.dir/src/amd_detail/level3/hipsparse_csrsm.cpp.o
0.5	In file included from /work/grodgers/git/tr-aomp/TheRock/rocm-libraries/projects/hipsparse/library/src/amd_detail/level3/hipsparse_csrsm.cpp:31:
0.5	/work/grodgers/git/tr-aomp/TheRock/rocm-libraries/projects/hipsparse/library/src/amd_detail/level3/../utility.h:502:20: warning: 'rocsparse_spmv_alg_csr_stream' is deprecated [-Wdeprecated-declarations]
0.5	  502 |             return rocsparse_spmv_alg_csr_stream;
0.5	      |                    ^
0.5	/work/grodgers/git/tr-aomp/TheRock/build/math-libs/BLAS/rocSPARSE/dist/include/rocsparse/rocsparse-types.h:760:37: note: 'rocsparse_spmv_alg_csr_stream' has been explicitly marked deprecated here
0.5	  760 |     rocsparse_spmv_alg_csr_stream [[deprecated]]
0.5	      |                                     ^
0.5	1 warning generated.
0.5	[65/83] Building CXX object library/CMakeFiles/hipsparse.dir/src/amd_detail/precond/hipsparse_gpsv_interleaved_batch.cpp.o
0.5	In file included from /work/grodgers/git/tr-aomp/TheRock/rocm-libraries/projects/hipsparse/library/src/amd_detail/precond/hipsparse_gpsv_interleaved_batch.cpp:31:
0.5	/work/grodgers/git/tr-aomp/TheRock/rocm-libraries/projects/hipsparse/library/src/amd_detail/precond/../utility.h:502:20: warning: 'rocsparse_spmv_alg_csr_stream' is deprecated [-Wdeprecated-declarations]
0.5	  502 |             return rocsparse_spmv_alg_csr_stream;
0.5	      |                    ^
0.5	/work/grodgers/git/tr-aomp/TheRock/build/math-libs/BLAS/rocSPARSE/dist/include/rocsparse/rocsparse-types.h:760:37: note: 'rocsparse_spmv_alg_csr_stream' has been explicitly marked deprecated here
0.5	  760 |     rocsparse_spmv_alg_csr_stream [[deprecated]]
0.5	      |                                     ^
0.5	1 warning generated.
0.5	[66/83] Building CXX object library/CMakeFiles/hipsparse.dir/src/amd_detail/level3/hipsparse_bsrsm.cpp.o
0.5	In file included from /work/grodgers/git/tr-aomp/TheRock/rocm-libraries/projects/hipsparse/library/src/amd_detail/level3/hipsparse_bsrsm.cpp:31:
0.5	/work/grodgers/git/tr-aomp/TheRock/rocm-libraries/projects/hipsparse/library/src/amd_detail/level3/../utility.h:502:20: warning: 'rocsparse_spmv_alg_csr_stream' is deprecated [-Wdeprecated-declarations]
0.5	  502 |             return rocsparse_spmv_alg_csr_stream;
0.5	      |                    ^
0.5	/work/grodgers/git/tr-aomp/TheRock/build/math-libs/BLAS/rocSPARSE/dist/include/rocsparse/rocsparse-types.h:760:37: note: 'rocsparse_spmv_alg_csr_stream' has been explicitly marked deprecated here
0.5	  760 |     rocsparse_spmv_alg_csr_stream [[deprecated]]
0.5	      |                                     ^
0.5	1 warning generated.
0.5	[67/83] Building CXX object library/CMakeFiles/hipsparse.dir/src/amd_detail/precond/hipsparse_bsric0.cpp.o
0.5	In file included from /work/grodgers/git/tr-aomp/TheRock/rocm-libraries/projects/hipsparse/library/src/amd_detail/precond/hipsparse_bsric0.cpp:31:
0.5	/work/grodgers/git/tr-aomp/TheRock/rocm-libraries/projects/hipsparse/library/src/amd_detail/precond/../utility.h:502:20: warning: 'rocsparse_spmv_alg_csr_stream' is deprecated [-Wdeprecated-declarations]
0.5	  502 |             return rocsparse_spmv_alg_csr_stream;
0.5	      |                    ^
0.5	/work/grodgers/git/tr-aomp/TheRock/build/math-libs/BLAS/rocSPARSE/dist/include/rocsparse/rocsparse-types.h:760:37: note: 'rocsparse_spmv_alg_csr_stream' has been explicitly marked deprecated here
0.5	  760 |     rocsparse_spmv_alg_csr_stream [[deprecated]]
0.5	      |                                     ^
0.5	1 warning generated.
0.5	[68/83] Building CXX object library/CMakeFiles/hipsparse.dir/src/amd_detail/conversion/hipsparse_csr2csc.cpp.o
0.5	In file included from /work/grodgers/git/tr-aomp/TheRock/rocm-libraries/projects/hipsparse/library/src/amd_detail/conversion/hipsparse_csr2csc.cpp:31:
0.5	/work/grodgers/git/tr-aomp/TheRock/rocm-libraries/projects/hipsparse/library/src/amd_detail/conversion/../utility.h:502:20: warning: 'rocsparse_spmv_alg_csr_stream' is deprecated [-Wdeprecated-declarations]
0.5	  502 |             return rocsparse_spmv_alg_csr_stream;
0.5	      |                    ^
0.5	/work/grodgers/git/tr-aomp/TheRock/build/math-libs/BLAS/rocSPARSE/dist/include/rocsparse/rocsparse-types.h:760:37: note: 'rocsparse_spmv_alg_csr_stream' has been explicitly marked deprecated here
0.5	  760 |     rocsparse_spmv_alg_csr_stream [[deprecated]]
0.5	      |                                     ^
0.5	1 warning generated.
0.5	[69/83] Building CXX object library/CMakeFiles/hipsparse.dir/src/amd_detail/generic/hipsparse_spgemm.cpp.o
0.5	In file included from /work/grodgers/git/tr-aomp/TheRock/rocm-libraries/projects/hipsparse/library/src/amd_detail/generic/hipsparse_spgemm.cpp:31:
0.5	/work/grodgers/git/tr-aomp/TheRock/rocm-libraries/projects/hipsparse/library/src/amd_detail/generic/../utility.h:502:20: warning: 'rocsparse_spmv_alg_csr_stream' is deprecated [-Wdeprecated-declarations]
0.5	  502 |             return rocsparse_spmv_alg_csr_stream;
0.5	      |                    ^
0.5	/work/grodgers/git/tr-aomp/TheRock/build/math-libs/BLAS/rocSPARSE/dist/include/rocsparse/rocsparse-types.h:760:37: note: 'rocsparse_spmv_alg_csr_stream' has been explicitly marked deprecated here
0.5	  760 |     rocsparse_spmv_alg_csr_stream [[deprecated]]
0.5	      |                                     ^
0.5	1 warning generated.
0.5	[70/83] Building CXX object library/CMakeFiles/hipsparse.dir/src/amd_detail/generic/hipsparse_spgemm_reuse.cpp.o
0.5	In file included from /work/grodgers/git/tr-aomp/TheRock/rocm-libraries/projects/hipsparse/library/src/amd_detail/generic/hipsparse_spgemm_reuse.cpp:31:
0.5	/work/grodgers/git/tr-aomp/TheRock/rocm-libraries/projects/hipsparse/library/src/amd_detail/generic/../utility.h:502:20: warning: 'rocsparse_spmv_alg_csr_stream' is deprecated [-Wdeprecated-declarations]
0.5	  502 |             return rocsparse_spmv_alg_csr_stream;
0.5	      |                    ^
0.5	/work/grodgers/git/tr-aomp/TheRock/build/math-libs/BLAS/rocSPARSE/dist/include/rocsparse/rocsparse-types.h:760:37: note: 'rocsparse_spmv_alg_csr_stream' has been explicitly marked deprecated here
0.5	  760 |     rocsparse_spmv_alg_csr_stream [[deprecated]]
0.5	      |                                     ^
0.5	1 warning generated.
0.5	[71/83] Building CXX object library/CMakeFiles/hipsparse.dir/src/amd_detail/generic/hipsparse_spmv.cpp.o
0.5	In file included from /work/grodgers/git/tr-aomp/TheRock/rocm-libraries/projects/hipsparse/library/src/amd_detail/generic/hipsparse_spmv.cpp:31:
0.5	/work/grodgers/git/tr-aomp/TheRock/rocm-libraries/projects/hipsparse/library/src/amd_detail/generic/../utility.h:502:20: warning: 'rocsparse_spmv_alg_csr_stream' is deprecated [-Wdeprecated-declarations]
0.5	  502 |             return rocsparse_spmv_alg_csr_stream;
0.5	      |                    ^
0.5	/work/grodgers/git/tr-aomp/TheRock/build/math-libs/BLAS/rocSPARSE/dist/include/rocsparse/rocsparse-types.h:760:37: note: 'rocsparse_spmv_alg_csr_stream' has been explicitly marked deprecated here
0.5	  760 |     rocsparse_spmv_alg_csr_stream [[deprecated]]
0.5	      |                                     ^
0.5	1 warning generated.
0.5	[72/83] Building CXX object library/CMakeFiles/hipsparse.dir/src/amd_detail/level2/hipsparse_csrsv.cpp.o
0.5	In file included from /work/grodgers/git/tr-aomp/TheRock/rocm-libraries/projects/hipsparse/library/src/amd_detail/level2/hipsparse_csrsv.cpp:31:
0.5	/work/grodgers/git/tr-aomp/TheRock/rocm-libraries/projects/hipsparse/library/src/amd_detail/level2/../utility.h:502:20: warning: 'rocsparse_spmv_alg_csr_stream' is deprecated [-Wdeprecated-declarations]
0.5	  502 |             return rocsparse_spmv_alg_csr_stream;
0.5	      |                    ^
0.5	/work/grodgers/git/tr-aomp/TheRock/build/math-libs/BLAS/rocSPARSE/dist/include/rocsparse/rocsparse-types.h:760:37: note: 'rocsparse_spmv_alg_csr_stream' has been explicitly marked deprecated here
0.5	  760 |     rocsparse_spmv_alg_csr_stream [[deprecated]]
0.5	      |                                     ^
0.5	1 warning generated.
0.5	[73/83] Building CXX object library/CMakeFiles/hipsparse.dir/src/amd_detail/level2/hipsparse_bsrsv.cpp.o
0.5	In file included from /work/grodgers/git/tr-aomp/TheRock/rocm-libraries/projects/hipsparse/library/src/amd_detail/level2/hipsparse_bsrsv.cpp:31:
0.5	/work/grodgers/git/tr-aomp/TheRock/rocm-libraries/projects/hipsparse/library/src/amd_detail/level2/../utility.h:502:20: warning: 'rocsparse_spmv_alg_csr_stream' is deprecated [-Wdeprecated-declarations]
0.5	  502 |             return rocsparse_spmv_alg_csr_stream;
0.5	      |                    ^
0.5	/work/grodgers/git/tr-aomp/TheRock/build/math-libs/BLAS/rocSPARSE/dist/include/rocsparse/rocsparse-types.h:760:37: note: 'rocsparse_spmv_alg_csr_stream' has been explicitly marked deprecated here
0.5	  760 |     rocsparse_spmv_alg_csr_stream [[deprecated]]
0.5	      |                                     ^
0.5	1 warning generated.
0.5	[74/83] Building CXX object library/CMakeFiles/hipsparse.dir/src/amd_detail/precond/hipsparse_csrilu0.cpp.o
0.5	In file included from /work/grodgers/git/tr-aomp/TheRock/rocm-libraries/projects/hipsparse/library/src/amd_detail/precond/hipsparse_csrilu0.cpp:31:
0.5	/work/grodgers/git/tr-aomp/TheRock/rocm-libraries/projects/hipsparse/library/src/amd_detail/precond/../utility.h:502:20: warning: 'rocsparse_spmv_alg_csr_stream' is deprecated [-Wdeprecated-declarations]
0.5	  502 |             return rocsparse_spmv_alg_csr_stream;
0.5	      |                    ^
0.5	/work/grodgers/git/tr-aomp/TheRock/build/math-libs/BLAS/rocSPARSE/dist/include/rocsparse/rocsparse-types.h:760:37: note: 'rocsparse_spmv_alg_csr_stream' has been explicitly marked deprecated here
0.5	  760 |     rocsparse_spmv_alg_csr_stream [[deprecated]]
0.5	      |                                     ^
0.5	1 warning generated.
0.5	[75/83] Building CXX object library/CMakeFiles/hipsparse.dir/src/amd_detail/level2/hipsparse_gemvi.cpp.o
0.5	In file included from /work/grodgers/git/tr-aomp/TheRock/rocm-libraries/projects/hipsparse/library/src/amd_detail/level2/hipsparse_gemvi.cpp:31:
0.5	/work/grodgers/git/tr-aomp/TheRock/rocm-libraries/projects/hipsparse/library/src/amd_detail/level2/../utility.h:502:20: warning: 'rocsparse_spmv_alg_csr_stream' is deprecated [-Wdeprecated-declarations]
0.5	  502 |             return rocsparse_spmv_alg_csr_stream;
0.5	      |                    ^
0.5	/work/grodgers/git/tr-aomp/TheRock/build/math-libs/BLAS/rocSPARSE/dist/include/rocsparse/rocsparse-types.h:760:37: note: 'rocsparse_spmv_alg_csr_stream' has been explicitly marked deprecated here
0.5	  760 |     rocsparse_spmv_alg_csr_stream [[deprecated]]
0.5	      |                                     ^
0.5	1 warning generated.
0.5	[76/83] Building CXX object library/CMakeFiles/hipsparse.dir/src/amd_detail/precond/hipsparse_csric0.cpp.o
0.5	In file included from /work/grodgers/git/tr-aomp/TheRock/rocm-libraries/projects/hipsparse/library/src/amd_detail/precond/hipsparse_csric0.cpp:31:
0.5	/work/grodgers/git/tr-aomp/TheRock/rocm-libraries/projects/hipsparse/library/src/amd_detail/precond/../utility.h:502:20: warning: 'rocsparse_spmv_alg_csr_stream' is deprecated [-Wdeprecated-declarations]
0.5	  502 |             return rocsparse_spmv_alg_csr_stream;
0.5	      |                    ^
0.5	/work/grodgers/git/tr-aomp/TheRock/build/math-libs/BLAS/rocSPARSE/dist/include/rocsparse/rocsparse-types.h:760:37: note: 'rocsparse_spmv_alg_csr_stream' has been explicitly marked deprecated here
0.5	  760 |     rocsparse_spmv_alg_csr_stream [[deprecated]]
0.5	      |                                     ^
0.5	1 warning generated.
0.5	[77/83] Building CXX object library/CMakeFiles/hipsparse.dir/src/amd_detail/precond/hipsparse_bsrilu0.cpp.o
0.5	In file included from /work/grodgers/git/tr-aomp/TheRock/rocm-libraries/projects/hipsparse/library/src/amd_detail/precond/hipsparse_bsrilu0.cpp:31:
0.5	/work/grodgers/git/tr-aomp/TheRock/rocm-libraries/projects/hipsparse/library/src/amd_detail/precond/../utility.h:502:20: warning: 'rocsparse_spmv_alg_csr_stream' is deprecated [-Wdeprecated-declarations]
0.5	  502 |             return rocsparse_spmv_alg_csr_stream;
0.5	      |                    ^
0.5	/work/grodgers/git/tr-aomp/TheRock/build/math-libs/BLAS/rocSPARSE/dist/include/rocsparse/rocsparse-types.h:760:37: note: 'rocsparse_spmv_alg_csr_stream' has been explicitly marked deprecated here
0.5	  760 |     rocsparse_spmv_alg_csr_stream [[deprecated]]
0.5	      |                                     ^
0.5	1 warning generated.
0.5	[78/83] Building CXX object library/CMakeFiles/hipsparse.dir/src/amd_detail/hipsparse_auxiliary.cpp.o
0.5	In file included from /work/grodgers/git/tr-aomp/TheRock/rocm-libraries/projects/hipsparse/library/src/amd_detail/hipsparse_auxiliary.cpp:31:
0.5	/work/grodgers/git/tr-aomp/TheRock/rocm-libraries/projects/hipsparse/library/src/amd_detail/utility.h:502:20: warning: 'rocsparse_spmv_alg_csr_stream' is deprecated [-Wdeprecated-declarations]
0.5	  502 |             return rocsparse_spmv_alg_csr_stream;
0.5	      |                    ^
0.5	/work/grodgers/git/tr-aomp/TheRock/build/math-libs/BLAS/rocSPARSE/dist/include/rocsparse/rocsparse-types.h:760:37: note: 'rocsparse_spmv_alg_csr_stream' has been explicitly marked deprecated here
0.5	  760 |     rocsparse_spmv_alg_csr_stream [[deprecated]]
0.5	      |                                     ^
0.5	1 warning generated.
0.5	[79/83] Building CXX object library/CMakeFiles/hipsparse.dir/src/amd_detail/conversion/hipsparse_csru2csr.cpp.o
0.5	In file included from /work/grodgers/git/tr-aomp/TheRock/rocm-libraries/projects/hipsparse/library/src/amd_detail/conversion/hipsparse_csru2csr.cpp:31:
0.5	/work/grodgers/git/tr-aomp/TheRock/rocm-libraries/projects/hipsparse/library/src/amd_detail/conversion/../utility.h:502:20: warning: 'rocsparse_spmv_alg_csr_stream' is deprecated [-Wdeprecated-declarations]
0.5	  502 |             return rocsparse_spmv_alg_csr_stream;
0.5	      |                    ^
0.5	/work/grodgers/git/tr-aomp/TheRock/build/math-libs/BLAS/rocSPARSE/dist/include/rocsparse/rocsparse-types.h:760:37: note: 'rocsparse_spmv_alg_csr_stream' has been explicitly marked deprecated here
0.5	  760 |     rocsparse_spmv_alg_csr_stream [[deprecated]]
0.5	      |                                     ^
0.5	1 warning generated.
0.5	[80/83] Building CXX object library/CMakeFiles/hipsparse.dir/src/amd_detail/extra/hipsparse_csrgemm.cpp.o
0.5	In file included from /work/grodgers/git/tr-aomp/TheRock/rocm-libraries/projects/hipsparse/library/src/amd_detail/extra/hipsparse_csrgemm.cpp:31:
0.5	/work/grodgers/git/tr-aomp/TheRock/rocm-libraries/projects/hipsparse/library/src/amd_detail/extra/../utility.h:502:20: warning: 'rocsparse_spmv_alg_csr_stream' is deprecated [-Wdeprecated-declarations]
0.5	  502 |             return rocsparse_spmv_alg_csr_stream;
0.5	      |                    ^
0.5	/work/grodgers/git/tr-aomp/TheRock/build/math-libs/BLAS/rocSPARSE/dist/include/rocsparse/rocsparse-types.h:760:37: note: 'rocsparse_spmv_alg_csr_stream' has been explicitly marked deprecated here
0.5	  760 |     rocsparse_spmv_alg_csr_stream [[deprecated]]
0.5	      |                                     ^
0.5	1 warning generated.
0.6	[81/83] Building CXX object library/CMakeFiles/hipsparse.dir/src/amd_detail/hipsparse_generic_auxiliary.cpp.o
0.6	In file included from /work/grodgers/git/tr-aomp/TheRock/rocm-libraries/projects/hipsparse/library/src/amd_detail/hipsparse_generic_auxiliary.cpp:31:
0.6	/work/grodgers/git/tr-aomp/TheRock/rocm-libraries/projects/hipsparse/library/src/amd_detail/utility.h:502:20: warning: 'rocsparse_spmv_alg_csr_stream' is deprecated [-Wdeprecated-declarations]
0.6	  502 |             return rocsparse_spmv_alg_csr_stream;
0.6	      |                    ^
0.6	/work/grodgers/git/tr-aomp/TheRock/build/math-libs/BLAS/rocSPARSE/dist/include/rocsparse/rocsparse-types.h:760:37: note: 'rocsparse_spmv_alg_csr_stream' has been explicitly marked deprecated here
0.6	  760 |     rocsparse_spmv_alg_csr_stream [[deprecated]]
0.6	      |                                     ^
0.6	1 warning generated.
0.7	[82/83] Linking CXX shared library library/libhipsparse.so.4.0.1
0.7	[83/83] Creating library symlink library/libhipsparse.so.4 library/libhipsparse.so
END	1757698268.8703012	0.6961460113525391	0
