BEGIN	1757694145.0314877
EXEC	/work1/grodgers/git/tr-aomp/TheRock/build/comm-libs/rccl/build	/usr/bin/cmake -E env --unset=ROCM_PATH --unset=ROCM_DIR --unset=HIP_PATH --unset=HIP_DIR -- /usr/bin/cmake -GNinja -B/work/grodgers/git/tr-aomp/TheRock/build/comm-libs/rccl/build -S/work/grodgers/git/tr-aomp/TheRock/comm-libs/rccl -DCMAKE_BUILD_TYPE=Release -DCMAKE_INSTALL_PREFIX=/work/grodgers/git/tr-aomp/TheRock/build/comm-libs/rccl/stage -DTHEROCK_STAGE_INSTALL_ROOT=/work/grodgers/git/tr-aomp/TheRock/build/comm-libs/rccl/stage -DCMAKE_TOOLCHAIN_FILE=/work/grodgers/git/tr-aomp/TheRock/build/comm-libs/rccl/_toolchain.cmake -DCMAKE_PROJECT_TOP_LEVEL_INCLUDES=/work/grodgers/git/tr-aomp/TheRock/build/comm-libs/rccl/_init.cmake -DHIP_PLATFORM=amd -DROCM_PATH= -DROCM_DIR= -DEXPLICIT_ROCM_VERSION=7.0.0 -DENABLE_MSCCLPP=OFF -DENABLE_MSCCL_KERNEL=OFF -DBUILD_TESTS=OFF
0.0	-- Sub-project PKG_CONFIG_PATH: /work/grodgers/git/tr-aomp/TheRock/build/third-party/sysdeps/linux/zlib/build/stage/lib/rocm_sysdeps/lib/pkgconfig:/work/grodgers/git/tr-aomp/TheRock/build/third-party/sysdeps/linux/zstd/build/stage/lib/rocm_sysdeps/lib/pkgconfig:/work/grodgers/git/tr-aomp/TheRock/build/third-party/sysdeps/linux/bzip2/build/stage/lib/rocm_sysdeps/lib/pkgconfig:/work/grodgers/git/tr-aomp/TheRock/build/third-party/sysdeps/linux/elfutils/build/stage/lib/rocm_sysdeps/lib/pkgconfig:/work/grodgers/git/tr-aomp/TheRock/build/third-party/sysdeps/linux/libdrm/build/stage/lib/rocm_sysdeps/lib/pkgconfig:/work/grodgers/git/tr-aomp/TheRock/build/third-party/sysdeps/linux/numactl/build/stage/lib/rocm_sysdeps/lib/pkgconfig:/work/grodgers/git/tr-aomp/TheRock/build/third-party/sysdeps/linux/sqlite3/build/stage/lib/rocm_sysdeps/lib/pkgconfig:
0.0	-- Resolving packages from super-project: ZLIB;zstd;AMDDeviceLibs;Clang;LLD;LLVM;amd_comgr;rocm-core;rocprofiler-register;BZip2;LibElf;libdw;NUMA;hsakmt;hsa-runtime64;hip;HIP;hip-lang;hiprtc;rocm_smi;SQLite3;rocprofiler-sdk;rocprofiler-sdk-roctx;ROCmCMakeBuildTools;ROCM;fmt;GTest
0.1	-- Including TheRock explicit overrides for find_library and find_path
0.1	--   Libraries that must resolve from super-project: hsa-amd-aqlprofile64;hsa-amd-aqlprofile;roctx64
0.1	--   Paths that must resolve from super-project: half/half.hpp;roctracer/roctx.h
0.1	-- The CXX compiler identification is Clang 22.0.6
0.2	-- Detecting CXX compiler ABI info
0.4	-- Detecting CXX compiler ABI info - done
0.4	-- Check for working CXX compiler: /work/grodgers/git/tr-aomp/TheRock/build/core/clr/dist/lib/llvm/bin/clang++ - skipped
0.4	-- Detecting CXX compile features
0.4	-- Detecting CXX compile features - done
0.4	-- Resolving super-project find_package(GTest 1.11 BYPASS_PROVIDER NO_DEFAULT_PATH PATHS /work/grodgers/git/tr-aomp/TheRock/build/third-party/googletest/dist/lib/cmake/GTest)
0.4	-- Resolving system find_package(Threads) (not found in super-project ZLIB;zstd;AMDDeviceLibs;Clang;LLD;LLVM;amd_comgr;rocm-core;rocprofiler-register;BZip2;LibElf;libdw;NUMA;hsakmt;hsa-runtime64;hip;HIP;hip-lang;hiprtc;rocm_smi;SQLite3;rocprofiler-sdk;rocprofiler-sdk-roctx;ROCmCMakeBuildTools;ROCM;fmt;GTest)
0.4	-- Performing Test CMAKE_HAVE_LIBC_PTHREAD
0.5	-- Performing Test CMAKE_HAVE_LIBC_PTHREAD - Success
0.5	-- Found Threads: TRUE  
0.5	-- Resolving super-project find_package(ROCM 0.7.3 QUIET CONFIG BYPASS_PROVIDER NO_DEFAULT_PATH PATHS /work/grodgers/git/tr-aomp/TheRock/build/base/rocm-cmake/dist/share/rocm/cmake)
0.5	CMake Deprecation Warning at /work/grodgers/git/tr-aomp/TheRock/build/base/rocm-cmake/dist/share/rocm/cmake/ROCMConfig.cmake:12 (message):
0.5	  Use of find_package(ROCM) is deprecated as of ROCm 6.4.  Please use
0.5	  find_package(ROCmCMakeBuildTools)
0.5	Call Stack (most recent call first):
0.5	  /work/grodgers/git/tr-aomp/TheRock/cmake/therock_subproject_dep_provider.cmake:54 (find_package)
0.5	  cmake/Dependencies.cmake:84 (find_package)
0.5	  CMakeLists.txt:62 (include)
0.5	
0.5	
0.5	-- Resolving super-project find_package(ROCmCMakeBuildTools BYPASS_PROVIDER NO_DEFAULT_PATH PATHS /work/grodgers/git/tr-aomp/TheRock/build/base/rocm-cmake/dist/share/rocmcmakebuildtools/cmake)
0.5	-- Resolving super-project find_package(fmt QUIET BYPASS_PROVIDER NO_DEFAULT_PATH PATHS /work/grodgers/git/tr-aomp/TheRock/build/third-party/fmt/dist/lib/cmake/fmt)
0.5	-- Using system fmt
0.5	-- fmt include directories: /work/grodgers/git/tr-aomp/TheRock/build/third-party/fmt/dist/include
0.6	-- Checking for ROCm support for GPU targets: gfx90a;gfx942;gfx908
0.6	-- Performing Test COMPILER_HAS_TARGET_ID_gfx90a
1.5	-- Performing Test COMPILER_HAS_TARGET_ID_gfx90a - Success
1.5	-- Performing Test COMPILER_HAS_TARGET_ID_gfx942
2.5	-- Performing Test COMPILER_HAS_TARGET_ID_gfx942 - Success
2.5	-- Performing Test COMPILER_HAS_TARGET_ID_gfx908
3.4	-- Performing Test COMPILER_HAS_TARGET_ID_gfx908 - Success
3.4	-- Compiling for gfx90a;gfx942;gfx908
3.4	-- Resolving super-project find_package(GTest 1.11 BYPASS_PROVIDER NO_DEFAULT_PATH PATHS /work/grodgers/git/tr-aomp/TheRock/build/third-party/googletest/dist/lib/cmake/GTest)
3.4	-- Resolving super-project find_package(ROCM 0.7.3 QUIET CONFIG BYPASS_PROVIDER NO_DEFAULT_PATH PATHS /work/grodgers/git/tr-aomp/TheRock/build/base/rocm-cmake/dist/share/rocm/cmake)
3.4	CMake Deprecation Warning at /work/grodgers/git/tr-aomp/TheRock/build/base/rocm-cmake/dist/share/rocm/cmake/ROCMConfig.cmake:12 (message):
3.4	  Use of find_package(ROCM) is deprecated as of ROCm 6.4.  Please use
3.4	  find_package(ROCmCMakeBuildTools)
3.4	Call Stack (most recent call first):
3.4	  /work/grodgers/git/tr-aomp/TheRock/cmake/therock_subproject_dep_provider.cmake:54 (find_package)
3.4	  cmake/Dependencies.cmake:84 (find_package)
3.4	  CMakeLists.txt:109 (include)
3.4	
3.4	
3.4	-- Resolving super-project find_package(fmt QUIET BYPASS_PROVIDER NO_DEFAULT_PATH PATHS /work/grodgers/git/tr-aomp/TheRock/build/third-party/fmt/dist/lib/cmake/fmt)
3.4	-- Using system fmt
3.4	-- fmt include directories: /work/grodgers/git/tr-aomp/TheRock/build/third-party/fmt/dist/include
3.4	-- ROCM_PATH found: 
3.4	-- Compiling with clang++
3.4	-- Resolving system find_package(Threads) (not found in super-project ZLIB;zstd;AMDDeviceLibs;Clang;LLD;LLVM;amd_comgr;rocm-core;rocprofiler-register;BZip2;LibElf;libdw;NUMA;hsakmt;hsa-runtime64;hip;HIP;hip-lang;hiprtc;rocm_smi;SQLite3;rocprofiler-sdk;rocprofiler-sdk-roctx;ROCmCMakeBuildTools;ROCM;fmt;GTest)
3.4	-- Resolving super-project find_package(hip REQUIRED BYPASS_PROVIDER NO_DEFAULT_PATH PATHS /work/grodgers/git/tr-aomp/TheRock/build/core/clr/dist/lib/cmake/hip)
3.4	-- Resolving super-project find_package(AMDDeviceLibs BYPASS_PROVIDER NO_DEFAULT_PATH PATHS /work/grodgers/git/tr-aomp/TheRock/build/compiler/amd-llvm/dist/lib/llvm/lib/cmake/AMDDeviceLibs)
3.4	-- Resolving super-project find_package(amd_comgr BYPASS_PROVIDER NO_DEFAULT_PATH PATHS /work/grodgers/git/tr-aomp/TheRock/build/compiler/amd-comgr/dist/lib/cmake/amd_comgr)
3.4	-- Resolving super-project find_package(hsa-runtime64 BYPASS_PROVIDER NO_DEFAULT_PATH PATHS /work/grodgers/git/tr-aomp/TheRock/build/core/ROCR-Runtime/dist/lib/cmake/hsa-runtime64)
3.4	-- Resolving system find_package(Threads) (not found in super-project ZLIB;zstd;AMDDeviceLibs;Clang;LLD;LLVM;amd_comgr;rocm-core;rocprofiler-register;BZip2;LibElf;libdw;NUMA;hsakmt;hsa-runtime64;hip;HIP;hip-lang;hiprtc;rocm_smi;SQLite3;rocprofiler-sdk;rocprofiler-sdk-roctx;ROCmCMakeBuildTools;ROCM;fmt;GTest)
3.4	-- Performing Test HIP_CLANG_SUPPORTS_PARALLEL_JOBS
3.5	-- Performing Test HIP_CLANG_SUPPORTS_PARALLEL_JOBS - Success
3.6	-- HIP compiler:     clang
3.6	-- HIP runtime:      rocclr
3.6	-- clang++ executable: /work/grodgers/git/tr-aomp/TheRock/build/compiler/amd-llvm/dist/lib/llvm/bin/clang++
3.6	-- clang++ version:    22.0.6_AOMP_22.0-6
3.6	-- hipconfig executable: /work/grodgers/git/tr-aomp/TheRock/build/core/clr/dist/bin/hipconfig
3.6	-- clang++ HIP version:    7.1.25364
3.6	-- ROCm version: 7.0.0
3.6	-- Looking for hipDeviceMallocUncached
5.3	-- Looking for hipDeviceMallocUncached - found
5.3	-- Looking for hipHostMallocUncached
7.0	-- Looking for hipHostMallocUncached - found
7.0	-- Looking for hipDeviceMallocContiguous
8.7	-- Looking for hipDeviceMallocContiguous - found
8.7	-- RCCL LL128 protocol enabled
8.7	-- Resolving super-project find_package(hsa-runtime64 REQUIRED BYPASS_PROVIDER NO_DEFAULT_PATH PATHS /work/grodgers/git/tr-aomp/TheRock/build/core/ROCR-Runtime/dist/lib/cmake/hsa-runtime64)
8.7	-- HSA runtime: /work/grodgers/git/tr-aomp/TheRock/build/core/ROCR-Runtime/dist/include
8.7	-- Resolving super-project find_package(rocm_smi BYPASS_PROVIDER NO_DEFAULT_PATH PATHS /work/grodgers/git/tr-aomp/TheRock/build/base/rocm_smi_lib/dist/lib/cmake/rocm_smi)
8.7	-- Found rocm_smi at /work/grodgers/git/tr-aomp/TheRock/build/base/rocm_smi_lib/dist/include
8.7	-- Looking for C++ include /work/grodgers/git/tr-aomp/TheRock/build/base/rocm_smi_lib/dist/include/rocm_smi/rocm_smi64Config.h
8.8	-- Looking for C++ include /work/grodgers/git/tr-aomp/TheRock/build/base/rocm_smi_lib/dist/include/rocm_smi/rocm_smi64Config.h - found
8.8	-- RSMI_INIT_FLAG_THRAD_ONLY_MUTEX supported
8.8	-- Performing Test HAVE_KERNARG_PRELOAD
9.0	-- Performing Test HAVE_KERNARG_PRELOAD - Success
9.0	-- Kernarg preloading to SGPR enabled
9.0	-- Performing Test HAVE_PARALLEL_JOBS
9.1	-- Performing Test HAVE_PARALLEL_JOBS - Success
9.1	-- Parallel jobs enabled
9.1	-- Resolving super-project find_library(ROCTX_LIB NAMES roctx64): /work/grodgers/git/tr-aomp/TheRock/build/profiler/roctracer/stage/lib/libroctx64.so
9.1	-- ROCTX library found: /work/grodgers/git/tr-aomp/TheRock/build/profiler/roctracer/stage/lib/libroctx64.so
9.3	-- Resolving system find_package(Python3) (not found in super-project ZLIB;zstd;AMDDeviceLibs;Clang;LLD;LLVM;amd_comgr;rocm-core;rocprofiler-register;BZip2;LibElf;libdw;NUMA;hsakmt;hsa-runtime64;hip;HIP;hip-lang;hiprtc;rocm_smi;SQLite3;rocprofiler-sdk;rocprofiler-sdk-roctx;ROCmCMakeBuildTools;ROCM;fmt;GTest)
9.4	-- Found Python3: /work/grodgers/git/tr-aomp/TheRock/.venv/bin/python3 (found version "3.12.3") found components: Interpreter 
9.6	-- Generating /work/grodgers/git/tr-aomp/TheRock/build/comm-libs/rccl/build/hipify/gensrc/device_table.h
9.6	-- Generating /work/grodgers/git/tr-aomp/TheRock/build/comm-libs/rccl/build/hipify/gensrc/device_table.cpp
9.6	-- Generating /work/grodgers/git/tr-aomp/TheRock/build/comm-libs/rccl/build/hipify/gensrc/host_table.cpp
9.6	-- Generating /work/grodgers/git/tr-aomp/TheRock/build/comm-libs/rccl/build/hipify/gensrc/broadcast_sum_i8.cpp
9.6	-- Generating /work/grodgers/git/tr-aomp/TheRock/build/comm-libs/rccl/build/hipify/gensrc/reduce_sum_u8.cpp
9.6	-- Generating /work/grodgers/git/tr-aomp/TheRock/build/comm-libs/rccl/build/hipify/gensrc/reduce_sum_u32.cpp
9.6	-- Generating /work/grodgers/git/tr-aomp/TheRock/build/comm-libs/rccl/build/hipify/gensrc/reduce_sum_u64.cpp
9.6	-- Generating /work/grodgers/git/tr-aomp/TheRock/build/comm-libs/rccl/build/hipify/gensrc/reduce_sum_f16.cpp
9.6	-- Generating /work/grodgers/git/tr-aomp/TheRock/build/comm-libs/rccl/build/hipify/gensrc/reduce_sum_f32.cpp
9.6	-- Generating /work/grodgers/git/tr-aomp/TheRock/build/comm-libs/rccl/build/hipify/gensrc/reduce_sum_f64.cpp
9.6	-- Generating /work/grodgers/git/tr-aomp/TheRock/build/comm-libs/rccl/build/hipify/gensrc/reduce_sum_bf16.cpp
9.6	-- Generating /work/grodgers/git/tr-aomp/TheRock/build/comm-libs/rccl/build/hipify/gensrc/reduce_sum_f8e4m3.cpp
9.6	-- Generating /work/grodgers/git/tr-aomp/TheRock/build/comm-libs/rccl/build/hipify/gensrc/reduce_sum_f8e5m2.cpp
9.6	-- Generating /work/grodgers/git/tr-aomp/TheRock/build/comm-libs/rccl/build/hipify/gensrc/reduce_prod_u8.cpp
9.6	-- Generating /work/grodgers/git/tr-aomp/TheRock/build/comm-libs/rccl/build/hipify/gensrc/reduce_prod_u32.cpp
9.6	-- Generating /work/grodgers/git/tr-aomp/TheRock/build/comm-libs/rccl/build/hipify/gensrc/reduce_prod_u64.cpp
9.6	-- Generating /work/grodgers/git/tr-aomp/TheRock/build/comm-libs/rccl/build/hipify/gensrc/reduce_prod_f16.cpp
9.6	-- Generating /work/grodgers/git/tr-aomp/TheRock/build/comm-libs/rccl/build/hipify/gensrc/reduce_prod_f32.cpp
9.6	-- Generating /work/grodgers/git/tr-aomp/TheRock/build/comm-libs/rccl/build/hipify/gensrc/reduce_prod_f64.cpp
9.6	-- Generating /work/grodgers/git/tr-aomp/TheRock/build/comm-libs/rccl/build/hipify/gensrc/reduce_prod_bf16.cpp
9.6	-- Generating /work/grodgers/git/tr-aomp/TheRock/build/comm-libs/rccl/build/hipify/gensrc/reduce_prod_f8e4m3.cpp
9.6	-- Generating /work/grodgers/git/tr-aomp/TheRock/build/comm-libs/rccl/build/hipify/gensrc/reduce_prod_f8e5m2.cpp
9.6	-- Generating /work/grodgers/git/tr-aomp/TheRock/build/comm-libs/rccl/build/hipify/gensrc/reduce_minmax_u8.cpp
9.6	-- Generating /work/grodgers/git/tr-aomp/TheRock/build/comm-libs/rccl/build/hipify/gensrc/reduce_minmax_u32.cpp
9.6	-- Generating /work/grodgers/git/tr-aomp/TheRock/build/comm-libs/rccl/build/hipify/gensrc/reduce_minmax_u64.cpp
9.6	-- Generating /work/grodgers/git/tr-aomp/TheRock/build/comm-libs/rccl/build/hipify/gensrc/reduce_minmax_f16.cpp
9.6	-- Generating /work/grodgers/git/tr-aomp/TheRock/build/comm-libs/rccl/build/hipify/gensrc/reduce_minmax_f32.cpp
9.6	-- Generating /work/grodgers/git/tr-aomp/TheRock/build/comm-libs/rccl/build/hipify/gensrc/reduce_minmax_f64.cpp
9.6	-- Generating /work/grodgers/git/tr-aomp/TheRock/build/comm-libs/rccl/build/hipify/gensrc/reduce_minmax_bf16.cpp
9.6	-- Generating /work/grodgers/git/tr-aomp/TheRock/build/comm-libs/rccl/build/hipify/gensrc/reduce_minmax_f8e4m3.cpp
9.6	-- Generating /work/grodgers/git/tr-aomp/TheRock/build/comm-libs/rccl/build/hipify/gensrc/reduce_minmax_f8e5m2.cpp
9.6	-- Generating /work/grodgers/git/tr-aomp/TheRock/build/comm-libs/rccl/build/hipify/gensrc/reduce_premulsum_u8.cpp
9.6	-- Generating /work/grodgers/git/tr-aomp/TheRock/build/comm-libs/rccl/build/hipify/gensrc/reduce_premulsum_u32.cpp
9.6	-- Generating /work/grodgers/git/tr-aomp/TheRock/build/comm-libs/rccl/build/hipify/gensrc/reduce_premulsum_u64.cpp
9.6	-- Generating /work/grodgers/git/tr-aomp/TheRock/build/comm-libs/rccl/build/hipify/gensrc/reduce_premulsum_f16.cpp
9.6	-- Generating /work/grodgers/git/tr-aomp/TheRock/build/comm-libs/rccl/build/hipify/gensrc/reduce_premulsum_f32.cpp
9.6	-- Generating /work/grodgers/git/tr-aomp/TheRock/build/comm-libs/rccl/build/hipify/gensrc/reduce_premulsum_f64.cpp
9.6	-- Generating /work/grodgers/git/tr-aomp/TheRock/build/comm-libs/rccl/build/hipify/gensrc/reduce_premulsum_bf16.cpp
9.6	-- Generating /work/grodgers/git/tr-aomp/TheRock/build/comm-libs/rccl/build/hipify/gensrc/reduce_premulsum_f8e4m3.cpp
9.6	-- Generating /work/grodgers/git/tr-aomp/TheRock/build/comm-libs/rccl/build/hipify/gensrc/reduce_premulsum_f8e5m2.cpp
9.6	-- Generating /work/grodgers/git/tr-aomp/TheRock/build/comm-libs/rccl/build/hipify/gensrc/reduce_sumpostdiv_u8.cpp
9.6	-- Generating /work/grodgers/git/tr-aomp/TheRock/build/comm-libs/rccl/build/hipify/gensrc/reduce_sumpostdiv_u32.cpp
9.6	-- Generating /work/grodgers/git/tr-aomp/TheRock/build/comm-libs/rccl/build/hipify/gensrc/reduce_sumpostdiv_u64.cpp
9.6	-- Generating /work/grodgers/git/tr-aomp/TheRock/build/comm-libs/rccl/build/hipify/gensrc/all_gather_sum_i8.cpp
9.6	-- Generating /work/grodgers/git/tr-aomp/TheRock/build/comm-libs/rccl/build/hipify/gensrc/reduce_scatter_sum_u8.cpp
9.6	-- Generating /work/grodgers/git/tr-aomp/TheRock/build/comm-libs/rccl/build/hipify/gensrc/reduce_scatter_sum_u32.cpp
9.6	-- Generating /work/grodgers/git/tr-aomp/TheRock/build/comm-libs/rccl/build/hipify/gensrc/reduce_scatter_sum_u64.cpp
9.6	-- Generating /work/grodgers/git/tr-aomp/TheRock/build/comm-libs/rccl/build/hipify/gensrc/reduce_scatter_sum_f16.cpp
9.6	-- Generating /work/grodgers/git/tr-aomp/TheRock/build/comm-libs/rccl/build/hipify/gensrc/reduce_scatter_sum_f32.cpp
9.6	-- Generating /work/grodgers/git/tr-aomp/TheRock/build/comm-libs/rccl/build/hipify/gensrc/reduce_scatter_sum_f64.cpp
9.6	-- Generating /work/grodgers/git/tr-aomp/TheRock/build/comm-libs/rccl/build/hipify/gensrc/reduce_scatter_sum_bf16.cpp
9.6	-- Generating /work/grodgers/git/tr-aomp/TheRock/build/comm-libs/rccl/build/hipify/gensrc/reduce_scatter_sum_f8e4m3.cpp
9.6	-- Generating /work/grodgers/git/tr-aomp/TheRock/build/comm-libs/rccl/build/hipify/gensrc/reduce_scatter_sum_f8e5m2.cpp
9.6	-- Generating /work/grodgers/git/tr-aomp/TheRock/build/comm-libs/rccl/build/hipify/gensrc/reduce_scatter_prod_u8.cpp
9.6	-- Generating /work/grodgers/git/tr-aomp/TheRock/build/comm-libs/rccl/build/hipify/gensrc/reduce_scatter_prod_u32.cpp
9.6	-- Generating /work/grodgers/git/tr-aomp/TheRock/build/comm-libs/rccl/build/hipify/gensrc/reduce_scatter_prod_u64.cpp
9.6	-- Generating /work/grodgers/git/tr-aomp/TheRock/build/comm-libs/rccl/build/hipify/gensrc/reduce_scatter_prod_f16.cpp
9.6	-- Generating /work/grodgers/git/tr-aomp/TheRock/build/comm-libs/rccl/build/hipify/gensrc/reduce_scatter_prod_f32.cpp
9.6	-- Generating /work/grodgers/git/tr-aomp/TheRock/build/comm-libs/rccl/build/hipify/gensrc/reduce_scatter_prod_f64.cpp
9.6	-- Generating /work/grodgers/git/tr-aomp/TheRock/build/comm-libs/rccl/build/hipify/gensrc/reduce_scatter_prod_bf16.cpp
9.6	-- Generating /work/grodgers/git/tr-aomp/TheRock/build/comm-libs/rccl/build/hipify/gensrc/reduce_scatter_prod_f8e4m3.cpp
9.6	-- Generating /work/grodgers/git/tr-aomp/TheRock/build/comm-libs/rccl/build/hipify/gensrc/reduce_scatter_prod_f8e5m2.cpp
9.6	-- Generating /work/grodgers/git/tr-aomp/TheRock/build/comm-libs/rccl/build/hipify/gensrc/reduce_scatter_minmax_u8.cpp
9.6	-- Generating /work/grodgers/git/tr-aomp/TheRock/build/comm-libs/rccl/build/hipify/gensrc/reduce_scatter_minmax_u32.cpp
9.6	-- Generating /work/grodgers/git/tr-aomp/TheRock/build/comm-libs/rccl/build/hipify/gensrc/reduce_scatter_minmax_u64.cpp
9.6	-- Generating /work/grodgers/git/tr-aomp/TheRock/build/comm-libs/rccl/build/hipify/gensrc/reduce_scatter_minmax_f16.cpp
9.6	-- Generating /work/grodgers/git/tr-aomp/TheRock/build/comm-libs/rccl/build/hipify/gensrc/reduce_scatter_minmax_f32.cpp
9.6	-- Generating /work/grodgers/git/tr-aomp/TheRock/build/comm-libs/rccl/build/hipify/gensrc/reduce_scatter_minmax_f64.cpp
9.6	-- Generating /work/grodgers/git/tr-aomp/TheRock/build/comm-libs/rccl/build/hipify/gensrc/reduce_scatter_minmax_bf16.cpp
9.6	-- Generating /work/grodgers/git/tr-aomp/TheRock/build/comm-libs/rccl/build/hipify/gensrc/reduce_scatter_minmax_f8e4m3.cpp
9.6	-- Generating /work/grodgers/git/tr-aomp/TheRock/build/comm-libs/rccl/build/hipify/gensrc/reduce_scatter_minmax_f8e5m2.cpp
9.6	-- Generating /work/grodgers/git/tr-aomp/TheRock/build/comm-libs/rccl/build/hipify/gensrc/reduce_scatter_premulsum_u8.cpp
9.6	-- Generating /work/grodgers/git/tr-aomp/TheRock/build/comm-libs/rccl/build/hipify/gensrc/reduce_scatter_premulsum_u32.cpp
9.6	-- Generating /work/grodgers/git/tr-aomp/TheRock/build/comm-libs/rccl/build/hipify/gensrc/reduce_scatter_premulsum_u64.cpp
9.6	-- Generating /work/grodgers/git/tr-aomp/TheRock/build/comm-libs/rccl/build/hipify/gensrc/reduce_scatter_premulsum_f16.cpp
9.6	-- Generating /work/grodgers/git/tr-aomp/TheRock/build/comm-libs/rccl/build/hipify/gensrc/reduce_scatter_premulsum_f32.cpp
9.6	-- Generating /work/grodgers/git/tr-aomp/TheRock/build/comm-libs/rccl/build/hipify/gensrc/reduce_scatter_premulsum_f64.cpp
9.6	-- Generating /work/grodgers/git/tr-aomp/TheRock/build/comm-libs/rccl/build/hipify/gensrc/reduce_scatter_premulsum_bf16.cpp
9.6	-- Generating /work/grodgers/git/tr-aomp/TheRock/build/comm-libs/rccl/build/hipify/gensrc/reduce_scatter_premulsum_f8e4m3.cpp
9.6	-- Generating /work/grodgers/git/tr-aomp/TheRock/build/comm-libs/rccl/build/hipify/gensrc/reduce_scatter_premulsum_f8e5m2.cpp
9.6	-- Generating /work/grodgers/git/tr-aomp/TheRock/build/comm-libs/rccl/build/hipify/gensrc/reduce_scatter_sumpostdiv_u8.cpp
9.6	-- Generating /work/grodgers/git/tr-aomp/TheRock/build/comm-libs/rccl/build/hipify/gensrc/reduce_scatter_sumpostdiv_u32.cpp
9.6	-- Generating /work/grodgers/git/tr-aomp/TheRock/build/comm-libs/rccl/build/hipify/gensrc/reduce_scatter_sumpostdiv_u64.cpp
9.6	-- Generating /work/grodgers/git/tr-aomp/TheRock/build/comm-libs/rccl/build/hipify/gensrc/all_reduce_sum_u8.cpp
9.6	-- Generating /work/grodgers/git/tr-aomp/TheRock/build/comm-libs/rccl/build/hipify/gensrc/all_reduce_sum_u32.cpp
9.6	-- Generating /work/grodgers/git/tr-aomp/TheRock/build/comm-libs/rccl/build/hipify/gensrc/all_reduce_sum_u64.cpp
9.6	-- Generating /work/grodgers/git/tr-aomp/TheRock/build/comm-libs/rccl/build/hipify/gensrc/all_reduce_sum_f16.cpp
9.6	-- Generating /work/grodgers/git/tr-aomp/TheRock/build/comm-libs/rccl/build/hipify/gensrc/all_reduce_sum_f32.cpp
9.6	-- Generating /work/grodgers/git/tr-aomp/TheRock/build/comm-libs/rccl/build/hipify/gensrc/all_reduce_sum_f64.cpp
9.6	-- Generating /work/grodgers/git/tr-aomp/TheRock/build/comm-libs/rccl/build/hipify/gensrc/all_reduce_sum_bf16.cpp
9.6	-- Generating /work/grodgers/git/tr-aomp/TheRock/build/comm-libs/rccl/build/hipify/gensrc/all_reduce_sum_f8e4m3.cpp
9.6	-- Generating /work/grodgers/git/tr-aomp/TheRock/build/comm-libs/rccl/build/hipify/gensrc/all_reduce_sum_f8e5m2.cpp
9.6	-- Generating /work/grodgers/git/tr-aomp/TheRock/build/comm-libs/rccl/build/hipify/gensrc/all_reduce_prod_u8.cpp
9.6	-- Generating /work/grodgers/git/tr-aomp/TheRock/build/comm-libs/rccl/build/hipify/gensrc/all_reduce_prod_u32.cpp
9.6	-- Generating /work/grodgers/git/tr-aomp/TheRock/build/comm-libs/rccl/build/hipify/gensrc/all_reduce_prod_u64.cpp
9.6	-- Generating /work/grodgers/git/tr-aomp/TheRock/build/comm-libs/rccl/build/hipify/gensrc/all_reduce_prod_f16.cpp
9.6	-- Generating /work/grodgers/git/tr-aomp/TheRock/build/comm-libs/rccl/build/hipify/gensrc/all_reduce_prod_f32.cpp
9.6	-- Generating /work/grodgers/git/tr-aomp/TheRock/build/comm-libs/rccl/build/hipify/gensrc/all_reduce_prod_f64.cpp
9.6	-- Generating /work/grodgers/git/tr-aomp/TheRock/build/comm-libs/rccl/build/hipify/gensrc/all_reduce_prod_bf16.cpp
9.6	-- Generating /work/grodgers/git/tr-aomp/TheRock/build/comm-libs/rccl/build/hipify/gensrc/all_reduce_prod_f8e4m3.cpp
9.6	-- Generating /work/grodgers/git/tr-aomp/TheRock/build/comm-libs/rccl/build/hipify/gensrc/all_reduce_prod_f8e5m2.cpp
9.6	-- Generating /work/grodgers/git/tr-aomp/TheRock/build/comm-libs/rccl/build/hipify/gensrc/all_reduce_minmax_u8.cpp
9.6	-- Generating /work/grodgers/git/tr-aomp/TheRock/build/comm-libs/rccl/build/hipify/gensrc/all_reduce_minmax_u32.cpp
9.6	-- Generating /work/grodgers/git/tr-aomp/TheRock/build/comm-libs/rccl/build/hipify/gensrc/all_reduce_minmax_u64.cpp
9.6	-- Generating /work/grodgers/git/tr-aomp/TheRock/build/comm-libs/rccl/build/hipify/gensrc/all_reduce_minmax_f16.cpp
9.6	-- Generating /work/grodgers/git/tr-aomp/TheRock/build/comm-libs/rccl/build/hipify/gensrc/all_reduce_minmax_f32.cpp
9.6	-- Generating /work/grodgers/git/tr-aomp/TheRock/build/comm-libs/rccl/build/hipify/gensrc/all_reduce_minmax_f64.cpp
9.6	-- Generating /work/grodgers/git/tr-aomp/TheRock/build/comm-libs/rccl/build/hipify/gensrc/all_reduce_minmax_bf16.cpp
9.6	-- Generating /work/grodgers/git/tr-aomp/TheRock/build/comm-libs/rccl/build/hipify/gensrc/all_reduce_minmax_f8e4m3.cpp
9.6	-- Generating /work/grodgers/git/tr-aomp/TheRock/build/comm-libs/rccl/build/hipify/gensrc/all_reduce_minmax_f8e5m2.cpp
9.6	-- Generating /work/grodgers/git/tr-aomp/TheRock/build/comm-libs/rccl/build/hipify/gensrc/all_reduce_premulsum_u8.cpp
9.6	-- Generating /work/grodgers/git/tr-aomp/TheRock/build/comm-libs/rccl/build/hipify/gensrc/all_reduce_premulsum_u32.cpp
9.6	-- Generating /work/grodgers/git/tr-aomp/TheRock/build/comm-libs/rccl/build/hipify/gensrc/all_reduce_premulsum_u64.cpp
9.6	-- Generating /work/grodgers/git/tr-aomp/TheRock/build/comm-libs/rccl/build/hipify/gensrc/all_reduce_premulsum_f16.cpp
9.6	-- Generating /work/grodgers/git/tr-aomp/TheRock/build/comm-libs/rccl/build/hipify/gensrc/all_reduce_premulsum_f32.cpp
9.6	-- Generating /work/grodgers/git/tr-aomp/TheRock/build/comm-libs/rccl/build/hipify/gensrc/all_reduce_premulsum_f64.cpp
9.6	-- Generating /work/grodgers/git/tr-aomp/TheRock/build/comm-libs/rccl/build/hipify/gensrc/all_reduce_premulsum_bf16.cpp
9.6	-- Generating /work/grodgers/git/tr-aomp/TheRock/build/comm-libs/rccl/build/hipify/gensrc/all_reduce_premulsum_f8e4m3.cpp
9.6	-- Generating /work/grodgers/git/tr-aomp/TheRock/build/comm-libs/rccl/build/hipify/gensrc/all_reduce_premulsum_f8e5m2.cpp
9.6	-- Generating /work/grodgers/git/tr-aomp/TheRock/build/comm-libs/rccl/build/hipify/gensrc/all_reduce_sumpostdiv_u8.cpp
9.6	-- Generating /work/grodgers/git/tr-aomp/TheRock/build/comm-libs/rccl/build/hipify/gensrc/all_reduce_sumpostdiv_u32.cpp
9.6	-- Generating /work/grodgers/git/tr-aomp/TheRock/build/comm-libs/rccl/build/hipify/gensrc/all_reduce_sumpostdiv_u64.cpp
9.6	-- Generating /work/grodgers/git/tr-aomp/TheRock/build/comm-libs/rccl/build/hipify/gensrc/sendrecv_sum_i8.cpp
9.6	-- Generating /work/grodgers/git/tr-aomp/TheRock/build/comm-libs/rccl/build/hipify/gensrc/alltoall_pivot_sum_i8.cpp
9.6	-- Generating /work/grodgers/git/tr-aomp/TheRock/build/comm-libs/rccl/build/hipify/gensrc/allreduce_with_bias_sum_u8.cpp
9.6	-- Generating /work/grodgers/git/tr-aomp/TheRock/build/comm-libs/rccl/build/hipify/gensrc/allreduce_with_bias_sum_u32.cpp
9.6	-- Generating /work/grodgers/git/tr-aomp/TheRock/build/comm-libs/rccl/build/hipify/gensrc/allreduce_with_bias_sum_u64.cpp
9.6	-- Generating /work/grodgers/git/tr-aomp/TheRock/build/comm-libs/rccl/build/hipify/gensrc/allreduce_with_bias_sum_f16.cpp
9.6	-- Generating /work/grodgers/git/tr-aomp/TheRock/build/comm-libs/rccl/build/hipify/gensrc/allreduce_with_bias_sum_f32.cpp
9.6	-- Generating /work/grodgers/git/tr-aomp/TheRock/build/comm-libs/rccl/build/hipify/gensrc/allreduce_with_bias_sum_f64.cpp
9.6	-- Generating /work/grodgers/git/tr-aomp/TheRock/build/comm-libs/rccl/build/hipify/gensrc/allreduce_with_bias_sum_bf16.cpp
9.6	-- Generating /work/grodgers/git/tr-aomp/TheRock/build/comm-libs/rccl/build/hipify/gensrc/allreduce_with_bias_sum_f8e4m3.cpp
9.6	-- Generating /work/grodgers/git/tr-aomp/TheRock/build/comm-libs/rccl/build/hipify/gensrc/allreduce_with_bias_sum_f8e5m2.cpp
9.6	-- Generating /work/grodgers/git/tr-aomp/TheRock/build/comm-libs/rccl/build/hipify/gensrc/allreduce_with_bias_prod_u8.cpp
9.6	-- Generating /work/grodgers/git/tr-aomp/TheRock/build/comm-libs/rccl/build/hipify/gensrc/allreduce_with_bias_prod_u32.cpp
9.6	-- Generating /work/grodgers/git/tr-aomp/TheRock/build/comm-libs/rccl/build/hipify/gensrc/allreduce_with_bias_prod_u64.cpp
9.6	-- Generating /work/grodgers/git/tr-aomp/TheRock/build/comm-libs/rccl/build/hipify/gensrc/allreduce_with_bias_prod_f16.cpp
9.6	-- Generating /work/grodgers/git/tr-aomp/TheRock/build/comm-libs/rccl/build/hipify/gensrc/allreduce_with_bias_prod_f32.cpp
9.6	-- Generating /work/grodgers/git/tr-aomp/TheRock/build/comm-libs/rccl/build/hipify/gensrc/allreduce_with_bias_prod_f64.cpp
9.6	-- Generating /work/grodgers/git/tr-aomp/TheRock/build/comm-libs/rccl/build/hipify/gensrc/allreduce_with_bias_prod_bf16.cpp
9.6	-- Generating /work/grodgers/git/tr-aomp/TheRock/build/comm-libs/rccl/build/hipify/gensrc/allreduce_with_bias_prod_f8e4m3.cpp
9.6	-- Generating /work/grodgers/git/tr-aomp/TheRock/build/comm-libs/rccl/build/hipify/gensrc/allreduce_with_bias_prod_f8e5m2.cpp
9.6	-- Generating /work/grodgers/git/tr-aomp/TheRock/build/comm-libs/rccl/build/hipify/gensrc/allreduce_with_bias_minmax_u8.cpp
9.6	-- Generating /work/grodgers/git/tr-aomp/TheRock/build/comm-libs/rccl/build/hipify/gensrc/allreduce_with_bias_minmax_u32.cpp
9.6	-- Generating /work/grodgers/git/tr-aomp/TheRock/build/comm-libs/rccl/build/hipify/gensrc/allreduce_with_bias_minmax_u64.cpp
9.6	-- Generating /work/grodgers/git/tr-aomp/TheRock/build/comm-libs/rccl/build/hipify/gensrc/allreduce_with_bias_minmax_f16.cpp
9.6	-- Generating /work/grodgers/git/tr-aomp/TheRock/build/comm-libs/rccl/build/hipify/gensrc/allreduce_with_bias_minmax_f32.cpp
9.6	-- Generating /work/grodgers/git/tr-aomp/TheRock/build/comm-libs/rccl/build/hipify/gensrc/allreduce_with_bias_minmax_f64.cpp
9.6	-- Generating /work/grodgers/git/tr-aomp/TheRock/build/comm-libs/rccl/build/hipify/gensrc/allreduce_with_bias_minmax_bf16.cpp
9.6	-- Generating /work/grodgers/git/tr-aomp/TheRock/build/comm-libs/rccl/build/hipify/gensrc/allreduce_with_bias_minmax_f8e4m3.cpp
9.6	-- Generating /work/grodgers/git/tr-aomp/TheRock/build/comm-libs/rccl/build/hipify/gensrc/allreduce_with_bias_minmax_f8e5m2.cpp
9.6	-- Generating /work/grodgers/git/tr-aomp/TheRock/build/comm-libs/rccl/build/hipify/gensrc/allreduce_with_bias_premulsum_u8.cpp
9.6	-- Generating /work/grodgers/git/tr-aomp/TheRock/build/comm-libs/rccl/build/hipify/gensrc/allreduce_with_bias_premulsum_u32.cpp
9.6	-- Generating /work/grodgers/git/tr-aomp/TheRock/build/comm-libs/rccl/build/hipify/gensrc/allreduce_with_bias_premulsum_u64.cpp
9.6	-- Generating /work/grodgers/git/tr-aomp/TheRock/build/comm-libs/rccl/build/hipify/gensrc/allreduce_with_bias_premulsum_f16.cpp
9.6	-- Generating /work/grodgers/git/tr-aomp/TheRock/build/comm-libs/rccl/build/hipify/gensrc/allreduce_with_bias_premulsum_f32.cpp
9.6	-- Generating /work/grodgers/git/tr-aomp/TheRock/build/comm-libs/rccl/build/hipify/gensrc/allreduce_with_bias_premulsum_f64.cpp
9.6	-- Generating /work/grodgers/git/tr-aomp/TheRock/build/comm-libs/rccl/build/hipify/gensrc/allreduce_with_bias_premulsum_bf16.cpp
9.6	-- Generating /work/grodgers/git/tr-aomp/TheRock/build/comm-libs/rccl/build/hipify/gensrc/allreduce_with_bias_premulsum_f8e4m3.cpp
9.6	-- Generating /work/grodgers/git/tr-aomp/TheRock/build/comm-libs/rccl/build/hipify/gensrc/allreduce_with_bias_premulsum_f8e5m2.cpp
9.6	-- Generating /work/grodgers/git/tr-aomp/TheRock/build/comm-libs/rccl/build/hipify/gensrc/allreduce_with_bias_sumpostdiv_u8.cpp
9.6	-- Generating /work/grodgers/git/tr-aomp/TheRock/build/comm-libs/rccl/build/hipify/gensrc/allreduce_with_bias_sumpostdiv_u32.cpp
9.6	-- Generating /work/grodgers/git/tr-aomp/TheRock/build/comm-libs/rccl/build/hipify/gensrc/allreduce_with_bias_sumpostdiv_u64.cpp
9.6	-- HIP_CONTIGUOUS_MEMORY enabled
9.6	-- HIP_UNCACHED_MEMORY enabled
9.6	-- HIP_HOST_UNCACHED_MEMORY enabled
9.6	-- --offload-compress enabled - ROCm version >= 6.2.0
9.6	-- Fault injection enabled
9.6	-- Resolving super-project find_package(rocprofiler-register REQUIRED BYPASS_PROVIDER NO_DEFAULT_PATH PATHS /work/grodgers/git/tr-aomp/TheRock/build/base/rocprofiler-register/dist/lib/cmake/rocprofiler-register)
9.6	-- Found rocprofiler-register: /work/grodgers/git/tr-aomp/TheRock/build/base/rocprofiler-register/dist (found version "0.5.0")  
9.6	cat: /sys/fs/cgroup/memory.max: No such file or directory
9.6	-- Use 16 jobs for linking
9.6	-- Building shared RCCL library
9.7	Building rccl RAS client executable
9.7	-- rocm-cmake: Set license file to /work/grodgers/git/tr-aomp/TheRock/comm-libs/rccl/LICENSE.txt.
9.7	-- Patching targets: hipify_all;git_version_check;rccl;rcclras
9.7	CMake Warning at /work/grodgers/git/tr-aomp/TheRock/cmake/therock_subproject_utils.cmake:67 (message):
9.7	  target rccl depends on deprecated -lroctx64.  Redirecting:
9.7	  --offload-compress;rocprofiler-register::rocprofiler-register;-fgpu-rdc;Threads::Threads;hip::device;dl;rocm_smi64;fmt::fmt-header-only;/work/grodgers/git/tr-aomp/TheRock/build/profiler/roctracer/stage/lib/libroctx64.so
9.7	Call Stack (most recent call first):
9.7	  /work/grodgers/git/tr-aomp/TheRock/comm-libs/pre_hook_rccl.cmake:9 (therock_patch_linked_lib)
9.7	  CMakeLists.txt:DEFERRED
9.7	
9.7	
9.7	-- Set RPATH $ORIGIN/../lib/rocm_sysdeps/lib;$ORIGIN/../lib/llvm/lib;$ORIGIN/../lib on rcclras
9.7	-- Set RPATH $ORIGIN/rocm_sysdeps/lib;$ORIGIN/llvm/lib;$ORIGIN on rccl
9.7	-- Configuring done (9.7s)
9.8	-- Generating done (0.0s)
9.8	CMake Warning:
9.8	  Manually-specified variables were not used by the project:
9.8	
9.8	    THEROCK_STAGE_INSTALL_ROOT
9.8	
9.8	
9.8	-- Build files have been written to: /work/grodgers/git/tr-aomp/TheRock/build/comm-libs/rccl/build
END	1757694154.8422043	9.81071662902832	0
