BEGIN	1757694055.1639163
EXEC	/work1/grodgers/git/tr-aomp/TheRock/build/profiler/rocprofiler-sdk/build	/usr/bin/cmake -E env --unset=ROCM_PATH --unset=ROCM_DIR --unset=HIP_PATH --unset=HIP_DIR -- /usr/bin/cmake -GNinja -B/work/grodgers/git/tr-aomp/TheRock/build/profiler/rocprofiler-sdk/build -S/work/grodgers/git/tr-aomp/TheRock/rocm-systems/projects/rocprofiler-sdk -DCMAKE_BUILD_TYPE=Release -DCMAKE_INSTALL_PREFIX=/work/grodgers/git/tr-aomp/TheRock/build/profiler/rocprofiler-sdk/stage -DTHEROCK_STAGE_INSTALL_ROOT=/work/grodgers/git/tr-aomp/TheRock/build/profiler/rocprofiler-sdk/stage -DCMAKE_TOOLCHAIN_FILE=/work/grodgers/git/tr-aomp/TheRock/build/profiler/rocprofiler-sdk/_toolchain.cmake -DCMAKE_PROJECT_TOP_LEVEL_INCLUDES=/work/grodgers/git/tr-aomp/TheRock/build/profiler/rocprofiler-sdk/_init.cmake -DHIP_PLATFORM=amd
0.0	-- Sub-project PKG_CONFIG_PATH: /work/grodgers/git/tr-aomp/TheRock/build/third-party/sysdeps/linux/zlib/build/stage/lib/rocm_sysdeps/lib/pkgconfig:/work/grodgers/git/tr-aomp/TheRock/build/third-party/sysdeps/linux/zstd/build/stage/lib/rocm_sysdeps/lib/pkgconfig:/work/grodgers/git/tr-aomp/TheRock/build/third-party/sysdeps/linux/bzip2/build/stage/lib/rocm_sysdeps/lib/pkgconfig:/work/grodgers/git/tr-aomp/TheRock/build/third-party/sysdeps/linux/elfutils/build/stage/lib/rocm_sysdeps/lib/pkgconfig:/work/grodgers/git/tr-aomp/TheRock/build/third-party/sysdeps/linux/libdrm/build/stage/lib/rocm_sysdeps/lib/pkgconfig:/work/grodgers/git/tr-aomp/TheRock/build/third-party/sysdeps/linux/numactl/build/stage/lib/rocm_sysdeps/lib/pkgconfig:/work/grodgers/git/tr-aomp/TheRock/build/third-party/sysdeps/linux/sqlite3/build/stage/lib/rocm_sysdeps/lib/pkgconfig:
0.0	-- Resolving packages from super-project: ZLIB;zstd;AMDDeviceLibs;Clang;LLD;LLVM;rocprofiler-register;BZip2;LibElf;libdw;NUMA;hsakmt;hsa-runtime64;amd_comgr;rocm-core;hip;HIP;hip-lang;hiprtc;SQLite3
0.0	-- Including TheRock explicit overrides for find_library and find_path
0.0	--   Libraries that must resolve from super-project: hsa-amd-aqlprofile64;hsa-amd-aqlprofile;roctx64
0.0	--   Paths that must resolve from super-project: half/half.hpp;roctracer/roctx.h
0.1	-- The C compiler identification is GNU 13.3.0
0.1	-- The CXX compiler identification is GNU 13.3.0
0.2	-- Detecting C compiler ABI info
0.3	-- Detecting C compiler ABI info - done
0.3	-- Check for working C compiler: /usr/bin/cc - skipped
0.3	-- Detecting C compile features
0.3	-- Detecting C compile features - done
0.3	-- Detecting CXX compiler ABI info
0.4	-- Detecting CXX compiler ABI info - done
0.4	-- Check for working CXX compiler: /usr/bin/c++ - skipped
0.4	-- Detecting CXX compile features
0.4	-- Detecting CXX compile features - done
0.4	-- Resolving system find_package(Git) (not found in super-project ZLIB;zstd;AMDDeviceLibs;Clang;LLD;LLVM;rocprofiler-register;BZip2;LibElf;libdw;NUMA;hsakmt;hsa-runtime64;amd_comgr;rocm-core;hip;HIP;hip-lang;hiprtc;SQLite3)
0.4	-- Found Git: /usr/bin/git (found version "2.43.0") 
0.4	-- [rocprofiler-sdk] version 1.0.0 (1.0.0)
0.4	-- [rocprofiler-sdk] git revision: 
0.4	-- [rocprofiler-sdk] git describe: v1.0.0
0.4	-- Resolving system find_library(dl_LIBRARY NAMES dl ): /usr/lib/x86_64-linux-gnu/libdl.a
0.4	-- Found dl-library: /usr/lib/x86_64-linux-gnu/libdl.a  
0.4	-- Performing Test c_rocprofiler_werror
0.5	-- Performing Test c_rocprofiler_werror - Success
0.5	-- Performing Test cxx_rocprofiler_werror
0.6	-- Performing Test cxx_rocprofiler_werror - Success
0.6	-- Performing Test c_rocprofiler_sdk_dl_rdynamic
0.7	-- Performing Test c_rocprofiler_sdk_dl_rdynamic - Success
0.7	-- Performing Test cxx_rocprofiler_sdk_dl_rdynamic
0.8	-- Performing Test cxx_rocprofiler_sdk_dl_rdynamic - Success
0.8	-- Resolving system find_library(rt_LIBRARY NAMES rt ): /usr/lib/x86_64-linux-gnu/librt.a
0.8	-- Found rt-library: /usr/lib/x86_64-linux-gnu/librt.a  
0.8	-- Performing Test c_rocprofiler_sdk_build_flags_W
0.8	-- Performing Test c_rocprofiler_sdk_build_flags_W - Success
0.8	-- Performing Test cxx_rocprofiler_sdk_build_flags_W
0.9	-- Performing Test cxx_rocprofiler_sdk_build_flags_W - Success
0.9	-- Performing Test c_rocprofiler_sdk_build_flags_Wall
1.0	-- Performing Test c_rocprofiler_sdk_build_flags_Wall - Success
1.0	-- Performing Test cxx_rocprofiler_sdk_build_flags_Wall
1.1	-- Performing Test cxx_rocprofiler_sdk_build_flags_Wall - Success
1.1	-- Performing Test c_rocprofiler_sdk_build_flags_Wno_unknown_pragmas
1.2	-- Performing Test c_rocprofiler_sdk_build_flags_Wno_unknown_pragmas - Success
1.2	-- Performing Test cxx_rocprofiler_sdk_build_flags_Wno_unknown_pragmas
1.3	-- Performing Test cxx_rocprofiler_sdk_build_flags_Wno_unknown_pragmas - Success
1.3	-- Performing Test c_rocprofiler_sdk_debug_flags_g3
1.3	-- Performing Test c_rocprofiler_sdk_debug_flags_g3 - Success
1.3	-- Performing Test cxx_rocprofiler_sdk_debug_flags_g3
1.4	-- Performing Test cxx_rocprofiler_sdk_debug_flags_g3 - Success
1.4	-- Performing Test c_rocprofiler_sdk_debug_flags_fno_omit_frame_pointer
1.5	-- Performing Test c_rocprofiler_sdk_debug_flags_fno_omit_frame_pointer - Success
1.5	-- Performing Test cxx_rocprofiler_sdk_debug_flags_fno_omit_frame_pointer
1.6	-- Performing Test cxx_rocprofiler_sdk_debug_flags_fno_omit_frame_pointer - Success
1.6	-- Performing Test c_rocprofiler_sdk_debug_flags_fno_optimize_sibling_calls
1.7	-- Performing Test c_rocprofiler_sdk_debug_flags_fno_optimize_sibling_calls - Success
1.7	-- Performing Test cxx_rocprofiler_sdk_debug_flags_fno_optimize_sibling_calls
1.8	-- Performing Test cxx_rocprofiler_sdk_debug_flags_fno_optimize_sibling_calls - Success
1.8	-- Performing Test cxx_rocprofiler_sdk_build_flags_faligned_new
1.9	-- Performing Test cxx_rocprofiler_sdk_build_flags_faligned_new - Success
1.9	-- Performing Test c_rocprofiler_sdk_stack_protector_fstack_protector_strong
1.9	-- Performing Test c_rocprofiler_sdk_stack_protector_fstack_protector_strong - Success
1.9	-- Performing Test cxx_rocprofiler_sdk_stack_protector_fstack_protector_strong
2.0	-- Performing Test cxx_rocprofiler_sdk_stack_protector_fstack_protector_strong - Success
2.0	-- Performing Test c_rocprofiler_sdk_stack_protector_Wstack_protector
2.1	-- Performing Test c_rocprofiler_sdk_stack_protector_Wstack_protector - Success
2.1	-- Performing Test cxx_rocprofiler_sdk_stack_protector_Wstack_protector
2.2	-- Performing Test cxx_rocprofiler_sdk_stack_protector_Wstack_protector - Success
2.2	-- Performing Test c_rocprofiler_sdk_developer_flags_Werror
2.2	-- Performing Test c_rocprofiler_sdk_developer_flags_Werror - Success
2.2	-- Performing Test cxx_rocprofiler_sdk_developer_flags_Werror
2.3	-- Performing Test cxx_rocprofiler_sdk_developer_flags_Werror - Success
2.3	-- Performing Test c_rocprofiler_sdk_developer_flags_Wdouble_promotion
2.4	-- Performing Test c_rocprofiler_sdk_developer_flags_Wdouble_promotion - Success
2.4	-- Performing Test cxx_rocprofiler_sdk_developer_flags_Wdouble_promotion
2.5	-- Performing Test cxx_rocprofiler_sdk_developer_flags_Wdouble_promotion - Success
2.5	-- Performing Test c_rocprofiler_sdk_developer_flags_Wshadow
2.6	-- Performing Test c_rocprofiler_sdk_developer_flags_Wshadow - Success
2.6	-- Performing Test cxx_rocprofiler_sdk_developer_flags_Wshadow
2.6	-- Performing Test cxx_rocprofiler_sdk_developer_flags_Wshadow - Success
2.6	-- Performing Test c_rocprofiler_sdk_developer_flags_Wextra
2.7	-- Performing Test c_rocprofiler_sdk_developer_flags_Wextra - Success
2.7	-- Performing Test cxx_rocprofiler_sdk_developer_flags_Wextra
2.8	-- Performing Test cxx_rocprofiler_sdk_developer_flags_Wextra - Success
2.8	-- Performing Test c_rocprofiler_sdk_developer_flags_Wvla
2.9	-- Performing Test c_rocprofiler_sdk_developer_flags_Wvla - Success
2.9	-- Performing Test cxx_rocprofiler_sdk_developer_flags_Wvla
3.0	-- Performing Test cxx_rocprofiler_sdk_developer_flags_Wvla - Success
3.0	-- Performing Test c_rocprofiler_sdk_release_flags_g1
3.0	-- Performing Test c_rocprofiler_sdk_release_flags_g1 - Success
3.0	-- Performing Test cxx_rocprofiler_sdk_release_flags_g1
3.1	-- Performing Test cxx_rocprofiler_sdk_release_flags_g1 - Success
3.1	-- Performing Test c_rocprofiler_sdk_release_flags_feliminate_unused_debug_symbols
3.2	-- Performing Test c_rocprofiler_sdk_release_flags_feliminate_unused_debug_symbols - Success
3.2	-- Performing Test cxx_rocprofiler_sdk_release_flags_feliminate_unused_debug_symbols
3.3	-- Performing Test cxx_rocprofiler_sdk_release_flags_feliminate_unused_debug_symbols - Success
3.3	-- Performing Test c_rocprofiler_sdk_release_flags_gno_column_info
3.3	-- Performing Test c_rocprofiler_sdk_release_flags_gno_column_info - Success
3.3	-- Performing Test cxx_rocprofiler_sdk_release_flags_gno_column_info
3.4	-- Performing Test cxx_rocprofiler_sdk_release_flags_gno_column_info - Success
3.4	-- Performing Test c_rocprofiler_sdk_release_flags_gno_variable_location_views
3.5	-- Performing Test c_rocprofiler_sdk_release_flags_gno_variable_location_views - Success
3.5	-- Performing Test cxx_rocprofiler_sdk_release_flags_gno_variable_location_views
3.6	-- Performing Test cxx_rocprofiler_sdk_release_flags_gno_variable_location_views - Success
3.6	-- Performing Test c_rocprofiler_sdk_release_flags_gline_tables_only
3.6	-- Performing Test c_rocprofiler_sdk_release_flags_gline_tables_only - Failed
3.6	-- Performing Test cxx_rocprofiler_sdk_release_flags_gline_tables_only
3.7	-- Performing Test cxx_rocprofiler_sdk_release_flags_gline_tables_only - Failed
3.7	-- Performing Test c_rocprofiler_sdk_experimental_flags_Wno_deprecated_declarations
3.7	-- Performing Test c_rocprofiler_sdk_experimental_flags_Wno_deprecated_declarations - Success
3.7	-- Performing Test cxx_rocprofiler_sdk_experimental_flags_Wno_deprecated_declarations
3.8	-- Performing Test cxx_rocprofiler_sdk_experimental_flags_Wno_deprecated_declarations - Success
3.8	-- Performing Test c_rocprofiler_sdk_deprecated_flags_Wdeprecated_declarations
3.9	-- Performing Test c_rocprofiler_sdk_deprecated_flags_Wdeprecated_declarations - Success
3.9	-- Performing Test cxx_rocprofiler_sdk_deprecated_flags_Wdeprecated_declarations
4.0	-- Performing Test cxx_rocprofiler_sdk_deprecated_flags_Wdeprecated_declarations - Success
4.1	-- Resolving system find_library(pthread_LIBRARY NAMES pthread;pthreads ): /usr/lib/x86_64-linux-gnu/libpthread.a
4.1	-- Found pthread-library: /usr/lib/x86_64-linux-gnu/libpthread.a  
4.1	-- Resolving system find_library(pthread_LIBRARY NAMES pthread;pthreads ): /usr/lib/x86_64-linux-gnu/libpthread.a
4.1	-- Resolving system find_library(dl_LIBRARY NAMES dl ): /usr/lib/x86_64-linux-gnu/libdl.a
4.1	-- Resolving system find_library(rt_LIBRARY NAMES rt ): /usr/lib/x86_64-linux-gnu/librt.a
4.1	-- Resolving system find_package(rocm_version) (not found in super-project ZLIB;zstd;AMDDeviceLibs;Clang;LLD;LLVM;rocprofiler-register;BZip2;LibElf;libdw;NUMA;hsakmt;hsa-runtime64;amd_comgr;rocm-core;hip;HIP;hip-lang;hiprtc;SQLite3)
4.1	-- Found rocm_version: 7.0.0 (found suitable version "7.0.0", minimum required is "6.2") 
4.1	-- Resolving super-project find_package(hip REQUIRED CONFIG BYPASS_PROVIDER NO_DEFAULT_PATH PATHS /work/grodgers/git/tr-aomp/TheRock/build/core/clr/dist/lib/cmake/hip)
4.1	-- Resolving super-project find_package(AMDDeviceLibs BYPASS_PROVIDER NO_DEFAULT_PATH PATHS /work/grodgers/git/tr-aomp/TheRock/build/compiler/amd-llvm/dist/lib/llvm/lib/cmake/AMDDeviceLibs)
4.1	-- Resolving super-project find_package(amd_comgr BYPASS_PROVIDER NO_DEFAULT_PATH PATHS /work/grodgers/git/tr-aomp/TheRock/build/compiler/amd-comgr/dist/lib/cmake/amd_comgr)
4.1	-- Resolving super-project find_package(hsa-runtime64 BYPASS_PROVIDER NO_DEFAULT_PATH PATHS /work/grodgers/git/tr-aomp/TheRock/build/core/ROCR-Runtime/dist/lib/cmake/hsa-runtime64)
4.1	-- Resolving system find_package(Threads) (not found in super-project ZLIB;zstd;AMDDeviceLibs;Clang;LLD;LLVM;rocprofiler-register;BZip2;LibElf;libdw;NUMA;hsakmt;hsa-runtime64;amd_comgr;rocm-core;hip;HIP;hip-lang;hiprtc;SQLite3)
4.1	-- Performing Test CMAKE_HAVE_LIBC_PTHREAD
4.2	-- Performing Test CMAKE_HAVE_LIBC_PTHREAD - Success
4.2	-- Found Threads: TRUE  
4.2	-- Resolving super-project find_package(hsa-runtime64 1.14 REQUIRED CONFIG BYPASS_PROVIDER NO_DEFAULT_PATH PATHS /work/grodgers/git/tr-aomp/TheRock/build/core/ROCR-Runtime/dist/lib/cmake/hsa-runtime64)
4.2	-- Resolving super-project find_package(amd_comgr REQUIRED CONFIG BYPASS_PROVIDER NO_DEFAULT_PATH PATHS /work/grodgers/git/tr-aomp/TheRock/build/compiler/amd-comgr/dist/lib/cmake/amd_comgr)
4.2	-- Resolving super-project find_package(LibElf REQUIRED BYPASS_PROVIDER NO_DEFAULT_PATH PATHS /work/grodgers/git/tr-aomp/TheRock/build/third-party/sysdeps/linux/elfutils/build/dist/lib/rocm_sysdeps/lib/cmake/LibElf)
4.2	-- Resolving super-project find_package(libdw REQUIRED BYPASS_PROVIDER NO_DEFAULT_PATH PATHS /work/grodgers/git/tr-aomp/TheRock/build/third-party/sysdeps/linux/elfutils/build/dist/lib/rocm_sysdeps/lib/cmake/libdw)
4.2	-- Resolving super-project find_library(hsa-amd-aqlprofile64_library NAMES hsa-amd-aqlprofile64;hsa-amd-aqlprofile;HINTS;/opt/rocm-7.0.0;/work/grodgers/git/tr-aomp/TheRock/build/core/clr/dist;PATHS;/opt/rocm-7.0.0;/work/grodgers/git/tr-aomp/TheRock/build/core/clr/dist): /work/grodgers/git/tr-aomp/TheRock/build/profiler/aqlprofile/stage/lib/libhsa-amd-aqlprofile64.so
4.2	-- Resolving super-project find_package(hsakmt REQUIRED CONFIG BYPASS_PROVIDER NO_DEFAULT_PATH PATHS /work/grodgers/git/tr-aomp/TheRock/build/core/ROCR-Runtime/dist/lib/cmake/hsakmt)
4.2	-- Resolving system find_package(PkgConfig) (not found in super-project ZLIB;zstd;AMDDeviceLibs;Clang;LLD;LLVM;rocprofiler-register;BZip2;LibElf;libdw;NUMA;hsakmt;hsa-runtime64;amd_comgr;rocm-core;hip;HIP;hip-lang;hiprtc;SQLite3)
4.2	-- Found PkgConfig: /usr/bin/pkg-config (found version "1.8.1") 
4.2	-- Checking for module 'libdrm'
4.2	--   Found libdrm, version 2.4.124
4.3	-- Resolving system find_library(pkgcfg_lib_DRM_drm NAMES drm;HINTS;/work/grodgers/git/tr-aomp/TheRock/build/third-party/sysdeps/linux/libdrm/build/stage/lib/rocm_sysdeps/lib/pkgconfig/../../lib;NO_DEFAULT_PATH ): /work/grodgers/git/tr-aomp/TheRock/build/third-party/sysdeps/linux/libdrm/build/stage/lib/rocm_sysdeps/lib/libdrm.so
4.3	-- Resolving system find_library(pkgcfg_lib_DRM_drm NAMES drm ): /work/grodgers/git/tr-aomp/TheRock/build/third-party/sysdeps/linux/libdrm/build/stage/lib/rocm_sysdeps/lib/libdrm.so
4.3	-- Checking for module 'libdrm_amdgpu'
4.3	--   Found libdrm_amdgpu, version 2.4.124
4.3	-- Resolving system find_library(pkgcfg_lib_DRM_AMDGPU_drm_amdgpu NAMES drm_amdgpu;HINTS;/work/grodgers/git/tr-aomp/TheRock/build/third-party/sysdeps/linux/libdrm/build/stage/lib/rocm_sysdeps/lib/pkgconfig/../../lib;NO_DEFAULT_PATH ): /work/grodgers/git/tr-aomp/TheRock/build/third-party/sysdeps/linux/libdrm/build/stage/lib/rocm_sysdeps/lib/libdrm_amdgpu.so
4.3	-- Resolving system find_library(pkgcfg_lib_DRM_AMDGPU_drm_amdgpu NAMES drm_amdgpu ): /work/grodgers/git/tr-aomp/TheRock/build/third-party/sysdeps/linux/libdrm/build/stage/lib/rocm_sysdeps/lib/libdrm_amdgpu.so
4.3	-- Resolving system find_package(rccl) (not found in super-project ZLIB;zstd;AMDDeviceLibs;Clang;LLD;LLVM;rocprofiler-register;BZip2;LibElf;libdw;NUMA;hsakmt;hsa-runtime64;amd_comgr;rocm-core;hip;HIP;hip-lang;hiprtc;SQLite3)
4.3	-- Resolving super-project find_package(hip BYPASS_PROVIDER NO_DEFAULT_PATH PATHS /work/grodgers/git/tr-aomp/TheRock/build/core/clr/dist/lib/cmake/hip)
4.3	-- Resolving super-project find_package(AMDDeviceLibs BYPASS_PROVIDER NO_DEFAULT_PATH PATHS /work/grodgers/git/tr-aomp/TheRock/build/compiler/amd-llvm/dist/lib/llvm/lib/cmake/AMDDeviceLibs)
4.3	-- Resolving super-project find_package(amd_comgr BYPASS_PROVIDER NO_DEFAULT_PATH PATHS /work/grodgers/git/tr-aomp/TheRock/build/compiler/amd-comgr/dist/lib/cmake/amd_comgr)
4.3	-- Resolving super-project find_package(hsa-runtime64 BYPASS_PROVIDER NO_DEFAULT_PATH PATHS /work/grodgers/git/tr-aomp/TheRock/build/core/ROCR-Runtime/dist/lib/cmake/hsa-runtime64)
4.3	-- Resolving system find_package(Threads) (not found in super-project ZLIB;zstd;AMDDeviceLibs;Clang;LLD;LLVM;rocprofiler-register;BZip2;LibElf;libdw;NUMA;hsakmt;hsa-runtime64;amd_comgr;rocm-core;hip;HIP;hip-lang;hiprtc;SQLite3)
4.4	-- Resolving system find_package(rocDecode) (not found in super-project ZLIB;zstd;AMDDeviceLibs;Clang;LLD;LLVM;rocprofiler-register;BZip2;LibElf;libdw;NUMA;hsakmt;hsa-runtime64;amd_comgr;rocm-core;hip;HIP;hip-lang;hiprtc;SQLite3)
4.4	-- Resolving system find_path(rocDecode_ROOT_DIR NAMES include/rocdecode;HINTS;/work/grodgers/git/tr-aomp/TheRock/build/core/clr/dist;PATHS;/work/grodgers/git/tr-aomp/TheRock/build/core/clr/dist ): rocDecode_ROOT_DIR-NOTFOUND
4.4	-- Resolving system find_path(rocDecode_INCLUDE_DIR NAMES rocdecode/rocdecode.h;HINTS;rocDecode_ROOT_DIR-NOTFOUND;PATHS;rocDecode_ROOT_DIR-NOTFOUND;PATH_SUFFIXES;include ): rocDecode_INCLUDE_DIR-NOTFOUND
4.4	-- Resolving system find_library(rocDecode_LIBRARY NAMES rocdecode;HINTS;rocDecode_ROOT_DIR-NOTFOUND;PATHS;rocDecode_ROOT_DIR-NOTFOUND;PATH_SUFFIXES;lib ): rocDecode_LIBRARY-NOTFOUND
4.4	-- Could NOT find rocDecode (missing: rocDecode_INCLUDE_DIR rocDecode_LIBRARY) 
4.4	-- Resolving system find_package(rocJPEG) (not found in super-project ZLIB;zstd;AMDDeviceLibs;Clang;LLD;LLVM;rocprofiler-register;BZip2;LibElf;libdw;NUMA;hsakmt;hsa-runtime64;amd_comgr;rocm-core;hip;HIP;hip-lang;hiprtc;SQLite3)
4.4	-- Resolving system find_path(rocJPEG_ROOT_DIR NAMES include/rocjpeg;HINTS;/work/grodgers/git/tr-aomp/TheRock/build/core/clr/dist;PATHS;/work/grodgers/git/tr-aomp/TheRock/build/core/clr/dist ): rocJPEG_ROOT_DIR-NOTFOUND
4.4	-- Resolving system find_path(rocJPEG_INCLUDE_DIR NAMES rocjpeg/rocjpeg.h;HINTS;rocJPEG_ROOT_DIR-NOTFOUND;PATHS;rocJPEG_ROOT_DIR-NOTFOUND;PATH_SUFFIXES;include ): rocJPEG_INCLUDE_DIR-NOTFOUND
4.4	-- Resolving system find_library(rocJPEG_LIBRARY NAMES rocjpeg;HINTS;rocJPEG_ROOT_DIR-NOTFOUND;PATHS;rocJPEG_ROOT_DIR-NOTFOUND;PATH_SUFFIXES;lib ): rocJPEG_LIBRARY-NOTFOUND
4.4	-- Could NOT find rocJPEG (missing: rocJPEG_INCLUDE_DIR rocJPEG_LIBRARY) 
4.7	-- [rocprofiler-sdk][external] Resolving system find_package(Git) (not found in super-project ZLIB;zstd;AMDDeviceLibs;Clang;LLD;LLVM;rocprofiler-register;BZip2;LibElf;libdw;NUMA;hsakmt;hsa-runtime64;amd_comgr;rocm-core;hip;HIP;hip-lang;hiprtc;SQLite3)
4.7	-- [rocprofiler-sdk][external] Resolving system find_package(Git) (not found in super-project ZLIB;zstd;AMDDeviceLibs;Clang;LLD;LLVM;rocprofiler-register;BZip2;LibElf;libdw;NUMA;hsakmt;hsa-runtime64;amd_comgr;rocm-core;hip;HIP;hip-lang;hiprtc;SQLite3)
4.8	-- [rocprofiler-sdk][external] Resolving system find_package(Threads) (not found in super-project ZLIB;zstd;AMDDeviceLibs;Clang;LLD;LLVM;rocprofiler-register;BZip2;LibElf;libdw;NUMA;hsakmt;hsa-runtime64;amd_comgr;rocm-core;hip;HIP;hip-lang;hiprtc;SQLite3)
4.8	-- [rocprofiler-sdk][external] Looking for C++ include dlfcn.h
4.8	-- [rocprofiler-sdk][external] Looking for C++ include dlfcn.h - found
4.8	-- [rocprofiler-sdk][external] Looking for C++ include elf.h
4.9	-- [rocprofiler-sdk][external] Looking for C++ include elf.h - found
4.9	-- [rocprofiler-sdk][external] Looking for C++ include glob.h
5.0	-- [rocprofiler-sdk][external] Looking for C++ include glob.h - found
5.0	-- [rocprofiler-sdk][external] Looking for C++ include link.h
5.1	-- [rocprofiler-sdk][external] Looking for C++ include link.h - found
5.1	-- [rocprofiler-sdk][external] Looking for C++ include pwd.h
5.2	-- [rocprofiler-sdk][external] Looking for C++ include pwd.h - found
5.2	-- [rocprofiler-sdk][external] Looking for C++ include sys/exec_elf.h
5.2	-- [rocprofiler-sdk][external] Looking for C++ include sys/exec_elf.h - not found
5.2	-- [rocprofiler-sdk][external] Looking for C++ include sys/syscall.h
5.3	-- [rocprofiler-sdk][external] Looking for C++ include sys/syscall.h - found
5.3	-- [rocprofiler-sdk][external] Looking for C++ include sys/time.h
5.4	-- [rocprofiler-sdk][external] Looking for C++ include sys/time.h - found
5.4	-- [rocprofiler-sdk][external] Looking for C++ include sys/types.h
5.5	-- [rocprofiler-sdk][external] Looking for C++ include sys/types.h - found
5.5	-- [rocprofiler-sdk][external] Looking for C++ include sys/utsname.h
5.6	-- [rocprofiler-sdk][external] Looking for C++ include sys/utsname.h - found
5.6	-- [rocprofiler-sdk][external] Looking for C++ include sys/wait.h
5.7	-- [rocprofiler-sdk][external] Looking for C++ include sys/wait.h - found
5.7	-- [rocprofiler-sdk][external] Looking for C++ include syscall.h
5.8	-- [rocprofiler-sdk][external] Looking for C++ include syscall.h - found
5.8	-- [rocprofiler-sdk][external] Looking for C++ include syslog.h
5.8	-- [rocprofiler-sdk][external] Looking for C++ include syslog.h - found
5.8	-- [rocprofiler-sdk][external] Looking for C++ include ucontext.h
5.9	-- [rocprofiler-sdk][external] Looking for C++ include ucontext.h - found
5.9	-- [rocprofiler-sdk][external] Looking for C++ include unistd.h
6.0	-- [rocprofiler-sdk][external] Looking for C++ include unistd.h - found
6.0	-- [rocprofiler-sdk][external] Looking for C++ include stdint.h
6.1	-- [rocprofiler-sdk][external] Looking for C++ include stdint.h - found
6.1	-- [rocprofiler-sdk][external] Looking for C++ include stddef.h
6.2	-- [rocprofiler-sdk][external] Looking for C++ include stddef.h - found
6.2	-- [rocprofiler-sdk][external] Check size of mode_t
6.3	-- [rocprofiler-sdk][external] Check size of mode_t - done
6.3	-- [rocprofiler-sdk][external] Check size of ssize_t
6.4	-- [rocprofiler-sdk][external] Check size of ssize_t - done
6.4	-- [rocprofiler-sdk][external] Looking for dladdr
6.5	-- [rocprofiler-sdk][external] Looking for dladdr - found
6.5	-- [rocprofiler-sdk][external] Looking for fcntl
6.6	-- [rocprofiler-sdk][external] Looking for fcntl - found
6.6	-- [rocprofiler-sdk][external] Looking for posix_fadvise
6.7	-- [rocprofiler-sdk][external] Looking for posix_fadvise - found
6.7	-- [rocprofiler-sdk][external] Looking for pread
6.9	-- [rocprofiler-sdk][external] Looking for pread - found
6.9	-- [rocprofiler-sdk][external] Looking for pwrite
7.0	-- [rocprofiler-sdk][external] Looking for pwrite - found
7.0	-- [rocprofiler-sdk][external] Looking for sigaction
7.1	-- [rocprofiler-sdk][external] Looking for sigaction - found
7.1	-- [rocprofiler-sdk][external] Looking for sigaltstack
7.2	-- [rocprofiler-sdk][external] Looking for sigaltstack - found
7.2	-- [rocprofiler-sdk][external] Looking for backtrace
7.3	-- [rocprofiler-sdk][external] Looking for backtrace - found
7.3	-- [rocprofiler-sdk][external] Looking for backtrace_symbols
7.4	-- [rocprofiler-sdk][external] Looking for backtrace_symbols - found
7.4	-- [rocprofiler-sdk][external] Looking for _chsize_s
7.5	-- [rocprofiler-sdk][external] Looking for _chsize_s - not found
7.5	-- [rocprofiler-sdk][external] Looking for UnDecorateSymbolName
7.5	-- [rocprofiler-sdk][external] Looking for UnDecorateSymbolName - not found
7.5	-- [rocprofiler-sdk][external] Looking for abi::__cxa_demangle
7.6	-- [rocprofiler-sdk][external] Looking for abi::__cxa_demangle - found
7.6	-- [rocprofiler-sdk][external] Looking for __argv
7.7	-- [rocprofiler-sdk][external] Looking for __argv - not found
7.7	-- [rocprofiler-sdk][external] Looking for getprogname
7.8	-- [rocprofiler-sdk][external] Looking for getprogname - not found
7.8	-- [rocprofiler-sdk][external] Looking for program_invocation_short_name
7.8	-- [rocprofiler-sdk][external] Looking for program_invocation_short_name - found
7.8	-- [rocprofiler-sdk][external] Performing Test HAVE___PROGNAME
7.9	-- [rocprofiler-sdk][external] Performing Test HAVE___PROGNAME - Success
7.9	-- [rocprofiler-sdk][external] Performing Test HAVE_PC_FROM_UCONTEXT_uc_mcontext_gregs_REG_PC
8.0	-- [rocprofiler-sdk][external] Performing Test HAVE_PC_FROM_UCONTEXT_uc_mcontext_gregs_REG_PC - Failed
8.0	-- [rocprofiler-sdk][external] Performing Test HAVE_PC_FROM_UCONTEXT_uc_mcontext_gregs_REG_EIP
8.0	-- [rocprofiler-sdk][external] Performing Test HAVE_PC_FROM_UCONTEXT_uc_mcontext_gregs_REG_EIP - Failed
8.0	-- [rocprofiler-sdk][external] Performing Test HAVE_PC_FROM_UCONTEXT_uc_mcontext_gregs_REG_RIP
8.1	-- [rocprofiler-sdk][external] Performing Test HAVE_PC_FROM_UCONTEXT_uc_mcontext_gregs_REG_RIP - Success
8.1	-- [rocprofiler-sdk][external] Looking for gmtime_r
8.2	-- [rocprofiler-sdk][external] Looking for gmtime_r - found
8.2	-- [rocprofiler-sdk][external] Looking for localtime_r
8.3	-- [rocprofiler-sdk][external] Looking for localtime_r - found
8.3	-- [rocprofiler-sdk][external] Performing Test COMPILER_HAS_HIDDEN_VISIBILITY
8.5	-- [rocprofiler-sdk][external] Performing Test COMPILER_HAS_HIDDEN_VISIBILITY - Success
8.5	-- [rocprofiler-sdk][external] Performing Test COMPILER_HAS_HIDDEN_INLINE_VISIBILITY
8.6	-- [rocprofiler-sdk][external] Performing Test COMPILER_HAS_HIDDEN_INLINE_VISIBILITY - Success
8.6	-- [rocprofiler-sdk][external] Performing Test COMPILER_HAS_DEPRECATED_ATTR
8.7	-- [rocprofiler-sdk][external] Performing Test COMPILER_HAS_DEPRECATED_ATTR - Success
8.7	-- [rocprofiler-sdk][external] Resolving system find_package(Git) (not found in super-project ZLIB;zstd;AMDDeviceLibs;Clang;LLD;LLVM;rocprofiler-register;BZip2;LibElf;libdw;NUMA;hsakmt;hsa-runtime64;amd_comgr;rocm-core;hip;HIP;hip-lang;hiprtc;SQLite3)
8.7	-- [rocprofiler-sdk][external] Version: 10.1.0
8.7	-- [rocprofiler-sdk][external] Build type: Release
8.7	-- [rocprofiler-sdk][external] Resolving system find_package(Git) (not found in super-project ZLIB;zstd;AMDDeviceLibs;Clang;LLD;LLVM;rocprofiler-register;BZip2;LibElf;libdw;NUMA;hsakmt;hsa-runtime64;amd_comgr;rocm-core;hip;HIP;hip-lang;hiprtc;SQLite3)
8.7	-- [rocprofiler-sdk][external] Building PTL with option BUILD_STATIC_LIBS - ON
8.7	-- [rocprofiler-sdk][external] Building PTL with option BUILD_SHARED_LIBS - OFF
8.7	-- [rocprofiler-sdk][external] Building PTL with option BUILD_OBJECT_LIBS - OFF
8.7	-- [rocprofiler-sdk][external] Building PTL with CMAKE_CXX_STANDARD - 17
8.7	-- [rocprofiler-sdk][external] Building PTL with option PTL_USE_COVERAGE - 
8.7	-- [rocprofiler-sdk][external] Building PTL with option PTL_USE_SANITIZER - 
8.7	-- [rocprofiler-sdk][external] Building PTL with option PTL_USE_CLANG_TIDY - 
8.7	-- [rocprofiler-sdk][external] Building PTL with option PTL_USE_TBB - OFF
8.7	-- [rocprofiler-sdk][external] Building PTL with option PTL_USE_LOCKS - ON
8.7	-- [rocprofiler-sdk][external] Building PTL with option PTL_INSTALL_HEADERS - 
8.7	-- [rocprofiler-sdk][external] Building PTL with option PTL_INSTALL_CONFIG - 
8.7	-- [rocprofiler-sdk][external] Resolving system find_package(Threads) (not found in super-project ZLIB;zstd;AMDDeviceLibs;Clang;LLD;LLVM;rocprofiler-register;BZip2;LibElf;libdw;NUMA;hsakmt;hsa-runtime64;amd_comgr;rocm-core;hip;HIP;hip-lang;hiprtc;SQLite3)
8.7	-- [rocprofiler-sdk][external] Building PTL with option PTL_BUILD_EXAMPLES - OFF
8.7	-- [rocprofiler-sdk][external] Resolving system find_package(Git) (not found in super-project ZLIB;zstd;AMDDeviceLibs;Clang;LLD;LLVM;rocprofiler-register;BZip2;LibElf;libdw;NUMA;hsakmt;hsa-runtime64;amd_comgr;rocm-core;hip;HIP;hip-lang;hiprtc;SQLite3)
8.7	-- [rocprofiler-sdk][external] Resolving system find_package(Git) (not found in super-project ZLIB;zstd;AMDDeviceLibs;Clang;LLD;LLVM;rocprofiler-register;BZip2;LibElf;libdw;NUMA;hsakmt;hsa-runtime64;amd_comgr;rocm-core;hip;HIP;hip-lang;hiprtc;SQLite3)
8.7	-- [rocprofiler-sdk][external] Resolving system find_package(Git) (not found in super-project ZLIB;zstd;AMDDeviceLibs;Clang;LLD;LLVM;rocprofiler-register;BZip2;LibElf;libdw;NUMA;hsakmt;hsa-runtime64;amd_comgr;rocm-core;hip;HIP;hip-lang;hiprtc;SQLite3)
8.7	-- [rocprofiler-sdk][external] Resolving system find_package(Git) (not found in super-project ZLIB;zstd;AMDDeviceLibs;Clang;LLD;LLVM;rocprofiler-register;BZip2;LibElf;libdw;NUMA;hsakmt;hsa-runtime64;amd_comgr;rocm-core;hip;HIP;hip-lang;hiprtc;SQLite3)
10.6	-- [rocprofiler-sdk][external] Resolving system find_package(Git) (not found in super-project ZLIB;zstd;AMDDeviceLibs;Clang;LLD;LLVM;rocprofiler-register;BZip2;LibElf;libdw;NUMA;hsakmt;hsa-runtime64;amd_comgr;rocm-core;hip;HIP;hip-lang;hiprtc;SQLite3)
10.7	-- [rocprofiler-sdk][external] Using the multi-header code from /work/grodgers/git/tr-aomp/TheRock/rocm-systems/projects/rocprofiler-sdk/external/json/include/
10.7	-- [rocprofiler-sdk][external] Resolving super-project find_package(SQLite3 REQUIRED BYPASS_PROVIDER NO_DEFAULT_PATH PATHS /work/grodgers/git/tr-aomp/TheRock/build/third-party/sysdeps/linux/sqlite3/build/dist/lib/rocm_sysdeps/lib/cmake/SQLite3)
10.7	-- [rocprofiler-sdk][external] Resolving system find_package(Git) (not found in super-project ZLIB;zstd;AMDDeviceLibs;Clang;LLD;LLVM;rocprofiler-register;BZip2;LibElf;libdw;NUMA;hsakmt;hsa-runtime64;amd_comgr;rocm-core;hip;HIP;hip-lang;hiprtc;SQLite3)
10.7	-- [rocprofiler-sdk][external] Resolving system find_package(Git) (not found in super-project ZLIB;zstd;AMDDeviceLibs;Clang;LLD;LLVM;rocprofiler-register;BZip2;LibElf;libdw;NUMA;hsakmt;hsa-runtime64;amd_comgr;rocm-core;hip;HIP;hip-lang;hiprtc;SQLite3)
10.7	-- [rocprofiler-sdk][external] Performing Test COMPILER_SUPPORTS_CXX11
10.8	-- [rocprofiler-sdk][external] Performing Test COMPILER_SUPPORTS_CXX11 - Success
10.8	-- Resolving super-project find_package(rocprofiler-register REQUIRED BYPASS_PROVIDER NO_DEFAULT_PATH PATHS /work/grodgers/git/tr-aomp/TheRock/build/base/rocprofiler-register/dist/lib/cmake/rocprofiler-register)
10.8	-- Found rocprofiler-register: /work/grodgers/git/tr-aomp/TheRock/build/base/rocprofiler-register/dist (found version "0.5.0")  
10.8	-- [rocprofiler-sdk][python] Resolving system find_package(Python3) (not found in super-project ZLIB;zstd;AMDDeviceLibs;Clang;LLD;LLVM;rocprofiler-register;BZip2;LibElf;libdw;NUMA;hsakmt;hsa-runtime64;amd_comgr;rocm-core;hip;HIP;hip-lang;hiprtc;SQLite3)
11.0	-- [rocprofiler-sdk][python] Resolving system find_library(_Python3_LIBRARY_RELEASE NAMES python320;python3.20mu;python3.20m;python3.20u;python3.20;NAMES_PER_DIR;HINTS;ENV;Python3_ROOT_DIR;PATHS;PATH_SUFFIXES;lib/x86_64-linux-gnu;lib;libs;lib/python3.20/config-3.20mu-x86_64-linux-gnu;lib/python3.20/config-3.20m-x86_64-linux-gnu;lib/python3.20/config-3.20u-x86_64-linux-gnu;lib/python3.20/config-3.20-x86_64-linux-gnu;lib/python3.20/config-3.20mu;lib/python3.20/config-3.20m;lib/python3.20/config-3.20u;lib/python3.20/config-3.20;NO_SYSTEM_ENVIRONMENT_PATH;NO_CMAKE_SYSTEM_PATH ): _Python3_LIBRARY_RELEASE-NOTFOUND
11.0	-- [rocprofiler-sdk][python] Resolving system find_library(_Python3_LIBRARY_RELEASE NAMES python320;python3.20mu;python3.20m;python3.20u;python3.20;NAMES_PER_DIR;PATHS;PATH_SUFFIXES;lib/x86_64-linux-gnu;lib;libs;lib/python3.20/config-3.20mu-x86_64-linux-gnu;lib/python3.20/config-3.20m-x86_64-linux-gnu;lib/python3.20/config-3.20u-x86_64-linux-gnu;lib/python3.20/config-3.20-x86_64-linux-gnu;lib/python3.20/config-3.20mu;lib/python3.20/config-3.20m;lib/python3.20/config-3.20u;lib/python3.20/config-3.20 ): _Python3_LIBRARY_RELEASE-NOTFOUND
11.0	-- [rocprofiler-sdk][python] Resolving system find_path(_Python3_INCLUDE_DIR NAMES Python.h;HINTS;ENV;Python3_ROOT_DIR;PATHS;PATH_SUFFIXES;NO_SYSTEM_ENVIRONMENT_PATH;NO_CMAKE_SYSTEM_PATH ): _Python3_INCLUDE_DIR-NOTFOUND
11.0	-- [rocprofiler-sdk][python] Resolving system find_path(_Python3_INCLUDE_DIR NAMES Python.h ): _Python3_INCLUDE_DIR-NOTFOUND
11.2	-- [rocprofiler-sdk][python] Resolving system find_library(_Python3_LIBRARY_RELEASE NAMES python320;python3.20mu;python3.20m;python3.20u;python3.20;NAMES_PER_DIR;HINTS;ENV;Python3_ROOT_DIR;PATHS;PATH_SUFFIXES;lib/x86_64-linux-gnu;lib;libs;lib/python3.20/config-3.20mu-x86_64-linux-gnu;lib/python3.20/config-3.20m-x86_64-linux-gnu;lib/python3.20/config-3.20u-x86_64-linux-gnu;lib/python3.20/config-3.20-x86_64-linux-gnu;lib/python3.20/config-3.20mu;lib/python3.20/config-3.20m;lib/python3.20/config-3.20u;lib/python3.20/config-3.20;NO_SYSTEM_ENVIRONMENT_PATH;NO_CMAKE_SYSTEM_PATH ): _Python3_LIBRARY_RELEASE-NOTFOUND
11.2	-- [rocprofiler-sdk][python] Resolving system find_library(_Python3_LIBRARY_RELEASE NAMES python320;python3.20mu;python3.20m;python3.20u;python3.20;NAMES_PER_DIR;PATHS;PATH_SUFFIXES;lib/x86_64-linux-gnu;lib;libs;lib/python3.20/config-3.20mu-x86_64-linux-gnu;lib/python3.20/config-3.20m-x86_64-linux-gnu;lib/python3.20/config-3.20u-x86_64-linux-gnu;lib/python3.20/config-3.20-x86_64-linux-gnu;lib/python3.20/config-3.20mu;lib/python3.20/config-3.20m;lib/python3.20/config-3.20u;lib/python3.20/config-3.20 ): _Python3_LIBRARY_RELEASE-NOTFOUND
11.2	-- [rocprofiler-sdk][python] Resolving system find_path(_Python3_INCLUDE_DIR NAMES Python.h;HINTS;ENV;Python3_ROOT_DIR;PATHS;PATH_SUFFIXES;NO_SYSTEM_ENVIRONMENT_PATH;NO_CMAKE_SYSTEM_PATH ): _Python3_INCLUDE_DIR-NOTFOUND
11.2	-- [rocprofiler-sdk][python] Resolving system find_path(_Python3_INCLUDE_DIR NAMES Python.h ): _Python3_INCLUDE_DIR-NOTFOUND
11.2	-- [rocprofiler-sdk][python] Resolving system find_package(Python3) (not found in super-project ZLIB;zstd;AMDDeviceLibs;Clang;LLD;LLVM;rocprofiler-register;BZip2;LibElf;libdw;NUMA;hsakmt;hsa-runtime64;amd_comgr;rocm-core;hip;HIP;hip-lang;hiprtc;SQLite3)
11.4	-- [rocprofiler-sdk][python] Resolving system find_library(_Python3_LIBRARY_RELEASE NAMES python319;python3.19mu;python3.19m;python3.19u;python3.19;NAMES_PER_DIR;HINTS;ENV;Python3_ROOT_DIR;PATHS;PATH_SUFFIXES;lib/x86_64-linux-gnu;lib;libs;lib/python3.19/config-3.19mu-x86_64-linux-gnu;lib/python3.19/config-3.19m-x86_64-linux-gnu;lib/python3.19/config-3.19u-x86_64-linux-gnu;lib/python3.19/config-3.19-x86_64-linux-gnu;lib/python3.19/config-3.19mu;lib/python3.19/config-3.19m;lib/python3.19/config-3.19u;lib/python3.19/config-3.19;NO_SYSTEM_ENVIRONMENT_PATH;NO_CMAKE_SYSTEM_PATH ): _Python3_LIBRARY_RELEASE-NOTFOUND
11.4	-- [rocprofiler-sdk][python] Resolving system find_library(_Python3_LIBRARY_RELEASE NAMES python319;python3.19mu;python3.19m;python3.19u;python3.19;NAMES_PER_DIR;PATHS;PATH_SUFFIXES;lib/x86_64-linux-gnu;lib;libs;lib/python3.19/config-3.19mu-x86_64-linux-gnu;lib/python3.19/config-3.19m-x86_64-linux-gnu;lib/python3.19/config-3.19u-x86_64-linux-gnu;lib/python3.19/config-3.19-x86_64-linux-gnu;lib/python3.19/config-3.19mu;lib/python3.19/config-3.19m;lib/python3.19/config-3.19u;lib/python3.19/config-3.19 ): _Python3_LIBRARY_RELEASE-NOTFOUND
11.4	-- [rocprofiler-sdk][python] Resolving system find_path(_Python3_INCLUDE_DIR NAMES Python.h;HINTS;ENV;Python3_ROOT_DIR;PATHS;PATH_SUFFIXES;NO_SYSTEM_ENVIRONMENT_PATH;NO_CMAKE_SYSTEM_PATH ): _Python3_INCLUDE_DIR-NOTFOUND
11.4	-- [rocprofiler-sdk][python] Resolving system find_path(_Python3_INCLUDE_DIR NAMES Python.h ): _Python3_INCLUDE_DIR-NOTFOUND
11.6	-- [rocprofiler-sdk][python] Resolving system find_library(_Python3_LIBRARY_RELEASE NAMES python319;python3.19mu;python3.19m;python3.19u;python3.19;NAMES_PER_DIR;HINTS;ENV;Python3_ROOT_DIR;PATHS;PATH_SUFFIXES;lib/x86_64-linux-gnu;lib;libs;lib/python3.19/config-3.19mu-x86_64-linux-gnu;lib/python3.19/config-3.19m-x86_64-linux-gnu;lib/python3.19/config-3.19u-x86_64-linux-gnu;lib/python3.19/config-3.19-x86_64-linux-gnu;lib/python3.19/config-3.19mu;lib/python3.19/config-3.19m;lib/python3.19/config-3.19u;lib/python3.19/config-3.19;NO_SYSTEM_ENVIRONMENT_PATH;NO_CMAKE_SYSTEM_PATH ): _Python3_LIBRARY_RELEASE-NOTFOUND
11.6	-- [rocprofiler-sdk][python] Resolving system find_library(_Python3_LIBRARY_RELEASE NAMES python319;python3.19mu;python3.19m;python3.19u;python3.19;NAMES_PER_DIR;PATHS;PATH_SUFFIXES;lib/x86_64-linux-gnu;lib;libs;lib/python3.19/config-3.19mu-x86_64-linux-gnu;lib/python3.19/config-3.19m-x86_64-linux-gnu;lib/python3.19/config-3.19u-x86_64-linux-gnu;lib/python3.19/config-3.19-x86_64-linux-gnu;lib/python3.19/config-3.19mu;lib/python3.19/config-3.19m;lib/python3.19/config-3.19u;lib/python3.19/config-3.19 ): _Python3_LIBRARY_RELEASE-NOTFOUND
11.6	-- [rocprofiler-sdk][python] Resolving system find_path(_Python3_INCLUDE_DIR NAMES Python.h;HINTS;ENV;Python3_ROOT_DIR;PATHS;PATH_SUFFIXES;NO_SYSTEM_ENVIRONMENT_PATH;NO_CMAKE_SYSTEM_PATH ): _Python3_INCLUDE_DIR-NOTFOUND
11.6	-- [rocprofiler-sdk][python] Resolving system find_path(_Python3_INCLUDE_DIR NAMES Python.h ): _Python3_INCLUDE_DIR-NOTFOUND
11.6	-- [rocprofiler-sdk][python] Resolving system find_package(Python3) (not found in super-project ZLIB;zstd;AMDDeviceLibs;Clang;LLD;LLVM;rocprofiler-register;BZip2;LibElf;libdw;NUMA;hsakmt;hsa-runtime64;amd_comgr;rocm-core;hip;HIP;hip-lang;hiprtc;SQLite3)
11.8	-- [rocprofiler-sdk][python] Resolving system find_library(_Python3_LIBRARY_RELEASE NAMES python318;python3.18mu;python3.18m;python3.18u;python3.18;NAMES_PER_DIR;HINTS;ENV;Python3_ROOT_DIR;PATHS;PATH_SUFFIXES;lib/x86_64-linux-gnu;lib;libs;lib/python3.18/config-3.18mu-x86_64-linux-gnu;lib/python3.18/config-3.18m-x86_64-linux-gnu;lib/python3.18/config-3.18u-x86_64-linux-gnu;lib/python3.18/config-3.18-x86_64-linux-gnu;lib/python3.18/config-3.18mu;lib/python3.18/config-3.18m;lib/python3.18/config-3.18u;lib/python3.18/config-3.18;NO_SYSTEM_ENVIRONMENT_PATH;NO_CMAKE_SYSTEM_PATH ): _Python3_LIBRARY_RELEASE-NOTFOUND
11.8	-- [rocprofiler-sdk][python] Resolving system find_library(_Python3_LIBRARY_RELEASE NAMES python318;python3.18mu;python3.18m;python3.18u;python3.18;NAMES_PER_DIR;PATHS;PATH_SUFFIXES;lib/x86_64-linux-gnu;lib;libs;lib/python3.18/config-3.18mu-x86_64-linux-gnu;lib/python3.18/config-3.18m-x86_64-linux-gnu;lib/python3.18/config-3.18u-x86_64-linux-gnu;lib/python3.18/config-3.18-x86_64-linux-gnu;lib/python3.18/config-3.18mu;lib/python3.18/config-3.18m;lib/python3.18/config-3.18u;lib/python3.18/config-3.18 ): _Python3_LIBRARY_RELEASE-NOTFOUND
11.8	-- [rocprofiler-sdk][python] Resolving system find_path(_Python3_INCLUDE_DIR NAMES Python.h;HINTS;ENV;Python3_ROOT_DIR;PATHS;PATH_SUFFIXES;NO_SYSTEM_ENVIRONMENT_PATH;NO_CMAKE_SYSTEM_PATH ): _Python3_INCLUDE_DIR-NOTFOUND
11.8	-- [rocprofiler-sdk][python] Resolving system find_path(_Python3_INCLUDE_DIR NAMES Python.h ): _Python3_INCLUDE_DIR-NOTFOUND
11.9	-- [rocprofiler-sdk][python] Resolving system find_library(_Python3_LIBRARY_RELEASE NAMES python318;python3.18mu;python3.18m;python3.18u;python3.18;NAMES_PER_DIR;HINTS;ENV;Python3_ROOT_DIR;PATHS;PATH_SUFFIXES;lib/x86_64-linux-gnu;lib;libs;lib/python3.18/config-3.18mu-x86_64-linux-gnu;lib/python3.18/config-3.18m-x86_64-linux-gnu;lib/python3.18/config-3.18u-x86_64-linux-gnu;lib/python3.18/config-3.18-x86_64-linux-gnu;lib/python3.18/config-3.18mu;lib/python3.18/config-3.18m;lib/python3.18/config-3.18u;lib/python3.18/config-3.18;NO_SYSTEM_ENVIRONMENT_PATH;NO_CMAKE_SYSTEM_PATH ): _Python3_LIBRARY_RELEASE-NOTFOUND
12.0	-- [rocprofiler-sdk][python] Resolving system find_library(_Python3_LIBRARY_RELEASE NAMES python318;python3.18mu;python3.18m;python3.18u;python3.18;NAMES_PER_DIR;PATHS;PATH_SUFFIXES;lib/x86_64-linux-gnu;lib;libs;lib/python3.18/config-3.18mu-x86_64-linux-gnu;lib/python3.18/config-3.18m-x86_64-linux-gnu;lib/python3.18/config-3.18u-x86_64-linux-gnu;lib/python3.18/config-3.18-x86_64-linux-gnu;lib/python3.18/config-3.18mu;lib/python3.18/config-3.18m;lib/python3.18/config-3.18u;lib/python3.18/config-3.18 ): _Python3_LIBRARY_RELEASE-NOTFOUND
12.0	-- [rocprofiler-sdk][python] Resolving system find_path(_Python3_INCLUDE_DIR NAMES Python.h;HINTS;ENV;Python3_ROOT_DIR;PATHS;PATH_SUFFIXES;NO_SYSTEM_ENVIRONMENT_PATH;NO_CMAKE_SYSTEM_PATH ): _Python3_INCLUDE_DIR-NOTFOUND
12.0	-- [rocprofiler-sdk][python] Resolving system find_path(_Python3_INCLUDE_DIR NAMES Python.h ): _Python3_INCLUDE_DIR-NOTFOUND
12.0	-- [rocprofiler-sdk][python] Resolving system find_package(Python3) (not found in super-project ZLIB;zstd;AMDDeviceLibs;Clang;LLD;LLVM;rocprofiler-register;BZip2;LibElf;libdw;NUMA;hsakmt;hsa-runtime64;amd_comgr;rocm-core;hip;HIP;hip-lang;hiprtc;SQLite3)
12.1	-- [rocprofiler-sdk][python] Resolving system find_library(_Python3_LIBRARY_RELEASE NAMES python317;python3.17mu;python3.17m;python3.17u;python3.17;NAMES_PER_DIR;HINTS;ENV;Python3_ROOT_DIR;PATHS;PATH_SUFFIXES;lib/x86_64-linux-gnu;lib;libs;lib/python3.17/config-3.17mu-x86_64-linux-gnu;lib/python3.17/config-3.17m-x86_64-linux-gnu;lib/python3.17/config-3.17u-x86_64-linux-gnu;lib/python3.17/config-3.17-x86_64-linux-gnu;lib/python3.17/config-3.17mu;lib/python3.17/config-3.17m;lib/python3.17/config-3.17u;lib/python3.17/config-3.17;NO_SYSTEM_ENVIRONMENT_PATH;NO_CMAKE_SYSTEM_PATH ): _Python3_LIBRARY_RELEASE-NOTFOUND
12.1	-- [rocprofiler-sdk][python] Resolving system find_library(_Python3_LIBRARY_RELEASE NAMES python317;python3.17mu;python3.17m;python3.17u;python3.17;NAMES_PER_DIR;PATHS;PATH_SUFFIXES;lib/x86_64-linux-gnu;lib;libs;lib/python3.17/config-3.17mu-x86_64-linux-gnu;lib/python3.17/config-3.17m-x86_64-linux-gnu;lib/python3.17/config-3.17u-x86_64-linux-gnu;lib/python3.17/config-3.17-x86_64-linux-gnu;lib/python3.17/config-3.17mu;lib/python3.17/config-3.17m;lib/python3.17/config-3.17u;lib/python3.17/config-3.17 ): _Python3_LIBRARY_RELEASE-NOTFOUND
12.1	-- [rocprofiler-sdk][python] Resolving system find_path(_Python3_INCLUDE_DIR NAMES Python.h;HINTS;ENV;Python3_ROOT_DIR;PATHS;PATH_SUFFIXES;NO_SYSTEM_ENVIRONMENT_PATH;NO_CMAKE_SYSTEM_PATH ): _Python3_INCLUDE_DIR-NOTFOUND
12.1	-- [rocprofiler-sdk][python] Resolving system find_path(_Python3_INCLUDE_DIR NAMES Python.h ): _Python3_INCLUDE_DIR-NOTFOUND
12.3	-- [rocprofiler-sdk][python] Resolving system find_library(_Python3_LIBRARY_RELEASE NAMES python317;python3.17mu;python3.17m;python3.17u;python3.17;NAMES_PER_DIR;HINTS;ENV;Python3_ROOT_DIR;PATHS;PATH_SUFFIXES;lib/x86_64-linux-gnu;lib;libs;lib/python3.17/config-3.17mu-x86_64-linux-gnu;lib/python3.17/config-3.17m-x86_64-linux-gnu;lib/python3.17/config-3.17u-x86_64-linux-gnu;lib/python3.17/config-3.17-x86_64-linux-gnu;lib/python3.17/config-3.17mu;lib/python3.17/config-3.17m;lib/python3.17/config-3.17u;lib/python3.17/config-3.17;NO_SYSTEM_ENVIRONMENT_PATH;NO_CMAKE_SYSTEM_PATH ): _Python3_LIBRARY_RELEASE-NOTFOUND
12.3	-- [rocprofiler-sdk][python] Resolving system find_library(_Python3_LIBRARY_RELEASE NAMES python317;python3.17mu;python3.17m;python3.17u;python3.17;NAMES_PER_DIR;PATHS;PATH_SUFFIXES;lib/x86_64-linux-gnu;lib;libs;lib/python3.17/config-3.17mu-x86_64-linux-gnu;lib/python3.17/config-3.17m-x86_64-linux-gnu;lib/python3.17/config-3.17u-x86_64-linux-gnu;lib/python3.17/config-3.17-x86_64-linux-gnu;lib/python3.17/config-3.17mu;lib/python3.17/config-3.17m;lib/python3.17/config-3.17u;lib/python3.17/config-3.17 ): _Python3_LIBRARY_RELEASE-NOTFOUND
12.3	-- [rocprofiler-sdk][python] Resolving system find_path(_Python3_INCLUDE_DIR NAMES Python.h;HINTS;ENV;Python3_ROOT_DIR;PATHS;PATH_SUFFIXES;NO_SYSTEM_ENVIRONMENT_PATH;NO_CMAKE_SYSTEM_PATH ): _Python3_INCLUDE_DIR-NOTFOUND
12.3	-- [rocprofiler-sdk][python] Resolving system find_path(_Python3_INCLUDE_DIR NAMES Python.h ): _Python3_INCLUDE_DIR-NOTFOUND
12.3	-- [rocprofiler-sdk][python] Resolving system find_package(Python3) (not found in super-project ZLIB;zstd;AMDDeviceLibs;Clang;LLD;LLVM;rocprofiler-register;BZip2;LibElf;libdw;NUMA;hsakmt;hsa-runtime64;amd_comgr;rocm-core;hip;HIP;hip-lang;hiprtc;SQLite3)
12.5	-- [rocprofiler-sdk][python] Resolving system find_library(_Python3_LIBRARY_RELEASE NAMES python316;python3.16mu;python3.16m;python3.16u;python3.16;NAMES_PER_DIR;HINTS;ENV;Python3_ROOT_DIR;PATHS;PATH_SUFFIXES;lib/x86_64-linux-gnu;lib;libs;lib/python3.16/config-3.16mu-x86_64-linux-gnu;lib/python3.16/config-3.16m-x86_64-linux-gnu;lib/python3.16/config-3.16u-x86_64-linux-gnu;lib/python3.16/config-3.16-x86_64-linux-gnu;lib/python3.16/config-3.16mu;lib/python3.16/config-3.16m;lib/python3.16/config-3.16u;lib/python3.16/config-3.16;NO_SYSTEM_ENVIRONMENT_PATH;NO_CMAKE_SYSTEM_PATH ): _Python3_LIBRARY_RELEASE-NOTFOUND
12.5	-- [rocprofiler-sdk][python] Resolving system find_library(_Python3_LIBRARY_RELEASE NAMES python316;python3.16mu;python3.16m;python3.16u;python3.16;NAMES_PER_DIR;PATHS;PATH_SUFFIXES;lib/x86_64-linux-gnu;lib;libs;lib/python3.16/config-3.16mu-x86_64-linux-gnu;lib/python3.16/config-3.16m-x86_64-linux-gnu;lib/python3.16/config-3.16u-x86_64-linux-gnu;lib/python3.16/config-3.16-x86_64-linux-gnu;lib/python3.16/config-3.16mu;lib/python3.16/config-3.16m;lib/python3.16/config-3.16u;lib/python3.16/config-3.16 ): _Python3_LIBRARY_RELEASE-NOTFOUND
12.5	-- [rocprofiler-sdk][python] Resolving system find_path(_Python3_INCLUDE_DIR NAMES Python.h;HINTS;ENV;Python3_ROOT_DIR;PATHS;PATH_SUFFIXES;NO_SYSTEM_ENVIRONMENT_PATH;NO_CMAKE_SYSTEM_PATH ): _Python3_INCLUDE_DIR-NOTFOUND
12.5	-- [rocprofiler-sdk][python] Resolving system find_path(_Python3_INCLUDE_DIR NAMES Python.h ): _Python3_INCLUDE_DIR-NOTFOUND
12.7	-- [rocprofiler-sdk][python] Resolving system find_library(_Python3_LIBRARY_RELEASE NAMES python316;python3.16mu;python3.16m;python3.16u;python3.16;NAMES_PER_DIR;HINTS;ENV;Python3_ROOT_DIR;PATHS;PATH_SUFFIXES;lib/x86_64-linux-gnu;lib;libs;lib/python3.16/config-3.16mu-x86_64-linux-gnu;lib/python3.16/config-3.16m-x86_64-linux-gnu;lib/python3.16/config-3.16u-x86_64-linux-gnu;lib/python3.16/config-3.16-x86_64-linux-gnu;lib/python3.16/config-3.16mu;lib/python3.16/config-3.16m;lib/python3.16/config-3.16u;lib/python3.16/config-3.16;NO_SYSTEM_ENVIRONMENT_PATH;NO_CMAKE_SYSTEM_PATH ): _Python3_LIBRARY_RELEASE-NOTFOUND
12.7	-- [rocprofiler-sdk][python] Resolving system find_library(_Python3_LIBRARY_RELEASE NAMES python316;python3.16mu;python3.16m;python3.16u;python3.16;NAMES_PER_DIR;PATHS;PATH_SUFFIXES;lib/x86_64-linux-gnu;lib;libs;lib/python3.16/config-3.16mu-x86_64-linux-gnu;lib/python3.16/config-3.16m-x86_64-linux-gnu;lib/python3.16/config-3.16u-x86_64-linux-gnu;lib/python3.16/config-3.16-x86_64-linux-gnu;lib/python3.16/config-3.16mu;lib/python3.16/config-3.16m;lib/python3.16/config-3.16u;lib/python3.16/config-3.16 ): _Python3_LIBRARY_RELEASE-NOTFOUND
12.7	-- [rocprofiler-sdk][python] Resolving system find_path(_Python3_INCLUDE_DIR NAMES Python.h;HINTS;ENV;Python3_ROOT_DIR;PATHS;PATH_SUFFIXES;NO_SYSTEM_ENVIRONMENT_PATH;NO_CMAKE_SYSTEM_PATH ): _Python3_INCLUDE_DIR-NOTFOUND
12.7	-- [rocprofiler-sdk][python] Resolving system find_path(_Python3_INCLUDE_DIR NAMES Python.h ): _Python3_INCLUDE_DIR-NOTFOUND
12.7	-- [rocprofiler-sdk][python] Resolving system find_package(Python3) (not found in super-project ZLIB;zstd;AMDDeviceLibs;Clang;LLD;LLVM;rocprofiler-register;BZip2;LibElf;libdw;NUMA;hsakmt;hsa-runtime64;amd_comgr;rocm-core;hip;HIP;hip-lang;hiprtc;SQLite3)
12.9	-- [rocprofiler-sdk][python] Resolving system find_library(_Python3_LIBRARY_RELEASE NAMES python315;python3.15mu;python3.15m;python3.15u;python3.15;NAMES_PER_DIR;HINTS;ENV;Python3_ROOT_DIR;PATHS;PATH_SUFFIXES;lib/x86_64-linux-gnu;lib;libs;lib/python3.15/config-3.15mu-x86_64-linux-gnu;lib/python3.15/config-3.15m-x86_64-linux-gnu;lib/python3.15/config-3.15u-x86_64-linux-gnu;lib/python3.15/config-3.15-x86_64-linux-gnu;lib/python3.15/config-3.15mu;lib/python3.15/config-3.15m;lib/python3.15/config-3.15u;lib/python3.15/config-3.15;NO_SYSTEM_ENVIRONMENT_PATH;NO_CMAKE_SYSTEM_PATH ): _Python3_LIBRARY_RELEASE-NOTFOUND
12.9	-- [rocprofiler-sdk][python] Resolving system find_library(_Python3_LIBRARY_RELEASE NAMES python315;python3.15mu;python3.15m;python3.15u;python3.15;NAMES_PER_DIR;PATHS;PATH_SUFFIXES;lib/x86_64-linux-gnu;lib;libs;lib/python3.15/config-3.15mu-x86_64-linux-gnu;lib/python3.15/config-3.15m-x86_64-linux-gnu;lib/python3.15/config-3.15u-x86_64-linux-gnu;lib/python3.15/config-3.15-x86_64-linux-gnu;lib/python3.15/config-3.15mu;lib/python3.15/config-3.15m;lib/python3.15/config-3.15u;lib/python3.15/config-3.15 ): _Python3_LIBRARY_RELEASE-NOTFOUND
12.9	-- [rocprofiler-sdk][python] Resolving system find_path(_Python3_INCLUDE_DIR NAMES Python.h;HINTS;ENV;Python3_ROOT_DIR;PATHS;PATH_SUFFIXES;NO_SYSTEM_ENVIRONMENT_PATH;NO_CMAKE_SYSTEM_PATH ): _Python3_INCLUDE_DIR-NOTFOUND
12.9	-- [rocprofiler-sdk][python] Resolving system find_path(_Python3_INCLUDE_DIR NAMES Python.h ): _Python3_INCLUDE_DIR-NOTFOUND
13.1	-- [rocprofiler-sdk][python] Resolving system find_library(_Python3_LIBRARY_RELEASE NAMES python315;python3.15mu;python3.15m;python3.15u;python3.15;NAMES_PER_DIR;HINTS;ENV;Python3_ROOT_DIR;PATHS;PATH_SUFFIXES;lib/x86_64-linux-gnu;lib;libs;lib/python3.15/config-3.15mu-x86_64-linux-gnu;lib/python3.15/config-3.15m-x86_64-linux-gnu;lib/python3.15/config-3.15u-x86_64-linux-gnu;lib/python3.15/config-3.15-x86_64-linux-gnu;lib/python3.15/config-3.15mu;lib/python3.15/config-3.15m;lib/python3.15/config-3.15u;lib/python3.15/config-3.15;NO_SYSTEM_ENVIRONMENT_PATH;NO_CMAKE_SYSTEM_PATH ): _Python3_LIBRARY_RELEASE-NOTFOUND
13.1	-- [rocprofiler-sdk][python] Resolving system find_library(_Python3_LIBRARY_RELEASE NAMES python315;python3.15mu;python3.15m;python3.15u;python3.15;NAMES_PER_DIR;PATHS;PATH_SUFFIXES;lib/x86_64-linux-gnu;lib;libs;lib/python3.15/config-3.15mu-x86_64-linux-gnu;lib/python3.15/config-3.15m-x86_64-linux-gnu;lib/python3.15/config-3.15u-x86_64-linux-gnu;lib/python3.15/config-3.15-x86_64-linux-gnu;lib/python3.15/config-3.15mu;lib/python3.15/config-3.15m;lib/python3.15/config-3.15u;lib/python3.15/config-3.15 ): _Python3_LIBRARY_RELEASE-NOTFOUND
13.1	-- [rocprofiler-sdk][python] Resolving system find_path(_Python3_INCLUDE_DIR NAMES Python.h;HINTS;ENV;Python3_ROOT_DIR;PATHS;PATH_SUFFIXES;NO_SYSTEM_ENVIRONMENT_PATH;NO_CMAKE_SYSTEM_PATH ): _Python3_INCLUDE_DIR-NOTFOUND
13.1	-- [rocprofiler-sdk][python] Resolving system find_path(_Python3_INCLUDE_DIR NAMES Python.h ): _Python3_INCLUDE_DIR-NOTFOUND
13.1	-- [rocprofiler-sdk][python] Resolving system find_package(Python3) (not found in super-project ZLIB;zstd;AMDDeviceLibs;Clang;LLD;LLVM;rocprofiler-register;BZip2;LibElf;libdw;NUMA;hsakmt;hsa-runtime64;amd_comgr;rocm-core;hip;HIP;hip-lang;hiprtc;SQLite3)
13.3	-- [rocprofiler-sdk][python] Resolving system find_library(_Python3_LIBRARY_RELEASE NAMES python314;python3.14mu;python3.14m;python3.14u;python3.14;NAMES_PER_DIR;HINTS;ENV;Python3_ROOT_DIR;PATHS;PATH_SUFFIXES;lib/x86_64-linux-gnu;lib;libs;lib/python3.14/config-3.14mu-x86_64-linux-gnu;lib/python3.14/config-3.14m-x86_64-linux-gnu;lib/python3.14/config-3.14u-x86_64-linux-gnu;lib/python3.14/config-3.14-x86_64-linux-gnu;lib/python3.14/config-3.14mu;lib/python3.14/config-3.14m;lib/python3.14/config-3.14u;lib/python3.14/config-3.14;NO_SYSTEM_ENVIRONMENT_PATH;NO_CMAKE_SYSTEM_PATH ): _Python3_LIBRARY_RELEASE-NOTFOUND
13.3	-- [rocprofiler-sdk][python] Resolving system find_library(_Python3_LIBRARY_RELEASE NAMES python314;python3.14mu;python3.14m;python3.14u;python3.14;NAMES_PER_DIR;PATHS;PATH_SUFFIXES;lib/x86_64-linux-gnu;lib;libs;lib/python3.14/config-3.14mu-x86_64-linux-gnu;lib/python3.14/config-3.14m-x86_64-linux-gnu;lib/python3.14/config-3.14u-x86_64-linux-gnu;lib/python3.14/config-3.14-x86_64-linux-gnu;lib/python3.14/config-3.14mu;lib/python3.14/config-3.14m;lib/python3.14/config-3.14u;lib/python3.14/config-3.14 ): _Python3_LIBRARY_RELEASE-NOTFOUND
13.3	-- [rocprofiler-sdk][python] Resolving system find_path(_Python3_INCLUDE_DIR NAMES Python.h;HINTS;ENV;Python3_ROOT_DIR;PATHS;PATH_SUFFIXES;NO_SYSTEM_ENVIRONMENT_PATH;NO_CMAKE_SYSTEM_PATH ): _Python3_INCLUDE_DIR-NOTFOUND
13.3	-- [rocprofiler-sdk][python] Resolving system find_path(_Python3_INCLUDE_DIR NAMES Python.h ): _Python3_INCLUDE_DIR-NOTFOUND
13.4	-- [rocprofiler-sdk][python] Resolving system find_library(_Python3_LIBRARY_RELEASE NAMES python314;python3.14mu;python3.14m;python3.14u;python3.14;NAMES_PER_DIR;HINTS;ENV;Python3_ROOT_DIR;PATHS;PATH_SUFFIXES;lib/x86_64-linux-gnu;lib;libs;lib/python3.14/config-3.14mu-x86_64-linux-gnu;lib/python3.14/config-3.14m-x86_64-linux-gnu;lib/python3.14/config-3.14u-x86_64-linux-gnu;lib/python3.14/config-3.14-x86_64-linux-gnu;lib/python3.14/config-3.14mu;lib/python3.14/config-3.14m;lib/python3.14/config-3.14u;lib/python3.14/config-3.14;NO_SYSTEM_ENVIRONMENT_PATH;NO_CMAKE_SYSTEM_PATH ): _Python3_LIBRARY_RELEASE-NOTFOUND
13.4	-- [rocprofiler-sdk][python] Resolving system find_library(_Python3_LIBRARY_RELEASE NAMES python314;python3.14mu;python3.14m;python3.14u;python3.14;NAMES_PER_DIR;PATHS;PATH_SUFFIXES;lib/x86_64-linux-gnu;lib;libs;lib/python3.14/config-3.14mu-x86_64-linux-gnu;lib/python3.14/config-3.14m-x86_64-linux-gnu;lib/python3.14/config-3.14u-x86_64-linux-gnu;lib/python3.14/config-3.14-x86_64-linux-gnu;lib/python3.14/config-3.14mu;lib/python3.14/config-3.14m;lib/python3.14/config-3.14u;lib/python3.14/config-3.14 ): _Python3_LIBRARY_RELEASE-NOTFOUND
13.4	-- [rocprofiler-sdk][python] Resolving system find_path(_Python3_INCLUDE_DIR NAMES Python.h;HINTS;ENV;Python3_ROOT_DIR;PATHS;PATH_SUFFIXES;NO_SYSTEM_ENVIRONMENT_PATH;NO_CMAKE_SYSTEM_PATH ): _Python3_INCLUDE_DIR-NOTFOUND
13.4	-- [rocprofiler-sdk][python] Resolving system find_path(_Python3_INCLUDE_DIR NAMES Python.h ): _Python3_INCLUDE_DIR-NOTFOUND
13.4	-- [rocprofiler-sdk][python] Resolving system find_package(Python3) (not found in super-project ZLIB;zstd;AMDDeviceLibs;Clang;LLD;LLVM;rocprofiler-register;BZip2;LibElf;libdw;NUMA;hsakmt;hsa-runtime64;amd_comgr;rocm-core;hip;HIP;hip-lang;hiprtc;SQLite3)
13.6	-- [rocprofiler-sdk][python] Resolving system find_library(_Python3_LIBRARY_RELEASE NAMES python313;python3.13mu;python3.13m;python3.13u;python3.13;NAMES_PER_DIR;HINTS;ENV;Python3_ROOT_DIR;PATHS;PATH_SUFFIXES;lib/x86_64-linux-gnu;lib;libs;lib/python3.13/config-3.13mu-x86_64-linux-gnu;lib/python3.13/config-3.13m-x86_64-linux-gnu;lib/python3.13/config-3.13u-x86_64-linux-gnu;lib/python3.13/config-3.13-x86_64-linux-gnu;lib/python3.13/config-3.13mu;lib/python3.13/config-3.13m;lib/python3.13/config-3.13u;lib/python3.13/config-3.13;NO_SYSTEM_ENVIRONMENT_PATH;NO_CMAKE_SYSTEM_PATH ): _Python3_LIBRARY_RELEASE-NOTFOUND
13.6	-- [rocprofiler-sdk][python] Resolving system find_library(_Python3_LIBRARY_RELEASE NAMES python313;python3.13mu;python3.13m;python3.13u;python3.13;NAMES_PER_DIR;PATHS;PATH_SUFFIXES;lib/x86_64-linux-gnu;lib;libs;lib/python3.13/config-3.13mu-x86_64-linux-gnu;lib/python3.13/config-3.13m-x86_64-linux-gnu;lib/python3.13/config-3.13u-x86_64-linux-gnu;lib/python3.13/config-3.13-x86_64-linux-gnu;lib/python3.13/config-3.13mu;lib/python3.13/config-3.13m;lib/python3.13/config-3.13u;lib/python3.13/config-3.13 ): _Python3_LIBRARY_RELEASE-NOTFOUND
13.6	-- [rocprofiler-sdk][python] Resolving system find_path(_Python3_INCLUDE_DIR NAMES Python.h;HINTS;ENV;Python3_ROOT_DIR;PATHS;PATH_SUFFIXES;NO_SYSTEM_ENVIRONMENT_PATH;NO_CMAKE_SYSTEM_PATH ): _Python3_INCLUDE_DIR-NOTFOUND
13.6	-- [rocprofiler-sdk][python] Resolving system find_path(_Python3_INCLUDE_DIR NAMES Python.h ): _Python3_INCLUDE_DIR-NOTFOUND
13.8	-- [rocprofiler-sdk][python] Resolving system find_library(_Python3_LIBRARY_RELEASE NAMES python313;python3.13mu;python3.13m;python3.13u;python3.13;NAMES_PER_DIR;HINTS;ENV;Python3_ROOT_DIR;PATHS;PATH_SUFFIXES;lib/x86_64-linux-gnu;lib;libs;lib/python3.13/config-3.13mu-x86_64-linux-gnu;lib/python3.13/config-3.13m-x86_64-linux-gnu;lib/python3.13/config-3.13u-x86_64-linux-gnu;lib/python3.13/config-3.13-x86_64-linux-gnu;lib/python3.13/config-3.13mu;lib/python3.13/config-3.13m;lib/python3.13/config-3.13u;lib/python3.13/config-3.13;NO_SYSTEM_ENVIRONMENT_PATH;NO_CMAKE_SYSTEM_PATH ): _Python3_LIBRARY_RELEASE-NOTFOUND
13.8	-- [rocprofiler-sdk][python] Resolving system find_library(_Python3_LIBRARY_RELEASE NAMES python313;python3.13mu;python3.13m;python3.13u;python3.13;NAMES_PER_DIR;PATHS;PATH_SUFFIXES;lib/x86_64-linux-gnu;lib;libs;lib/python3.13/config-3.13mu-x86_64-linux-gnu;lib/python3.13/config-3.13m-x86_64-linux-gnu;lib/python3.13/config-3.13u-x86_64-linux-gnu;lib/python3.13/config-3.13-x86_64-linux-gnu;lib/python3.13/config-3.13mu;lib/python3.13/config-3.13m;lib/python3.13/config-3.13u;lib/python3.13/config-3.13 ): _Python3_LIBRARY_RELEASE-NOTFOUND
13.8	-- [rocprofiler-sdk][python] Resolving system find_path(_Python3_INCLUDE_DIR NAMES Python.h;HINTS;ENV;Python3_ROOT_DIR;PATHS;PATH_SUFFIXES;NO_SYSTEM_ENVIRONMENT_PATH;NO_CMAKE_SYSTEM_PATH ): _Python3_INCLUDE_DIR-NOTFOUND
13.8	-- [rocprofiler-sdk][python] Resolving system find_path(_Python3_INCLUDE_DIR NAMES Python.h ): _Python3_INCLUDE_DIR-NOTFOUND
13.8	-- [rocprofiler-sdk][python] Resolving system find_package(Python3) (not found in super-project ZLIB;zstd;AMDDeviceLibs;Clang;LLD;LLVM;rocprofiler-register;BZip2;LibElf;libdw;NUMA;hsakmt;hsa-runtime64;amd_comgr;rocm-core;hip;HIP;hip-lang;hiprtc;SQLite3)
14.0	-- [rocprofiler-sdk][python] Resolving system find_library(_Python3_LIBRARY_RELEASE NAMES python312;python3.12;NAMES_PER_DIR;HINTS;/work/grodgers/git/tr-aomp/TheRock/.venv;/usr;/usr/lib/python3.12/config-3.12-x86_64-linux-gnu;ENV;Python3_ROOT_DIR;PATH_SUFFIXES;lib/x86_64-linux-gnu;lib;libs;lib/python3.12/config-3.12-x86_64-linux-gnu;lib/python3.12/config-3.12;NO_SYSTEM_ENVIRONMENT_PATH;NO_CMAKE_SYSTEM_PATH ): /usr/lib/x86_64-linux-gnu/libpython3.12.so
14.1	-- [rocprofiler-sdk][python] Resolving system find_path(_Python3_INCLUDE_DIR NAMES Python.h;HINTS;/usr/include/python3.12;NO_SYSTEM_ENVIRONMENT_PATH;NO_CMAKE_SYSTEM_PATH ): /usr/include/python3.12
14.1	-- [rocprofiler-sdk][python] Resolving system find_path(_Python3_INCLUDE_DIR NAMES Python.h ): /usr/include/python3.12
14.1	-- [rocprofiler-sdk][python] Resolving system find_package(Python3) (not found in super-project ZLIB;zstd;AMDDeviceLibs;Clang;LLD;LLVM;rocprofiler-register;BZip2;LibElf;libdw;NUMA;hsakmt;hsa-runtime64;amd_comgr;rocm-core;hip;HIP;hip-lang;hiprtc;SQLite3)
14.2	-- [rocprofiler-sdk][python] Resolving system find_library(_Python3_LIBRARY_RELEASE NAMES python312;python3.12;NAMES_PER_DIR;HINTS;/work/grodgers/git/tr-aomp/TheRock/.venv;/usr;/usr/lib/python3.12/config-3.12-x86_64-linux-gnu;ENV;Python3_ROOT_DIR;PATH_SUFFIXES;lib/x86_64-linux-gnu;lib;libs;lib/python3.12/config-3.12-x86_64-linux-gnu;lib/python3.12/config-3.12;NO_SYSTEM_ENVIRONMENT_PATH;NO_CMAKE_SYSTEM_PATH ): /usr/lib/x86_64-linux-gnu/libpython3.12.so
14.2	-- [rocprofiler-sdk][python] Resolving system find_path(_Python3_INCLUDE_DIR NAMES Python.h;HINTS;/usr/include/python3.12;NO_SYSTEM_ENVIRONMENT_PATH;NO_CMAKE_SYSTEM_PATH ): /usr/include/python3.12
14.2	-- [rocprofiler-sdk][python] Resolving system find_path(_Python3_INCLUDE_DIR NAMES Python.h ): /usr/include/python3.12
14.3	-- [rocprofiler-sdk][python] Resolving system find_library(_Python3_LIBRARY_RELEASE NAMES python312;python3.12;NAMES_PER_DIR;HINTS;/work/grodgers/git/tr-aomp/TheRock/.venv;/usr;/usr/lib/python3.12/config-3.12-x86_64-linux-gnu;ENV;Python3_ROOT_DIR;PATH_SUFFIXES;lib/x86_64-linux-gnu;lib;libs;lib/python3.12/config-3.12-x86_64-linux-gnu;lib/python3.12/config-3.12;NO_SYSTEM_ENVIRONMENT_PATH;NO_CMAKE_SYSTEM_PATH ): /usr/lib/x86_64-linux-gnu/libpython3.12.so
14.3	-- [rocprofiler-sdk][python] Resolving system find_path(_Python3_INCLUDE_DIR NAMES Python.h;HINTS;/usr/include/python3.12;NO_SYSTEM_ENVIRONMENT_PATH;NO_CMAKE_SYSTEM_PATH ): /usr/include/python3.12
14.3	-- [rocprofiler-sdk][python] Resolving system find_path(_Python3_INCLUDE_DIR NAMES Python.h ): /usr/include/python3.12
14.4	-- [rocprofiler-sdk][python] Resolving system find_package(Python3) (not found in super-project ZLIB;zstd;AMDDeviceLibs;Clang;LLD;LLVM;rocprofiler-register;BZip2;LibElf;libdw;NUMA;hsakmt;hsa-runtime64;amd_comgr;rocm-core;hip;HIP;hip-lang;hiprtc;SQLite3)
14.5	-- [rocprofiler-sdk][python] Resolving system find_library(_Python3_LIBRARY_RELEASE NAMES python312;python3.12;NAMES_PER_DIR;HINTS;/work/grodgers/git/tr-aomp/TheRock/.venv;/usr;/usr/lib/python3.12/config-3.12-x86_64-linux-gnu;ENV;Python3_ROOT_DIR;PATH_SUFFIXES;lib/x86_64-linux-gnu;lib;libs;lib/python3.12/config-3.12-x86_64-linux-gnu;lib/python3.12/config-3.12;NO_SYSTEM_ENVIRONMENT_PATH;NO_CMAKE_SYSTEM_PATH ): /usr/lib/x86_64-linux-gnu/libpython3.12.so
14.5	-- [rocprofiler-sdk][python] Resolving system find_path(_Python3_INCLUDE_DIR NAMES Python.h;HINTS;/usr/include/python3.12;NO_SYSTEM_ENVIRONMENT_PATH;NO_CMAKE_SYSTEM_PATH ): /usr/include/python3.12
14.5	-- [rocprofiler-sdk][python] Resolving system find_path(_Python3_INCLUDE_DIR NAMES Python.h ): /usr/include/python3.12
14.6	-- [rocprofiler-sdk][python] Resolving system find_library(_Python3_LIBRARY_RELEASE NAMES python312;python3.12;NAMES_PER_DIR;HINTS;/work/grodgers/git/tr-aomp/TheRock/.venv;/usr;/usr/lib/python3.12/config-3.12-x86_64-linux-gnu;ENV;Python3_ROOT_DIR;PATH_SUFFIXES;lib/x86_64-linux-gnu;lib;libs;lib/python3.12/config-3.12-x86_64-linux-gnu;lib/python3.12/config-3.12;NO_SYSTEM_ENVIRONMENT_PATH;NO_CMAKE_SYSTEM_PATH ): /usr/lib/x86_64-linux-gnu/libpython3.12.so
14.6	-- [rocprofiler-sdk][python] Resolving system find_path(_Python3_INCLUDE_DIR NAMES Python.h;HINTS;/usr/include/python3.12;NO_SYSTEM_ENVIRONMENT_PATH;NO_CMAKE_SYSTEM_PATH ): /usr/include/python3.12
14.6	-- [rocprofiler-sdk][python] Resolving system find_path(_Python3_INCLUDE_DIR NAMES Python.h ): /usr/include/python3.12
14.6	-- [rocprofiler-sdk][python] Resolving system find_package(Python3) (not found in super-project ZLIB;zstd;AMDDeviceLibs;Clang;LLD;LLVM;rocprofiler-register;BZip2;LibElf;libdw;NUMA;hsakmt;hsa-runtime64;amd_comgr;rocm-core;hip;HIP;hip-lang;hiprtc;SQLite3)
14.7	-- [rocprofiler-sdk][python] Resolving system find_library(_Python3_LIBRARY_RELEASE NAMES python312;python3.12;NAMES_PER_DIR;HINTS;/work/grodgers/git/tr-aomp/TheRock/.venv;/usr;/usr/lib/python3.12/config-3.12-x86_64-linux-gnu;ENV;Python3_ROOT_DIR;PATH_SUFFIXES;lib/x86_64-linux-gnu;lib;libs;lib/python3.12/config-3.12-x86_64-linux-gnu;lib/python3.12/config-3.12;NO_SYSTEM_ENVIRONMENT_PATH;NO_CMAKE_SYSTEM_PATH ): /usr/lib/x86_64-linux-gnu/libpython3.12.so
14.7	-- [rocprofiler-sdk][python] Resolving system find_path(_Python3_INCLUDE_DIR NAMES Python.h;HINTS;/usr/include/python3.12;NO_SYSTEM_ENVIRONMENT_PATH;NO_CMAKE_SYSTEM_PATH ): /usr/include/python3.12
14.7	-- [rocprofiler-sdk][python] Resolving system find_path(_Python3_INCLUDE_DIR NAMES Python.h ): /usr/include/python3.12
14.8	-- [rocprofiler-sdk][python] Resolving system find_library(_Python3_LIBRARY_RELEASE NAMES python312;python3.12;NAMES_PER_DIR;HINTS;/work/grodgers/git/tr-aomp/TheRock/.venv;/usr;/usr/lib/python3.12/config-3.12-x86_64-linux-gnu;ENV;Python3_ROOT_DIR;PATH_SUFFIXES;lib/x86_64-linux-gnu;lib;libs;lib/python3.12/config-3.12-x86_64-linux-gnu;lib/python3.12/config-3.12;NO_SYSTEM_ENVIRONMENT_PATH;NO_CMAKE_SYSTEM_PATH ): /usr/lib/x86_64-linux-gnu/libpython3.12.so
14.9	-- [rocprofiler-sdk][python] Resolving system find_path(_Python3_INCLUDE_DIR NAMES Python.h;HINTS;/usr/include/python3.12;NO_SYSTEM_ENVIRONMENT_PATH;NO_CMAKE_SYSTEM_PATH ): /usr/include/python3.12
14.9	-- [rocprofiler-sdk][python] Resolving system find_path(_Python3_INCLUDE_DIR NAMES Python.h ): /usr/include/python3.12
14.9	-- [rocprofiler-sdk][python] Resolving system find_package(Python3) (not found in super-project ZLIB;zstd;AMDDeviceLibs;Clang;LLD;LLVM;rocprofiler-register;BZip2;LibElf;libdw;NUMA;hsakmt;hsa-runtime64;amd_comgr;rocm-core;hip;HIP;hip-lang;hiprtc;SQLite3)
15.0	-- [rocprofiler-sdk][python] Resolving system find_library(_Python3_LIBRARY_RELEASE NAMES python312;python3.12;NAMES_PER_DIR;HINTS;/work/grodgers/git/tr-aomp/TheRock/.venv;/usr;/usr/lib/python3.12/config-3.12-x86_64-linux-gnu;ENV;Python3_ROOT_DIR;PATH_SUFFIXES;lib/x86_64-linux-gnu;lib;libs;lib/python3.12/config-3.12-x86_64-linux-gnu;lib/python3.12/config-3.12;NO_SYSTEM_ENVIRONMENT_PATH;NO_CMAKE_SYSTEM_PATH ): /usr/lib/x86_64-linux-gnu/libpython3.12.so
15.0	-- [rocprofiler-sdk][python] Resolving system find_path(_Python3_INCLUDE_DIR NAMES Python.h;HINTS;/usr/include/python3.12;NO_SYSTEM_ENVIRONMENT_PATH;NO_CMAKE_SYSTEM_PATH ): /usr/include/python3.12
15.0	-- [rocprofiler-sdk][python] Resolving system find_path(_Python3_INCLUDE_DIR NAMES Python.h ): /usr/include/python3.12
15.1	-- [rocprofiler-sdk][python] Resolving system find_library(_Python3_LIBRARY_RELEASE NAMES python312;python3.12;NAMES_PER_DIR;HINTS;/work/grodgers/git/tr-aomp/TheRock/.venv;/usr;/usr/lib/python3.12/config-3.12-x86_64-linux-gnu;ENV;Python3_ROOT_DIR;PATH_SUFFIXES;lib/x86_64-linux-gnu;lib;libs;lib/python3.12/config-3.12-x86_64-linux-gnu;lib/python3.12/config-3.12;NO_SYSTEM_ENVIRONMENT_PATH;NO_CMAKE_SYSTEM_PATH ): /usr/lib/x86_64-linux-gnu/libpython3.12.so
15.1	-- [rocprofiler-sdk][python] Resolving system find_path(_Python3_INCLUDE_DIR NAMES Python.h;HINTS;/usr/include/python3.12;NO_SYSTEM_ENVIRONMENT_PATH;NO_CMAKE_SYSTEM_PATH ): /usr/include/python3.12
15.1	-- [rocprofiler-sdk][python] Resolving system find_path(_Python3_INCLUDE_DIR NAMES Python.h ): /usr/include/python3.12
15.1	-- [rocprofiler-sdk][python] Resolving system find_package(Python3) (not found in super-project ZLIB;zstd;AMDDeviceLibs;Clang;LLD;LLVM;rocprofiler-register;BZip2;LibElf;libdw;NUMA;hsakmt;hsa-runtime64;amd_comgr;rocm-core;hip;HIP;hip-lang;hiprtc;SQLite3)
15.2	-- [rocprofiler-sdk][python] Resolving system find_library(_Python3_LIBRARY_RELEASE NAMES python312;python3.12;NAMES_PER_DIR;HINTS;/work/grodgers/git/tr-aomp/TheRock/.venv;/usr;/usr/lib/python3.12/config-3.12-x86_64-linux-gnu;ENV;Python3_ROOT_DIR;PATH_SUFFIXES;lib/x86_64-linux-gnu;lib;libs;lib/python3.12/config-3.12-x86_64-linux-gnu;lib/python3.12/config-3.12;NO_SYSTEM_ENVIRONMENT_PATH;NO_CMAKE_SYSTEM_PATH ): /usr/lib/x86_64-linux-gnu/libpython3.12.so
15.2	-- [rocprofiler-sdk][python] Resolving system find_path(_Python3_INCLUDE_DIR NAMES Python.h;HINTS;/usr/include/python3.12;NO_SYSTEM_ENVIRONMENT_PATH;NO_CMAKE_SYSTEM_PATH ): /usr/include/python3.12
15.2	-- [rocprofiler-sdk][python] Resolving system find_path(_Python3_INCLUDE_DIR NAMES Python.h ): /usr/include/python3.12
15.3	-- [rocprofiler-sdk][python] Resolving system find_library(_Python3_LIBRARY_RELEASE NAMES python312;python3.12;NAMES_PER_DIR;HINTS;/work/grodgers/git/tr-aomp/TheRock/.venv;/usr;/usr/lib/python3.12/config-3.12-x86_64-linux-gnu;ENV;Python3_ROOT_DIR;PATH_SUFFIXES;lib/x86_64-linux-gnu;lib;libs;lib/python3.12/config-3.12-x86_64-linux-gnu;lib/python3.12/config-3.12;NO_SYSTEM_ENVIRONMENT_PATH;NO_CMAKE_SYSTEM_PATH ): /usr/lib/x86_64-linux-gnu/libpython3.12.so
15.4	-- [rocprofiler-sdk][python] Resolving system find_path(_Python3_INCLUDE_DIR NAMES Python.h;HINTS;/usr/include/python3.12;NO_SYSTEM_ENVIRONMENT_PATH;NO_CMAKE_SYSTEM_PATH ): /usr/include/python3.12
15.4	-- [rocprofiler-sdk][python] Resolving system find_path(_Python3_INCLUDE_DIR NAMES Python.h ): /usr/include/python3.12
15.4	-- [rocprofiler-sdk][python] Resolving system find_package(Python3) (not found in super-project ZLIB;zstd;AMDDeviceLibs;Clang;LLD;LLVM;rocprofiler-register;BZip2;LibElf;libdw;NUMA;hsakmt;hsa-runtime64;amd_comgr;rocm-core;hip;HIP;hip-lang;hiprtc;SQLite3)
15.5	-- [rocprofiler-sdk][python] Resolving system find_library(_Python3_LIBRARY_RELEASE NAMES python312;python3.12;NAMES_PER_DIR;HINTS;/work/grodgers/git/tr-aomp/TheRock/.venv;/usr;/usr/lib/python3.12/config-3.12-x86_64-linux-gnu;ENV;Python3_ROOT_DIR;PATH_SUFFIXES;lib/x86_64-linux-gnu;lib;libs;lib/python3.12/config-3.12-x86_64-linux-gnu;lib/python3.12/config-3.12;NO_SYSTEM_ENVIRONMENT_PATH;NO_CMAKE_SYSTEM_PATH ): /usr/lib/x86_64-linux-gnu/libpython3.12.so
15.5	-- [rocprofiler-sdk][python] Resolving system find_path(_Python3_INCLUDE_DIR NAMES Python.h;HINTS;/usr/include/python3.12;NO_SYSTEM_ENVIRONMENT_PATH;NO_CMAKE_SYSTEM_PATH ): /usr/include/python3.12
15.5	-- [rocprofiler-sdk][python] Resolving system find_path(_Python3_INCLUDE_DIR NAMES Python.h ): /usr/include/python3.12
15.6	-- [rocprofiler-sdk][python] Resolving system find_library(_Python3_LIBRARY_RELEASE NAMES python312;python3.12;NAMES_PER_DIR;HINTS;/work/grodgers/git/tr-aomp/TheRock/.venv;/usr;/usr/lib/python3.12/config-3.12-x86_64-linux-gnu;ENV;Python3_ROOT_DIR;PATH_SUFFIXES;lib/x86_64-linux-gnu;lib;libs;lib/python3.12/config-3.12-x86_64-linux-gnu;lib/python3.12/config-3.12;NO_SYSTEM_ENVIRONMENT_PATH;NO_CMAKE_SYSTEM_PATH ): /usr/lib/x86_64-linux-gnu/libpython3.12.so
15.6	-- [rocprofiler-sdk][python] Resolving system find_path(_Python3_INCLUDE_DIR NAMES Python.h;HINTS;/usr/include/python3.12;NO_SYSTEM_ENVIRONMENT_PATH;NO_CMAKE_SYSTEM_PATH ): /usr/include/python3.12
15.6	-- [rocprofiler-sdk][python] Resolving system find_path(_Python3_INCLUDE_DIR NAMES Python.h ): /usr/include/python3.12
15.6	-- [rocprofiler-sdk][python] Building rocprofiler-sdk roctx python bindings for python 3.12
15.6	-- [rocprofiler-sdk][python] Resolving system find_package(Python3) (not found in super-project ZLIB;zstd;AMDDeviceLibs;Clang;LLD;LLVM;rocprofiler-register;BZip2;LibElf;libdw;NUMA;hsakmt;hsa-runtime64;amd_comgr;rocm-core;hip;HIP;hip-lang;hiprtc;SQLite3)
15.9	-- [rocprofiler-sdk][python] Resolving system find_library(_Python3_LIBRARY_RELEASE NAMES python312;python3.12;NAMES_PER_DIR;HINTS;/work/grodgers/git/tr-aomp/TheRock/.venv;/usr;/usr/lib/python3.12/config-3.12-x86_64-linux-gnu;ENV;Python3_ROOT_DIR;PATH_SUFFIXES;lib/x86_64-linux-gnu;lib;libs;lib/python3.12/config-3.12-x86_64-linux-gnu;lib/python3.12/config-3.12;NO_SYSTEM_ENVIRONMENT_PATH;NO_CMAKE_SYSTEM_PATH ): /usr/lib/x86_64-linux-gnu/libpython3.12.so
15.9	-- [rocprofiler-sdk][python] Resolving system find_path(_Python3_INCLUDE_DIR NAMES Python.h;HINTS;/usr/include/python3.12;NO_SYSTEM_ENVIRONMENT_PATH;NO_CMAKE_SYSTEM_PATH ): /usr/include/python3.12
15.9	-- [rocprofiler-sdk][python] Resolving system find_path(_Python3_INCLUDE_DIR NAMES Python.h ): /usr/include/python3.12
15.9	-- [rocprofiler-sdk][python] Building rocprofiler-sdk rocpd python bindings for python 3.12
15.9	-- [rocprofiler-sdk][python] Resolving system find_package(Python3) (not found in super-project ZLIB;zstd;AMDDeviceLibs;Clang;LLD;LLVM;rocprofiler-register;BZip2;LibElf;libdw;NUMA;hsakmt;hsa-runtime64;amd_comgr;rocm-core;hip;HIP;hip-lang;hiprtc;SQLite3)
16.1	-- [rocprofiler-sdk][python] Resolving system find_library(_Python3_LIBRARY_RELEASE NAMES python312;python3.12;NAMES_PER_DIR;HINTS;/work/grodgers/git/tr-aomp/TheRock/.venv;/usr;/usr/lib/python3.12/config-3.12-x86_64-linux-gnu;ENV;Python3_ROOT_DIR;PATH_SUFFIXES;lib/x86_64-linux-gnu;lib;libs;lib/python3.12/config-3.12-x86_64-linux-gnu;lib/python3.12/config-3.12;NO_SYSTEM_ENVIRONMENT_PATH;NO_CMAKE_SYSTEM_PATH ): /usr/lib/x86_64-linux-gnu/libpython3.12.so
16.2	-- [rocprofiler-sdk][python] Resolving system find_path(_Python3_INCLUDE_DIR NAMES Python.h;HINTS;/usr/include/python3.12;NO_SYSTEM_ENVIRONMENT_PATH;NO_CMAKE_SYSTEM_PATH ): /usr/include/python3.12
16.2	-- [rocprofiler-sdk][python] Resolving system find_path(_Python3_INCLUDE_DIR NAMES Python.h ): /usr/include/python3.12
16.3	-- [rocprofiler] BUILD_SHARED_LIBS :: ON
16.3	-- [rocprofiler] CMAKE_BUILD_TYPE :: Release
16.3	-- [rocprofiler] CMAKE_INSTALL_PREFIX :: /work/grodgers/git/tr-aomp/TheRock/build/profiler/rocprofiler-sdk/stage
16.3	-- [rocprofiler] CPACK_DEBIAN_CORE_PACKAGE_DEPENDS :: rocprofiler-sdk-roctx (>= 1.0.0), rocprofiler-sdk-rocpd (>= 1.0.0)
16.3	-- [rocprofiler] CPACK_DEBIAN_ROCTX_PACKAGE_DEPENDS :: rocprofiler-register
16.3	-- [rocprofiler] CPACK_DEBIAN_TESTS_PACKAGE_DEPENDS :: rocprofiler-sdk (>= 1.0.0), rocprofiler-sdk-roctx (>= 1.0.0), rocprofiler-sdk-rocpd (>= 1.0.0)
16.3	-- [rocprofiler] CPACK_PACKAGE_FILE_NAME :: rocprofiler-sdk-1.0.0.99999-Source
16.3	-- [rocprofiler] CPACK_RPM_CORE_PACKAGE_REQUIRES :: rocprofiler-sdk-roctx >= 1.0.0, rocprofiler-sdk-rocpd >= 1.0.0
16.3	-- [rocprofiler] CPACK_RPM_ROCTX_PACKAGE_REQUIRES :: rocprofiler-register
16.3	-- [rocprofiler] CPACK_RPM_TESTS_PACKAGE_REQUIRES :: rocprofiler-sdk >= 1.0.0, rocprofiler-sdk-roctx >= 1.0.0, rocprofiler-sdk-rocpd >= 1.0.0
16.3	-- [rocprofiler] ROCPROFILER_BUILD_BENCHMARK :: OFF
16.3	-- [rocprofiler] ROCPROFILER_BUILD_CI :: OFF
16.3	-- [rocprofiler] ROCPROFILER_BUILD_CI_STRICT_TIMESTAMPS :: OFF
16.3	-- [rocprofiler] ROCPROFILER_BUILD_CODECOV :: OFF
16.3	-- [rocprofiler] ROCPROFILER_BUILD_DEBUG :: OFF
16.3	-- [rocprofiler] ROCPROFILER_BUILD_DEPRECATED_WARNINGS :: OFF
16.3	-- [rocprofiler] ROCPROFILER_BUILD_DEVELOPER :: OFF
16.3	-- [rocprofiler] ROCPROFILER_BUILD_DOCS :: OFF
16.3	-- [rocprofiler] ROCPROFILER_BUILD_EXPERIMENTAL_WARNINGS :: OFF
16.3	-- [rocprofiler] ROCPROFILER_BUILD_FMT :: ON
16.3	-- [rocprofiler] ROCPROFILER_BUILD_GHC_FS :: ON
16.3	-- [rocprofiler] ROCPROFILER_BUILD_GLOG :: ON
16.3	-- [rocprofiler] ROCPROFILER_BUILD_GOTCHA :: ON
16.3	-- [rocprofiler] ROCPROFILER_BUILD_PYBIND11 :: ON
16.3	-- [rocprofiler] ROCPROFILER_BUILD_RELEASE :: OFF
16.3	-- [rocprofiler] ROCPROFILER_BUILD_SAMPLES :: OFF
16.3	-- [rocprofiler] ROCPROFILER_BUILD_SQLITE3 :: OFF
16.3	-- [rocprofiler] ROCPROFILER_BUILD_STACK_PROTECTOR :: ON
16.3	-- [rocprofiler] ROCPROFILER_BUILD_STATIC_LIBGCC :: OFF
16.3	-- [rocprofiler] ROCPROFILER_BUILD_STATIC_LIBSTDCXX :: OFF
16.3	-- [rocprofiler] ROCPROFILER_BUILD_TESTS :: OFF
16.3	-- [rocprofiler] ROCPROFILER_BUILD_WERROR :: OFF
16.3	-- [rocprofiler] ROCPROFILER_ENABLE_CLANG_TIDY :: OFF
16.3	-- [rocprofiler] ROCPROFILER_INTERNAL_RCCL_API_TRACE :: OFF
16.3	-- [rocprofiler] ROCPROFILER_PACKAGING_COMPONENTS :: core;development;rocpd;roctx;samples;tests;tools
16.3	-- [rocprofiler] ROCPROFILER_REGENERATE_COUNTERS_PARSER :: OFF
16.3	-- [rocprofiler] ROCPROFILER_UNSAFE_NO_VERSION_CHECK :: OFF
16.3	-- The following features are defined/enabled (+):
16.3	     BUILD_SHARED_LIBS: Build shared libraries
16.3	     CMAKE_BUILD_TYPE: Build type -- ["Release"]
16.3	     CMAKE_INSTALL_PREFIX: Install prefix -- ["/work/grodgers/git/tr-aomp/TheRock/build/profiler/rocprofiler-sdk/stage"]
16.3	     CPACK_DEBIAN_CORE_PACKAGE_DEPENDS: Debian package dependencies -- ["rocprofiler-sdk-roctx (>= 1.0.0), rocprofiler-sdk-rocpd (>= 1.0.0)"]
16.3	     CPACK_DEBIAN_ROCTX_PACKAGE_DEPENDS: Debian package dependencies -- ["rocprofiler-register"]
16.3	     CPACK_DEBIAN_TESTS_PACKAGE_DEPENDS: Debian package dependencies -- ["rocprofiler-sdk (>= 1.0.0), rocprofiler-sdk-roctx (>= 1.0.0), rocprofiler-sdk-rocpd (>= 1.0.0)"]
16.3	     CPACK_PACKAGE_FILE_NAME: CPack filename -- ["rocprofiler-sdk-1.0.0.99999-Source"]
16.3	     CPACK_RPM_CORE_PACKAGE_REQUIRES: RedHat package dependencies -- ["rocprofiler-sdk-roctx >= 1.0.0, rocprofiler-sdk-rocpd >= 1.0.0"]
16.3	     CPACK_RPM_ROCTX_PACKAGE_REQUIRES: RedHat package dependencies -- ["rocprofiler-register"]
16.3	     CPACK_RPM_TESTS_PACKAGE_REQUIRES: RedHat package dependencies -- ["rocprofiler-sdk >= 1.0.0, rocprofiler-sdk-roctx >= 1.0.0, rocprofiler-sdk-rocpd >= 1.0.0"]
16.3	     ROCPROFILER_BUILD_FMT: Enable building fmt library internally
16.3	     ROCPROFILER_BUILD_GHC_FS: Enable building with ghc::filesystem library (via submodule) instead of the C++ filesystem library
16.3	     ROCPROFILER_BUILD_GLOG: Enable building glog (Google logging) library internally
16.3	     ROCPROFILER_BUILD_GOTCHA: Enable building gotcha library internally
16.3	     ROCPROFILER_BUILD_PYBIND11: Enable building pybind11 library internally
16.3	     ROCPROFILER_BUILD_STACK_PROTECTOR: Build with -fstack-protector
16.3	     ROCPROFILER_PACKAGING_COMPONENTS: Packaging components -- ["core;development;rocpd;roctx;samples;tests;tools"]
16.3	
16.3	-- The following features are NOT defined/enabled (-):
16.3	     CPACK_DEBIAN_DOCS_PACKAGE_DEPENDS: Debian package dependencies
16.3	     CPACK_DEBIAN_PACKAGE_DEPENDS: Debian package dependencies
16.3	     CPACK_DEBIAN_ROCPD_PACKAGE_DEPENDS: Debian package dependencies
16.3	     CPACK_RPM_DOCS_PACKAGE_REQUIRES: RedHat package dependencies
16.3	     CPACK_RPM_ROCPD_PACKAGE_REQUIRES: RedHat package dependencies
16.3	     ROCPROFILER_BUILD_BENCHMARK: Enable building the benchmarks
16.3	     ROCPROFILER_BUILD_CI: Enable continuous integration default values for options
16.3	     ROCPROFILER_BUILD_CI_STRICT_TIMESTAMPS: Disable adjusting for clock skew b/t CPU and GPU timestamps
16.3	     ROCPROFILER_BUILD_CODECOV: Enable building for code coverage analysis
16.3	     ROCPROFILER_BUILD_DEBUG: Build with extra debug info
16.3	     ROCPROFILER_BUILD_DEPRECATED_WARNINGS: Enable warnings for use of deprecated features
16.3	     ROCPROFILER_BUILD_DEVELOPER: Extra build flags for development like -Werror
16.3	     ROCPROFILER_BUILD_DOCS: Enable build + install + packaging documentation
16.3	     ROCPROFILER_BUILD_EXPERIMENTAL_WARNINGS: Enable warnings for experimental features but hide with -Wno-deprecated-declarations (this ensures that experimental warning message does not break macros)
16.3	     ROCPROFILER_BUILD_RELEASE: Build with minimal debug info
16.3	     ROCPROFILER_BUILD_SAMPLES: Enable building the code samples
16.3	     ROCPROFILER_BUILD_SQLITE3: Enable building sqlite3 library internally
16.3	     ROCPROFILER_BUILD_STATIC_LIBGCC: Build with -static-libgcc if possible
16.3	     ROCPROFILER_BUILD_STATIC_LIBSTDCXX: Build with -static-libstdc++ if possible
16.3	     ROCPROFILER_BUILD_TESTS: Enable building the tests
16.3	     ROCPROFILER_BUILD_WERROR: Any compiler warnings are errors
16.3	     ROCPROFILER_ENABLE_CLANG_TIDY: Enable clang-tidy checks
16.3	     ROCPROFILER_INTERNAL_RCCL_API_TRACE: Use (internal) <rocprofiler-sdk/rccl/details/api_trace.h> instead of RCCL-provided <rccl/amd_detail/api_trace.h>. Note: this should never be used in production
16.3	     ROCPROFILER_MEMCHECK: Memory checker type
16.3	     ROCPROFILER_REGENERATE_COUNTERS_PARSER: Regenerate the counter parser (requires bison and flex)
16.3	     ROCPROFILER_UNSAFE_NO_VERSION_CHECK: Disable HSA version checking (for development only)
16.3	
16.3	-- Set RPATH $ORIGIN/../lib/rocm_sysdeps/lib;$ORIGIN/../lib/llvm/lib;$ORIGIN/../lib on yaml-cpp-sandbox
16.3	-- Set RPATH $ORIGIN/../lib/rocm_sysdeps/lib;$ORIGIN/../lib/llvm/lib;$ORIGIN/../lib on yaml-cpp-parse
16.3	-- Set RPATH $ORIGIN/../lib/rocm_sysdeps/lib;$ORIGIN/../lib/llvm/lib;$ORIGIN/../lib on yaml-cpp-read
16.3	-- Set RPATH $ORIGIN/../lib/rocm_sysdeps/lib;$ORIGIN/../lib/llvm/lib;$ORIGIN/../lib on autotee_test
16.3	-- Set RPATH $ORIGIN/../lib/rocm_sysdeps/lib;$ORIGIN/../lib/llvm/lib;$ORIGIN/../lib on symb_look
16.3	-- Set RPATH $ORIGIN/rocm_sysdeps/lib;$ORIGIN/llvm/lib;$ORIGIN on gotcha
16.3	-- Set RPATH $ORIGIN/rocm_sysdeps/lib;$ORIGIN/llvm/lib;$ORIGIN on autotee
16.3	-- Set RPATH $ORIGIN/rocm_sysdeps/lib;$ORIGIN/llvm/lib;$ORIGIN on wrap_me
16.3	-- Set RPATH $ORIGIN/rocm_sysdeps/lib;$ORIGIN/llvm/lib;$ORIGIN on rocprofiler-sdk-shared-library
16.3	-- Set RPATH $ORIGIN/rocm_sysdeps/lib;$ORIGIN/llvm/lib;$ORIGIN on rocprofv3-list-avail
16.3	-- Set RPATH $ORIGIN/rocm_sysdeps/lib;$ORIGIN/llvm/lib;$ORIGIN on rocprofiler-sdk-roctx-shared-library
16.3	-- Set RPATH $ORIGIN/rocm_sysdeps/lib;$ORIGIN/llvm/lib;$ORIGIN on rocprofiler-sdk-rocpd-shared-library
16.3	-- Set RPATH $ORIGIN/../rocm_sysdeps/lib;$ORIGIN/../llvm/lib;$ORIGIN/.. on rocprofiler-sdk-tool
16.3	-- Set RPATH $ORIGIN/rocm_sysdeps/lib;$ORIGIN/llvm/lib;$ORIGIN on rocprofiler-sdk-tool-kokkosp
16.3	-- Configuring done (16.3s)
16.4	-- Generating done (0.1s)
16.4	CMake Warning:
16.4	  Manually-specified variables were not used by the project:
16.4	
16.4	    THEROCK_STAGE_INSTALL_ROOT
16.4	
16.4	
16.4	-- Build files have been written to: /work/grodgers/git/tr-aomp/TheRock/build/profiler/rocprofiler-sdk/build
END	1757694071.6230261	16.459109783172607	0
