BEGIN	1757694058.790549
EXEC	/work1/grodgers/git/tr-aomp/TheRock/build/math-libs/rocPRIM/build	/usr/bin/cmake --install /work/grodgers/git/tr-aomp/TheRock/build/math-libs/rocPRIM/build
0.0	-- Install configuration: "Release"
0.0	-- Installing: /work/grodgers/git/tr-aomp/TheRock/build/math-libs/rocPRIM/stage/include
0.0	-- Installing: /work/grodgers/git/tr-aomp/TheRock/build/math-libs/rocPRIM/stage/include/rocprim
0.0	-- Installing: /work/grodgers/git/tr-aomp/TheRock/build/math-libs/rocPRIM/stage/include/rocprim/block
0.0	-- Installing: /work/grodgers/git/tr-aomp/TheRock/build/math-libs/rocPRIM/stage/include/rocprim/block/block_sort.hpp
0.0	-- Installing: /work/grodgers/git/tr-aomp/TheRock/build/math-libs/rocPRIM/stage/include/rocprim/block/block_histogram.hpp
0.0	-- Installing: /work/grodgers/git/tr-aomp/TheRock/build/math-libs/rocPRIM/stage/include/rocprim/block/block_store_func.hpp
0.0	-- Installing: /work/grodgers/git/tr-aomp/TheRock/build/math-libs/rocPRIM/stage/include/rocprim/block/block_radix_sort.hpp
0.0	-- Installing: /work/grodgers/git/tr-aomp/TheRock/build/math-libs/rocPRIM/stage/include/rocprim/block/block_scan.hpp
0.0	-- Installing: /work/grodgers/git/tr-aomp/TheRock/build/math-libs/rocPRIM/stage/include/rocprim/block/block_shuffle.hpp
0.0	-- Installing: /work/grodgers/git/tr-aomp/TheRock/build/math-libs/rocPRIM/stage/include/rocprim/block/config.hpp
0.0	-- Installing: /work/grodgers/git/tr-aomp/TheRock/build/math-libs/rocPRIM/stage/include/rocprim/block/block_radix_rank.hpp
0.0	-- Installing: /work/grodgers/git/tr-aomp/TheRock/build/math-libs/rocPRIM/stage/include/rocprim/block/block_load_func.hpp
0.0	-- Installing: /work/grodgers/git/tr-aomp/TheRock/build/math-libs/rocPRIM/stage/include/rocprim/block/block_adjacent_difference.hpp
0.0	-- Installing: /work/grodgers/git/tr-aomp/TheRock/build/math-libs/rocPRIM/stage/include/rocprim/block/block_exchange.hpp
0.0	-- Installing: /work/grodgers/git/tr-aomp/TheRock/build/math-libs/rocPRIM/stage/include/rocprim/block/detail
0.0	-- Installing: /work/grodgers/git/tr-aomp/TheRock/build/math-libs/rocPRIM/stage/include/rocprim/block/detail/block_reduce_warp_reduce.hpp
0.0	-- Installing: /work/grodgers/git/tr-aomp/TheRock/build/math-libs/rocPRIM/stage/include/rocprim/block/detail/block_radix_rank_match.hpp
0.0	-- Installing: /work/grodgers/git/tr-aomp/TheRock/build/math-libs/rocPRIM/stage/include/rocprim/block/detail/block_scan_reduce_then_scan.hpp
0.0	-- Installing: /work/grodgers/git/tr-aomp/TheRock/build/math-libs/rocPRIM/stage/include/rocprim/block/detail/block_sort_merge.hpp
0.0	-- Installing: /work/grodgers/git/tr-aomp/TheRock/build/math-libs/rocPRIM/stage/include/rocprim/block/detail/block_sort_bitonic.hpp
0.0	-- Installing: /work/grodgers/git/tr-aomp/TheRock/build/math-libs/rocPRIM/stage/include/rocprim/block/detail/block_radix_rank_basic.hpp
0.0	-- Installing: /work/grodgers/git/tr-aomp/TheRock/build/math-libs/rocPRIM/stage/include/rocprim/block/detail/block_scan_warp_scan.hpp
0.0	-- Installing: /work/grodgers/git/tr-aomp/TheRock/build/math-libs/rocPRIM/stage/include/rocprim/block/detail/block_reduce_raking_reduce.hpp
0.0	-- Installing: /work/grodgers/git/tr-aomp/TheRock/build/math-libs/rocPRIM/stage/include/rocprim/block/detail/block_adjacent_difference_impl.hpp
0.0	-- Installing: /work/grodgers/git/tr-aomp/TheRock/build/math-libs/rocPRIM/stage/include/rocprim/block/detail/block_histogram_atomic.hpp
0.0	-- Installing: /work/grodgers/git/tr-aomp/TheRock/build/math-libs/rocPRIM/stage/include/rocprim/block/detail/block_histogram_sort.hpp
0.0	-- Installing: /work/grodgers/git/tr-aomp/TheRock/build/math-libs/rocPRIM/stage/include/rocprim/block/block_run_length_decode.hpp
0.0	-- Installing: /work/grodgers/git/tr-aomp/TheRock/build/math-libs/rocPRIM/stage/include/rocprim/block/block_reduce.hpp
0.0	-- Installing: /work/grodgers/git/tr-aomp/TheRock/build/math-libs/rocPRIM/stage/include/rocprim/block/block_discontinuity.hpp
0.0	-- Installing: /work/grodgers/git/tr-aomp/TheRock/build/math-libs/rocPRIM/stage/include/rocprim/block/block_load.hpp
0.0	-- Installing: /work/grodgers/git/tr-aomp/TheRock/build/math-libs/rocPRIM/stage/include/rocprim/block/block_store.hpp
0.0	-- Installing: /work/grodgers/git/tr-aomp/TheRock/build/math-libs/rocPRIM/stage/include/rocprim/common.hpp
0.0	-- Installing: /work/grodgers/git/tr-aomp/TheRock/build/math-libs/rocPRIM/stage/include/rocprim/rocprim.hpp
0.0	-- Installing: /work/grodgers/git/tr-aomp/TheRock/build/math-libs/rocPRIM/stage/include/rocprim/config.hpp
0.0	-- Installing: /work/grodgers/git/tr-aomp/TheRock/build/math-libs/rocPRIM/stage/include/rocprim/iterator
0.0	-- Installing: /work/grodgers/git/tr-aomp/TheRock/build/math-libs/rocPRIM/stage/include/rocprim/iterator/texture_cache_iterator.hpp
0.0	-- Installing: /work/grodgers/git/tr-aomp/TheRock/build/math-libs/rocPRIM/stage/include/rocprim/iterator/transform_iterator.hpp
0.0	-- Installing: /work/grodgers/git/tr-aomp/TheRock/build/math-libs/rocPRIM/stage/include/rocprim/iterator/arg_index_iterator.hpp
0.0	-- Installing: /work/grodgers/git/tr-aomp/TheRock/build/math-libs/rocPRIM/stage/include/rocprim/iterator/detail
0.0	-- Installing: /work/grodgers/git/tr-aomp/TheRock/build/math-libs/rocPRIM/stage/include/rocprim/iterator/detail/common.hpp
0.0	-- Installing: /work/grodgers/git/tr-aomp/TheRock/build/math-libs/rocPRIM/stage/include/rocprim/iterator/detail/replace_first_iterator.hpp
0.0	-- Installing: /work/grodgers/git/tr-aomp/TheRock/build/math-libs/rocPRIM/stage/include/rocprim/iterator/zip_iterator.hpp
0.0	-- Installing: /work/grodgers/git/tr-aomp/TheRock/build/math-libs/rocPRIM/stage/include/rocprim/iterator/reverse_iterator.hpp
0.0	-- Installing: /work/grodgers/git/tr-aomp/TheRock/build/math-libs/rocPRIM/stage/include/rocprim/iterator/constant_iterator.hpp
0.0	-- Installing: /work/grodgers/git/tr-aomp/TheRock/build/math-libs/rocPRIM/stage/include/rocprim/iterator/predicate_iterator.hpp
0.0	-- Installing: /work/grodgers/git/tr-aomp/TheRock/build/math-libs/rocPRIM/stage/include/rocprim/iterator/transform_output_iterator.hpp
0.0	-- Installing: /work/grodgers/git/tr-aomp/TheRock/build/math-libs/rocPRIM/stage/include/rocprim/iterator/counting_iterator.hpp
0.0	-- Installing: /work/grodgers/git/tr-aomp/TheRock/build/math-libs/rocPRIM/stage/include/rocprim/iterator/discard_iterator.hpp
0.0	-- Installing: /work/grodgers/git/tr-aomp/TheRock/build/math-libs/rocPRIM/stage/include/rocprim/warp
0.0	-- Installing: /work/grodgers/git/tr-aomp/TheRock/build/math-libs/rocPRIM/stage/include/rocprim/warp/warp_sort.hpp
0.0	-- Installing: /work/grodgers/git/tr-aomp/TheRock/build/math-libs/rocPRIM/stage/include/rocprim/warp/warp_reduce.hpp
0.0	-- Installing: /work/grodgers/git/tr-aomp/TheRock/build/math-libs/rocPRIM/stage/include/rocprim/warp/detail
0.0	-- Installing: /work/grodgers/git/tr-aomp/TheRock/build/math-libs/rocPRIM/stage/include/rocprim/warp/detail/warp_reduce_shared_mem.hpp
0.0	-- Installing: /work/grodgers/git/tr-aomp/TheRock/build/math-libs/rocPRIM/stage/include/rocprim/warp/detail/warp_sort_shuffle.hpp
0.0	-- Installing: /work/grodgers/git/tr-aomp/TheRock/build/math-libs/rocPRIM/stage/include/rocprim/warp/detail/warp_scan_dpp.hpp
0.0	-- Installing: /work/grodgers/git/tr-aomp/TheRock/build/math-libs/rocPRIM/stage/include/rocprim/warp/detail/warp_reduce_dpp.hpp
0.0	-- Installing: /work/grodgers/git/tr-aomp/TheRock/build/math-libs/rocPRIM/stage/include/rocprim/warp/detail/warp_sort_stable.hpp
0.0	-- Installing: /work/grodgers/git/tr-aomp/TheRock/build/math-libs/rocPRIM/stage/include/rocprim/warp/detail/warp_scan_shared_mem.hpp
0.0	-- Installing: /work/grodgers/git/tr-aomp/TheRock/build/math-libs/rocPRIM/stage/include/rocprim/warp/detail/warp_reduce_crosslane.hpp
0.0	-- Installing: /work/grodgers/git/tr-aomp/TheRock/build/math-libs/rocPRIM/stage/include/rocprim/warp/detail/warp_reduce_shuffle.hpp
0.0	-- Installing: /work/grodgers/git/tr-aomp/TheRock/build/math-libs/rocPRIM/stage/include/rocprim/warp/detail/warp_scan_shuffle.hpp
0.0	-- Installing: /work/grodgers/git/tr-aomp/TheRock/build/math-libs/rocPRIM/stage/include/rocprim/warp/detail/warp_segment_bounds.hpp
0.0	-- Installing: /work/grodgers/git/tr-aomp/TheRock/build/math-libs/rocPRIM/stage/include/rocprim/warp/detail/warp_scan_crosslane.hpp
0.0	-- Installing: /work/grodgers/git/tr-aomp/TheRock/build/math-libs/rocPRIM/stage/include/rocprim/warp/warp_store.hpp
0.0	-- Installing: /work/grodgers/git/tr-aomp/TheRock/build/math-libs/rocPRIM/stage/include/rocprim/warp/warp_load.hpp
0.0	-- Installing: /work/grodgers/git/tr-aomp/TheRock/build/math-libs/rocPRIM/stage/include/rocprim/warp/warp_exchange.hpp
0.0	-- Installing: /work/grodgers/git/tr-aomp/TheRock/build/math-libs/rocPRIM/stage/include/rocprim/warp/warp_scan.hpp
0.0	-- Installing: /work/grodgers/git/tr-aomp/TheRock/build/math-libs/rocPRIM/stage/include/rocprim/intrinsics
0.0	-- Installing: /work/grodgers/git/tr-aomp/TheRock/build/math-libs/rocPRIM/stage/include/rocprim/intrinsics/warp.hpp
0.0	-- Installing: /work/grodgers/git/tr-aomp/TheRock/build/math-libs/rocPRIM/stage/include/rocprim/intrinsics/bit.hpp
0.0	-- Installing: /work/grodgers/git/tr-aomp/TheRock/build/math-libs/rocPRIM/stage/include/rocprim/intrinsics/warp_shuffle.hpp
0.0	-- Installing: /work/grodgers/git/tr-aomp/TheRock/build/math-libs/rocPRIM/stage/include/rocprim/intrinsics/arch.hpp
0.0	-- Installing: /work/grodgers/git/tr-aomp/TheRock/build/math-libs/rocPRIM/stage/include/rocprim/intrinsics/thread.hpp
0.0	-- Installing: /work/grodgers/git/tr-aomp/TheRock/build/math-libs/rocPRIM/stage/include/rocprim/intrinsics/atomic.hpp
0.0	-- Installing: /work/grodgers/git/tr-aomp/TheRock/build/math-libs/rocPRIM/stage/include/rocprim/types
0.0	-- Installing: /work/grodgers/git/tr-aomp/TheRock/build/math-libs/rocPRIM/stage/include/rocprim/types/uninitialized_array.hpp
0.0	-- Installing: /work/grodgers/git/tr-aomp/TheRock/build/math-libs/rocPRIM/stage/include/rocprim/types/double_buffer.hpp
0.0	-- Installing: /work/grodgers/git/tr-aomp/TheRock/build/math-libs/rocPRIM/stage/include/rocprim/types/integer_sequence.hpp
0.0	-- Installing: /work/grodgers/git/tr-aomp/TheRock/build/math-libs/rocPRIM/stage/include/rocprim/types/future_value.hpp
0.0	-- Installing: /work/grodgers/git/tr-aomp/TheRock/build/math-libs/rocPRIM/stage/include/rocprim/types/tuple.hpp
0.0	-- Installing: /work/grodgers/git/tr-aomp/TheRock/build/math-libs/rocPRIM/stage/include/rocprim/types/key_value_pair.hpp
0.0	-- Installing: /work/grodgers/git/tr-aomp/TheRock/build/math-libs/rocPRIM/stage/include/rocprim/detail
0.0	-- Installing: /work/grodgers/git/tr-aomp/TheRock/build/math-libs/rocPRIM/stage/include/rocprim/detail/various.hpp
0.0	-- Installing: /work/grodgers/git/tr-aomp/TheRock/build/math-libs/rocPRIM/stage/include/rocprim/detail/virtual_shared_memory.hpp
0.0	-- Installing: /work/grodgers/git/tr-aomp/TheRock/build/math-libs/rocPRIM/stage/include/rocprim/detail/all_true.hpp
0.0	-- Installing: /work/grodgers/git/tr-aomp/TheRock/build/math-libs/rocPRIM/stage/include/rocprim/detail/binary_op_wrappers.hpp
0.0	-- Installing: /work/grodgers/git/tr-aomp/TheRock/build/math-libs/rocPRIM/stage/include/rocprim/detail/merge_path.hpp
0.0	-- Installing: /work/grodgers/git/tr-aomp/TheRock/build/math-libs/rocPRIM/stage/include/rocprim/detail/temp_storage.hpp
0.0	-- Installing: /work/grodgers/git/tr-aomp/TheRock/build/math-libs/rocPRIM/stage/include/rocprim/type_traits_functions.hpp
0.0	-- Installing: /work/grodgers/git/tr-aomp/TheRock/build/math-libs/rocPRIM/stage/include/rocprim/functional.hpp
0.0	-- Installing: /work/grodgers/git/tr-aomp/TheRock/build/math-libs/rocPRIM/stage/include/rocprim/thread
0.0	-- Installing: /work/grodgers/git/tr-aomp/TheRock/build/math-libs/rocPRIM/stage/include/rocprim/thread/radix_key_codec.hpp
0.0	-- Installing: /work/grodgers/git/tr-aomp/TheRock/build/math-libs/rocPRIM/stage/include/rocprim/thread/thread_scan.hpp
0.0	-- Installing: /work/grodgers/git/tr-aomp/TheRock/build/math-libs/rocPRIM/stage/include/rocprim/thread/thread_store.hpp
0.0	-- Installing: /work/grodgers/git/tr-aomp/TheRock/build/math-libs/rocPRIM/stage/include/rocprim/thread/thread_search.hpp
0.0	-- Installing: /work/grodgers/git/tr-aomp/TheRock/build/math-libs/rocPRIM/stage/include/rocprim/thread/thread_copy.hpp
0.0	-- Installing: /work/grodgers/git/tr-aomp/TheRock/build/math-libs/rocPRIM/stage/include/rocprim/thread/thread_load.hpp
0.0	-- Installing: /work/grodgers/git/tr-aomp/TheRock/build/math-libs/rocPRIM/stage/include/rocprim/thread/thread_operators.hpp
0.0	-- Installing: /work/grodgers/git/tr-aomp/TheRock/build/math-libs/rocPRIM/stage/include/rocprim/thread/thread_reduce.hpp
0.0	-- Installing: /work/grodgers/git/tr-aomp/TheRock/build/math-libs/rocPRIM/stage/include/rocprim/type_traits.hpp
0.0	-- Installing: /work/grodgers/git/tr-aomp/TheRock/build/math-libs/rocPRIM/stage/include/rocprim/intrinsics.hpp
0.0	-- Installing: /work/grodgers/git/tr-aomp/TheRock/build/math-libs/rocPRIM/stage/include/rocprim/types.hpp
0.0	-- Installing: /work/grodgers/git/tr-aomp/TheRock/build/math-libs/rocPRIM/stage/include/rocprim/device
0.0	-- Installing: /work/grodgers/git/tr-aomp/TheRock/build/math-libs/rocPRIM/stage/include/rocprim/device/device_copy_config.hpp
0.0	-- Installing: /work/grodgers/git/tr-aomp/TheRock/build/math-libs/rocPRIM/stage/include/rocprim/device/device_transform.hpp
0.0	-- Installing: /work/grodgers/git/tr-aomp/TheRock/build/math-libs/rocPRIM/stage/include/rocprim/device/device_scan_by_key_config.hpp
0.0	-- Installing: /work/grodgers/git/tr-aomp/TheRock/build/math-libs/rocPRIM/stage/include/rocprim/device/device_adjacent_find.hpp
0.0	-- Installing: /work/grodgers/git/tr-aomp/TheRock/build/math-libs/rocPRIM/stage/include/rocprim/device/device_find_end.hpp
0.0	-- Installing: /work/grodgers/git/tr-aomp/TheRock/build/math-libs/rocPRIM/stage/include/rocprim/device/device_reduce_by_key_config.hpp
0.0	-- Installing: /work/grodgers/git/tr-aomp/TheRock/build/math-libs/rocPRIM/stage/include/rocprim/device/device_search_n.hpp
0.0	-- Installing: /work/grodgers/git/tr-aomp/TheRock/build/math-libs/rocPRIM/stage/include/rocprim/device/device_search_config.hpp
0.0	-- Installing: /work/grodgers/git/tr-aomp/TheRock/build/math-libs/rocPRIM/stage/include/rocprim/device/device_search_n_config.hpp
0.0	-- Installing: /work/grodgers/git/tr-aomp/TheRock/build/math-libs/rocPRIM/stage/include/rocprim/device/device_nth_element.hpp
0.0	-- Installing: /work/grodgers/git/tr-aomp/TheRock/build/math-libs/rocPRIM/stage/include/rocprim/device/device_search.hpp
0.0	-- Installing: /work/grodgers/git/tr-aomp/TheRock/build/math-libs/rocPRIM/stage/include/rocprim/device/device_adjacent_difference.hpp
0.0	-- Installing: /work/grodgers/git/tr-aomp/TheRock/build/math-libs/rocPRIM/stage/include/rocprim/device/device_segmented_scan.hpp
0.0	-- Installing: /work/grodgers/git/tr-aomp/TheRock/build/math-libs/rocPRIM/stage/include/rocprim/device/device_merge_sort_config.hpp
0.0	-- Installing: /work/grodgers/git/tr-aomp/TheRock/build/math-libs/rocPRIM/stage/include/rocprim/device/device_reduce_config.hpp
0.0	-- Installing: /work/grodgers/git/tr-aomp/TheRock/build/math-libs/rocPRIM/stage/include/rocprim/device/device_find_first_of.hpp
0.0	-- Installing: /work/grodgers/git/tr-aomp/TheRock/build/math-libs/rocPRIM/stage/include/rocprim/device/device_memcpy.hpp
0.0	-- Installing: /work/grodgers/git/tr-aomp/TheRock/build/math-libs/rocPRIM/stage/include/rocprim/device/device_memcpy_config.hpp
0.0	-- Installing: /work/grodgers/git/tr-aomp/TheRock/build/math-libs/rocPRIM/stage/include/rocprim/device/device_radix_sort_config.hpp
0.0	-- Installing: /work/grodgers/git/tr-aomp/TheRock/build/math-libs/rocPRIM/stage/include/rocprim/device/device_histogram_config.hpp
0.0	-- Installing: /work/grodgers/git/tr-aomp/TheRock/build/math-libs/rocPRIM/stage/include/rocprim/device/device_merge_inplace.hpp
0.0	-- Installing: /work/grodgers/git/tr-aomp/TheRock/build/math-libs/rocPRIM/stage/include/rocprim/device/device_partition.hpp
0.0	-- Installing: /work/grodgers/git/tr-aomp/TheRock/build/math-libs/rocPRIM/stage/include/rocprim/device/device_radix_sort.hpp
0.0	-- Installing: /work/grodgers/git/tr-aomp/TheRock/build/math-libs/rocPRIM/stage/include/rocprim/device/device_nth_element_config.hpp
0.0	-- Installing: /work/grodgers/git/tr-aomp/TheRock/build/math-libs/rocPRIM/stage/include/rocprim/device/device_adjacent_find_config.hpp
0.0	-- Installing: /work/grodgers/git/tr-aomp/TheRock/build/math-libs/rocPRIM/stage/include/rocprim/device/device_segmented_reduce.hpp
0.0	-- Installing: /work/grodgers/git/tr-aomp/TheRock/build/math-libs/rocPRIM/stage/include/rocprim/device/device_copy.hpp
0.0	-- Installing: /work/grodgers/git/tr-aomp/TheRock/build/math-libs/rocPRIM/stage/include/rocprim/device/device_merge_sort.hpp
0.0	-- Installing: /work/grodgers/git/tr-aomp/TheRock/build/math-libs/rocPRIM/stage/include/rocprim/device/device_histogram.hpp
0.0	-- Installing: /work/grodgers/git/tr-aomp/TheRock/build/math-libs/rocPRIM/stage/include/rocprim/device/device_find_first_of_config.hpp
0.0	-- Installing: /work/grodgers/git/tr-aomp/TheRock/build/math-libs/rocPRIM/stage/include/rocprim/device/device_partial_sort_config.hpp
0.0	-- Installing: /work/grodgers/git/tr-aomp/TheRock/build/math-libs/rocPRIM/stage/include/rocprim/device/config_types.hpp
0.0	-- Installing: /work/grodgers/git/tr-aomp/TheRock/build/math-libs/rocPRIM/stage/include/rocprim/device/device_run_length_encode_config.hpp
0.0	-- Installing: /work/grodgers/git/tr-aomp/TheRock/build/math-libs/rocPRIM/stage/include/rocprim/device/device_reduce_by_key.hpp
0.0	-- Installing: /work/grodgers/git/tr-aomp/TheRock/build/math-libs/rocPRIM/stage/include/rocprim/device/detail
0.0	-- Installing: /work/grodgers/git/tr-aomp/TheRock/build/math-libs/rocPRIM/stage/include/rocprim/device/detail/device_transform.hpp
0.0	-- Installing: /work/grodgers/git/tr-aomp/TheRock/build/math-libs/rocPRIM/stage/include/rocprim/device/detail/device_adjacent_find.hpp
0.0	-- Installing: /work/grodgers/git/tr-aomp/TheRock/build/math-libs/rocPRIM/stage/include/rocprim/device/detail/device_search_n.hpp
0.0	-- Installing: /work/grodgers/git/tr-aomp/TheRock/build/math-libs/rocPRIM/stage/include/rocprim/device/detail/uint_fast_div.hpp
0.0	-- Installing: /work/grodgers/git/tr-aomp/TheRock/build/math-libs/rocPRIM/stage/include/rocprim/device/detail/device_nth_element.hpp
0.0	-- Installing: /work/grodgers/git/tr-aomp/TheRock/build/math-libs/rocPRIM/stage/include/rocprim/device/detail/device_search.hpp
0.0	-- Installing: /work/grodgers/git/tr-aomp/TheRock/build/math-libs/rocPRIM/stage/include/rocprim/device/detail/device_adjacent_difference.hpp
0.0	-- Installing: /work/grodgers/git/tr-aomp/TheRock/build/math-libs/rocPRIM/stage/include/rocprim/device/detail/common.hpp
0.0	-- Installing: /work/grodgers/git/tr-aomp/TheRock/build/math-libs/rocPRIM/stage/include/rocprim/device/detail/device_segmented_scan.hpp
0.0	-- Installing: /work/grodgers/git/tr-aomp/TheRock/build/math-libs/rocPRIM/stage/include/rocprim/device/detail/device_partition.hpp
0.0	-- Installing: /work/grodgers/git/tr-aomp/TheRock/build/math-libs/rocPRIM/stage/include/rocprim/device/detail/device_radix_sort.hpp
0.0	-- Installing: /work/grodgers/git/tr-aomp/TheRock/build/math-libs/rocPRIM/stage/include/rocprim/device/detail/device_batch_memcpy.hpp
0.1	-- Installing: /work/grodgers/git/tr-aomp/TheRock/build/math-libs/rocPRIM/stage/include/rocprim/device/detail/device_scan_common.hpp
0.1	-- Installing: /work/grodgers/git/tr-aomp/TheRock/build/math-libs/rocPRIM/stage/include/rocprim/device/detail/device_segmented_reduce.hpp
0.1	-- Installing: /work/grodgers/git/tr-aomp/TheRock/build/math-libs/rocPRIM/stage/include/rocprim/device/detail/device_merge_sort.hpp
0.1	-- Installing: /work/grodgers/git/tr-aomp/TheRock/build/math-libs/rocPRIM/stage/include/rocprim/device/detail/device_histogram.hpp
0.1	-- Installing: /work/grodgers/git/tr-aomp/TheRock/build/math-libs/rocPRIM/stage/include/rocprim/device/detail/lookback_scan_state.hpp
0.1	-- Installing: /work/grodgers/git/tr-aomp/TheRock/build/math-libs/rocPRIM/stage/include/rocprim/device/detail/device_config_helper.hpp
0.1	-- Installing: /work/grodgers/git/tr-aomp/TheRock/build/math-libs/rocPRIM/stage/include/rocprim/device/detail/device_reduce_by_key.hpp
0.1	-- Installing: /work/grodgers/git/tr-aomp/TheRock/build/math-libs/rocPRIM/stage/include/rocprim/device/detail/device_merge.hpp
0.1	-- Installing: /work/grodgers/git/tr-aomp/TheRock/build/math-libs/rocPRIM/stage/include/rocprim/device/detail/device_scan.hpp
0.1	-- Installing: /work/grodgers/git/tr-aomp/TheRock/build/math-libs/rocPRIM/stage/include/rocprim/device/detail/device_merge_sort_mergepath.hpp
0.1	-- Installing: /work/grodgers/git/tr-aomp/TheRock/build/math-libs/rocPRIM/stage/include/rocprim/device/detail/device_binary_search.hpp
0.1	-- Installing: /work/grodgers/git/tr-aomp/TheRock/build/math-libs/rocPRIM/stage/include/rocprim/device/detail/device_reduce.hpp
0.1	-- Installing: /work/grodgers/git/tr-aomp/TheRock/build/math-libs/rocPRIM/stage/include/rocprim/device/detail/ordered_block_id.hpp
0.1	-- Installing: /work/grodgers/git/tr-aomp/TheRock/build/math-libs/rocPRIM/stage/include/rocprim/device/detail/device_run_length_encode.hpp
0.1	-- Installing: /work/grodgers/git/tr-aomp/TheRock/build/math-libs/rocPRIM/stage/include/rocprim/device/detail/config
0.1	-- Installing: /work/grodgers/git/tr-aomp/TheRock/build/math-libs/rocPRIM/stage/include/rocprim/device/detail/config/device_transform.hpp
0.1	-- Installing: /work/grodgers/git/tr-aomp/TheRock/build/math-libs/rocPRIM/stage/include/rocprim/device/detail/config/device_partition_three_way.hpp
0.1	-- Installing: /work/grodgers/git/tr-aomp/TheRock/build/math-libs/rocPRIM/stage/include/rocprim/device/detail/config/device_adjacent_find.hpp
0.1	-- Installing: /work/grodgers/git/tr-aomp/TheRock/build/math-libs/rocPRIM/stage/include/rocprim/device/detail/config/device_search_n.hpp
0.1	-- Installing: /work/grodgers/git/tr-aomp/TheRock/build/math-libs/rocPRIM/stage/include/rocprim/device/detail/config/device_adjacent_difference.hpp
0.1	-- Installing: /work/grodgers/git/tr-aomp/TheRock/build/math-libs/rocPRIM/stage/include/rocprim/device/detail/config/device_partition_flag.hpp
0.1	-- Installing: /work/grodgers/git/tr-aomp/TheRock/build/math-libs/rocPRIM/stage/include/rocprim/device/detail/config/device_find_first_of.hpp
0.1	-- Installing: /work/grodgers/git/tr-aomp/TheRock/build/math-libs/rocPRIM/stage/include/rocprim/device/detail/config/device_batch_copy.hpp
0.1	-- Installing: /work/grodgers/git/tr-aomp/TheRock/build/math-libs/rocPRIM/stage/include/rocprim/device/detail/config/device_batch_memcpy.hpp
0.1	-- Installing: /work/grodgers/git/tr-aomp/TheRock/build/math-libs/rocPRIM/stage/include/rocprim/device/detail/config/device_radix_sort_block_sort.hpp
0.1	-- Installing: /work/grodgers/git/tr-aomp/TheRock/build/math-libs/rocPRIM/stage/include/rocprim/device/detail/config/device_segmented_reduce.hpp
0.1	-- Installing: /work/grodgers/git/tr-aomp/TheRock/build/math-libs/rocPRIM/stage/include/rocprim/device/detail/config/device_histogram.hpp
0.1	-- Installing: /work/grodgers/git/tr-aomp/TheRock/build/math-libs/rocPRIM/stage/include/rocprim/device/detail/config/device_select_predicated_flag.hpp
0.1	-- Installing: /work/grodgers/git/tr-aomp/TheRock/build/math-libs/rocPRIM/stage/include/rocprim/device/detail/config/device_upper_bound.hpp
0.1	-- Installing: /work/grodgers/git/tr-aomp/TheRock/build/math-libs/rocPRIM/stage/include/rocprim/device/detail/config/device_reduce_by_key.hpp
0.1	-- Installing: /work/grodgers/git/tr-aomp/TheRock/build/math-libs/rocPRIM/stage/include/rocprim/device/detail/config/device_merge.hpp
0.1	-- Installing: /work/grodgers/git/tr-aomp/TheRock/build/math-libs/rocPRIM/stage/include/rocprim/device/detail/config/device_select_flag.hpp
0.1	-- Installing: /work/grodgers/git/tr-aomp/TheRock/build/math-libs/rocPRIM/stage/include/rocprim/device/detail/config/device_scan.hpp
0.1	-- Installing: /work/grodgers/git/tr-aomp/TheRock/build/math-libs/rocPRIM/stage/include/rocprim/device/detail/config/device_partition_two_way_flag.hpp
0.1	-- Installing: /work/grodgers/git/tr-aomp/TheRock/build/math-libs/rocPRIM/stage/include/rocprim/device/detail/config/device_binary_search.hpp
0.1	-- Installing: /work/grodgers/git/tr-aomp/TheRock/build/math-libs/rocPRIM/stage/include/rocprim/device/detail/config/device_select_unique_by_key.hpp
0.1	-- Installing: /work/grodgers/git/tr-aomp/TheRock/build/math-libs/rocPRIM/stage/include/rocprim/device/detail/config/device_transform_pointer.hpp
0.1	-- Installing: /work/grodgers/git/tr-aomp/TheRock/build/math-libs/rocPRIM/stage/include/rocprim/device/detail/config/device_reduce.hpp
0.1	-- Installing: /work/grodgers/git/tr-aomp/TheRock/build/math-libs/rocPRIM/stage/include/rocprim/device/detail/config/device_select_predicate.hpp
0.1	-- Installing: /work/grodgers/git/tr-aomp/TheRock/build/math-libs/rocPRIM/stage/include/rocprim/device/detail/config/device_lower_bound.hpp
0.1	-- Installing: /work/grodgers/git/tr-aomp/TheRock/build/math-libs/rocPRIM/stage/include/rocprim/device/detail/config/device_adjacent_difference_inplace.hpp
0.1	-- Installing: /work/grodgers/git/tr-aomp/TheRock/build/math-libs/rocPRIM/stage/include/rocprim/device/detail/config/device_partition_predicate.hpp
0.1	-- Installing: /work/grodgers/git/tr-aomp/TheRock/build/math-libs/rocPRIM/stage/include/rocprim/device/detail/config/device_partition_two_way_predicate.hpp
0.1	-- Installing: /work/grodgers/git/tr-aomp/TheRock/build/math-libs/rocPRIM/stage/include/rocprim/device/detail/config/device_merge_sort_block_sort.hpp
0.1	-- Installing: /work/grodgers/git/tr-aomp/TheRock/build/math-libs/rocPRIM/stage/include/rocprim/device/detail/config/device_merge_sort_block_merge.hpp
0.1	-- Installing: /work/grodgers/git/tr-aomp/TheRock/build/math-libs/rocPRIM/stage/include/rocprim/device/detail/config/device_run_length_encode.hpp
0.1	-- Installing: /work/grodgers/git/tr-aomp/TheRock/build/math-libs/rocPRIM/stage/include/rocprim/device/detail/config/device_run_length_encode_non_trivial.hpp
0.1	-- Installing: /work/grodgers/git/tr-aomp/TheRock/build/math-libs/rocPRIM/stage/include/rocprim/device/detail/config/device_segmented_radix_sort.hpp
0.1	-- Installing: /work/grodgers/git/tr-aomp/TheRock/build/math-libs/rocPRIM/stage/include/rocprim/device/detail/config/device_select_unique.hpp
0.1	-- Installing: /work/grodgers/git/tr-aomp/TheRock/build/math-libs/rocPRIM/stage/include/rocprim/device/detail/config/device_radix_sort_onesweep.hpp
0.1	-- Installing: /work/grodgers/git/tr-aomp/TheRock/build/math-libs/rocPRIM/stage/include/rocprim/device/detail/config/device_scan_by_key.hpp
0.1	-- Installing: /work/grodgers/git/tr-aomp/TheRock/build/math-libs/rocPRIM/stage/include/rocprim/device/detail/device_segmented_radix_sort.hpp
0.1	-- Installing: /work/grodgers/git/tr-aomp/TheRock/build/math-libs/rocPRIM/stage/include/rocprim/device/detail/device_scan_by_key.hpp
0.1	-- Installing: /work/grodgers/git/tr-aomp/TheRock/build/math-libs/rocPRIM/stage/include/rocprim/device/device_merge.hpp
0.1	-- Installing: /work/grodgers/git/tr-aomp/TheRock/build/math-libs/rocPRIM/stage/include/rocprim/device/device_scan.hpp
0.1	-- Installing: /work/grodgers/git/tr-aomp/TheRock/build/math-libs/rocPRIM/stage/include/rocprim/device/device_binary_search.hpp
0.1	-- Installing: /work/grodgers/git/tr-aomp/TheRock/build/math-libs/rocPRIM/stage/include/rocprim/device/specialization
0.1	-- Installing: /work/grodgers/git/tr-aomp/TheRock/build/math-libs/rocPRIM/stage/include/rocprim/device/specialization/device_radix_merge_sort.hpp
0.1	-- Installing: /work/grodgers/git/tr-aomp/TheRock/build/math-libs/rocPRIM/stage/include/rocprim/device/specialization/device_radix_block_sort.hpp
0.1	-- Installing: /work/grodgers/git/tr-aomp/TheRock/build/math-libs/rocPRIM/stage/include/rocprim/device/device_reduce.hpp
0.1	-- Installing: /work/grodgers/git/tr-aomp/TheRock/build/math-libs/rocPRIM/stage/include/rocprim/device/device_segmented_reduce_config.hpp
0.1	-- Installing: /work/grodgers/git/tr-aomp/TheRock/build/math-libs/rocPRIM/stage/include/rocprim/device/device_adjacent_difference_config.hpp
0.1	-- Installing: /work/grodgers/git/tr-aomp/TheRock/build/math-libs/rocPRIM/stage/include/rocprim/device/device_transform_config.hpp
0.1	-- Installing: /work/grodgers/git/tr-aomp/TheRock/build/math-libs/rocPRIM/stage/include/rocprim/device/device_merge_inplace_config.hpp
0.1	-- Installing: /work/grodgers/git/tr-aomp/TheRock/build/math-libs/rocPRIM/stage/include/rocprim/device/device_segmented_radix_sort_config.hpp
0.1	-- Installing: /work/grodgers/git/tr-aomp/TheRock/build/math-libs/rocPRIM/stage/include/rocprim/device/device_partial_sort.hpp
0.1	-- Installing: /work/grodgers/git/tr-aomp/TheRock/build/math-libs/rocPRIM/stage/include/rocprim/device/device_partition_config.hpp
0.1	-- Installing: /work/grodgers/git/tr-aomp/TheRock/build/math-libs/rocPRIM/stage/include/rocprim/device/device_run_length_encode.hpp
0.1	-- Installing: /work/grodgers/git/tr-aomp/TheRock/build/math-libs/rocPRIM/stage/include/rocprim/device/device_binary_search_config.hpp
0.1	-- Installing: /work/grodgers/git/tr-aomp/TheRock/build/math-libs/rocPRIM/stage/include/rocprim/device/device_scan_config.hpp
0.1	-- Installing: /work/grodgers/git/tr-aomp/TheRock/build/math-libs/rocPRIM/stage/include/rocprim/device/device_select.hpp
0.1	-- Installing: /work/grodgers/git/tr-aomp/TheRock/build/math-libs/rocPRIM/stage/include/rocprim/device/device_segmented_radix_sort.hpp
0.1	-- Installing: /work/grodgers/git/tr-aomp/TheRock/build/math-libs/rocPRIM/stage/include/rocprim/device/device_merge_config.hpp
0.1	-- Installing: /work/grodgers/git/tr-aomp/TheRock/build/math-libs/rocPRIM/stage/include/rocprim/device/device_scan_by_key.hpp
0.1	-- Installing: /work/grodgers/git/tr-aomp/TheRock/build/math-libs/rocPRIM/stage/include/rocprim/iterator.hpp
0.1	-- Up-to-date: /work/grodgers/git/tr-aomp/TheRock/build/math-libs/rocPRIM/stage/include
0.1	-- Up-to-date: /work/grodgers/git/tr-aomp/TheRock/build/math-libs/rocPRIM/stage/include/rocprim
0.1	-- Installing: /work/grodgers/git/tr-aomp/TheRock/build/math-libs/rocPRIM/stage/include/rocprim/rocprim_version.hpp
0.1	-- Installing: /work/grodgers/git/tr-aomp/TheRock/build/math-libs/rocPRIM/stage/lib/cmake/rocprim/rocprim-targets.cmake
0.1	-- Installing: /work/grodgers/git/tr-aomp/TheRock/build/math-libs/rocPRIM/stage/lib/cmake/rocprim/rocprim-config.cmake
0.1	-- Installing: /work/grodgers/git/tr-aomp/TheRock/build/math-libs/rocPRIM/stage/lib/cmake/rocprim/rocprim-config-version.cmake
0.1	-- Installing: /work/grodgers/git/tr-aomp/TheRock/build/math-libs/rocPRIM/stage/share/doc/rocprim/LICENSE.md
END	1757694058.8779545	0.08740544319152832	0
