BEGIN	1757694071.6936395
EXEC	/work1/grodgers/git/tr-aomp/TheRock/build/profiler/rocprofiler-sdk/build	/usr/bin/cmake -E env --unset=ROCM_PATH --unset=ROCM_DIR --unset=HIP_PATH --unset=HIP_DIR -- /usr/bin/cmake --build /work/grodgers/git/tr-aomp/TheRock/build/profiler/rocprofiler-sdk/build
0.0	[0/2] Re-checking globbed directories...
0.1	[1/244] cd /work/grodgers/git/tr-aomp/TheRock/build/profiler/rocprofiler-sdk/build && /usr/bin/cmake -E rm -f /work/grodgers/git/tr-aomp/TheRock/build/profiler/rocprofiler-sdk/stamp/stage.stamp
0.1	[2/244] Building CXX object external/glog/CMakeFiles/glog_internal.dir/src/stacktrace.cc.o
0.1	[3/244] Creating directories for 'otf2-build'
0.1	[4/244] Building C object external/gotcha/src/CMakeFiles/gotcha.dir/translations.c.o
0.1	[5/244] No download step for 'otf2-build'
0.1	[6/244] Building C object external/gotcha/src/CMakeFiles/gotcha.dir/library_filters.c.o
0.1	[7/244] Building C object external/gotcha/src/CMakeFiles/gotcha.dir/gotcha_utils.c.o
0.1	[8/244] Building C object external/gotcha/src/CMakeFiles/gotcha.dir/elf_ops.c.o
0.1	[9/244] No update step for 'otf2-build'
0.1	[10/244] Building C object external/gotcha/src/CMakeFiles/gotcha.dir/hash.c.o
0.1	[11/244] Building C object external/gotcha/src/CMakeFiles/gotcha.dir/gotcha_dl.c.o
0.2	[12/244] No patch step for 'otf2-build'
0.2	[13/244] Building C object external/gotcha/src/CMakeFiles/gotcha.dir/tool.c.o
0.2	[14/244] Building C object external/gotcha/src/CMakeFiles/gotcha.dir/gotcha_auxv.c.o
0.2	[15/244] Building CXX object external/yaml-cpp/CMakeFiles/yaml-cpp.dir/src/null.cpp.o
0.3	[16/244] Building C object external/gotcha/src/CMakeFiles/gotcha.dir/gotcha.c.o
0.3	[17/244] Building CXX object external/yaml-cpp/CMakeFiles/yaml-cpp.dir/src/directives.cpp.o
0.3	[18/244] Building CXX object external/glog/CMakeFiles/glog_internal.dir/src/demangle.cc.o
0.3	[19/244] Building CXX object external/yaml-cpp/CMakeFiles/yaml-cpp.dir/src/binary.cpp.o
0.3	[20/244] Building C object external/gotcha/src/CMakeFiles/gotcha.dir/libc_wrappers.c.o
0.3	[21/244] Linking C shared library lib/rocprofiler-sdk/libgotcha.so.2.4.2
0.3	[22/244] Building CXX object external/yaml-cpp/CMakeFiles/yaml-cpp.dir/src/depthguard.cpp.o
0.3	[23/244] Creating library symlink lib/rocprofiler-sdk/libgotcha.so.2 lib/rocprofiler-sdk/libgotcha.so
0.3	[24/244] Building CXX object external/yaml-cpp/CMakeFiles/yaml-cpp.dir/src/node.cpp.o
0.3	[25/244] Building CXX object external/yaml-cpp/CMakeFiles/yaml-cpp.dir/src/exceptions.cpp.o
0.3	[26/244] Building CXX object external/yaml-cpp/CMakeFiles/yaml-cpp.dir/src/ostream_wrapper.cpp.o
0.4	[27/244] Building CXX object external/yaml-cpp/CMakeFiles/yaml-cpp.dir/src/contrib/graphbuilder.cpp.o
0.4	[28/244] Building CXX object external/glog/CMakeFiles/glog_internal.dir/src/vlog_is_on.cc.o
0.4	[29/244] Building CXX object external/yaml-cpp/CMakeFiles/yaml-cpp.dir/src/contrib/graphbuilderadapter.cpp.o
0.4	[30/244] Building CXX object external/yaml-cpp/CMakeFiles/yaml-cpp.dir/src/tag.cpp.o
0.4	[31/244] Building CXX object external/glog/CMakeFiles/glog_internal.dir/src/flags.cc.o
0.4	[32/244] Building CXX object external/glog/CMakeFiles/glog_internal.dir/src/symbolize.cc.o
0.4	[33/244] Building CXX object external/yaml-cpp/CMakeFiles/yaml-cpp.dir/src/regex_yaml.cpp.o
0.5	[34/244] Building CXX object external/yaml-cpp/CMakeFiles/yaml-cpp.dir/src/stream.cpp.o
0.5	[35/244] Building CXX object external/glog/CMakeFiles/glog_internal.dir/src/raw_logging.cc.o
0.5	[36/244] Building CXX object external/glog/CMakeFiles/glog_internal.dir/src/utilities.cc.o
0.5	[37/244] Building CXX object external/yaml-cpp/CMakeFiles/yaml-cpp.dir/src/emit.cpp.o
0.5	[38/244] Building CXX object external/yaml-cpp/CMakeFiles/yaml-cpp.dir/src/memory.cpp.o
0.5	[39/244] Building CXX object external/yaml-cpp/CMakeFiles/yaml-cpp.dir/src/simplekey.cpp.o
0.5	[40/244] Building CXX object external/fmt/CMakeFiles/fmt.dir/src/os.cc.o
0.5	[41/244] Building CXX object external/yaml-cpp/CMakeFiles/yaml-cpp.dir/src/exp.cpp.o
0.5	[42/244] Building CXX object external/ptl/source/CMakeFiles/ptl-static.dir/Threading.cc.o
0.5	[43/244] Building CXX object external/yaml-cpp/CMakeFiles/yaml-cpp.dir/src/emitfromevents.cpp.o
0.6	[44/244] Building CXX object external/yaml-cpp/CMakeFiles/yaml-cpp.dir/src/nodeevents.cpp.o
0.6	[45/244] Building CXX object external/glog/CMakeFiles/glog_internal.dir/src/signalhandler.cc.o
0.6	[46/244] Building CXX object external/ptl/source/CMakeFiles/ptl-static.dir/VUserTaskQueue.cc.o
0.6	[47/244] Building CXX object external/ptl/source/CMakeFiles/ptl-static.dir/TaskGroup.cc.o
0.6	[48/244] Building CXX object external/yaml-cpp/CMakeFiles/yaml-cpp.dir/src/parser.cpp.o
0.6	[49/244] Building CXX object external/yaml-cpp/CMakeFiles/yaml-cpp.dir/src/emitterstate.cpp.o
0.6	[50/244] Building CXX object external/ptl/source/CMakeFiles/ptl-static.dir/TaskRunManager.cc.o
0.7	[51/244] Building CXX object external/ptl/source/CMakeFiles/ptl-static.dir/ThreadData.cc.o
0.7	[52/244] Building CXX object external/yaml-cpp/CMakeFiles/yaml-cpp.dir/src/node_data.cpp.o
0.7	[53/244] Building CXX object external/yaml-cpp/CMakeFiles/yaml-cpp.dir/src/nodebuilder.cpp.o
0.7	[54/244] Building CXX object external/yaml-cpp/CMakeFiles/yaml-cpp.dir/src/parse.cpp.o
0.7	[55/244] Building CXX object external/yaml-cpp/CMakeFiles/yaml-cpp.dir/src/convert.cpp.o
0.7	[56/244] Building CXX object external/yaml-cpp/CMakeFiles/yaml-cpp.dir/src/emitter.cpp.o
0.8	[57/244] Building CXX object external/yaml-cpp/CMakeFiles/yaml-cpp.dir/src/scanscalar.cpp.o
0.8	[58/244] Building CXX object external/yaml-cpp/CMakeFiles/yaml-cpp.dir/src/singledocparser.cpp.o
0.9	[59/244] Building CXX object external/yaml-cpp/CMakeFiles/yaml-cpp.dir/src/scantag.cpp.o
1.4	[60/244] Building CXX object external/yaml-cpp/CMakeFiles/yaml-cpp.dir/src/scanner.cpp.o
1.7	[61/244] Building CXX object external/yaml-cpp/CMakeFiles/yaml-cpp.dir/src/scantoken.cpp.o
1.7	[62/244] Building CXX object external/ptl/source/CMakeFiles/ptl-static.dir/UserTaskQueue.cc.o
1.7	[63/244] Building CXX object external/ptl/source/CMakeFiles/ptl-static.dir/ThreadPool.cc.o
1.8	[64/244] Linking CXX static library lib/libptl.a
2.0	[65/244] Building CXX object external/yaml-cpp/CMakeFiles/yaml-cpp.dir/src/emitterutils.cpp.o
2.1	[66/244] Linking CXX static library lib/libyaml-cpp.a
2.8	[67/244] Building CXX object external/fmt/CMakeFiles/fmt.dir/src/format.cc.o
2.8	[68/244] Linking CXX static library lib/libfmt.a
3.6	[69/244] Building CXX object external/glog/CMakeFiles/glog_internal.dir/src/logging.cc.o
3.7	[70/244] Generating CMakeFiles/glog.cc
3.7	[71/244] Building CXX object external/glog/CMakeFiles/glog.dir/CMakeFiles/glog.cc.o
3.7	[72/244] Building CXX object source/lib/rocprofiler-sdk-roctx/CMakeFiles/rocprofiler-sdk-roctx-shared-library.dir/abi.cpp.o
3.7	[73/244] Building CXX object source/lib/rocprofiler-sdk/CMakeFiles/rocprofiler-sdk-object-library.dir/hsa/abi.cpp.o
3.8	[74/244] Linking CXX static library lib/libglog.a
3.9	[75/244] Building CXX object source/lib/rocprofiler-sdk/CMakeFiles/rocprofiler-sdk-object-library.dir/kernel_dispatch/kernel_dispatch.cpp.o
4.0	[76/244] Building CXX object source/lib/rocprofiler-sdk/CMakeFiles/rocprofiler-sdk-object-library.dir/hip/abi.cpp.o
4.0	[77/244] Building CXX object source/lib/rocprofiler-sdk/CMakeFiles/rocprofiler-sdk-object-library.dir/context/domain.cpp.o
4.1	[78/244] Building CXX object source/lib/common/CMakeFiles/rocprofiler-sdk-common-library.dir/container/small_vector.cpp.o
4.1	[79/244] Building CXX object source/lib/rocprofiler-sdk/CMakeFiles/rocprofiler-sdk-object-library.dir/rocjpeg/abi.cpp.o
4.1	[80/244] Building CXX object source/lib/rocprofiler-sdk/CMakeFiles/rocprofiler-sdk-object-library.dir/rocdecode/abi.cpp.o
4.1	[81/244] Building CXX object source/lib/rocprofiler-sdk/CMakeFiles/rocprofiler-sdk-object-library.dir/rccl/abi.cpp.o
4.2	[82/244] Building CXX object source/lib/common/CMakeFiles/rocprofiler-sdk-common-library.dir/md5sum.cpp.o
4.2	[83/244] Building CXX object source/lib/rocprofiler-sdk-tool/kokkosp/CMakeFiles/rocprofiler-sdk-tool-kokkosp.dir/kokkosp.cpp.o
4.2	[84/244] Building CXX object source/lib/rocprofiler-sdk/CMakeFiles/rocprofiler-sdk-object-library.dir/pc_sampling/utils.cpp.o
4.2	[85/244] Building CXX object source/lib/common/CMakeFiles/rocprofiler-sdk-common-library.dir/static_object.cpp.o
4.2	[86/244] Building CXX object source/lib/common/CMakeFiles/rocprofiler-sdk-common-library.dir/demangle.cpp.o
4.2	[87/244] Building CXX object source/lib/rocprofiler-sdk/CMakeFiles/rocprofiler-sdk-shared-library.dir/shared_library.cpp.o
4.2	[88/244] Building CXX object source/lib/rocprofiler-sdk-rocpd/CMakeFiles/rocprofiler-sdk-rocpd-shared-library.dir/rocpd.cpp.o
4.2	[89/244] Building CXX object source/lib/common/CMakeFiles/rocprofiler-sdk-common-library.dir/simple_timer.cpp.o
4.3	[90/244] Building CXX object source/lib/common/CMakeFiles/rocprofiler-sdk-common-library.dir/static_tl_object.cpp.o
4.3	[91/244] Building CXX object source/lib/rocprofiler-sdk-roctx/CMakeFiles/rocprofiler-sdk-roctx-shared-library.dir/roctx.cpp.o
4.3	[92/244] Building CXX object source/lib/common/CMakeFiles/rocprofiler-sdk-common-library.dir/string_entry.cpp.o
4.3	[93/244] Building CXX object source/lib/common/CMakeFiles/rocprofiler-sdk-common-library.dir/utility.cpp.o
4.3	[94/244] Building CXX object source/lib/common/CMakeFiles/rocprofiler-sdk-common-library.dir/sha256.cpp.o
4.4	[95/244] Building CXX object source/lib/rocprofiler-sdk/CMakeFiles/rocprofiler-sdk-object-library.dir/hsa/aql_packet.cpp.o
4.5	[96/244] Building CXX object source/lib/common/CMakeFiles/rocprofiler-sdk-common-library.dir/container/ring_buffer.cpp.o
4.5	[97/244] Building CXX object source/lib/rocprofiler-sdk/CMakeFiles/rocprofiler-sdk-object-library.dir/kfd/abi.cpp.o
4.5	[98/244] Building CXX object source/lib/rocprofiler-sdk/CMakeFiles/rocprofiler-sdk-object-library.dir/hsa/pc_sampling.cpp.o
4.5	[99/244] Building CXX object source/lib/common/CMakeFiles/rocprofiler-sdk-common-library.dir/container/record_header_buffer.cpp.o
4.5	[100/244] Building CXX object source/lib/rocprofiler-sdk/CMakeFiles/rocprofiler-sdk-object-library.dir/counters/id_decode.cpp.o
4.5	[101/244] Building CXX object source/lib/rocprofiler-sdk/CMakeFiles/rocprofiler-sdk-object-library.dir/rocprofiler.cpp.o
4.5	[102/244] Building CXX object source/lib/common/CMakeFiles/rocprofiler-sdk-common-library.dir/uuid_v7.cpp.o
4.5	[103/244] Building CXX object source/lib/rocprofiler-sdk/CMakeFiles/rocprofiler-sdk-object-library.dir/tracing/profiling_time.cpp.o
4.7	[104/244] Building CXX object source/lib/rocprofiler-sdk/counters/parser/CMakeFiles/rocprofiler-sdk-expr-parser.dir/scanner.cpp.o
4.7	[105/244] Building CXX object source/lib/rocprofiler-sdk/CMakeFiles/rocprofiler-sdk-object-library.dir/kernel_dispatch/profiling_time.cpp.o
4.7	[106/244] Building CXX object source/lib/rocprofiler-sdk/CMakeFiles/rocprofiler-sdk-object-library.dir/thread_trace/dl.cpp.o
4.7	[107/244] Building CXX object source/lib/rocprofiler-sdk/CMakeFiles/rocprofiler-sdk-object-library.dir/ompt.cpp.o
4.8	[108/244] Building CXX object source/lib/common/CMakeFiles/rocprofiler-sdk-common-library.dir/environment.cpp.o
4.9	[109/244] Building CXX object source/lib/rocprofiler-sdk/CMakeFiles/rocprofiler-sdk-object-library.dir/aql/helpers.cpp.o
4.9	[110/244] Building CXX object source/lib/rocprofiler-sdk/CMakeFiles/rocprofiler-sdk-object-library.dir/hsa/hsa_barrier.cpp.o
5.0	[111/244] Building CXX object source/lib/att-tool/CMakeFiles/rocprofiler-sdk-att-parser.dir/waitcnt/analysis.cpp.o
5.0	[112/244] Building CXX object source/lib/att-tool/CMakeFiles/rocprofiler-sdk-att-parser.dir/waitcnt/gfx9.cpp.o
5.1	[113/244] Building CXX object source/lib/att-tool/CMakeFiles/rocprofiler-sdk-att-parser.dir/waitcnt/gfx10.cpp.o
5.1	[114/244] Building CXX object source/lib/rocprofiler-sdk/counters/parser/CMakeFiles/rocprofiler-sdk-expr-parser.dir/parser.cpp.o
5.1	[115/244] Building CXX object source/lib/rocprofiler-sdk/CMakeFiles/rocprofiler-sdk-object-library.dir/dispatch_counting_service.cpp.o
5.1	[116/244] Building CXX object source/lib/att-tool/CMakeFiles/rocprofiler-sdk-att-parser.dir/waitcnt/gfx12.cpp.o
5.2	[117/244] Building CXX object source/lib/rocprofiler-sdk/CMakeFiles/rocprofiler-sdk-object-library.dir/hsa/profile_serializer.cpp.o
5.2	[118/244] Building CXX object source/lib/common/CMakeFiles/rocprofiler-sdk-common-library.dir/regex.cpp.o
5.2	[119/244] Building CXX object source/lib/rocprofiler-sdk/CMakeFiles/rocprofiler-sdk-object-library.dir/pc_sampling/cid_manager.cpp.o
5.5	[120/244] Building CXX object source/lib/rocprofiler-sdk/CMakeFiles/rocprofiler-sdk-object-library.dir/counter_config.cpp.o
5.5	[121/244] Building CXX object source/lib/rocprofiler-sdk/CMakeFiles/rocprofiler-sdk-object-library.dir/aql/packet_construct.cpp.o
5.9	[122/244] Building CXX object source/lib/rocprofiler-sdk/CMakeFiles/rocprofiler-sdk-object-library.dir/counters/dimensions.cpp.o
5.9	[123/244] Building CXX object source/lib/rocprofiler-sdk/CMakeFiles/rocprofiler-sdk-object-library.dir/device_counting_service.cpp.o
5.9	[124/244] Building CXX object source/lib/common/CMakeFiles/rocprofiler-sdk-common-library.dir/elf_utils.cpp.o
5.9	[125/244] Building CXX object source/lib/rocprofiler-sdk/CMakeFiles/rocprofiler-sdk-object-library.dir/pc_sampling.cpp.o
5.9	[126/244] Building CXX object source/lib/rocprofiler-sdk/CMakeFiles/rocprofiler-sdk-object-library.dir/code_object/hsa/code_object.cpp.o
6.0	[127/244] Building CXX object source/lib/rocprofiler-sdk/CMakeFiles/rocprofiler-sdk-object-library.dir/code_object/hsa/kernel_symbol.cpp.o
6.0	[128/244] Building CXX object source/lib/rocprofiler-sdk/CMakeFiles/rocprofiler-sdk-object-library.dir/context.cpp.o
6.0	[129/244] Building CXX object source/lib/rocprofiler-sdk/CMakeFiles/rocprofiler-sdk-object-library.dir/hsa/agent_cache.cpp.o
6.0	[130/244] Building CXX object source/lib/rocprofiler-sdk/CMakeFiles/rocprofiler-sdk-object-library.dir/counters/ioctl.cpp.o
6.0	[131/244] Building CXX object source/lib/rocprofiler-sdk/CMakeFiles/rocprofiler-sdk-object-library.dir/kernel_dispatch/tracing.cpp.o
6.0	[132/244] Building CXX object source/lib/rocprofiler-sdk/CMakeFiles/rocprofiler-sdk-object-library.dir/pc_sampling/ioctl/ioctl_adapter.cpp.o
6.1	[133/244] Building CXX object source/lib/rocprofiler-sdk/CMakeFiles/rocprofiler-sdk-object-library.dir/buffer_tracing.cpp.o
6.1	[134/244] Building CXX object source/lib/att-tool/CMakeFiles/rocprofiler-sdk-att-parser.dir/profile_interface.cpp.o
6.1	[135/244] Building CXX object source/lib/common/CMakeFiles/rocprofiler-sdk-common-library.dir/logging.cpp.o
6.1	[136/244] Building CXX object source/lib/rocprofiler-sdk-rocpd/CMakeFiles/rocprofiler-sdk-rocpd-shared-library.dir/sql.cpp.o
6.1	[137/244] Building CXX object source/lib/rocprofiler-sdk/CMakeFiles/rocprofiler-sdk-object-library.dir/external_correlation.cpp.o
6.1	[138/244] Building CXX object source/lib/rocprofiler-sdk/CMakeFiles/rocprofiler-sdk-object-library.dir/thread_trace/code_object.cpp.o
6.1	[139/244] Building CXX object source/lib/rocprofiler-sdk/CMakeFiles/rocprofiler-sdk-object-library.dir/callback_tracing.cpp.o
6.1	[140/244] Building CXX object source/lib/rocprofiler-sdk/CMakeFiles/rocprofiler-sdk-object-library.dir/pc_sampling/code_object.cpp.o
6.1	[141/244] Building CXX object source/lib/rocprofiler-sdk/CMakeFiles/rocprofiler-sdk-object-library.dir/runtime_initialization.cpp.o
6.1	[142/244] Linking CXX static library lib/librocprofiler-sdk-common.a
6.2	[143/244] Building CXX object source/lib/rocprofiler-sdk/CMakeFiles/rocprofiler-sdk-object-library.dir/thread_trace/service.cpp.o
6.2	[144/244] Linking CXX shared library lib/librocprofiler-sdk-roctx.so.1.0.0
6.2	[145/244] Building CXX object source/lib/rocprofiler-sdk/CMakeFiles/rocprofiler-sdk-object-library.dir/context/correlation_id.cpp.o
6.2	[146/244] Creating library symlink lib/librocprofiler-sdk-roctx.so.1 lib/librocprofiler-sdk-roctx.so
6.2	[147/244] Linking CXX shared library lib/librocprofiler-sdk-rocpd.so.1.0.0
6.2	[148/244] Building CXX object source/lib/rocprofiler-sdk/CMakeFiles/rocprofiler-sdk-object-library.dir/code_object/hip/code_object.cpp.o
6.2	[149/244] Building CXX object source/lib/rocprofiler-sdk/CMakeFiles/rocprofiler-sdk-object-library.dir/pc_sampling/hsa_adapter.cpp.o
6.2	[150/244] Creating library symlink lib/librocprofiler-sdk-rocpd.so.1 lib/librocprofiler-sdk-rocpd.so
6.2	[151/244] Building CXX object source/lib/rocprofiler-sdk/CMakeFiles/rocprofiler-sdk-object-library.dir/counters/controller.cpp.o
6.2	[152/244] Linking CXX shared library lib/rocprofiler-sdk/librocprofiler-sdk-tool-kokkosp.so.1.0.0
6.3	[153/244] Creating library symlink lib/rocprofiler-sdk/librocprofiler-sdk-tool-kokkosp.so.1 lib/rocprofiler-sdk/librocprofiler-sdk-tool-kokkosp.so
6.3	[154/244] Building CXX object source/lib/rocprofiler-sdk/CMakeFiles/rocprofiler-sdk-object-library.dir/counters/dispatch_handlers.cpp.o
6.4	[155/244] Building CXX object source/lib/rocprofiler-sdk/CMakeFiles/rocprofiler-sdk-object-library.dir/pc_sampling/service.cpp.o
6.4	[156/244] Building CXX object source/lib/rocprofiler-sdk/CMakeFiles/rocprofiler-sdk-object-library.dir/pc_sampling/parser/pc_record_interface.cpp.o
6.4	[157/244] Building CXX object source/lib/rocprofiler-sdk/CMakeFiles/rocprofiler-sdk-object-library.dir/counters.cpp.o
6.4	[158/244] Building CXX object source/lib/rocprofiler-sdk/CMakeFiles/rocprofiler-sdk-object-library.dir/buffer.cpp.o
6.6	[159/244] Building CXX object source/lib/rocprofiler-sdk/CMakeFiles/rocprofiler-sdk-object-library.dir/context/context.cpp.o
6.6	[160/244] Building CXX object source/lib/rocprofiler-sdk/CMakeFiles/rocprofiler-sdk-object-library.dir/counters/sample_processing.cpp.o
6.7	[161/244] Building CXX object source/lib/rocprofiler-sdk/CMakeFiles/rocprofiler-sdk-object-library.dir/intercept_table.cpp.o
6.8	[162/244] Building CXX object source/lib/rocprofiler-sdk/CMakeFiles/rocprofiler-sdk-object-library.dir/hsa/scratch_memory.cpp.o
6.8	[163/244] Building CXX object source/lib/rocprofiler-sdk/CMakeFiles/rocprofiler-sdk-object-library.dir/counters/core.cpp.o
6.8	[164/244] Building CXX object source/lib/rocprofiler-sdk/CMakeFiles/rocprofiler-sdk-object-library.dir/hsa/queue_controller.cpp.o
6.8	[165/244] Building CXX object source/lib/att-tool/CMakeFiles/rocprofiler-sdk-att-parser.dir/filenames.cpp.o
6.9	[166/244] Building CXX object source/lib/att-tool/CMakeFiles/rocprofiler-sdk-att-parser.dir/wstates.cpp.o
6.9	[167/244] Building CXX object source/lib/rocprofiler-sdk/CMakeFiles/rocprofiler-sdk-object-library.dir/internal_threading.cpp.o
6.9	[168/244] Building CXX object source/lib/rocprofiler-sdk/CMakeFiles/rocprofiler-sdk-object-library.dir/counters/metrics.cpp.o
6.9	[169/244] Building CXX object source/lib/rocprofiler-sdk/CMakeFiles/rocprofiler-sdk-object-library.dir/hsa/async_copy.cpp.o
7.0	[170/244] Building CXX object source/lib/rocprofiler-sdk/CMakeFiles/rocprofiler-sdk-object-library.dir/marker/range_marker.cpp.o
7.0	[171/244] Building CXX object source/lib/python/roctx/CMakeFiles/rocprofiler-sdk-roctx-python-bindings-3.12.dir/libpyroctx.cpp.o
7.1	[172/244] Linking CXX shared module lib/python3.12/site-packages/roctx/libpyroctx.cpython-312-x86_64-linux-gnu.so
7.1	[173/244] Building CXX object source/lib/att-tool/CMakeFiles/rocprofiler-sdk-att-parser.dir/occupancy.cpp.o
7.1	[174/244] Building CXX object source/lib/att-tool/CMakeFiles/rocprofiler-sdk-att-parser.dir/perfcounter.cpp.o
7.1	[175/244] Building CXX object source/lib/rocprofiler-sdk/CMakeFiles/rocprofiler-sdk-object-library.dir/thread_trace/core.cpp.o
7.1	[176/244] Building CXX object source/lib/rocprofiler-sdk/CMakeFiles/rocprofiler-sdk-object-library.dir/hsa/memory_allocation.cpp.o
7.2	[177/244] Building CXX object source/lib/att-tool/CMakeFiles/rocprofiler-sdk-att-parser.dir/att_lib_wrapper.cpp.o
7.2	[178/244] Building CXX object source/lib/rocprofiler-sdk/CMakeFiles/rocprofiler-sdk-object-library.dir/rocjpeg/rocjpeg.cpp.o
7.3	[179/244] Building CXX object source/lib/rocprofiler-sdk/CMakeFiles/rocprofiler-sdk-object-library.dir/code_object/code_object.cpp.o
7.3	[180/244] Building CXX object source/lib/att-tool/CMakeFiles/rocprofiler-sdk-att-parser.dir/wave.cpp.o
7.3	[181/244] Building CXX object source/lib/rocprofiler-sdk/CMakeFiles/rocprofiler-sdk-object-library.dir/marker/marker.cpp.o
7.4	[182/244] Building CXX object source/lib/rocprofiler-sdk/CMakeFiles/rocprofiler-sdk-object-library.dir/kfd/kfd.cpp.o
7.4	[183/244] Building CXX object source/lib/rocprofiler-sdk/CMakeFiles/rocprofiler-sdk-object-library.dir/thread_trace/decode.cpp.o
7.5	[184/244] Building CXX object source/lib/rocprofiler-sdk/CMakeFiles/rocprofiler-sdk-object-library.dir/agent.cpp.o
7.5	[185/244] Building CXX object source/lib/rocprofiler-sdk/CMakeFiles/rocprofiler-sdk-object-library.dir/counters/evaluate_ast.cpp.o
7.6	[186/244] Building CXX object source/lib/rocprofiler-sdk/CMakeFiles/rocprofiler-sdk-object-library.dir/counters/device_counting.cpp.o
7.7	[187/244] Building CXX object source/lib/rocprofiler-sdk/CMakeFiles/rocprofiler-sdk-object-library.dir/hsa/queue.cpp.o
8.3	[188/244] Building CXX object source/lib/rocprofiler-sdk/CMakeFiles/rocprofiler-sdk-object-library.dir/registration.cpp.o
8.5	[189/244] Building CXX object source/lib/rocprofiler-sdk/CMakeFiles/rocprofiler-sdk-object-library.dir/rocdecode/rocdecode.cpp.o
8.5	[190/244] Building CXX object source/lib/att-tool/CMakeFiles/rocprofiler-sdk-att-parser.dir/code.cpp.o
8.9	[191/244] Building CXX object source/lib/rocprofiler-sdk/CMakeFiles/rocprofiler-sdk-object-library.dir/rccl/rccl.cpp.o
9.4	[192/244] Building CXX object source/lib/rocprofiler-sdk/CMakeFiles/rocprofiler-sdk-object-library.dir/ompt/ompt.cpp.o
11.0	[193/244] Performing configure step for 'otf2-build'
11.0	configure: info: creating ./config.status
11.0	configure: info: running /bin/bash ./configure --disable-option-checking --silent '--prefix=/work/grodgers/git/tr-aomp/TheRock/build/profiler/rocprofiler-sdk/build/external/otf2'  'FFLAGS=-g -O2' 'LDFLAGS=' '--libdir=/work/grodgers/git/tr-aomp/TheRock/build/profiler/rocprofiler-sdk/build/external/otf2/lib' 'SPHINX=:' 'FC=gfortran' 'F77=gfortran' 'CC=gcc' 'CXX=g++' 'FCFLAGS=-g -O2' 'PYTHON=:' 'CFLAGS=-fPIC -O3 -g' 'CXXFLAGS=-fPIC -O3 -g' '--enable-silent-rules' '-q' 'ac_scorep_platform=linux' 'ac_scorep_cross_compiling=no' --cache-file=/dev/null --srcdir=.
11.0	configure: info: creating ./config.lt
11.0	config.lt: info: creating libtool
11.0	configure: info: creating ./config.status
11.0	config.status: info: creating run_otf2_buffer_test.sh
11.0	config.status: info: creating run_otf2_integrity_test.sh
11.0	config.status: info: creating ../src/tools/otf2_config/otf2_config_data_backend.cpp
11.0	config.status: info: creating ../otf2-mini-config-data-backend.sh
11.0	config.status: info: creating ../otf2-backend.pc
11.0	config.status: info: creating Makefile
11.0	config.status: info: creating ../src/config-backend.h
11.0	config.status: info: executing depfiles commands
11.0	config.status: info: executing libtool commands
11.0	config.status: info: creating Makefile
11.0	config.status: info: creating src/config-common.h
11.0	config.status: info: creating share/otf2/__version__.py
11.0	config.status: info: creating doc/doxygen-user/main.dox
11.0	config.status: info: creating include/otf2/OTF2_ErrorCodes.h
11.0	config.status: info: creating otf2-mini-config.sh
11.0	config.status: info: creating otf2.pc
11.0	
11.0	Configure command:
11.0	  /work/grodgers/git/tr-aomp/TheRock/build/profiler/rocprofiler-sdk/build/external/packages/otf2-source-src/configure \
11.0	                                '--enable-silent-rules' \
11.0	                                '--prefix=/work/grodgers/git/tr-aomp/TheRock/build/profiler/rocprofiler-sdk/build/external/otf2' \
11.0	                                '--libdir=/work/grodgers/git/tr-aomp/TheRock/build/profiler/rocprofiler-sdk/build/external/otf2/lib' \
11.0	                                'CFLAGS=-fPIC -O3 -g' \
11.0	                                'CXXFLAGS=-fPIC -O3 -g' \
11.0	                                'LDFLAGS=' \
11.0	                                'PYTHON=:' \
11.0	                                'SPHINX=:'
11.0	
11.0	Loaded modules:
11.0	  No modules loaded
11.0	
11.0	Configuration summary:
11.0	  OTF2 3.0.3:
11.0	    Platform:                   linux (auto detected)
11.0	    Cross compiling:            no (auto detected)
11.0	
11.0	    OTF2 (backend):
11.0	      C99 compiler:             /usr/bin/gcc (gnu 13.3.0)
11.0	      Link mode:                static=yes, shared=yes
11.0	      SIONlib support:          no, missing sionconfig
11.0	      GCC atomic builtins:      yes
11.0	      TLS support:              yes, using __thread and the initial-exec model
11.0	      Entropy sources:          clock_gettime getpid sysinfo gethostid
11.0	      Python bindings support:  no, missing python
11.0	      Running tests:            no
11.0	        Parallel tests:         yes
13.6	[194/244] Building CXX object source/lib/rocprofiler-sdk/CMakeFiles/rocprofiler-sdk-object-library.dir/hip/stream.cpp.o
30.5	[195/244] Building CXX object source/lib/rocprofiler-sdk/CMakeFiles/rocprofiler-sdk-object-library.dir/hsa/hsa.cpp.o
48.6	[196/244] Building CXX object external/CMakeFiles/rocprofiler-sdk-perfetto-static-library.dir/perfetto/sdk/perfetto.cc.o
48.7	[197/244] Linking CXX static library lib/librocprofiler-sdk-perfetto.a
53.6	[198/244] Performing build step for 'otf2-build'
53.6	  GEN      src/otf2_print_usage.h
53.6	  GEN      src/otf2_config_usage.h
53.6	  GEN      src/otf2_snapshots_usage.h
53.6	  GEN      src/otf2_estimator_usage.h
53.6	  GEN      src/otf2_marker_usage.h
53.6	/work/grodgers/git/tr-aomp/TheRock/build/profiler/rocprofiler-sdk/build/external/packages/otf2-source-src
53.6	/work/grodgers/git/tr-aomp/TheRock/build/profiler/rocprofiler-sdk/build/external/packages/otf2-source-src
53.6	/work/grodgers/git/tr-aomp/TheRock/build/profiler/rocprofiler-sdk/build/external/packages/otf2-source-src
53.6	  MKDIR    /work/grodgers/git/tr-aomp/TheRock/build/profiler/rocprofiler-sdk/build/external/otf2/share/doc/otf2/examples
53.6	  INSTALL  /work/grodgers/git/tr-aomp/TheRock/build/profiler/rocprofiler-sdk/build/external/otf2/share/doc/otf2/examples/Makefile
53.6	  INSTALL  /work/grodgers/git/tr-aomp/TheRock/build/profiler/rocprofiler-sdk/build/external/otf2/share/doc/otf2/examples/otf2_reader_example.c
53.6	  INSTALL  /work/grodgers/git/tr-aomp/TheRock/build/profiler/rocprofiler-sdk/build/external/otf2/share/doc/otf2/examples/otf2_writer_example.c
53.6	  INSTALL  /work/grodgers/git/tr-aomp/TheRock/build/profiler/rocprofiler-sdk/build/external/otf2/share/doc/otf2/examples/otf2_mpi_reader_example.c
53.6	  INSTALL  /work/grodgers/git/tr-aomp/TheRock/build/profiler/rocprofiler-sdk/build/external/otf2/share/doc/otf2/examples/otf2_mpi_reader_example.cc
53.6	  INSTALL  /work/grodgers/git/tr-aomp/TheRock/build/profiler/rocprofiler-sdk/build/external/otf2/share/doc/otf2/examples/otf2_mpi_writer_example.c
53.6	  INSTALL  /work/grodgers/git/tr-aomp/TheRock/build/profiler/rocprofiler-sdk/build/external/otf2/share/doc/otf2/examples/otf2_openmp_reader_example.c
53.6	  INSTALL  /work/grodgers/git/tr-aomp/TheRock/build/profiler/rocprofiler-sdk/build/external/otf2/share/doc/otf2/examples/otf2_openmp_writer_example.c
53.6	  INSTALL  /work/grodgers/git/tr-aomp/TheRock/build/profiler/rocprofiler-sdk/build/external/otf2/share/doc/otf2/examples/otf2_pthread_writer_example.c
53.6	  INSTALL  /work/grodgers/git/tr-aomp/TheRock/build/profiler/rocprofiler-sdk/build/external/otf2/share/doc/otf2/examples/otf2_high_level_reader_example.py
53.6	  INSTALL  /work/grodgers/git/tr-aomp/TheRock/build/profiler/rocprofiler-sdk/build/external/otf2/share/doc/otf2/examples/otf2_high_level_writer_example.py
53.6	  MKDIR    /work/grodgers/git/tr-aomp/TheRock/build/profiler/rocprofiler-sdk/build/external/otf2/share/doc/otf2
53.6	  INSTALL  /work/grodgers/git/tr-aomp/TheRock/build/profiler/rocprofiler-sdk/build/external/otf2/share/doc/otf2/OPEN_ISSUES
53.6	  INSTALL  /work/grodgers/git/tr-aomp/TheRock/build/profiler/rocprofiler-sdk/build/external/otf2/share/doc/otf2/ChangeLog
53.6	  MKDIR    /work/grodgers/git/tr-aomp/TheRock/build/profiler/rocprofiler-sdk/build/external/otf2/include/otf2
53.6	  INSTALL  /work/grodgers/git/tr-aomp/TheRock/build/profiler/rocprofiler-sdk/build/external/otf2/include/otf2/OTF2_ErrorCodes.h
53.6	  MKDIR    /work/grodgers/git/tr-aomp/TheRock/build/profiler/rocprofiler-sdk/build/external/otf2/share/otf2/python/otf2
53.6	  INSTALL  /work/grodgers/git/tr-aomp/TheRock/build/profiler/rocprofiler-sdk/build/external/otf2/share/otf2/python/otf2/__version__.py
53.6	  MKDIR    /work/grodgers/git/tr-aomp/TheRock/build/profiler/rocprofiler-sdk/build/external/otf2/lib/pkgconfig
53.6	  INSTALL  /work/grodgers/git/tr-aomp/TheRock/build/profiler/rocprofiler-sdk/build/external/otf2/lib/pkgconfig/otf2.pc
53.6	  MKDIR    /work/grodgers/git/tr-aomp/TheRock/build/profiler/rocprofiler-sdk/build/external/otf2/include/otf2
53.6	  INSTALL  /work/grodgers/git/tr-aomp/TheRock/build/profiler/rocprofiler-sdk/build/external/otf2/include/otf2/otf2.h
53.6	  INSTALL  /work/grodgers/git/tr-aomp/TheRock/build/profiler/rocprofiler-sdk/build/external/otf2/include/otf2/otf2_compiler.h
53.6	  INSTALL  /work/grodgers/git/tr-aomp/TheRock/build/profiler/rocprofiler-sdk/build/external/otf2/include/otf2/OTF2_GeneralDefinitions.h
53.6	  INSTALL  /work/grodgers/git/tr-aomp/TheRock/build/profiler/rocprofiler-sdk/build/external/otf2/include/otf2/OTF2_Events.h
53.6	  INSTALL  /work/grodgers/git/tr-aomp/TheRock/build/profiler/rocprofiler-sdk/build/external/otf2/include/otf2/OTF2_Definitions.h
53.6	  INSTALL  /work/grodgers/git/tr-aomp/TheRock/build/profiler/rocprofiler-sdk/build/external/otf2/include/otf2/OTF2_AttributeValue.h
53.6	  INSTALL  /work/grodgers/git/tr-aomp/TheRock/build/profiler/rocprofiler-sdk/build/external/otf2/include/otf2/OTF2_AttributeList.h
53.6	  INSTALL  /work/grodgers/git/tr-aomp/TheRock/build/profiler/rocprofiler-sdk/build/external/otf2/include/otf2/OTF2_IdMap.h
53.6	  INSTALL  /work/grodgers/git/tr-aomp/TheRock/build/profiler/rocprofiler-sdk/build/external/otf2/include/otf2/OTF2_Archive.h
53.6	  INSTALL  /work/grodgers/git/tr-aomp/TheRock/build/profiler/rocprofiler-sdk/build/external/otf2/include/otf2/OTF2_Callbacks.h
53.6	  INSTALL  /work/grodgers/git/tr-aomp/TheRock/build/profiler/rocprofiler-sdk/build/external/otf2/include/otf2/OTF2_Reader.h
53.6	  INSTALL  /work/grodgers/git/tr-aomp/TheRock/build/profiler/rocprofiler-sdk/build/external/otf2/include/otf2/OTF2_EvtWriter.h
53.6	  INSTALL  /work/grodgers/git/tr-aomp/TheRock/build/profiler/rocprofiler-sdk/build/external/otf2/include/otf2/OTF2_GlobalDefWriter.h
53.6	  INSTALL  /work/grodgers/git/tr-aomp/TheRock/build/profiler/rocprofiler-sdk/build/external/otf2/include/otf2/OTF2_DefWriter.h
53.6	  INSTALL  /work/grodgers/git/tr-aomp/TheRock/build/profiler/rocprofiler-sdk/build/external/otf2/include/otf2/OTF2_GlobalEvtReader.h
53.6	  INSTALL  /work/grodgers/git/tr-aomp/TheRock/build/profiler/rocprofiler-sdk/build/external/otf2/include/otf2/OTF2_GlobalEvtReaderCallbacks.h
53.6	  INSTALL  /work/grodgers/git/tr-aomp/TheRock/build/profiler/rocprofiler-sdk/build/external/otf2/include/otf2/OTF2_EvtReader.h
53.6	  INSTALL  /work/grodgers/git/tr-aomp/TheRock/build/profiler/rocprofiler-sdk/build/external/otf2/include/otf2/OTF2_EvtReaderCallbacks.h
53.6	  INSTALL  /work/grodgers/git/tr-aomp/TheRock/build/profiler/rocprofiler-sdk/build/external/otf2/include/otf2/OTF2_GlobalDefReader.h
53.6	  INSTALL  /work/grodgers/git/tr-aomp/TheRock/build/profiler/rocprofiler-sdk/build/external/otf2/include/otf2/OTF2_GlobalDefReaderCallbacks.h
53.6	  INSTALL  /work/grodgers/git/tr-aomp/TheRock/build/profiler/rocprofiler-sdk/build/external/otf2/include/otf2/OTF2_DefReader.h
53.6	  INSTALL  /work/grodgers/git/tr-aomp/TheRock/build/profiler/rocprofiler-sdk/build/external/otf2/include/otf2/OTF2_DefReaderCallbacks.h
53.6	  INSTALL  /work/grodgers/git/tr-aomp/TheRock/build/profiler/rocprofiler-sdk/build/external/otf2/include/otf2/OTF2_SnapWriter.h
53.6	  INSTALL  /work/grodgers/git/tr-aomp/TheRock/build/profiler/rocprofiler-sdk/build/external/otf2/include/otf2/OTF2_SnapReader.h
53.6	  INSTALL  /work/grodgers/git/tr-aomp/TheRock/build/profiler/rocprofiler-sdk/build/external/otf2/include/otf2/OTF2_SnapReaderCallbacks.h
53.6	  INSTALL  /work/grodgers/git/tr-aomp/TheRock/build/profiler/rocprofiler-sdk/build/external/otf2/include/otf2/OTF2_GlobalSnapReader.h
53.6	  INSTALL  /work/grodgers/git/tr-aomp/TheRock/build/profiler/rocprofiler-sdk/build/external/otf2/include/otf2/OTF2_GlobalSnapReaderCallbacks.h
53.6	  INSTALL  /work/grodgers/git/tr-aomp/TheRock/build/profiler/rocprofiler-sdk/build/external/otf2/include/otf2/OTF2_Thumbnail.h
53.6	  INSTALL  /work/grodgers/git/tr-aomp/TheRock/build/profiler/rocprofiler-sdk/build/external/otf2/include/otf2/OTF2_Marker.h
53.6	  INSTALL  /work/grodgers/git/tr-aomp/TheRock/build/profiler/rocprofiler-sdk/build/external/otf2/include/otf2/OTF2_MarkerReader.h
53.6	  INSTALL  /work/grodgers/git/tr-aomp/TheRock/build/profiler/rocprofiler-sdk/build/external/otf2/include/otf2/OTF2_MarkerReaderCallbacks.h
53.6	  INSTALL  /work/grodgers/git/tr-aomp/TheRock/build/profiler/rocprofiler-sdk/build/external/otf2/include/otf2/OTF2_MarkerWriter.h
53.6	  INSTALL  /work/grodgers/git/tr-aomp/TheRock/build/profiler/rocprofiler-sdk/build/external/otf2/include/otf2/OTF2_EventSizeEstimator.h
53.6	  INSTALL  /work/grodgers/git/tr-aomp/TheRock/build/profiler/rocprofiler-sdk/build/external/otf2/include/otf2/OTF2_MPI_Collectives.h
53.6	  INSTALL  /work/grodgers/git/tr-aomp/TheRock/build/profiler/rocprofiler-sdk/build/external/otf2/include/otf2/OTF2_OpenMP_Locks.h
53.6	  INSTALL  /work/grodgers/git/tr-aomp/TheRock/build/profiler/rocprofiler-sdk/build/external/otf2/include/otf2/OTF2_Pthread_Locks.h
53.6	  MKDIR    /work/grodgers/git/tr-aomp/TheRock/build/profiler/rocprofiler-sdk/build/external/otf2/share/otf2/python/otf2
53.6	  INSTALL  /work/grodgers/git/tr-aomp/TheRock/build/profiler/rocprofiler-sdk/build/external/otf2/share/otf2/python/otf2/otf2.types
53.6	  INSTALL  /work/grodgers/git/tr-aomp/TheRock/build/profiler/rocprofiler-sdk/build/external/otf2/share/otf2/python/otf2/otf2.enums
53.6	  INSTALL  /work/grodgers/git/tr-aomp/TheRock/build/profiler/rocprofiler-sdk/build/external/otf2/share/otf2/python/otf2/otf2.defs
53.6	  INSTALL  /work/grodgers/git/tr-aomp/TheRock/build/profiler/rocprofiler-sdk/build/external/otf2/share/otf2/python/otf2/otf2.events
53.6	  INSTALL  /work/grodgers/git/tr-aomp/TheRock/build/profiler/rocprofiler-sdk/build/external/otf2/share/otf2/python/otf2/otf2.snaps
53.6	  MKDIR    /work/grodgers/git/tr-aomp/TheRock/build/profiler/rocprofiler-sdk/build/external/otf2/share/otf2/python/otf2
53.6	  INSTALL  /work/grodgers/git/tr-aomp/TheRock/build/profiler/rocprofiler-sdk/build/external/otf2/share/otf2/python/otf2/__init__.py
53.6	  MKDIR    /work/grodgers/git/tr-aomp/TheRock/build/profiler/rocprofiler-sdk/build/external/otf2/share/otf2
53.6	  INSTALL  /work/grodgers/git/tr-aomp/TheRock/build/profiler/rocprofiler-sdk/build/external/otf2/share/otf2/otf2.summary
53.6	  CC       lib_otf2_la-otf2_events.lo
53.6	  CC       lib_otf2_la-OTF2_Reader.lo
53.6	  CC       lib_otf2_la-OTF2_AttributeValue.lo
53.6	  CC       lib_otf2_la-OTF2_AttributeList.lo
53.6	  CC       lib_otf2_la-OTF2_IdMap.lo
53.6	  CC       lib_otf2_la-otf2_id_map.lo
53.6	  CC       lib_otf2_la-otf2_collectives.lo
53.6	  CC       lib_otf2_la-otf2_collectives_serial.lo
53.6	  CC       lib_otf2_la-otf2_lock.lo
53.6	  CC       lib_otf2_la-OTF2_EvtWriter.lo
53.6	  CC       lib_otf2_la-OTF2_GlobalDefWriter.lo
53.6	  CC       lib_otf2_la-OTF2_DefWriter.lo
53.6	  CC       lib_otf2_la-OTF2_SnapWriter.lo
53.6	  CC       lib_otf2_la-OTF2_MarkerWriter.lo
53.6	  CC       lib_otf2_la-OTF2_MarkerReader.lo
53.6	  CC       lib_otf2_la-OTF2_Archive.lo
53.6	  CC       lib_otf2_la-otf2_archive_int.lo
53.6	  CC       lib_otf2_la-otf2_archive_location.lo
53.6	  CC       lib_otf2_la-OTF2_Buffer.lo
53.6	  CC       lib_otf2_la-OTF2_AnchorFile.lo
53.6	  CC       lib_otf2_la-otf2_anchor_file_timestamp.lo
53.6	  CC       lib_otf2_la-otf2_anchor_file_hostid.lo
53.6	  CC       lib_otf2_la-otf2_anchor_file_sysinfo.lo
53.6	  CC       lib_otf2_la-otf2_file_substrate.lo
53.6	  CC       lib_otf2_la-otf2_file_substrate_none.lo
53.6	  CC       lib_otf2_la-otf2_file_substrate_posix.lo
53.6	  CC       lib_otf2_la-OTF2_File.lo
53.6	  CC       lib_otf2_la-otf2_file_posix.lo
53.6	  CC       lib_otf2_la-otf2_file_none.lo
53.6	  CC       lib_otf2_la-OTF2_GlobalEvtReader.lo
53.6	  CC       lib_otf2_la-OTF2_EvtReader.lo
53.6	  CC       lib_otf2_la-OTF2_GlobalDefReader.lo
53.6	  CC       lib_otf2_la-OTF2_DefReader.lo
53.6	  CC       lib_otf2_la-OTF2_GlobalSnapReader.lo
53.6	  CC       lib_otf2_la-OTF2_SnapReader.lo
53.6	  CC       lib_otf2_la-OTF2_Thumbnail.lo
53.6	  CC       lib_otf2_la-otf2_attic.lo
53.6	  CC       lib_otf2_la-otf2_python.lo
53.6	  CC       lib_otf2_la-OTF2_EventSizeEstimator.lo
53.6	  CC       libutils_cstr_la-UTILS_CStr.lo
53.6	  CCLD     libutils_cstr.la
53.6	  CC       libutils_exception_la-UTILS_Debug.lo
53.6	  CC       libutils_exception_la-UTILS_Error.lo
53.6	  CCLD     libutils_exception.la
53.6	  CC       libutils_io_la-UTILS_IO_GetExe.lo
53.6	  CC       libutils_io_la-UTILS_IO_Tools.lo
53.6	  CCLD     libutils_io.la
53.6	  CCLD     libutils.la
53.6	  CC       libjenkins_hash_la-jenkins_hash.lo
53.6	  CCLD     libjenkins_hash.la
53.6	  CCLD     lib_otf2.la
53.6	  CCLD     libotf2.la
53.6	  GEN      ../src/tools/otf2_config/otf2_config_library_dependencies_backend_inc.hpp
53.6	  GEN      scorep_tests
53.6	  CC       otf2_print-otf2_print.o
53.6	  CC       otf2_print-otf2_vector.o
53.6	  CC       otf2_print-otf2_hash_table.o
53.6	  CCLD     otf2-print
53.6	  CXX      otf2_marker-otf2_marker.o
53.6	  CXXLD    otf2-marker
53.6	  CXX      otf2_config-otf2_config.o
53.6	  CXX      otf2_config-otf2_config_data.o
53.6	  CXX      otf2_config-otf2_config_helper.o
53.6	  CXX      otf2_config-otf2_config_data_backend.o
53.6	  CXXLD    otf2-config
53.6	  CXX      otf2_estimator-otf2_estimator.o
53.6	  CXXLD    otf2-estimator
53.6	  CXX      otf2_snapshots-otf2_snapshots_parameters.o
53.6	  CXX      otf2_snapshots-otf2_snapshots_events.o
53.6	  CXX      otf2_snapshots-otf2_snapshots_callbacks.o
53.6	  CXX      otf2_snapshots-otf2_snapshots.o
53.6	  CXXLD    otf2-snapshots
53.6	  MKDIR    /work/grodgers/git/tr-aomp/TheRock/build/profiler/rocprofiler-sdk/build/external/otf2/lib
53.6	  INSTALL  /work/grodgers/git/tr-aomp/TheRock/build/profiler/rocprofiler-sdk/build/external/otf2/lib/libotf2.la
53.6	  MKDIR    /work/grodgers/git/tr-aomp/TheRock/build/profiler/rocprofiler-sdk/build/external/otf2/bin
53.6	  INSTALL  /work/grodgers/git/tr-aomp/TheRock/build/profiler/rocprofiler-sdk/build/external/otf2/bin/otf2-print
53.6	  INSTALL  /work/grodgers/git/tr-aomp/TheRock/build/profiler/rocprofiler-sdk/build/external/otf2/bin/otf2-marker
53.6	  INSTALL  /work/grodgers/git/tr-aomp/TheRock/build/profiler/rocprofiler-sdk/build/external/otf2/bin/otf2-config
53.6	  INSTALL  /work/grodgers/git/tr-aomp/TheRock/build/profiler/rocprofiler-sdk/build/external/otf2/bin/otf2-estimator
53.6	  INSTALL  /work/grodgers/git/tr-aomp/TheRock/build/profiler/rocprofiler-sdk/build/external/otf2/bin/otf2-snapshots
53.6	  MKDIR    /work/grodgers/git/tr-aomp/TheRock/build/profiler/rocprofiler-sdk/build/external/otf2/lib/pkgconfig
53.6	  INSTALL  /work/grodgers/git/tr-aomp/TheRock/build/profiler/rocprofiler-sdk/build/external/otf2/lib/pkgconfig/otf2-backend.pc
53.6	[199/244] No install step for 'otf2-build'
53.7	[200/244] Completed 'otf2-build'
53.7	[201/244] Building C object source/lib/rocprofiler-sdk-tool/CMakeFiles/rocprofiler-sdk-tool.dir/main.c.o
53.8	[202/244] Building CXX object source/lib/output/CMakeFiles/rocprofiler-sdk-output-library.dir/domain_type.cpp.o
54.4	[203/244] Building CXX object source/lib/output/CMakeFiles/rocprofiler-sdk-output-library.dir/sql/deferred_transaction.cpp.o
54.5	[204/244] Building CXX object source/lib/rocprofiler-sdk-tool/CMakeFiles/rocprofiler-sdk-tool.dir/stream_stack.cpp.o
54.8	[205/244] Building CXX object source/lib/output/CMakeFiles/rocprofiler-sdk-output-library.dir/statistics.cpp.o
55.2	[206/244] Building CXX object source/lib/python/rocpd/CMakeFiles/rocprofiler-sdk-rocpd-python-bindings-3.12.dir/source/interop.cpp.o
55.3	[207/244] Building CXX object source/lib/output/CMakeFiles/rocprofiler-sdk-output-library.dir/tmp_file.cpp.o
55.3	[208/244] Building CXX object source/lib/output/CMakeFiles/rocprofiler-sdk-output-library.dir/format_path.cpp.o
55.5	[209/244] Building CXX object source/lib/python/rocpd/CMakeFiles/rocprofiler-sdk-rocpd-python-bindings-3.12.dir/source/serialization/sql.cpp.o
55.6	[210/244] Building CXX object source/lib/python/rocpd/CMakeFiles/rocprofiler-sdk-rocpd-python-bindings-3.12.dir/source/functions.cpp.o
55.7	[211/244] Building CXX object source/lib/output/CMakeFiles/rocprofiler-sdk-output-library.dir/csv_output_file.cpp.o
55.8	[212/244] Building CXX object source/lib/output/CMakeFiles/rocprofiler-sdk-output-library.dir/tmp_file_buffer.cpp.o
55.8	[213/244] Building CXX object source/lib/output/CMakeFiles/rocprofiler-sdk-output-library.dir/output_key.cpp.o
55.8	[214/244] Building CXX object source/lib/output/CMakeFiles/rocprofiler-sdk-output-library.dir/counter_info.cpp.o
55.9	[215/244] Building CXX object source/lib/output/CMakeFiles/rocprofiler-sdk-output-library.dir/sql/common.cpp.o
56.3	[216/244] Building CXX object source/lib/output/CMakeFiles/rocprofiler-sdk-output-library.dir/output_config.cpp.o
56.3	[217/244] Building CXX object source/lib/output/CMakeFiles/rocprofiler-sdk-output-library.dir/node_info.cpp.o
56.5	[218/244] Building CXX object source/lib/output/CMakeFiles/rocprofiler-sdk-output-library.dir/output_stream.cpp.o
56.8	[219/244] Building CXX object source/lib/rocprofiler-sdk-tool/CMakeFiles/rocprofiler-sdk-tool.dir/config.cpp.o
57.2	[220/244] Building CXX object source/lib/python/rocpd/CMakeFiles/rocprofiler-sdk-rocpd-python-bindings-3.12.dir/source/types.cpp.o
57.3	[221/244] Building CXX object source/lib/output/CMakeFiles/rocprofiler-sdk-output-library.dir/generateStats.cpp.o
57.7	[222/244] Building CXX object source/lib/python/rocpd/CMakeFiles/rocprofiler-sdk-rocpd-python-bindings-3.12.dir/source/csv.cpp.o
57.7	[223/244] Building CXX object source/lib/output/CMakeFiles/rocprofiler-sdk-output-library.dir/generateCSV.cpp.o
57.8	[224/244] Building CXX object source/lib/rocprofiler-sdk/rocprofiler-avail/CMakeFiles/rocprofv3-list-avail.dir/rocprofv3_avail.cpp.o
59.3	[225/244] Building CXX object source/lib/output/CMakeFiles/rocprofiler-sdk-output-library.dir/metadata.cpp.o
60.1	[226/244] Building CXX object source/lib/output/CMakeFiles/rocprofiler-sdk-output-library.dir/generateJSON.cpp.o
61.1	[227/244] Building CXX object source/lib/output/CMakeFiles/rocprofiler-sdk-output-library.dir/generateRocpd.cpp.o
61.5	[228/244] Building CXX object source/lib/output/CMakeFiles/rocprofiler-sdk-output-library.dir/generateOTF2.cpp.o
61.6	[229/244] Building CXX object source/lib/python/rocpd/CMakeFiles/rocprofiler-sdk-rocpd-python-bindings-3.12.dir/source/otf2.cpp.o
63.2	[230/244] Building CXX object source/lib/python/rocpd/CMakeFiles/rocprofiler-sdk-rocpd-python-bindings-3.12.dir/source/perfetto.cpp.o
64.1	[231/244] Building CXX object source/lib/output/CMakeFiles/rocprofiler-sdk-output-library.dir/generatePerfetto.cpp.o
64.2	[232/244] Linking CXX static library lib/librocprofiler-sdk-output-library.a
65.9	[233/244] Building CXX object source/lib/rocprofiler-sdk-tool/CMakeFiles/rocprofiler-sdk-tool.dir/tool.cpp.o
70.4	[234/244] Building CXX object source/lib/python/rocpd/CMakeFiles/rocprofiler-sdk-rocpd-python-bindings-3.12.dir/libpyrocpd.cpp.o
72.1	[235/244] Building CXX object source/lib/rocprofiler-sdk/CMakeFiles/rocprofiler-sdk-object-library.dir/hip/hip.cpp.o
72.3	[236/244] Linking CXX shared library lib/librocprofiler-sdk.so.1.0.0
72.3	[237/244] Creating library symlink lib/librocprofiler-sdk.so.1 lib/librocprofiler-sdk.so
72.4	[238/244] Linking CXX static library lib/librocprofiler-sdk.a
72.4	[239/244] Linking CXX shared library lib/rocprofiler-sdk/librocprofv3-list-avail.so.1.0.0
72.4	[240/244] Linking CXX static library lib/librocprofiler-sdk-att-parser.a
72.4	[241/244] Creating library symlink lib/rocprofiler-sdk/librocprofv3-list-avail.so.1 lib/rocprofiler-sdk/librocprofv3-list-avail.so
72.6	[242/244] Linking CXX shared library lib/rocprofiler-sdk/librocprofiler-sdk-tool.so.1.0.0
72.6	[243/244] Creating library symlink lib/rocprofiler-sdk/librocprofiler-sdk-tool.so.1 lib/rocprofiler-sdk/librocprofiler-sdk-tool.so
72.7	[244/244] Linking CXX shared module lib/python3.12/site-packages/rocpd/libpyrocpd.cpython-312-x86_64-linux-gnu.so
END	1757694144.4265778	72.73293828964233	0
