BEGIN	1757694225.7168345
EXEC	/work1/grodgers/git/tr-aomp/TheRock/build/math-libs/BLAS/rocRoller/build	/usr/bin/cmake --install /work/grodgers/git/tr-aomp/TheRock/build/math-libs/BLAS/rocRoller/build
0.0	-- Install configuration: "Release"
0.0	-- Installing: /work/grodgers/git/tr-aomp/TheRock/build/math-libs/BLAS/rocRoller/stage/include
0.0	-- Installing: /work/grodgers/git/tr-aomp/TheRock/build/math-libs/BLAS/rocRoller/stage/include/rocRoller
0.0	-- Installing: /work/grodgers/git/tr-aomp/TheRock/build/math-libs/BLAS/rocRoller/stage/include/rocRoller/AssemblyKernel.hpp
0.0	-- Installing: /work/grodgers/git/tr-aomp/TheRock/build/math-libs/BLAS/rocRoller/stage/include/rocRoller/DataTypes
0.0	-- Installing: /work/grodgers/git/tr-aomp/TheRock/build/math-libs/BLAS/rocRoller/stage/include/rocRoller/DataTypes/DataTypes_BF6.hpp
0.0	-- Installing: /work/grodgers/git/tr-aomp/TheRock/build/math-libs/BLAS/rocRoller/stage/include/rocRoller/DataTypes/DataTypes_FP4.hpp
0.0	-- Installing: /work/grodgers/git/tr-aomp/TheRock/build/math-libs/BLAS/rocRoller/stage/include/rocRoller/DataTypes/DataTypes_BF8.hpp
0.0	-- Installing: /work/grodgers/git/tr-aomp/TheRock/build/math-libs/BLAS/rocRoller/stage/include/rocRoller/DataTypes/DataTypes_Half.hpp
0.0	-- Installing: /work/grodgers/git/tr-aomp/TheRock/build/math-libs/BLAS/rocRoller/stage/include/rocRoller/DataTypes/DataTypes_Int8x4.hpp
0.0	-- Installing: /work/grodgers/git/tr-aomp/TheRock/build/math-libs/BLAS/rocRoller/stage/include/rocRoller/DataTypes/DataTypes_E8M0.hpp
0.0	-- Installing: /work/grodgers/git/tr-aomp/TheRock/build/math-libs/BLAS/rocRoller/stage/include/rocRoller/DataTypes/DistinctType.hpp
0.0	-- Installing: /work/grodgers/git/tr-aomp/TheRock/build/math-libs/BLAS/rocRoller/stage/include/rocRoller/DataTypes/DataTypes_FP6.hpp
0.0	-- Installing: /work/grodgers/git/tr-aomp/TheRock/build/math-libs/BLAS/rocRoller/stage/include/rocRoller/DataTypes/DataTypes_Int8.hpp
0.0	-- Installing: /work/grodgers/git/tr-aomp/TheRock/build/math-libs/BLAS/rocRoller/stage/include/rocRoller/DataTypes/DataTypes_BF16_Utils.hpp
0.0	-- Installing: /work/grodgers/git/tr-aomp/TheRock/build/math-libs/BLAS/rocRoller/stage/include/rocRoller/DataTypes/DataTypes_Utils.hpp
0.0	-- Installing: /work/grodgers/git/tr-aomp/TheRock/build/math-libs/BLAS/rocRoller/stage/include/rocRoller/DataTypes/DataTypes_E8M0x4.hpp
0.0	-- Installing: /work/grodgers/git/tr-aomp/TheRock/build/math-libs/BLAS/rocRoller/stage/include/rocRoller/DataTypes/DataTypes_F6_Utils.hpp
0.0	-- Installing: /work/grodgers/git/tr-aomp/TheRock/build/math-libs/BLAS/rocRoller/stage/include/rocRoller/DataTypes/DataTypes_BFloat16.hpp
0.0	-- Installing: /work/grodgers/git/tr-aomp/TheRock/build/math-libs/BLAS/rocRoller/stage/include/rocRoller/DataTypes/DataTypes_FP8.hpp
0.0	-- Installing: /work/grodgers/git/tr-aomp/TheRock/build/math-libs/BLAS/rocRoller/stage/include/rocRoller/DataTypes/DataTypes_F8_Utils.hpp
0.0	-- Installing: /work/grodgers/git/tr-aomp/TheRock/build/math-libs/BLAS/rocRoller/stage/include/rocRoller/DataTypes/DataTypes_UInt8x4.hpp
0.0	-- Installing: /work/grodgers/git/tr-aomp/TheRock/build/math-libs/BLAS/rocRoller/stage/include/rocRoller/DataTypes/DataTypes_impl.hpp
0.0	-- Installing: /work/grodgers/git/tr-aomp/TheRock/build/math-libs/BLAS/rocRoller/stage/include/rocRoller/DataTypes/DataTypes.hpp
0.0	-- Installing: /work/grodgers/git/tr-aomp/TheRock/build/math-libs/BLAS/rocRoller/stage/include/rocRoller/DataTypes/DataTypes_Scale_Utils.hpp
0.0	-- Installing: /work/grodgers/git/tr-aomp/TheRock/build/math-libs/BLAS/rocRoller/stage/include/rocRoller/KernelGraph
0.0	-- Installing: /work/grodgers/git/tr-aomp/TheRock/build/math-libs/BLAS/rocRoller/stage/include/rocRoller/KernelGraph/KernelGraph_impl.hpp
0.0	-- Installing: /work/grodgers/git/tr-aomp/TheRock/build/math-libs/BLAS/rocRoller/stage/include/rocRoller/KernelGraph/ScopeManager.hpp
0.0	-- Installing: /work/grodgers/git/tr-aomp/TheRock/build/math-libs/BLAS/rocRoller/stage/include/rocRoller/KernelGraph/Visitors.hpp
0.0	-- Installing: /work/grodgers/git/tr-aomp/TheRock/build/math-libs/BLAS/rocRoller/stage/include/rocRoller/KernelGraph/KernelGraph_fwd.hpp
0.0	-- Installing: /work/grodgers/git/tr-aomp/TheRock/build/math-libs/BLAS/rocRoller/stage/include/rocRoller/KernelGraph/RegisterTagManager.hpp
0.0	-- Installing: /work/grodgers/git/tr-aomp/TheRock/build/math-libs/BLAS/rocRoller/stage/include/rocRoller/KernelGraph/TopoVisitor_impl.hpp
0.0	-- Installing: /work/grodgers/git/tr-aomp/TheRock/build/math-libs/BLAS/rocRoller/stage/include/rocRoller/KernelGraph/RegisterTagManager_impl.hpp
0.0	-- Installing: /work/grodgers/git/tr-aomp/TheRock/build/math-libs/BLAS/rocRoller/stage/include/rocRoller/KernelGraph/Transforms
0.0	-- Installing: /work/grodgers/git/tr-aomp/TheRock/build/math-libs/BLAS/rocRoller/stage/include/rocRoller/KernelGraph/Transforms/All.hpp
0.0	-- Installing: /work/grodgers/git/tr-aomp/TheRock/build/math-libs/BLAS/rocRoller/stage/include/rocRoller/KernelGraph/Transforms/LowerTile.hpp
0.0	-- Installing: /work/grodgers/git/tr-aomp/TheRock/build/math-libs/BLAS/rocRoller/stage/include/rocRoller/KernelGraph/Transforms/AddStreamK.hpp
0.0	-- Installing: /work/grodgers/git/tr-aomp/TheRock/build/math-libs/BLAS/rocRoller/stage/include/rocRoller/KernelGraph/Transforms/AddPrefetch_detail.hpp
0.0	-- Installing: /work/grodgers/git/tr-aomp/TheRock/build/math-libs/BLAS/rocRoller/stage/include/rocRoller/KernelGraph/Transforms/FuseExpressions.hpp
0.0	-- Installing: /work/grodgers/git/tr-aomp/TheRock/build/math-libs/BLAS/rocRoller/stage/include/rocRoller/KernelGraph/Transforms/AddTransposeLoadCT.hpp
0.0	-- Installing: /work/grodgers/git/tr-aomp/TheRock/build/math-libs/BLAS/rocRoller/stage/include/rocRoller/KernelGraph/Transforms/LoadPacked_detail.hpp
0.0	-- Installing: /work/grodgers/git/tr-aomp/TheRock/build/math-libs/BLAS/rocRoller/stage/include/rocRoller/KernelGraph/Transforms/RemoveDuplicates.hpp
0.0	-- Installing: /work/grodgers/git/tr-aomp/TheRock/build/math-libs/BLAS/rocRoller/stage/include/rocRoller/KernelGraph/Transforms/AddDeallocate_detail.hpp
0.0	-- Installing: /work/grodgers/git/tr-aomp/TheRock/build/math-libs/BLAS/rocRoller/stage/include/rocRoller/KernelGraph/Transforms/AddLDS.hpp
0.0	-- Installing: /work/grodgers/git/tr-aomp/TheRock/build/math-libs/BLAS/rocRoller/stage/include/rocRoller/KernelGraph/Transforms/AddComputeIndex.hpp
0.0	-- Installing: /work/grodgers/git/tr-aomp/TheRock/build/math-libs/BLAS/rocRoller/stage/include/rocRoller/KernelGraph/Transforms/AddPRNG.hpp
0.0	-- Installing: /work/grodgers/git/tr-aomp/TheRock/build/math-libs/BLAS/rocRoller/stage/include/rocRoller/KernelGraph/Transforms/NopExtraScopes.hpp
0.0	-- Installing: /work/grodgers/git/tr-aomp/TheRock/build/math-libs/BLAS/rocRoller/stage/include/rocRoller/KernelGraph/Transforms/CleanLoops.hpp
0.0	-- Installing: /work/grodgers/git/tr-aomp/TheRock/build/math-libs/BLAS/rocRoller/stage/include/rocRoller/KernelGraph/Transforms/AddPrefetch.hpp
0.0	-- Installing: /work/grodgers/git/tr-aomp/TheRock/build/math-libs/BLAS/rocRoller/stage/include/rocRoller/KernelGraph/Transforms/UnrollLoops.hpp
0.0	-- Installing: /work/grodgers/git/tr-aomp/TheRock/build/math-libs/BLAS/rocRoller/stage/include/rocRoller/KernelGraph/Transforms/ConnectWorkgroups_detail.hpp
0.0	-- Installing: /work/grodgers/git/tr-aomp/TheRock/build/math-libs/BLAS/rocRoller/stage/include/rocRoller/KernelGraph/Transforms/CleanArguments.hpp
0.0	-- Installing: /work/grodgers/git/tr-aomp/TheRock/build/math-libs/BLAS/rocRoller/stage/include/rocRoller/KernelGraph/Transforms/AddF6LDSPadding.hpp
0.0	-- Installing: /work/grodgers/git/tr-aomp/TheRock/build/math-libs/BLAS/rocRoller/stage/include/rocRoller/KernelGraph/Transforms/InlineIncrements.hpp
0.0	-- Installing: /work/grodgers/git/tr-aomp/TheRock/build/math-libs/BLAS/rocRoller/stage/include/rocRoller/KernelGraph/Transforms/LowerTensorContraction.hpp
0.0	-- Installing: /work/grodgers/git/tr-aomp/TheRock/build/math-libs/BLAS/rocRoller/stage/include/rocRoller/KernelGraph/Transforms/LowerLinear.hpp
0.0	-- Installing: /work/grodgers/git/tr-aomp/TheRock/build/math-libs/BLAS/rocRoller/stage/include/rocRoller/KernelGraph/Transforms/AliasDataFlowTags.hpp
0.0	-- Installing: /work/grodgers/git/tr-aomp/TheRock/build/math-libs/BLAS/rocRoller/stage/include/rocRoller/KernelGraph/Transforms/AddConvert.hpp
0.0	-- Installing: /work/grodgers/git/tr-aomp/TheRock/build/math-libs/BLAS/rocRoller/stage/include/rocRoller/KernelGraph/Transforms/RemoveSetCoordinate.hpp
0.0	-- Installing: /work/grodgers/git/tr-aomp/TheRock/build/math-libs/BLAS/rocRoller/stage/include/rocRoller/KernelGraph/Transforms/ConstantPropagation.hpp
0.0	-- Installing: /work/grodgers/git/tr-aomp/TheRock/build/math-libs/BLAS/rocRoller/stage/include/rocRoller/KernelGraph/Transforms/PrefetchScale.hpp
0.0	-- Installing: /work/grodgers/git/tr-aomp/TheRock/build/math-libs/BLAS/rocRoller/stage/include/rocRoller/KernelGraph/Transforms/AliasDataFlowTags_detail.hpp
0.0	-- Installing: /work/grodgers/git/tr-aomp/TheRock/build/math-libs/BLAS/rocRoller/stage/include/rocRoller/KernelGraph/Transforms/RemoveSetCoordinate_details.hpp
0.0	-- Installing: /work/grodgers/git/tr-aomp/TheRock/build/math-libs/BLAS/rocRoller/stage/include/rocRoller/KernelGraph/Transforms/OrderMemory.hpp
0.0	-- Installing: /work/grodgers/git/tr-aomp/TheRock/build/math-libs/BLAS/rocRoller/stage/include/rocRoller/KernelGraph/Transforms/GraphTransform.hpp
0.0	-- Installing: /work/grodgers/git/tr-aomp/TheRock/build/math-libs/BLAS/rocRoller/stage/include/rocRoller/KernelGraph/Transforms/SwizzleScale.hpp
0.0	-- Installing: /work/grodgers/git/tr-aomp/TheRock/build/math-libs/BLAS/rocRoller/stage/include/rocRoller/KernelGraph/Transforms/LoadPacked.hpp
0.0	-- Installing: /work/grodgers/git/tr-aomp/TheRock/build/math-libs/BLAS/rocRoller/stage/include/rocRoller/KernelGraph/Transforms/OrderEpilogueBlocks.hpp
0.0	-- Installing: /work/grodgers/git/tr-aomp/TheRock/build/math-libs/BLAS/rocRoller/stage/include/rocRoller/KernelGraph/Transforms/AddDeallocate.hpp
0.0	-- Installing: /work/grodgers/git/tr-aomp/TheRock/build/math-libs/BLAS/rocRoller/stage/include/rocRoller/KernelGraph/Transforms/Simplify.hpp
0.0	-- Installing: /work/grodgers/git/tr-aomp/TheRock/build/math-libs/BLAS/rocRoller/stage/include/rocRoller/KernelGraph/Transforms/FuseLoops.hpp
0.0	-- Installing: /work/grodgers/git/tr-aomp/TheRock/build/math-libs/BLAS/rocRoller/stage/include/rocRoller/KernelGraph/Transforms/IdentifyParallelDimensions.hpp
0.0	-- Installing: /work/grodgers/git/tr-aomp/TheRock/build/math-libs/BLAS/rocRoller/stage/include/rocRoller/KernelGraph/Transforms/OrderMultiplyNodes.hpp
0.0	-- Installing: /work/grodgers/git/tr-aomp/TheRock/build/math-libs/BLAS/rocRoller/stage/include/rocRoller/KernelGraph/Transforms/UpdateParameters.hpp
0.0	-- Installing: /work/grodgers/git/tr-aomp/TheRock/build/math-libs/BLAS/rocRoller/stage/include/rocRoller/KernelGraph/Transforms/LoopOverTileNumbers.hpp
0.0	-- Installing: /work/grodgers/git/tr-aomp/TheRock/build/math-libs/BLAS/rocRoller/stage/include/rocRoller/KernelGraph/Transforms/AddDirect2LDS.hpp
0.0	-- Installing: /work/grodgers/git/tr-aomp/TheRock/build/math-libs/BLAS/rocRoller/stage/include/rocRoller/KernelGraph/Transforms/ConnectWorkgroups.hpp
0.0	-- Installing: /work/grodgers/git/tr-aomp/TheRock/build/math-libs/BLAS/rocRoller/stage/include/rocRoller/KernelGraph/Transforms/GraphTransform_fwd.hpp
0.0	-- Installing: /work/grodgers/git/tr-aomp/TheRock/build/math-libs/BLAS/rocRoller/stage/include/rocRoller/KernelGraph/Transforms/LowerTile_details.hpp
0.0	-- Installing: /work/grodgers/git/tr-aomp/TheRock/build/math-libs/BLAS/rocRoller/stage/include/rocRoller/KernelGraph/Transforms/InlineInits.hpp
0.0	-- Installing: /work/grodgers/git/tr-aomp/TheRock/build/math-libs/BLAS/rocRoller/stage/include/rocRoller/KernelGraph/Utils_impl.hpp
0.0	-- Installing: /work/grodgers/git/tr-aomp/TheRock/build/math-libs/BLAS/rocRoller/stage/include/rocRoller/KernelGraph/Constraints.hpp
0.0	-- Installing: /work/grodgers/git/tr-aomp/TheRock/build/math-libs/BLAS/rocRoller/stage/include/rocRoller/KernelGraph/TopoVisitor.hpp
0.0	-- Installing: /work/grodgers/git/tr-aomp/TheRock/build/math-libs/BLAS/rocRoller/stage/include/rocRoller/KernelGraph/ScopeManager_fwd.hpp
0.0	-- Installing: /work/grodgers/git/tr-aomp/TheRock/build/math-libs/BLAS/rocRoller/stage/include/rocRoller/KernelGraph/Utils.hpp
0.0	-- Installing: /work/grodgers/git/tr-aomp/TheRock/build/math-libs/BLAS/rocRoller/stage/include/rocRoller/KernelGraph/ControlGraph
0.0	-- Installing: /work/grodgers/git/tr-aomp/TheRock/build/math-libs/BLAS/rocRoller/stage/include/rocRoller/KernelGraph/ControlGraph/ControlFlowArgumentTracer_fwd.hpp
0.0	-- Installing: /work/grodgers/git/tr-aomp/TheRock/build/math-libs/BLAS/rocRoller/stage/include/rocRoller/KernelGraph/ControlGraph/ControlEdge_fwd.hpp
0.0	-- Installing: /work/grodgers/git/tr-aomp/TheRock/build/math-libs/BLAS/rocRoller/stage/include/rocRoller/KernelGraph/ControlGraph/Operation.hpp
0.0	-- Installing: /work/grodgers/git/tr-aomp/TheRock/build/math-libs/BLAS/rocRoller/stage/include/rocRoller/KernelGraph/ControlGraph/Operation_fwd.hpp
0.0	-- Installing: /work/grodgers/git/tr-aomp/TheRock/build/math-libs/BLAS/rocRoller/stage/include/rocRoller/KernelGraph/ControlGraph/ControlFlowRWTracer.hpp
0.0	-- Installing: /work/grodgers/git/tr-aomp/TheRock/build/math-libs/BLAS/rocRoller/stage/include/rocRoller/KernelGraph/ControlGraph/ControlFlowArgumentTracer.hpp
0.0	-- Installing: /work/grodgers/git/tr-aomp/TheRock/build/math-libs/BLAS/rocRoller/stage/include/rocRoller/KernelGraph/ControlGraph/ControlGraph_fwd.hpp
0.0	-- Installing: /work/grodgers/git/tr-aomp/TheRock/build/math-libs/BLAS/rocRoller/stage/include/rocRoller/KernelGraph/ControlGraph/Operation_impl.hpp
0.0	-- Installing: /work/grodgers/git/tr-aomp/TheRock/build/math-libs/BLAS/rocRoller/stage/include/rocRoller/KernelGraph/ControlGraph/ControlGraph.hpp
0.0	-- Installing: /work/grodgers/git/tr-aomp/TheRock/build/math-libs/BLAS/rocRoller/stage/include/rocRoller/KernelGraph/ControlGraph/LastRWTracer.hpp
0.0	-- Installing: /work/grodgers/git/tr-aomp/TheRock/build/math-libs/BLAS/rocRoller/stage/include/rocRoller/KernelGraph/ControlGraph/ControlEdge.hpp
0.0	-- Installing: /work/grodgers/git/tr-aomp/TheRock/build/math-libs/BLAS/rocRoller/stage/include/rocRoller/KernelGraph/ControlGraph/ControlGraph_impl.hpp
0.0	-- Installing: /work/grodgers/git/tr-aomp/TheRock/build/math-libs/BLAS/rocRoller/stage/include/rocRoller/KernelGraph/Reindexer.hpp
0.0	-- Installing: /work/grodgers/git/tr-aomp/TheRock/build/math-libs/BLAS/rocRoller/stage/include/rocRoller/KernelGraph/ControlToCoordinateMapper_impl.hpp
0.0	-- Installing: /work/grodgers/git/tr-aomp/TheRock/build/math-libs/BLAS/rocRoller/stage/include/rocRoller/KernelGraph/CoordinateGraph
0.0	-- Installing: /work/grodgers/git/tr-aomp/TheRock/build/math-libs/BLAS/rocRoller/stage/include/rocRoller/KernelGraph/CoordinateGraph/CoordinateEdge.hpp
0.0	-- Installing: /work/grodgers/git/tr-aomp/TheRock/build/math-libs/BLAS/rocRoller/stage/include/rocRoller/KernelGraph/CoordinateGraph/CoordinateGraph_impl.hpp
0.0	-- Installing: /work/grodgers/git/tr-aomp/TheRock/build/math-libs/BLAS/rocRoller/stage/include/rocRoller/KernelGraph/CoordinateGraph/CoordinateEdge_fwd.hpp
0.0	-- Installing: /work/grodgers/git/tr-aomp/TheRock/build/math-libs/BLAS/rocRoller/stage/include/rocRoller/KernelGraph/CoordinateGraph/Transformer_fwd.hpp
0.0	-- Installing: /work/grodgers/git/tr-aomp/TheRock/build/math-libs/BLAS/rocRoller/stage/include/rocRoller/KernelGraph/CoordinateGraph/Transformer.hpp
0.0	-- Installing: /work/grodgers/git/tr-aomp/TheRock/build/math-libs/BLAS/rocRoller/stage/include/rocRoller/KernelGraph/CoordinateGraph/Dimension.hpp
0.0	-- Installing: /work/grodgers/git/tr-aomp/TheRock/build/math-libs/BLAS/rocRoller/stage/include/rocRoller/KernelGraph/CoordinateGraph/CoordinateEdgeVisitor.hpp
0.0	-- Installing: /work/grodgers/git/tr-aomp/TheRock/build/math-libs/BLAS/rocRoller/stage/include/rocRoller/KernelGraph/CoordinateGraph/Dimension_fwd.hpp
0.0	-- Installing: /work/grodgers/git/tr-aomp/TheRock/build/math-libs/BLAS/rocRoller/stage/include/rocRoller/KernelGraph/CoordinateGraph/CoordinateGraph.hpp
0.0	-- Installing: /work/grodgers/git/tr-aomp/TheRock/build/math-libs/BLAS/rocRoller/stage/include/rocRoller/KernelGraph/ControlToCoordinateMapper.hpp
0.0	-- Installing: /work/grodgers/git/tr-aomp/TheRock/build/math-libs/BLAS/rocRoller/stage/include/rocRoller/KernelGraph/RegisterTagManager_fwd.hpp
0.0	-- Installing: /work/grodgers/git/tr-aomp/TheRock/build/math-libs/BLAS/rocRoller/stage/include/rocRoller/KernelGraph/StructUtils.hpp
0.0	-- Installing: /work/grodgers/git/tr-aomp/TheRock/build/math-libs/BLAS/rocRoller/stage/include/rocRoller/KernelGraph/KernelGraph.hpp
0.0	-- Installing: /work/grodgers/git/tr-aomp/TheRock/build/math-libs/BLAS/rocRoller/stage/include/rocRoller/KernelGraph/Policy.hpp
0.0	-- Installing: /work/grodgers/git/tr-aomp/TheRock/build/math-libs/BLAS/rocRoller/stage/include/rocRoller/KernelOptions.hpp
0.0	-- Installing: /work/grodgers/git/tr-aomp/TheRock/build/math-libs/BLAS/rocRoller/stage/include/rocRoller/ExecutableKernel_fwd.hpp
0.0	-- Installing: /work/grodgers/git/tr-aomp/TheRock/build/math-libs/BLAS/rocRoller/stage/include/rocRoller/ScheduledInstructions.hpp
0.0	-- Installing: /work/grodgers/git/tr-aomp/TheRock/build/math-libs/BLAS/rocRoller/stage/include/rocRoller/AssemblyKernel_fwd.hpp
0.0	-- Installing: /work/grodgers/git/tr-aomp/TheRock/build/math-libs/BLAS/rocRoller/stage/include/rocRoller/KernelArguments.hpp
0.0	-- Installing: /work/grodgers/git/tr-aomp/TheRock/build/math-libs/BLAS/rocRoller/stage/include/rocRoller/Expression_evaluate_detail_binary.hpp
0.0	-- Installing: /work/grodgers/git/tr-aomp/TheRock/build/math-libs/BLAS/rocRoller/stage/include/rocRoller/Expression.hpp
0.0	-- Installing: /work/grodgers/git/tr-aomp/TheRock/build/math-libs/BLAS/rocRoller/stage/include/rocRoller/Serialization
0.0	-- Installing: /work/grodgers/git/tr-aomp/TheRock/build/math-libs/BLAS/rocRoller/stage/include/rocRoller/Serialization/yaml-cpp
0.0	-- Installing: /work/grodgers/git/tr-aomp/TheRock/build/math-libs/BLAS/rocRoller/stage/include/rocRoller/Serialization/yaml-cpp/YAML.hpp
0.0	-- Installing: /work/grodgers/git/tr-aomp/TheRock/build/math-libs/BLAS/rocRoller/stage/include/rocRoller/Serialization/AssemblyKernel.hpp
0.0	-- Installing: /work/grodgers/git/tr-aomp/TheRock/build/math-libs/BLAS/rocRoller/stage/include/rocRoller/Serialization/Command.hpp
0.0	-- Installing: /work/grodgers/git/tr-aomp/TheRock/build/math-libs/BLAS/rocRoller/stage/include/rocRoller/Serialization/XOps.hpp
0.0	-- Installing: /work/grodgers/git/tr-aomp/TheRock/build/math-libs/BLAS/rocRoller/stage/include/rocRoller/Serialization/YAML_impl.hpp
0.0	-- Installing: /work/grodgers/git/tr-aomp/TheRock/build/math-libs/BLAS/rocRoller/stage/include/rocRoller/Serialization/Expression.hpp
0.0	-- Installing: /work/grodgers/git/tr-aomp/TheRock/build/math-libs/BLAS/rocRoller/stage/include/rocRoller/Serialization/llvm
0.0	-- Installing: /work/grodgers/git/tr-aomp/TheRock/build/math-libs/BLAS/rocRoller/stage/include/rocRoller/Serialization/llvm/YAML.hpp
0.0	-- Installing: /work/grodgers/git/tr-aomp/TheRock/build/math-libs/BLAS/rocRoller/stage/include/rocRoller/Serialization/Base_fwd.hpp
0.0	-- Installing: /work/grodgers/git/tr-aomp/TheRock/build/math-libs/BLAS/rocRoller/stage/include/rocRoller/Serialization/Hypergraph.hpp
0.0	-- Installing: /work/grodgers/git/tr-aomp/TheRock/build/math-libs/BLAS/rocRoller/stage/include/rocRoller/Serialization/ControlToCoordinateMapper.hpp
0.0	-- Installing: /work/grodgers/git/tr-aomp/TheRock/build/math-libs/BLAS/rocRoller/stage/include/rocRoller/Serialization/Operations.hpp
0.0	-- Installing: /work/grodgers/git/tr-aomp/TheRock/build/math-libs/BLAS/rocRoller/stage/include/rocRoller/Serialization/Base.hpp
0.0	-- Installing: /work/grodgers/git/tr-aomp/TheRock/build/math-libs/BLAS/rocRoller/stage/include/rocRoller/Serialization/Variant.hpp
0.0	-- Installing: /work/grodgers/git/tr-aomp/TheRock/build/math-libs/BLAS/rocRoller/stage/include/rocRoller/Serialization/YAML.hpp
0.0	-- Installing: /work/grodgers/git/tr-aomp/TheRock/build/math-libs/BLAS/rocRoller/stage/include/rocRoller/Serialization/Colouring.hpp
0.0	-- Installing: /work/grodgers/git/tr-aomp/TheRock/build/math-libs/BLAS/rocRoller/stage/include/rocRoller/Serialization/Enum.hpp
0.0	-- Installing: /work/grodgers/git/tr-aomp/TheRock/build/math-libs/BLAS/rocRoller/stage/include/rocRoller/Serialization/HasTraits.hpp
0.0	-- Installing: /work/grodgers/git/tr-aomp/TheRock/build/math-libs/BLAS/rocRoller/stage/include/rocRoller/Serialization/Containers.hpp
0.0	-- Installing: /work/grodgers/git/tr-aomp/TheRock/build/math-libs/BLAS/rocRoller/stage/include/rocRoller/Serialization/KernelGraph.hpp
0.0	-- Installing: /work/grodgers/git/tr-aomp/TheRock/build/math-libs/BLAS/rocRoller/stage/include/rocRoller/Serialization/ControlGraph.hpp
0.0	-- Installing: /work/grodgers/git/tr-aomp/TheRock/build/math-libs/BLAS/rocRoller/stage/include/rocRoller/Serialization/GPUArchitecture.hpp
0.0	-- Installing: /work/grodgers/git/tr-aomp/TheRock/build/math-libs/BLAS/rocRoller/stage/include/rocRoller/Serialization/CoordinateGraph.hpp
0.0	-- Installing: /work/grodgers/git/tr-aomp/TheRock/build/math-libs/BLAS/rocRoller/stage/include/rocRoller/Serialization/msgpack
0.0	-- Installing: /work/grodgers/git/tr-aomp/TheRock/build/math-libs/BLAS/rocRoller/stage/include/rocRoller/Serialization/msgpack/Msgpack.hpp
0.0	-- Installing: /work/grodgers/git/tr-aomp/TheRock/build/math-libs/BLAS/rocRoller/stage/include/rocRoller/TensorDescriptor.hpp
0.0	-- Installing: /work/grodgers/git/tr-aomp/TheRock/build/math-libs/BLAS/rocRoller/stage/include/rocRoller/AssemblyKernelArgument.hpp
0.0	-- Installing: /work/grodgers/git/tr-aomp/TheRock/build/math-libs/BLAS/rocRoller/stage/include/rocRoller/Context_impl.hpp
0.0	-- Installing: /work/grodgers/git/tr-aomp/TheRock/build/math-libs/BLAS/rocRoller/stage/include/rocRoller/ScheduledInstructions_fwd.hpp
0.0	-- Installing: /work/grodgers/git/tr-aomp/TheRock/build/math-libs/BLAS/rocRoller/stage/include/rocRoller/Expression_evaluate_detail.hpp
0.0	-- Installing: /work/grodgers/git/tr-aomp/TheRock/build/math-libs/BLAS/rocRoller/stage/include/rocRoller/Scheduling
0.0	-- Installing: /work/grodgers/git/tr-aomp/TheRock/build/math-libs/BLAS/rocRoller/stage/include/rocRoller/Scheduling/PriorityScheduler.hpp
0.0	-- Installing: /work/grodgers/git/tr-aomp/TheRock/build/math-libs/BLAS/rocRoller/stage/include/rocRoller/Scheduling/RoundRobinScheduler_fwd.hpp
0.0	-- Installing: /work/grodgers/git/tr-aomp/TheRock/build/math-libs/BLAS/rocRoller/stage/include/rocRoller/Scheduling/CooperativeScheduler_fwd.hpp
0.0	-- Installing: /work/grodgers/git/tr-aomp/TheRock/build/math-libs/BLAS/rocRoller/stage/include/rocRoller/Scheduling/MetaObserver.hpp
0.0	-- Installing: /work/grodgers/git/tr-aomp/TheRock/build/math-libs/BLAS/rocRoller/stage/include/rocRoller/Scheduling/Scheduling.hpp
0.0	-- Installing: /work/grodgers/git/tr-aomp/TheRock/build/math-libs/BLAS/rocRoller/stage/include/rocRoller/Scheduling/Costs
0.0	-- Installing: /work/grodgers/git/tr-aomp/TheRock/build/math-libs/BLAS/rocRoller/stage/include/rocRoller/Scheduling/Costs/UniformCost_fwd.hpp
0.0	-- Installing: /work/grodgers/git/tr-aomp/TheRock/build/math-libs/BLAS/rocRoller/stage/include/rocRoller/Scheduling/Costs/MinNopsCost.hpp
0.0	-- Installing: /work/grodgers/git/tr-aomp/TheRock/build/math-libs/BLAS/rocRoller/stage/include/rocRoller/Scheduling/Costs/NoneCost_fwd.hpp
0.0	-- Installing: /work/grodgers/git/tr-aomp/TheRock/build/math-libs/BLAS/rocRoller/stage/include/rocRoller/Scheduling/Costs/WaitCntNopCost.hpp
0.0	-- Installing: /work/grodgers/git/tr-aomp/TheRock/build/math-libs/BLAS/rocRoller/stage/include/rocRoller/Scheduling/Costs/NoneCost.hpp
0.0	-- Installing: /work/grodgers/git/tr-aomp/TheRock/build/math-libs/BLAS/rocRoller/stage/include/rocRoller/Scheduling/Costs/LinearWeightedCost_fwd.hpp
0.0	-- Installing: /work/grodgers/git/tr-aomp/TheRock/build/math-libs/BLAS/rocRoller/stage/include/rocRoller/Scheduling/Costs/MinNopsCost_fwd.hpp
0.0	-- Installing: /work/grodgers/git/tr-aomp/TheRock/build/math-libs/BLAS/rocRoller/stage/include/rocRoller/Scheduling/Costs/LinearWeightedCost.hpp
0.0	-- Installing: /work/grodgers/git/tr-aomp/TheRock/build/math-libs/BLAS/rocRoller/stage/include/rocRoller/Scheduling/Costs/Cost.hpp
0.0	-- Installing: /work/grodgers/git/tr-aomp/TheRock/build/math-libs/BLAS/rocRoller/stage/include/rocRoller/Scheduling/Costs/WaitCntNopCost_fwd.hpp
0.0	-- Installing: /work/grodgers/git/tr-aomp/TheRock/build/math-libs/BLAS/rocRoller/stage/include/rocRoller/Scheduling/Costs/Cost_impl.hpp
0.0	-- Installing: /work/grodgers/git/tr-aomp/TheRock/build/math-libs/BLAS/rocRoller/stage/include/rocRoller/Scheduling/Costs/UniformCost.hpp
0.0	-- Installing: /work/grodgers/git/tr-aomp/TheRock/build/math-libs/BLAS/rocRoller/stage/include/rocRoller/Scheduling/Costs/Cost_fwd.hpp
0.0	-- Installing: /work/grodgers/git/tr-aomp/TheRock/build/math-libs/BLAS/rocRoller/stage/include/rocRoller/Scheduling/Observers
0.0	-- Installing: /work/grodgers/git/tr-aomp/TheRock/build/math-libs/BLAS/rocRoller/stage/include/rocRoller/Scheduling/Observers/WaitcntObserver_impl.hpp
0.0	-- Installing: /work/grodgers/git/tr-aomp/TheRock/build/math-libs/BLAS/rocRoller/stage/include/rocRoller/Scheduling/Observers/WaitcntObserver.hpp
0.0	-- Installing: /work/grodgers/git/tr-aomp/TheRock/build/math-libs/BLAS/rocRoller/stage/include/rocRoller/Scheduling/Observers/ObserverCreation.hpp
0.0	-- Installing: /work/grodgers/git/tr-aomp/TheRock/build/math-libs/BLAS/rocRoller/stage/include/rocRoller/Scheduling/Observers/FileWritingObserver.hpp
0.0	-- Installing: /work/grodgers/git/tr-aomp/TheRock/build/math-libs/BLAS/rocRoller/stage/include/rocRoller/Scheduling/Observers/AllocatingObserver.hpp
0.0	-- Installing: /work/grodgers/git/tr-aomp/TheRock/build/math-libs/BLAS/rocRoller/stage/include/rocRoller/Scheduling/Observers/SupportedInstructionObserver.hpp
0.0	-- Installing: /work/grodgers/git/tr-aomp/TheRock/build/math-libs/BLAS/rocRoller/stage/include/rocRoller/Scheduling/Observers/FunctionalUnit
0.0	-- Installing: /work/grodgers/git/tr-aomp/TheRock/build/math-libs/BLAS/rocRoller/stage/include/rocRoller/Scheduling/Observers/FunctionalUnit/WMMAObserver.hpp
0.0	-- Installing: /work/grodgers/git/tr-aomp/TheRock/build/math-libs/BLAS/rocRoller/stage/include/rocRoller/Scheduling/Observers/FunctionalUnit/MEMObserver.hpp
0.0	-- Installing: /work/grodgers/git/tr-aomp/TheRock/build/math-libs/BLAS/rocRoller/stage/include/rocRoller/Scheduling/Observers/FunctionalUnit/MEMObserver_impl.hpp
0.0	-- Installing: /work/grodgers/git/tr-aomp/TheRock/build/math-libs/BLAS/rocRoller/stage/include/rocRoller/Scheduling/Observers/FunctionalUnit/MFMAObserver.hpp
0.0	-- Installing: /work/grodgers/git/tr-aomp/TheRock/build/math-libs/BLAS/rocRoller/stage/include/rocRoller/Scheduling/Observers/WaitState
0.0	-- Installing: /work/grodgers/git/tr-aomp/TheRock/build/math-libs/BLAS/rocRoller/stage/include/rocRoller/Scheduling/Observers/WaitState/VALUWriteVCCVDIVFMAS.hpp
0.0	-- Installing: /work/grodgers/git/tr-aomp/TheRock/build/math-libs/BLAS/rocRoller/stage/include/rocRoller/Scheduling/Observers/WaitState/VCMPXWrite94x.hpp
0.0	-- Installing: /work/grodgers/git/tr-aomp/TheRock/build/math-libs/BLAS/rocRoller/stage/include/rocRoller/Scheduling/Observers/WaitState/VALUWriteSGPRVCC.hpp
0.0	-- Installing: /work/grodgers/git/tr-aomp/TheRock/build/math-libs/BLAS/rocRoller/stage/include/rocRoller/Scheduling/Observers/WaitState/WMMA
0.0	-- Installing: /work/grodgers/git/tr-aomp/TheRock/build/math-libs/BLAS/rocRoller/stage/include/rocRoller/Scheduling/Observers/WaitState/WMMA/WMMAWriteSrcD.hpp
0.0	-- Installing: /work/grodgers/git/tr-aomp/TheRock/build/math-libs/BLAS/rocRoller/stage/include/rocRoller/Scheduling/Observers/WaitState/WMMA/WMMAReadSrcD.hpp
0.0	-- Installing: /work/grodgers/git/tr-aomp/TheRock/build/math-libs/BLAS/rocRoller/stage/include/rocRoller/Scheduling/Observers/WaitState/WMMA/WMMAWrite.hpp
0.0	-- Installing: /work/grodgers/git/tr-aomp/TheRock/build/math-libs/BLAS/rocRoller/stage/include/rocRoller/Scheduling/Observers/WaitState/OPSEL94x.hpp
0.0	-- Installing: /work/grodgers/git/tr-aomp/TheRock/build/math-libs/BLAS/rocRoller/stage/include/rocRoller/Scheduling/Observers/WaitState/WaitStateObserver.hpp
0.0	-- Installing: /work/grodgers/git/tr-aomp/TheRock/build/math-libs/BLAS/rocRoller/stage/include/rocRoller/Scheduling/Observers/WaitState/VALUWriteSGPRVMEM.hpp
0.0	-- Installing: /work/grodgers/git/tr-aomp/TheRock/build/math-libs/BLAS/rocRoller/stage/include/rocRoller/Scheduling/Observers/WaitState/BufferStoreDwordXXRead.hpp
0.0	-- Installing: /work/grodgers/git/tr-aomp/TheRock/build/math-libs/BLAS/rocRoller/stage/include/rocRoller/Scheduling/Observers/WaitState/VALUTransWrite94x.hpp
0.0	-- Installing: /work/grodgers/git/tr-aomp/TheRock/build/math-libs/BLAS/rocRoller/stage/include/rocRoller/Scheduling/Observers/WaitState/WaitStateObserver_impl.hpp
0.0	-- Installing: /work/grodgers/git/tr-aomp/TheRock/build/math-libs/BLAS/rocRoller/stage/include/rocRoller/Scheduling/Observers/WaitState/VALUWriteReadlane94x.hpp
0.0	-- Installing: /work/grodgers/git/tr-aomp/TheRock/build/math-libs/BLAS/rocRoller/stage/include/rocRoller/Scheduling/Observers/WaitState/MFMA
0.0	-- Installing: /work/grodgers/git/tr-aomp/TheRock/build/math-libs/BLAS/rocRoller/stage/include/rocRoller/Scheduling/Observers/WaitState/MFMA/XDLWrite94x.hpp
0.0	-- Installing: /work/grodgers/git/tr-aomp/TheRock/build/math-libs/BLAS/rocRoller/stage/include/rocRoller/Scheduling/Observers/WaitState/MFMA/ACCVGPRWriteWrite.hpp
0.0	-- Installing: /work/grodgers/git/tr-aomp/TheRock/build/math-libs/BLAS/rocRoller/stage/include/rocRoller/Scheduling/Observers/WaitState/MFMA/ACCVGPRReadWrite.hpp
0.0	-- Installing: /work/grodgers/git/tr-aomp/TheRock/build/math-libs/BLAS/rocRoller/stage/include/rocRoller/Scheduling/Observers/WaitState/MFMA/XDLReadSrcC90a.hpp
0.0	-- Installing: /work/grodgers/git/tr-aomp/TheRock/build/math-libs/BLAS/rocRoller/stage/include/rocRoller/Scheduling/Observers/WaitState/MFMA/VALUWrite.hpp
0.0	-- Installing: /work/grodgers/git/tr-aomp/TheRock/build/math-libs/BLAS/rocRoller/stage/include/rocRoller/Scheduling/Observers/WaitState/MFMA/XDLWrite908.hpp
0.0	-- Installing: /work/grodgers/git/tr-aomp/TheRock/build/math-libs/BLAS/rocRoller/stage/include/rocRoller/Scheduling/Observers/WaitState/MFMA/CMPXWriteExec.hpp
0.0	-- Installing: /work/grodgers/git/tr-aomp/TheRock/build/math-libs/BLAS/rocRoller/stage/include/rocRoller/Scheduling/Observers/WaitState/MFMA/DGEMM16x16x4Write.hpp
0.0	-- Installing: /work/grodgers/git/tr-aomp/TheRock/build/math-libs/BLAS/rocRoller/stage/include/rocRoller/Scheduling/Observers/WaitState/MFMA/XDLWrite90a.hpp
0.0	-- Installing: /work/grodgers/git/tr-aomp/TheRock/build/math-libs/BLAS/rocRoller/stage/include/rocRoller/Scheduling/Observers/WaitState/MFMA/DGEMM4x4x4Write.hpp
0.0	-- Installing: /work/grodgers/git/tr-aomp/TheRock/build/math-libs/BLAS/rocRoller/stage/include/rocRoller/Scheduling/Observers/WaitState/MFMA/XDLReadSrcC94x.hpp
0.0	-- Installing: /work/grodgers/git/tr-aomp/TheRock/build/math-libs/BLAS/rocRoller/stage/include/rocRoller/Scheduling/Observers/WaitState/MFMA/DLWrite.hpp
0.0	-- Installing: /work/grodgers/git/tr-aomp/TheRock/build/math-libs/BLAS/rocRoller/stage/include/rocRoller/Scheduling/Observers/WaitState/MFMA/XDLReadSrcC908.hpp
0.0	-- Installing: /work/grodgers/git/tr-aomp/TheRock/build/math-libs/BLAS/rocRoller/stage/include/rocRoller/Scheduling/Observers/RegisterLivenessObserver.hpp
0.0	-- Installing: /work/grodgers/git/tr-aomp/TheRock/build/math-libs/BLAS/rocRoller/stage/include/rocRoller/Scheduling/Scheduling_impl.hpp
0.0	-- Installing: /work/grodgers/git/tr-aomp/TheRock/build/math-libs/BLAS/rocRoller/stage/include/rocRoller/Scheduling/PriorityScheduler_fwd.hpp
0.0	-- Installing: /work/grodgers/git/tr-aomp/TheRock/build/math-libs/BLAS/rocRoller/stage/include/rocRoller/Scheduling/CooperativeScheduler.hpp
0.0	-- Installing: /work/grodgers/git/tr-aomp/TheRock/build/math-libs/BLAS/rocRoller/stage/include/rocRoller/Scheduling/RandomScheduler.hpp
0.0	-- Installing: /work/grodgers/git/tr-aomp/TheRock/build/math-libs/BLAS/rocRoller/stage/include/rocRoller/Scheduling/Scheduler.hpp
0.0	-- Installing: /work/grodgers/git/tr-aomp/TheRock/build/math-libs/BLAS/rocRoller/stage/include/rocRoller/Scheduling/SequentialScheduler.hpp
0.0	-- Installing: /work/grodgers/git/tr-aomp/TheRock/build/math-libs/BLAS/rocRoller/stage/include/rocRoller/Scheduling/RoundRobinScheduler.hpp
0.0	-- Installing: /work/grodgers/git/tr-aomp/TheRock/build/math-libs/BLAS/rocRoller/stage/include/rocRoller/Scheduling/Scheduler_fwd.hpp
0.0	-- Installing: /work/grodgers/git/tr-aomp/TheRock/build/math-libs/BLAS/rocRoller/stage/include/rocRoller/Scheduling/SequentialScheduler_fwd.hpp
0.0	-- Installing: /work/grodgers/git/tr-aomp/TheRock/build/math-libs/BLAS/rocRoller/stage/include/rocRoller/Scheduling/Scheduler_impl.hpp
0.0	-- Installing: /work/grodgers/git/tr-aomp/TheRock/build/math-libs/BLAS/rocRoller/stage/include/rocRoller/Scheduling/Scheduling_fwd.hpp
0.0	-- Installing: /work/grodgers/git/tr-aomp/TheRock/build/math-libs/BLAS/rocRoller/stage/include/rocRoller/Scheduling/RandomScheduler_fwd.hpp
0.0	-- Installing: /work/grodgers/git/tr-aomp/TheRock/build/math-libs/BLAS/rocRoller/stage/include/rocRoller/Scheduling/WaitStateHazardCounter.hpp
0.0	-- Installing: /work/grodgers/git/tr-aomp/TheRock/build/math-libs/BLAS/rocRoller/stage/include/rocRoller/Scheduling/MetaObserver_impl.hpp
0.0	-- Installing: /work/grodgers/git/tr-aomp/TheRock/build/math-libs/BLAS/rocRoller/stage/include/rocRoller/AssertOpKinds.hpp
0.0	-- Installing: /work/grodgers/git/tr-aomp/TheRock/build/math-libs/BLAS/rocRoller/stage/include/rocRoller/Graph
0.0	-- Installing: /work/grodgers/git/tr-aomp/TheRock/build/math-libs/BLAS/rocRoller/stage/include/rocRoller/Graph/Hypergraph.hpp
0.0	-- Installing: /work/grodgers/git/tr-aomp/TheRock/build/math-libs/BLAS/rocRoller/stage/include/rocRoller/Graph/Hypergraph_fwd.hpp
0.0	-- Installing: /work/grodgers/git/tr-aomp/TheRock/build/math-libs/BLAS/rocRoller/stage/include/rocRoller/Graph/GraphUtilities.hpp
0.0	-- Installing: /work/grodgers/git/tr-aomp/TheRock/build/math-libs/BLAS/rocRoller/stage/include/rocRoller/Graph/GraphUtilities_impl.hpp
0.0	-- Installing: /work/grodgers/git/tr-aomp/TheRock/build/math-libs/BLAS/rocRoller/stage/include/rocRoller/Graph/Hypergraph_impl.hpp
0.0	-- Installing: /work/grodgers/git/tr-aomp/TheRock/build/math-libs/BLAS/rocRoller/stage/include/rocRoller/TensorDescriptor_impl.hpp
0.0	-- Installing: /work/grodgers/git/tr-aomp/TheRock/build/math-libs/BLAS/rocRoller/stage/include/rocRoller/AssertOpKinds_fwd.hpp
0.0	-- Installing: /work/grodgers/git/tr-aomp/TheRock/build/math-libs/BLAS/rocRoller/stage/include/rocRoller/ReplaceKernelArgs.hpp
0.0	-- Installing: /work/grodgers/git/tr-aomp/TheRock/build/math-libs/BLAS/rocRoller/stage/include/rocRoller/AssemblyKernelArgument_fwd.hpp
0.0	-- Installing: /work/grodgers/git/tr-aomp/TheRock/build/math-libs/BLAS/rocRoller/stage/include/rocRoller/Context.hpp
0.0	-- Installing: /work/grodgers/git/tr-aomp/TheRock/build/math-libs/BLAS/rocRoller/stage/include/rocRoller/ExpressionTransformations.hpp
0.0	-- Installing: /work/grodgers/git/tr-aomp/TheRock/build/math-libs/BLAS/rocRoller/stage/include/rocRoller/CommandSolution_fwd.hpp
0.0	-- Installing: /work/grodgers/git/tr-aomp/TheRock/build/math-libs/BLAS/rocRoller/stage/include/rocRoller/InstructionValues
0.0	-- Installing: /work/grodgers/git/tr-aomp/TheRock/build/math-libs/BLAS/rocRoller/stage/include/rocRoller/InstructionValues/LDSAllocator_fwd.hpp
0.0	-- Installing: /work/grodgers/git/tr-aomp/TheRock/build/math-libs/BLAS/rocRoller/stage/include/rocRoller/InstructionValues/RegisterAllocator_fwd.hpp
0.0	-- Installing: /work/grodgers/git/tr-aomp/TheRock/build/math-libs/BLAS/rocRoller/stage/include/rocRoller/InstructionValues/Register_fwd.hpp
0.0	-- Installing: /work/grodgers/git/tr-aomp/TheRock/build/math-libs/BLAS/rocRoller/stage/include/rocRoller/InstructionValues/Register_impl.hpp
0.0	-- Installing: /work/grodgers/git/tr-aomp/TheRock/build/math-libs/BLAS/rocRoller/stage/include/rocRoller/InstructionValues/LDSAllocator.hpp
0.0	-- Installing: /work/grodgers/git/tr-aomp/TheRock/build/math-libs/BLAS/rocRoller/stage/include/rocRoller/InstructionValues/LabelAllocator_fwd.hpp
0.0	-- Installing: /work/grodgers/git/tr-aomp/TheRock/build/math-libs/BLAS/rocRoller/stage/include/rocRoller/InstructionValues/LabelAllocator_impl.hpp
0.0	-- Installing: /work/grodgers/git/tr-aomp/TheRock/build/math-libs/BLAS/rocRoller/stage/include/rocRoller/InstructionValues/LabelAllocator.hpp
0.0	-- Installing: /work/grodgers/git/tr-aomp/TheRock/build/math-libs/BLAS/rocRoller/stage/include/rocRoller/InstructionValues/Register.hpp
0.0	-- Installing: /work/grodgers/git/tr-aomp/TheRock/build/math-libs/BLAS/rocRoller/stage/include/rocRoller/InstructionValues/RegisterAllocator.hpp
0.0	-- Installing: /work/grodgers/git/tr-aomp/TheRock/build/math-libs/BLAS/rocRoller/stage/include/rocRoller/InstructionValues/RegisterAllocator_impl.hpp
0.0	-- Installing: /work/grodgers/git/tr-aomp/TheRock/build/math-libs/BLAS/rocRoller/stage/include/rocRoller/ExecutableKernel_impl.hpp
0.0	-- Installing: /work/grodgers/git/tr-aomp/TheRock/build/math-libs/BLAS/rocRoller/stage/include/rocRoller/GPUArchitecture
0.0	-- Installing: /work/grodgers/git/tr-aomp/TheRock/build/math-libs/BLAS/rocRoller/stage/include/rocRoller/GPUArchitecture/GPUArchitectureLibrary.hpp
0.0	-- Installing: /work/grodgers/git/tr-aomp/TheRock/build/math-libs/BLAS/rocRoller/stage/include/rocRoller/GPUArchitecture/GPUArchitectureTarget.hpp
0.0	-- Installing: /work/grodgers/git/tr-aomp/TheRock/build/math-libs/BLAS/rocRoller/stage/include/rocRoller/GPUArchitecture/GPUArchitectureLibrary_impl.hpp
0.0	-- Installing: /work/grodgers/git/tr-aomp/TheRock/build/math-libs/BLAS/rocRoller/stage/include/rocRoller/GPUArchitecture/GPUCapability_impl.hpp
0.0	-- Installing: /work/grodgers/git/tr-aomp/TheRock/build/math-libs/BLAS/rocRoller/stage/include/rocRoller/GPUArchitecture/GPUArchitectureTarget_fwd.hpp
0.0	-- Installing: /work/grodgers/git/tr-aomp/TheRock/build/math-libs/BLAS/rocRoller/stage/include/rocRoller/GPUArchitecture/GPUArchitectureTarget_impl.hpp
0.0	-- Installing: /work/grodgers/git/tr-aomp/TheRock/build/math-libs/BLAS/rocRoller/stage/include/rocRoller/GPUArchitecture/GPUInstructionInfo_impl.hpp
0.0	-- Installing: /work/grodgers/git/tr-aomp/TheRock/build/math-libs/BLAS/rocRoller/stage/include/rocRoller/GPUArchitecture/GPUArchitecture_impl.hpp
0.0	-- Installing: /work/grodgers/git/tr-aomp/TheRock/build/math-libs/BLAS/rocRoller/stage/include/rocRoller/GPUArchitecture/GPUCapability.hpp
0.0	-- Installing: /work/grodgers/git/tr-aomp/TheRock/build/math-libs/BLAS/rocRoller/stage/include/rocRoller/GPUArchitecture/GPUArchitecture.hpp
0.0	-- Installing: /work/grodgers/git/tr-aomp/TheRock/build/math-libs/BLAS/rocRoller/stage/include/rocRoller/GPUArchitecture/GPUInstructionInfo.hpp
0.0	-- Installing: /work/grodgers/git/tr-aomp/TheRock/build/math-libs/BLAS/rocRoller/stage/include/rocRoller/GPUArchitecture/GPUInstructionInfo_fwd.hpp
0.0	-- Installing: /work/grodgers/git/tr-aomp/TheRock/build/math-libs/BLAS/rocRoller/stage/include/rocRoller/GPUArchitecture/GPUArchitecture_fwd.hpp
0.0	-- Installing: /work/grodgers/git/tr-aomp/TheRock/build/math-libs/BLAS/rocRoller/stage/include/rocRoller/KernelOptions_fwd.hpp
0.0	-- Installing: /work/grodgers/git/tr-aomp/TheRock/build/math-libs/BLAS/rocRoller/stage/include/rocRoller/Expression_fwd.hpp
0.0	-- Installing: /work/grodgers/git/tr-aomp/TheRock/build/math-libs/BLAS/rocRoller/stage/include/rocRoller/Operations
0.0	-- Installing: /work/grodgers/git/tr-aomp/TheRock/build/math-libs/BLAS/rocRoller/stage/include/rocRoller/Operations/Command.hpp
0.0	-- Installing: /work/grodgers/git/tr-aomp/TheRock/build/math-libs/BLAS/rocRoller/stage/include/rocRoller/Operations/T_Execute_fwd.hpp
0.0	-- Installing: /work/grodgers/git/tr-aomp/TheRock/build/math-libs/BLAS/rocRoller/stage/include/rocRoller/Operations/T_Execute_impl.hpp
0.0	-- Installing: /work/grodgers/git/tr-aomp/TheRock/build/math-libs/BLAS/rocRoller/stage/include/rocRoller/Operations/CommandArguments_fwd.hpp
0.0	-- Installing: /work/grodgers/git/tr-aomp/TheRock/build/math-libs/BLAS/rocRoller/stage/include/rocRoller/Operations/T_Execute.hpp
0.0	-- Installing: /work/grodgers/git/tr-aomp/TheRock/build/math-libs/BLAS/rocRoller/stage/include/rocRoller/Operations/TensorScalar_fwd.hpp
0.0	-- Installing: /work/grodgers/git/tr-aomp/TheRock/build/math-libs/BLAS/rocRoller/stage/include/rocRoller/Operations/Command_impl.hpp
0.0	-- Installing: /work/grodgers/git/tr-aomp/TheRock/build/math-libs/BLAS/rocRoller/stage/include/rocRoller/Operations/OperationTag.hpp
0.0	-- Installing: /work/grodgers/git/tr-aomp/TheRock/build/math-libs/BLAS/rocRoller/stage/include/rocRoller/Operations/Operation.hpp
0.0	-- Installing: /work/grodgers/git/tr-aomp/TheRock/build/math-libs/BLAS/rocRoller/stage/include/rocRoller/Operations/CommandArgument_impl.hpp
0.0	-- Installing: /work/grodgers/git/tr-aomp/TheRock/build/math-libs/BLAS/rocRoller/stage/include/rocRoller/Operations/CommandArguments.hpp
0.0	-- Installing: /work/grodgers/git/tr-aomp/TheRock/build/math-libs/BLAS/rocRoller/stage/include/rocRoller/Operations/T_Mul_impl.hpp
0.0	-- Installing: /work/grodgers/git/tr-aomp/TheRock/build/math-libs/BLAS/rocRoller/stage/include/rocRoller/Operations/Operations.hpp
0.0	-- Installing: /work/grodgers/git/tr-aomp/TheRock/build/math-libs/BLAS/rocRoller/stage/include/rocRoller/Operations/TensorScalar.hpp
0.0	-- Installing: /work/grodgers/git/tr-aomp/TheRock/build/math-libs/BLAS/rocRoller/stage/include/rocRoller/Operations/BlockScale.hpp
0.0	-- Installing: /work/grodgers/git/tr-aomp/TheRock/build/math-libs/BLAS/rocRoller/stage/include/rocRoller/Operations/Operations_fwd.hpp
0.0	-- Installing: /work/grodgers/git/tr-aomp/TheRock/build/math-libs/BLAS/rocRoller/stage/include/rocRoller/Operations/T_LoadStore.hpp
0.0	-- Installing: /work/grodgers/git/tr-aomp/TheRock/build/math-libs/BLAS/rocRoller/stage/include/rocRoller/Operations/TensorScalar_impl.hpp
0.0	-- Installing: /work/grodgers/git/tr-aomp/TheRock/build/math-libs/BLAS/rocRoller/stage/include/rocRoller/Operations/CommandArgument.hpp
0.0	-- Installing: /work/grodgers/git/tr-aomp/TheRock/build/math-libs/BLAS/rocRoller/stage/include/rocRoller/Operations/T_Mul.hpp
0.0	-- Installing: /work/grodgers/git/tr-aomp/TheRock/build/math-libs/BLAS/rocRoller/stage/include/rocRoller/Operations/BlockScale_fwd.hpp
0.0	-- Installing: /work/grodgers/git/tr-aomp/TheRock/build/math-libs/BLAS/rocRoller/stage/include/rocRoller/Operations/CommandArgument_fwd.hpp
0.0	-- Installing: /work/grodgers/git/tr-aomp/TheRock/build/math-libs/BLAS/rocRoller/stage/include/rocRoller/Operations/Operations_impl.hpp
0.0	-- Installing: /work/grodgers/git/tr-aomp/TheRock/build/math-libs/BLAS/rocRoller/stage/include/rocRoller/Operations/CommandArguments_impl.hpp
0.0	-- Installing: /work/grodgers/git/tr-aomp/TheRock/build/math-libs/BLAS/rocRoller/stage/include/rocRoller/Operations/Command_fwd.hpp
0.0	-- Installing: /work/grodgers/git/tr-aomp/TheRock/build/math-libs/BLAS/rocRoller/stage/include/rocRoller/Operations/OperationTag_impl.hpp
0.0	-- Installing: /work/grodgers/git/tr-aomp/TheRock/build/math-libs/BLAS/rocRoller/stage/include/rocRoller/Operations/RandomNumberGenerator.hpp
0.0	-- Installing: /work/grodgers/git/tr-aomp/TheRock/build/math-libs/BLAS/rocRoller/stage/include/rocRoller/Context_fwd.hpp
0.0	-- Installing: /work/grodgers/git/tr-aomp/TheRock/build/math-libs/BLAS/rocRoller/stage/include/rocRoller/KernelArguments_impl.hpp
0.0	-- Installing: /work/grodgers/git/tr-aomp/TheRock/build/math-libs/BLAS/rocRoller/stage/include/rocRoller/ExecutableKernel.hpp
0.0	-- Installing: /work/grodgers/git/tr-aomp/TheRock/build/math-libs/BLAS/rocRoller/stage/include/rocRoller/AssemblyKernel_impl.hpp
0.0	-- Installing: /work/grodgers/git/tr-aomp/TheRock/build/math-libs/BLAS/rocRoller/stage/include/rocRoller/CommonSubexpressionElim.hpp
0.0	-- Installing: /work/grodgers/git/tr-aomp/TheRock/build/math-libs/BLAS/rocRoller/stage/include/rocRoller/KernelArguments_fwd.hpp
0.0	-- Installing: /work/grodgers/git/tr-aomp/TheRock/build/math-libs/BLAS/rocRoller/stage/include/rocRoller/Utilities
0.0	-- Installing: /work/grodgers/git/tr-aomp/TheRock/build/math-libs/BLAS/rocRoller/stage/include/rocRoller/Utilities/Concepts.hpp
0.0	-- Installing: /work/grodgers/git/tr-aomp/TheRock/build/math-libs/BLAS/rocRoller/stage/include/rocRoller/Utilities/Settings_impl.hpp
0.0	-- Installing: /work/grodgers/git/tr-aomp/TheRock/build/math-libs/BLAS/rocRoller/stage/include/rocRoller/Utilities/Utils_impl.hpp
0.0	-- Installing: /work/grodgers/git/tr-aomp/TheRock/build/math-libs/BLAS/rocRoller/stage/include/rocRoller/Utilities/Generator_impl.hpp
0.0	-- Installing: /work/grodgers/git/tr-aomp/TheRock/build/math-libs/BLAS/rocRoller/stage/include/rocRoller/Utilities/RTTI.hpp
0.0	-- Installing: /work/grodgers/git/tr-aomp/TheRock/build/math-libs/BLAS/rocRoller/stage/include/rocRoller/Utilities/Utils.hpp
0.0	-- Installing: /work/grodgers/git/tr-aomp/TheRock/build/math-libs/BLAS/rocRoller/stage/include/rocRoller/Utilities/Settings.hpp
0.0	-- Installing: /work/grodgers/git/tr-aomp/TheRock/build/math-libs/BLAS/rocRoller/stage/include/rocRoller/Utilities/Component.hpp
0.0	-- Installing: /work/grodgers/git/tr-aomp/TheRock/build/math-libs/BLAS/rocRoller/stage/include/rocRoller/Utilities/EnumBitset.hpp
0.0	-- Installing: /work/grodgers/git/tr-aomp/TheRock/build/math-libs/BLAS/rocRoller/stage/include/rocRoller/Utilities/Array.hpp
0.0	-- Installing: /work/grodgers/git/tr-aomp/TheRock/build/math-libs/BLAS/rocRoller/stage/include/rocRoller/Utilities/Version.hpp
0.0	-- Installing: /work/grodgers/git/tr-aomp/TheRock/build/math-libs/BLAS/rocRoller/stage/include/rocRoller/Utilities/Array_impl.hpp
0.0	-- Installing: /work/grodgers/git/tr-aomp/TheRock/build/math-libs/BLAS/rocRoller/stage/include/rocRoller/Utilities/Error_fwd.hpp
0.0	-- Installing: /work/grodgers/git/tr-aomp/TheRock/build/math-libs/BLAS/rocRoller/stage/include/rocRoller/Utilities/Random_impl.hpp
0.0	-- Installing: /work/grodgers/git/tr-aomp/TheRock/build/math-libs/BLAS/rocRoller/stage/include/rocRoller/Utilities/Random_fwd.hpp
0.0	-- Installing: /work/grodgers/git/tr-aomp/TheRock/build/math-libs/BLAS/rocRoller/stage/include/rocRoller/Utilities/HipUtils.hpp
0.0	-- Installing: /work/grodgers/git/tr-aomp/TheRock/build/math-libs/BLAS/rocRoller/stage/include/rocRoller/Utilities/Comparison.hpp
0.0	-- Installing: /work/grodgers/git/tr-aomp/TheRock/build/math-libs/BLAS/rocRoller/stage/include/rocRoller/Utilities/Generator.hpp
0.0	-- Installing: /work/grodgers/git/tr-aomp/TheRock/build/math-libs/BLAS/rocRoller/stage/include/rocRoller/Utilities/Random.hpp
0.0	-- Installing: /work/grodgers/git/tr-aomp/TheRock/build/math-libs/BLAS/rocRoller/stage/include/rocRoller/Utilities/Error.hpp
0.0	-- Installing: /work/grodgers/git/tr-aomp/TheRock/build/math-libs/BLAS/rocRoller/stage/include/rocRoller/Utilities/Timer.hpp
0.0	-- Installing: /work/grodgers/git/tr-aomp/TheRock/build/math-libs/BLAS/rocRoller/stage/include/rocRoller/Utilities/Component_Impl.hpp
0.0	-- Installing: /work/grodgers/git/tr-aomp/TheRock/build/math-libs/BLAS/rocRoller/stage/include/rocRoller/Utilities/Logging.hpp
0.0	-- Installing: /work/grodgers/git/tr-aomp/TheRock/build/math-libs/BLAS/rocRoller/stage/include/rocRoller/Utilities/HIPTimer.hpp
0.0	-- Installing: /work/grodgers/git/tr-aomp/TheRock/build/math-libs/BLAS/rocRoller/stage/include/rocRoller/Utilities/Settings_fwd.hpp
0.0	-- Installing: /work/grodgers/git/tr-aomp/TheRock/build/math-libs/BLAS/rocRoller/stage/include/rocRoller/Utilities/Error_impl.hpp
0.0	-- Installing: /work/grodgers/git/tr-aomp/TheRock/build/math-libs/BLAS/rocRoller/stage/include/rocRoller/Utilities/EnumBitset_impl.hpp
0.0	-- Installing: /work/grodgers/git/tr-aomp/TheRock/build/math-libs/BLAS/rocRoller/stage/include/rocRoller/Utilities/LazySingleton.hpp
0.0	-- Installing: /work/grodgers/git/tr-aomp/TheRock/build/math-libs/BLAS/rocRoller/stage/include/rocRoller/CommandSolution.hpp
0.0	-- Installing: /work/grodgers/git/tr-aomp/TheRock/build/math-libs/BLAS/rocRoller/stage/include/rocRoller/Expression_impl.hpp
0.0	-- Installing: /work/grodgers/git/tr-aomp/TheRock/build/math-libs/BLAS/rocRoller/stage/include/rocRoller/Assemblers
0.0	-- Installing: /work/grodgers/git/tr-aomp/TheRock/build/math-libs/BLAS/rocRoller/stage/include/rocRoller/Assemblers/SubprocessAssembler.hpp
0.0	-- Installing: /work/grodgers/git/tr-aomp/TheRock/build/math-libs/BLAS/rocRoller/stage/include/rocRoller/Assemblers/Assembler.hpp
0.0	-- Installing: /work/grodgers/git/tr-aomp/TheRock/build/math-libs/BLAS/rocRoller/stage/include/rocRoller/Assemblers/InProcessAssembler.hpp
0.0	-- Installing: /work/grodgers/git/tr-aomp/TheRock/build/math-libs/BLAS/rocRoller/stage/include/rocRoller/Assemblers/Assembler_fwd.hpp
0.0	-- Installing: /work/grodgers/git/tr-aomp/TheRock/build/math-libs/BLAS/rocRoller/stage/include/rocRoller/KernelOptions_detail.hpp
0.0	-- Installing: /work/grodgers/git/tr-aomp/TheRock/build/math-libs/BLAS/rocRoller/stage/include/rocRoller/CodeGen
0.0	-- Installing: /work/grodgers/git/tr-aomp/TheRock/build/math-libs/BLAS/rocRoller/stage/include/rocRoller/CodeGen/BranchGenerator.hpp
0.0	-- Installing: /work/grodgers/git/tr-aomp/TheRock/build/math-libs/BLAS/rocRoller/stage/include/rocRoller/CodeGen/Instruction.hpp
0.0	-- Installing: /work/grodgers/git/tr-aomp/TheRock/build/math-libs/BLAS/rocRoller/stage/include/rocRoller/CodeGen/Annotate_impl.hpp
0.0	-- Installing: /work/grodgers/git/tr-aomp/TheRock/build/math-libs/BLAS/rocRoller/stage/include/rocRoller/CodeGen/WaitCount_fwd.hpp
0.1	-- Installing: /work/grodgers/git/tr-aomp/TheRock/build/math-libs/BLAS/rocRoller/stage/include/rocRoller/CodeGen/LoadStoreTileGenerator.hpp
0.1	-- Installing: /work/grodgers/git/tr-aomp/TheRock/build/math-libs/BLAS/rocRoller/stage/include/rocRoller/CodeGen/Arithmetic
0.1	-- Installing: /work/grodgers/git/tr-aomp/TheRock/build/math-libs/BLAS/rocRoller/stage/include/rocRoller/CodeGen/Arithmetic/Equal.hpp
0.1	-- Installing: /work/grodgers/git/tr-aomp/TheRock/build/math-libs/BLAS/rocRoller/stage/include/rocRoller/CodeGen/Arithmetic/AddShiftL.hpp
0.1	-- Installing: /work/grodgers/git/tr-aomp/TheRock/build/math-libs/BLAS/rocRoller/stage/include/rocRoller/CodeGen/Arithmetic/GreaterThan.hpp
0.1	-- Installing: /work/grodgers/git/tr-aomp/TheRock/build/math-libs/BLAS/rocRoller/stage/include/rocRoller/CodeGen/Arithmetic/Add.hpp
0.1	-- Installing: /work/grodgers/git/tr-aomp/TheRock/build/math-libs/BLAS/rocRoller/stage/include/rocRoller/CodeGen/Arithmetic/Convert.hpp
0.1	-- Installing: /work/grodgers/git/tr-aomp/TheRock/build/math-libs/BLAS/rocRoller/stage/include/rocRoller/CodeGen/Arithmetic/BitwiseOr.hpp
0.1	-- Installing: /work/grodgers/git/tr-aomp/TheRock/build/math-libs/BLAS/rocRoller/stage/include/rocRoller/CodeGen/Arithmetic/LogicalAnd.hpp
0.1	-- Installing: /work/grodgers/git/tr-aomp/TheRock/build/math-libs/BLAS/rocRoller/stage/include/rocRoller/CodeGen/Arithmetic/MatrixMultiply_fwd.hpp
0.1	-- Installing: /work/grodgers/git/tr-aomp/TheRock/build/math-libs/BLAS/rocRoller/stage/include/rocRoller/CodeGen/Arithmetic/Conditional.hpp
0.1	-- Installing: /work/grodgers/git/tr-aomp/TheRock/build/math-libs/BLAS/rocRoller/stage/include/rocRoller/CodeGen/Arithmetic/GreaterThanEqual.hpp
0.1	-- Installing: /work/grodgers/git/tr-aomp/TheRock/build/math-libs/BLAS/rocRoller/stage/include/rocRoller/CodeGen/Arithmetic/Modulo.hpp
0.1	-- Installing: /work/grodgers/git/tr-aomp/TheRock/build/math-libs/BLAS/rocRoller/stage/include/rocRoller/CodeGen/Arithmetic/Utility.hpp
0.1	-- Installing: /work/grodgers/git/tr-aomp/TheRock/build/math-libs/BLAS/rocRoller/stage/include/rocRoller/CodeGen/Arithmetic/ArithmeticShiftR.hpp
0.1	-- Installing: /work/grodgers/git/tr-aomp/TheRock/build/math-libs/BLAS/rocRoller/stage/include/rocRoller/CodeGen/Arithmetic/LessThanEqual.hpp
0.1	-- Installing: /work/grodgers/git/tr-aomp/TheRock/build/math-libs/BLAS/rocRoller/stage/include/rocRoller/CodeGen/Arithmetic/ArithmeticGenerator.hpp
0.1	-- Installing: /work/grodgers/git/tr-aomp/TheRock/build/math-libs/BLAS/rocRoller/stage/include/rocRoller/CodeGen/Arithmetic/LogicalOr.hpp
0.1	-- Installing: /work/grodgers/git/tr-aomp/TheRock/build/math-libs/BLAS/rocRoller/stage/include/rocRoller/CodeGen/Arithmetic/ScaledMatrixMultiply.hpp
0.1	-- Installing: /work/grodgers/git/tr-aomp/TheRock/build/math-libs/BLAS/rocRoller/stage/include/rocRoller/CodeGen/Arithmetic/LogicalNot.hpp
0.1	-- Installing: /work/grodgers/git/tr-aomp/TheRock/build/math-libs/BLAS/rocRoller/stage/include/rocRoller/CodeGen/Arithmetic/BitwiseNegate.hpp
0.1	-- Installing: /work/grodgers/git/tr-aomp/TheRock/build/math-libs/BLAS/rocRoller/stage/include/rocRoller/CodeGen/Arithmetic/RandomNumber.hpp
0.1	-- Installing: /work/grodgers/git/tr-aomp/TheRock/build/math-libs/BLAS/rocRoller/stage/include/rocRoller/CodeGen/Arithmetic/BitFieldExtract.hpp
0.1	-- Installing: /work/grodgers/git/tr-aomp/TheRock/build/math-libs/BLAS/rocRoller/stage/include/rocRoller/CodeGen/Arithmetic/LessThan.hpp
0.1	-- Installing: /work/grodgers/git/tr-aomp/TheRock/build/math-libs/BLAS/rocRoller/stage/include/rocRoller/CodeGen/Arithmetic/Subtract.hpp
0.1	-- Installing: /work/grodgers/git/tr-aomp/TheRock/build/math-libs/BLAS/rocRoller/stage/include/rocRoller/CodeGen/Arithmetic/MultiplyAdd.hpp
0.1	-- Installing: /work/grodgers/git/tr-aomp/TheRock/build/math-libs/BLAS/rocRoller/stage/include/rocRoller/CodeGen/Arithmetic/ShiftL.hpp
0.1	-- Installing: /work/grodgers/git/tr-aomp/TheRock/build/math-libs/BLAS/rocRoller/stage/include/rocRoller/CodeGen/Arithmetic/Divide.hpp
0.1	-- Installing: /work/grodgers/git/tr-aomp/TheRock/build/math-libs/BLAS/rocRoller/stage/include/rocRoller/CodeGen/Arithmetic/BitwiseAnd.hpp
0.1	-- Installing: /work/grodgers/git/tr-aomp/TheRock/build/math-libs/BLAS/rocRoller/stage/include/rocRoller/CodeGen/Arithmetic/Multiply.hpp
0.1	-- Installing: /work/grodgers/git/tr-aomp/TheRock/build/math-libs/BLAS/rocRoller/stage/include/rocRoller/CodeGen/Arithmetic/ScaledMatrixMultiply_fwd.hpp
0.1	-- Installing: /work/grodgers/git/tr-aomp/TheRock/build/math-libs/BLAS/rocRoller/stage/include/rocRoller/CodeGen/Arithmetic/Exponential2.hpp
0.1	-- Installing: /work/grodgers/git/tr-aomp/TheRock/build/math-libs/BLAS/rocRoller/stage/include/rocRoller/CodeGen/Arithmetic/LogicalShiftR.hpp
0.1	-- Installing: /work/grodgers/git/tr-aomp/TheRock/build/math-libs/BLAS/rocRoller/stage/include/rocRoller/CodeGen/Arithmetic/NotEqual.hpp
0.1	-- Installing: /work/grodgers/git/tr-aomp/TheRock/build/math-libs/BLAS/rocRoller/stage/include/rocRoller/CodeGen/Arithmetic/MultiplyHigh.hpp
0.1	-- Installing: /work/grodgers/git/tr-aomp/TheRock/build/math-libs/BLAS/rocRoller/stage/include/rocRoller/CodeGen/Arithmetic/BitwiseXor.hpp
0.1	-- Installing: /work/grodgers/git/tr-aomp/TheRock/build/math-libs/BLAS/rocRoller/stage/include/rocRoller/CodeGen/Arithmetic/Negate.hpp
0.1	-- Installing: /work/grodgers/git/tr-aomp/TheRock/build/math-libs/BLAS/rocRoller/stage/include/rocRoller/CodeGen/Arithmetic/ShiftLAdd.hpp
0.1	-- Installing: /work/grodgers/git/tr-aomp/TheRock/build/math-libs/BLAS/rocRoller/stage/include/rocRoller/CodeGen/Arithmetic/MatrixMultiply.hpp
0.1	-- Installing: /work/grodgers/git/tr-aomp/TheRock/build/math-libs/BLAS/rocRoller/stage/include/rocRoller/CodeGen/CopyGenerator.hpp
0.1	-- Installing: /work/grodgers/git/tr-aomp/TheRock/build/math-libs/BLAS/rocRoller/stage/include/rocRoller/CodeGen/BranchGenerator_fwd.hpp
0.1	-- Installing: /work/grodgers/git/tr-aomp/TheRock/build/math-libs/BLAS/rocRoller/stage/include/rocRoller/CodeGen/Utils.hpp
0.1	-- Installing: /work/grodgers/git/tr-aomp/TheRock/build/math-libs/BLAS/rocRoller/stage/include/rocRoller/CodeGen/MemoryInstructions_fwd.hpp
0.1	-- Installing: /work/grodgers/git/tr-aomp/TheRock/build/math-libs/BLAS/rocRoller/stage/include/rocRoller/CodeGen/ArgumentLoader_impl.hpp
0.1	-- Installing: /work/grodgers/git/tr-aomp/TheRock/build/math-libs/BLAS/rocRoller/stage/include/rocRoller/CodeGen/Instruction_impl.hpp
0.1	-- Installing: /work/grodgers/git/tr-aomp/TheRock/build/math-libs/BLAS/rocRoller/stage/include/rocRoller/CodeGen/BufferInstructionOptions.hpp
0.1	-- Installing: /work/grodgers/git/tr-aomp/TheRock/build/math-libs/BLAS/rocRoller/stage/include/rocRoller/CodeGen/MemoryInstructions.hpp
0.1	-- Installing: /work/grodgers/git/tr-aomp/TheRock/build/math-libs/BLAS/rocRoller/stage/include/rocRoller/CodeGen/ArgumentLoader_fwd.hpp
0.1	-- Installing: /work/grodgers/git/tr-aomp/TheRock/build/math-libs/BLAS/rocRoller/stage/include/rocRoller/CodeGen/MemoryInstructions_impl.hpp
0.1	-- Installing: /work/grodgers/git/tr-aomp/TheRock/build/math-libs/BLAS/rocRoller/stage/include/rocRoller/CodeGen/Instruction_fwd.hpp
0.1	-- Installing: /work/grodgers/git/tr-aomp/TheRock/build/math-libs/BLAS/rocRoller/stage/include/rocRoller/CodeGen/AddInstruction.hpp
0.1	-- Installing: /work/grodgers/git/tr-aomp/TheRock/build/math-libs/BLAS/rocRoller/stage/include/rocRoller/CodeGen/SubInstruction.hpp
0.1	-- Installing: /work/grodgers/git/tr-aomp/TheRock/build/math-libs/BLAS/rocRoller/stage/include/rocRoller/CodeGen/BranchGenerator_impl.hpp
0.1	-- Installing: /work/grodgers/git/tr-aomp/TheRock/build/math-libs/BLAS/rocRoller/stage/include/rocRoller/CodeGen/GenerateNodes.hpp
0.1	-- Installing: /work/grodgers/git/tr-aomp/TheRock/build/math-libs/BLAS/rocRoller/stage/include/rocRoller/CodeGen/CrashKernelGenerator.hpp
0.1	-- Installing: /work/grodgers/git/tr-aomp/TheRock/build/math-libs/BLAS/rocRoller/stage/include/rocRoller/CodeGen/Buffer.hpp
0.1	-- Installing: /work/grodgers/git/tr-aomp/TheRock/build/math-libs/BLAS/rocRoller/stage/include/rocRoller/CodeGen/CopyGenerator_impl.hpp
0.1	-- Installing: /work/grodgers/git/tr-aomp/TheRock/build/math-libs/BLAS/rocRoller/stage/include/rocRoller/CodeGen/Annotate.hpp
0.1	-- Installing: /work/grodgers/git/tr-aomp/TheRock/build/math-libs/BLAS/rocRoller/stage/include/rocRoller/CodeGen/ArgumentLoader.hpp
0.1	-- Installing: /work/grodgers/git/tr-aomp/TheRock/build/math-libs/BLAS/rocRoller/stage/include/rocRoller/CodeGen/WaitCount.hpp
0.1	-- Installing: /work/grodgers/git/tr-aomp/TheRock/build/math-libs/BLAS/rocRoller/stage/include/rocRoller/CodeGen/CopyGenerator_fwd.hpp
0.1	-- Installing: /work/grodgers/git/tr-aomp/TheRock/build/math-libs/BLAS/rocRoller/stage/include/rocRoller/CodeGen/CrashKernelGenerator_fwd.hpp
0.1	-- Installing: /work/grodgers/git/tr-aomp/TheRock/build/math-libs/BLAS/rocRoller/stage/lib/librocroller.so
0.2	-- Set non-toolchain portion of runtime path of "/work/grodgers/git/tr-aomp/TheRock/build/math-libs/BLAS/rocRoller/stage/lib/librocroller.so" to "$ORIGIN/host-math/lib:$ORIGIN/rocm_sysdeps/lib:$ORIGIN/llvm/lib:$ORIGIN"
0.2	-- Installing: /work/grodgers/git/tr-aomp/TheRock/build/math-libs/BLAS/rocRoller/stage/lib/cmake/rocroller/rocroller-targets.cmake
0.2	-- Installing: /work/grodgers/git/tr-aomp/TheRock/build/math-libs/BLAS/rocRoller/stage/lib/cmake/rocroller/rocroller-targets-release.cmake
0.2	-- Installing: /work/grodgers/git/tr-aomp/TheRock/build/math-libs/BLAS/rocRoller/stage/lib/cmake/rocroller/rocroller-config.cmake
0.2	-- Installing: /work/grodgers/git/tr-aomp/TheRock/build/math-libs/BLAS/rocRoller/stage/lib/cmake/rocroller/rocroller-config-version.cmake
END	1757694225.8843594	0.1675248146057129	0
