BEGIN	1757698169.4503632
EXEC	/work1/grodgers/git/tr-aomp/TheRock/build/math-libs/BLAS/rocSOLVER/build	/usr/bin/cmake -E env --unset=ROCM_PATH --unset=ROCM_DIR --unset=HIP_PATH --unset=HIP_DIR -- /usr/bin/cmake --build /work/grodgers/git/tr-aomp/TheRock/build/math-libs/BLAS/rocSOLVER/build
0.1	[1/249] cd /work/grodgers/git/tr-aomp/TheRock/build/math-libs/BLAS/rocSOLVER/build && /usr/bin/cmake -E rm -f /work/grodgers/git/tr-aomp/TheRock/build/math-libs/BLAS/rocSOLVER/stamp/stage.stamp
5.5	[2/249] Building CXX object library/src/CMakeFiles/rocsolver.dir/auxiliary/rocauxiliary_aliases.cpp.o
5.7	[3/249] Building CXX object library/src/CMakeFiles/rocsolver.dir/common/rocsparse.cpp.o
9.4	[4/249] Building CXX object library/src/CMakeFiles/rocsolver.dir/common/buildinfo.cpp.o
10.2	[5/249] Building CXX object library/src/CMakeFiles/rocsolver.dir/common/rocsolver_handle.cpp.o
10.2	[6/249] Building CXX object library/src/CMakeFiles/rocsolver.dir/refact/rocsolver_rfinfo.cpp.o
11.2	[7/249] Building CXX object library/src/CMakeFiles/rocsolver.dir/__/__/common/src/common_host_helpers.cpp.o
13.9	[8/249] Building CXX object library/src/CMakeFiles/rocsolver.dir/common/rocsolver_logger.cpp.o
14.2	[9/249] Building CXX object library/src/CMakeFiles/rocsolver.dir/refact/rocrefact_csrrf_sumlu.cpp.o
14.3	[10/249] Building CXX object library/src/CMakeFiles/rocsolver.dir/specialized/roclapack_ger_specialized_kernels_d.cpp.o
14.4	[11/249] Building CXX object library/src/CMakeFiles/rocsolver.dir/specialized/roclapack_ger_specialized_kernels_z.cpp.o
14.5	[12/249] Building CXX object library/src/CMakeFiles/rocsolver.dir/refact/rocrefact_csrrf_refactchol.cpp.o
14.6	[13/249] Building CXX object library/src/CMakeFiles/rocsolver.dir/specialized/roclapack_ger_specialized_kernels_c.cpp.o
14.6	[14/249] Building CXX object library/src/CMakeFiles/rocsolver.dir/refact/rocrefact_csrrf_analysis.cpp.o
14.6	[15/249] Building CXX object library/src/CMakeFiles/rocsolver.dir/specialized/roclapack_ger_specialized_kernels_s.cpp.o
14.7	[16/249] Building CXX object library/src/CMakeFiles/rocsolver.dir/specialized/roclapack_potf2_specialized_kernels_d.cpp.o
14.8	[17/249] Building CXX object library/src/CMakeFiles/rocsolver.dir/auxiliary/rocauxiliary_laswp.cpp.o
14.8	[18/249] Building CXX object library/src/CMakeFiles/rocsolver.dir/auxiliary/rocauxiliary_lacgv.cpp.o
14.8	[19/249] Building CXX object library/src/CMakeFiles/rocsolver.dir/specialized/rocauxiliary_larfg_specialized_kernels_s.cpp.o
14.8	[20/249] Building CXX object library/src/CMakeFiles/rocsolver.dir/specialized/roclapack_getf2_specialized_kernels_d.cpp.o
15.1	[21/249] Building CXX object library/src/CMakeFiles/rocsolver.dir/specialized/roclapack_potf2_specialized_kernels_c.cpp.o
15.1	[22/249] Building CXX object library/src/CMakeFiles/rocsolver.dir/specialized/roclapack_potf2_specialized_kernels_z.cpp.o
15.1	[23/249] Building CXX object library/src/CMakeFiles/rocsolver.dir/refact/rocrefact_csrrf_refactlu.cpp.o
15.1	[24/249] Building CXX object library/src/CMakeFiles/rocsolver.dir/specialized/roclapack_getf2_specialized_kernels_z.cpp.o
15.2	[25/249] Building CXX object library/src/CMakeFiles/rocsolver.dir/refact/rocrefact_csrrf_solve.cpp.o
15.2	[26/249] Building CXX object library/src/CMakeFiles/rocsolver.dir/specialized/roclapack_getf2_specialized_kernels_s.cpp.o
15.5	[27/249] Building CXX object library/src/CMakeFiles/rocsolver.dir/specialized/roclapack_getf2_specialized_kernels_c.cpp.o
15.5	[28/249] Building CXX object library/src/CMakeFiles/rocsolver.dir/specialized/rocauxiliary_larfg_specialized_kernels_d.cpp.o
15.5	[29/249] Building CXX object library/src/CMakeFiles/rocsolver.dir/specialized/roclapack_potf2_specialized_kernels_s.cpp.o
15.8	[30/249] Building CXX object library/src/CMakeFiles/rocsolver.dir/lapack/roclapack_getrs.cpp.o
15.8	[31/249] Building CXX object library/src/CMakeFiles/rocsolver.dir/auxiliary/rocauxiliary_sterf.cpp.o
15.9	[32/249] Building CXX object library/src/CMakeFiles/rocsolver.dir/specialized/rocauxiliary_larfg_specialized_kernels_c.cpp.o
15.9	[33/249] Building CXX object library/src/CMakeFiles/rocsolver.dir/auxiliary/rocauxiliary_lauum.cpp.o
16.0	[34/249] Building CXX object library/src/CMakeFiles/rocsolver.dir/specialized/rocauxiliary_larfg_specialized_kernels_z.cpp.o
16.1	[35/249] Building CXX object library/src/CMakeFiles/rocsolver.dir/lapack/roclapack_potrs_batched.cpp.o
16.1	[36/249] Building CXX object library/src/CMakeFiles/rocsolver.dir/lapack/roclapack_potrs_strided_batched.cpp.o
16.1	[37/249] Building CXX object library/src/CMakeFiles/rocsolver.dir/auxiliary/rocauxiliary_orm2l_unm2l.cpp.o
16.2	[38/249] Building CXX object library/src/CMakeFiles/rocsolver.dir/lapack/roclapack_geblttrs_npvt.cpp.o
16.2	[39/249] Building CXX object library/src/CMakeFiles/rocsolver.dir/lapack/roclapack_getri_outofplace_strided_batched.cpp.o
16.3	[40/249] Building CXX object library/src/CMakeFiles/rocsolver.dir/lapack/roclapack_getri_outofplace.cpp.o
16.3	[41/249] Building CXX object library/src/CMakeFiles/rocsolver.dir/lapack/roclapack_trtri_batched.cpp.o
16.4	[42/249] Building CXX object library/src/CMakeFiles/rocsolver.dir/lapack/roclapack_geblttrs_npvt_batched.cpp.o
16.5	[43/249] Building CXX object library/src/CMakeFiles/rocsolver.dir/lapack/roclapack_sygs2_hegs2_batched.cpp.o
16.5	[44/249] Building CXX object library/src/CMakeFiles/rocsolver.dir/lapack/roclapack_potri_strided_batched.cpp.o
16.6	[45/249] Building CXX object library/src/CMakeFiles/rocsolver.dir/lapack/roclapack_potrs.cpp.o
16.6	[46/249] Building CXX object library/src/CMakeFiles/rocsolver.dir/auxiliary/rocauxiliary_larfg.cpp.o
16.7	[47/249] Building CXX object library/src/CMakeFiles/rocsolver.dir/lapack/roclapack_geblttrs_npvt_strided_batched.cpp.o
16.7	[48/249] Building CXX object library/src/CMakeFiles/rocsolver.dir/lapack/roclapack_getri_outofplace_batched.cpp.o
16.8	[49/249] Building CXX object library/src/CMakeFiles/rocsolver.dir/lapack/roclapack_trtri.cpp.o
16.8	[50/249] Building CXX object library/src/CMakeFiles/rocsolver.dir/lapack/roclapack_potri.cpp.o
16.9	[51/249] Building CXX object library/src/CMakeFiles/rocsolver.dir/auxiliary/rocauxiliary_org2r_ung2r.cpp.o
16.9	[52/249] Building CXX object library/src/CMakeFiles/rocsolver.dir/auxiliary/rocauxiliary_lasr.cpp.o
17.0	[53/249] Building CXX object library/src/CMakeFiles/rocsolver.dir/auxiliary/rocauxiliary_larfb.cpp.o
17.1	[54/249] Building CXX object library/src/CMakeFiles/rocsolver.dir/specialized/rocauxiliary_larf_specialized_kernels_d.cpp.o
17.1	[55/249] Building CXX object library/src/CMakeFiles/rocsolver.dir/lapack/roclapack_posv_strided_batched.cpp.o
17.1	[56/249] Building CXX object library/src/CMakeFiles/rocsolver.dir/lapack/roclapack_potrf_info32.cpp.o
17.3	[57/249] Building CXX object library/src/CMakeFiles/rocsolver.dir/lapack/roclapack_potf2_batched.cpp.o
17.3	[58/249] Building CXX object library/src/CMakeFiles/rocsolver.dir/lapack/roclapack_sygs2_hegs2.cpp.o
17.3	[59/249] Building CXX object library/src/CMakeFiles/rocsolver.dir/lapack/roclapack_geql2_batched.cpp.o
17.3	[60/249] Building CXX object library/src/CMakeFiles/rocsolver.dir/lapack/roclapack_potf2.cpp.o
17.4	[61/249] Building CXX object library/src/CMakeFiles/rocsolver.dir/lapack/roclapack_gesv_batched.cpp.o
17.4	[62/249] Building CXX object library/src/CMakeFiles/rocsolver.dir/lapack/roclapack_sygst_hegst_batched.cpp.o
17.4	[63/249] Building CXX object library/src/CMakeFiles/rocsolver.dir/lapack/roclapack_trtri_strided_batched.cpp.o
17.5	[64/249] Building CXX object library/src/CMakeFiles/rocsolver.dir/lapack/roclapack_getrs_batched.cpp.o
17.6	[65/249] Building CXX object library/src/CMakeFiles/rocsolver.dir/lapack/roclapack_potf2_strided_batched.cpp.o
17.6	[66/249] Building CXX object library/src/CMakeFiles/rocsolver.dir/auxiliary/rocauxiliary_org2l_ung2l.cpp.o
17.6	[67/249] Building CXX object library/src/CMakeFiles/rocsolver.dir/lapack/roclapack_geblttrs_npvt_interleaved_batched.cpp.o
17.6	[68/249] Building CXX object library/src/CMakeFiles/rocsolver.dir/lapack/roclapack_getri.cpp.o
17.6	[69/249] Building CXX object library/src/CMakeFiles/rocsolver.dir/lapack/roclapack_getri_batched.cpp.o
17.6	[70/249] Building CXX object library/src/CMakeFiles/rocsolver.dir/lapack/roclapack_getrf_info32.cpp.o
17.7	[71/249] Building CXX object library/src/CMakeFiles/rocsolver.dir/specialized/roclapack_trsm_specialized_kernels_s.cpp.o
17.7	[72/249] Building CXX object library/src/CMakeFiles/rocsolver.dir/auxiliary/rocauxiliary_labrd.cpp.o
17.7	[73/249] Building CXX object library/src/CMakeFiles/rocsolver.dir/lapack/roclapack_gerq2_batched.cpp.o
17.8	[74/249] Building CXX object library/src/CMakeFiles/rocsolver.dir/auxiliary/rocauxiliary_orml2_unml2.cpp.o
17.8	[75/249] Building CXX object library/src/CMakeFiles/rocsolver.dir/lapack/roclapack_sygs2_hegs2_strided_batched.cpp.o
17.8	[76/249] Building CXX object library/src/CMakeFiles/rocsolver.dir/lapack/roclapack_potrf_strided_batched.cpp.o
17.8	[77/249] Building CXX object library/src/CMakeFiles/rocsolver.dir/lapack/roclapack_posv_batched.cpp.o
17.8	[78/249] Building CXX object library/src/CMakeFiles/rocsolver.dir/specialized/rocauxiliary_larf_specialized_kernels_s.cpp.o
17.8	[79/249] Building CXX object library/src/CMakeFiles/rocsolver.dir/lapack/roclapack_sygst_hegst.cpp.o
17.9	[80/249] Building CXX object library/src/CMakeFiles/rocsolver.dir/lapack/roclapack_potri_batched.cpp.o
17.9	[81/249] Building CXX object library/src/CMakeFiles/rocsolver.dir/lapack/roclapack_posv.cpp.o
17.9	[82/249] Building CXX object library/src/CMakeFiles/rocsolver.dir/auxiliary/rocauxiliary_orm2r_unm2r.cpp.o
17.9	[83/249] Building CXX object library/src/CMakeFiles/rocsolver.dir/lapack/roclapack_gelq2_batched.cpp.o
17.9	[84/249] Building CXX object library/src/CMakeFiles/rocsolver.dir/auxiliary/rocauxiliary_orgl2_ungl2.cpp.o
17.9	[85/249] Building CXX object library/src/CMakeFiles/rocsolver.dir/lapack/roclapack_getf2.cpp.o
17.9	[86/249] Building CXX object library/src/CMakeFiles/rocsolver.dir/auxiliary/rocauxiliary_stein.cpp.o
17.9	[87/249] Building CXX object library/src/CMakeFiles/rocsolver.dir/lapack/roclapack_geql2_strided_batched.cpp.o
18.0	[88/249] Building CXX object library/src/CMakeFiles/rocsolver.dir/lapack/roclapack_gerq2.cpp.o
18.0	[89/249] Building CXX object library/src/CMakeFiles/rocsolver.dir/auxiliary/rocauxiliary_latrd.cpp.o
18.0	[90/249] Building CXX object library/src/CMakeFiles/rocsolver.dir/lapack/roclapack_getri_strided_batched.cpp.o
18.0	[91/249] Building CXX object library/src/CMakeFiles/rocsolver.dir/lapack/roclapack_getrs_strided_batched.cpp.o
18.1	[92/249] Building CXX object library/src/CMakeFiles/rocsolver.dir/lapack/roclapack_gesv_outofplace.cpp.o
18.1	[93/249] Building CXX object library/src/CMakeFiles/rocsolver.dir/lapack/roclapack_geblttrf_npvt_strided_batched.cpp.o
18.2	[94/249] Building CXX object library/src/CMakeFiles/rocsolver.dir/lapack/roclapack_geblttrf_npvt_batched.cpp.o
18.2	[95/249] Building CXX object library/src/CMakeFiles/rocsolver.dir/auxiliary/rocauxiliary_stebz.cpp.o
18.2	[96/249] Building CXX object library/src/CMakeFiles/rocsolver.dir/auxiliary/rocauxiliary_larf.cpp.o
18.2	[97/249] Building CXX object library/src/CMakeFiles/rocsolver.dir/lapack/roclapack_gesv_strided_batched.cpp.o
18.3	[98/249] Building CXX object library/src/CMakeFiles/rocsolver.dir/lapack/roclapack_potrf.cpp.o
18.3	[99/249] Building CXX object library/src/CMakeFiles/rocsolver.dir/lapack/roclapack_geblttrf_npvt_interleaved_batched.cpp.o
18.3	[100/249] Building CXX object library/src/CMakeFiles/rocsolver.dir/lapack/roclapack_gerq2_strided_batched.cpp.o
18.3	[101/249] Building CXX object library/src/CMakeFiles/rocsolver.dir/lapack/roclapack_gelq2.cpp.o
18.4	[102/249] Building CXX object library/src/CMakeFiles/rocsolver.dir/lapack/roclapack_geblttrf_npvt.cpp.o
18.4	[103/249] Building CXX object library/src/CMakeFiles/rocsolver.dir/specialized/rocauxiliary_larf_specialized_kernels_z.cpp.o
18.4	[104/249] Building CXX object library/src/CMakeFiles/rocsolver.dir/lapack/roclapack_gebd2.cpp.o
18.4	[105/249] Building CXX object library/src/CMakeFiles/rocsolver.dir/lapack/roclapack_gebd2_batched.cpp.o
18.5	[106/249] Building CXX object library/src/CMakeFiles/rocsolver.dir/lapack/roclapack_getf2_batched.cpp.o
18.5	[107/249] Building CXX object library/src/CMakeFiles/rocsolver.dir/lapack/roclapack_getrf_batched.cpp.o
18.5	[108/249] Building CXX object library/src/CMakeFiles/rocsolver.dir/specialized/roclapack_gemm_specialized_kernels_d.cpp.o
18.5	[109/249] Building CXX object library/src/CMakeFiles/rocsolver.dir/lapack/roclapack_gelq2_strided_batched.cpp.o
18.6	[110/249] Building CXX object library/src/CMakeFiles/rocsolver.dir/lapack/roclapack_geql2.cpp.o
18.6	[111/249] Building CXX object library/src/CMakeFiles/rocsolver.dir/lapack/roclapack_potrf_batched.cpp.o
18.6	[112/249] Building CXX object library/src/CMakeFiles/rocsolver.dir/lapack/roclapack_gesv.cpp.o
18.6	[113/249] Building CXX object library/src/CMakeFiles/rocsolver.dir/specialized/rocauxiliary_larf_specialized_kernels_c.cpp.o
18.7	[114/249] Building CXX object library/src/CMakeFiles/rocsolver.dir/lapack/roclapack_sytf2_batched.cpp.o
18.7	[115/249] Building CXX object library/src/CMakeFiles/rocsolver.dir/lapack/roclapack_getf2_strided_batched.cpp.o
18.7	[116/249] Building CXX object library/src/CMakeFiles/rocsolver.dir/specialized/roclapack_trsm_specialized_kernels_d.cpp.o
18.8	[117/249] Building CXX object library/src/CMakeFiles/rocsolver.dir/lapack/roclapack_sygst_hegst_strided_batched.cpp.o
18.8	[118/249] Building CXX object library/src/CMakeFiles/rocsolver.dir/auxiliary/rocauxiliary_larft.cpp.o
18.8	[119/249] Building CXX object library/src/CMakeFiles/rocsolver.dir/lapack/roclapack_gebd2_strided_batched.cpp.o
18.9	[120/249] Building CXX object library/src/CMakeFiles/rocsolver.dir/lapack/roclapack_gebrd.cpp.o
19.0	[121/249] Building CXX object library/src/CMakeFiles/rocsolver.dir/lapack/roclapack_sytf2.cpp.o
19.0	[122/249] Building CXX object library/src/CMakeFiles/rocsolver.dir/lapack/roclapack_gebrd_batched.cpp.o
19.1	[123/249] Building CXX object library/src/CMakeFiles/rocsolver.dir/specialized/roclapack_gemm_specialized_kernels_c.cpp.o
19.3	[124/249] Building CXX object library/src/CMakeFiles/rocsolver.dir/specialized/roclapack_gemm_specialized_kernels_z.cpp.o
19.3	[125/249] Building CXX object library/src/CMakeFiles/rocsolver.dir/auxiliary/rocauxiliary_ormtr_unmtr.cpp.o
19.4	[126/249] Building CXX object library/src/CMakeFiles/rocsolver.dir/lapack/roclapack_getrf.cpp.o
19.4	[127/249] Building CXX object library/src/CMakeFiles/rocsolver.dir/specialized/roclapack_trsm_specialized_kernels_z.cpp.o
19.5	[128/249] Building CXX object library/src/CMakeFiles/rocsolver.dir/specialized/roclapack_trsm_specialized_kernels_c.cpp.o
19.6	[129/249] Building CXX object library/src/CMakeFiles/rocsolver.dir/specialized/roclapack_gemm_specialized_kernels_s.cpp.o
19.6	[130/249] Building CXX object library/src/CMakeFiles/rocsolver.dir/lapack/roclapack_sytf2_strided_batched.cpp.o
19.7	[131/249] Building CXX object library/src/CMakeFiles/rocsolver.dir/lapack/roclapack_gebrd_strided_batched.cpp.o
19.7	[132/249] Building CXX object library/src/CMakeFiles/rocsolver.dir/lapack/roclapack_sytd2_hetd2.cpp.o
19.9	[133/249] Building CXX object library/src/CMakeFiles/rocsolver.dir/lapack/roclapack_sytd2_hetd2_strided_batched.cpp.o
20.0	[134/249] Building CXX object library/src/CMakeFiles/rocsolver.dir/lapack/roclapack_sytd2_hetd2_batched.cpp.o
20.0	[135/249] Building CXX object library/src/CMakeFiles/rocsolver.dir/lapack/roclapack_getrf_strided_batched.cpp.o
20.1	[136/249] Building CXX object library/src/CMakeFiles/rocsolver.dir/auxiliary/rocauxiliary_orgqr_ungqr.cpp.o
20.2	[137/249] Building CXX object library/src/CMakeFiles/rocsolver.dir/lapack/roclapack_geqrf_ptr_batched.cpp.o
20.2	[138/249] Building CXX object library/src/CMakeFiles/rocsolver.dir/lapack/roclapack_gerqf.cpp.o
20.2	[139/249] Building CXX object library/src/CMakeFiles/rocsolver.dir/auxiliary/rocauxiliary_orgql_ungql.cpp.o
20.3	[140/249] Building CXX object library/src/CMakeFiles/rocsolver.dir/lapack/roclapack_geqrf_batched.cpp.o
20.3	[141/249] Building CXX object library/src/CMakeFiles/rocsolver.dir/auxiliary/rocauxiliary_ormql_unmql.cpp.o
20.4	[142/249] Building CXX object library/src/CMakeFiles/rocsolver.dir/auxiliary/rocauxiliary_orglq_unglq.cpp.o
20.4	[143/249] Building CXX object library/src/CMakeFiles/rocsolver.dir/lapack/roclapack_gelqf_strided_batched.cpp.o
20.4	[144/249] Building CXX object library/src/CMakeFiles/rocsolver.dir/auxiliary/rocauxiliary_stedcj.cpp.o
20.5	[145/249] Building CXX object library/src/CMakeFiles/rocsolver.dir/auxiliary/rocauxiliary_lasyf.cpp.o
20.6	[146/249] Building CXX object library/src/CMakeFiles/rocsolver.dir/lapack/roclapack_gelqf_batched.cpp.o
20.7	[147/249] Building CXX object library/src/CMakeFiles/rocsolver.dir/auxiliary/rocauxiliary_ormqr_unmqr.cpp.o
20.7	[148/249] Building CXX object library/src/CMakeFiles/rocsolver.dir/lapack/roclapack_geqlf_strided_batched.cpp.o
20.8	[149/249] Building CXX object library/src/CMakeFiles/rocsolver.dir/auxiliary/rocauxiliary_orgbr_ungbr.cpp.o
20.9	[150/249] Building CXX object library/src/CMakeFiles/rocsolver.dir/lapack/roclapack_geqlf_batched.cpp.o
21.1	[151/249] Building CXX object library/src/CMakeFiles/rocsolver.dir/auxiliary/rocauxiliary_steqr.cpp.o
21.1	[152/249] Building CXX object library/src/CMakeFiles/rocsolver.dir/lapack/roclapack_gerqf_batched.cpp.o
21.2	[153/249] Building CXX object library/src/CMakeFiles/rocsolver.dir/auxiliary/rocauxiliary_ormlq_unmlq.cpp.o
21.2	[154/249] Building CXX object library/src/CMakeFiles/rocsolver.dir/auxiliary/rocauxiliary_bdsvdx.cpp.o
21.4	[155/249] Building CXX object library/src/CMakeFiles/rocsolver.dir/auxiliary/rocauxiliary_ormbr_unmbr.cpp.o
21.4	[156/249] Building CXX object library/src/CMakeFiles/rocsolver.dir/lapack/roclapack_gelqf.cpp.o
21.6	[157/249] Building CXX object library/src/CMakeFiles/rocsolver.dir/lapack/roclapack_sytrf_strided_batched.cpp.o
21.8	[158/249] Building CXX object library/src/CMakeFiles/rocsolver.dir/lapack/roclapack_geqlf.cpp.o
21.9	[159/249] Building CXX object library/src/CMakeFiles/rocsolver.dir/lapack/roclapack_gerqf_strided_batched.cpp.o
22.0	[160/249] Building CXX object library/src/CMakeFiles/rocsolver.dir/lapack/roclapack_geqr2_batched.cpp.o
22.2	[161/249] Building CXX object library/src/CMakeFiles/rocsolver.dir/lapack/roclapack_sytrd_hetrd.cpp.o
22.4	[162/249] Building CXX object library/src/CMakeFiles/rocsolver.dir/lapack/roclapack_geqr2.cpp.o
22.7	[163/249] Building CXX object library/src/CMakeFiles/rocsolver.dir/lapack/roclapack_geqr2_strided_batched.cpp.o
22.7	[164/249] Building CXX object library/src/CMakeFiles/rocsolver.dir/lapack/roclapack_sytrd_hetrd_batched.cpp.o
23.3	[165/249] Building CXX object library/src/CMakeFiles/rocsolver.dir/lapack/roclapack_sytrd_hetrd_strided_batched.cpp.o
23.6	[166/249] Building CXX object library/src/CMakeFiles/rocsolver.dir/auxiliary/rocauxiliary_orgtr_ungtr.cpp.o
23.7	[167/249] Building CXX object library/src/CMakeFiles/rocsolver.dir/lapack/roclapack_geqrf.cpp.o
24.7	[168/249] Building CXX object library/src/CMakeFiles/rocsolver.dir/lapack/roclapack_sytrf_batched.cpp.o
25.0	[169/249] Building CXX object library/src/CMakeFiles/rocsolver.dir/lapack/roclapack_gels_batched.cpp.o
25.1	[170/249] Building CXX object library/src/CMakeFiles/rocsolver.dir/lapack/roclapack_sytrf.cpp.o
25.3	[171/249] Building CXX object library/src/CMakeFiles/rocsolver.dir/refact/rocrefact_csrrf_splitlu.cpp.o
25.6	[172/249] Building CXX object library/src/CMakeFiles/rocsolver.dir/lapack/roclapack_gels_outofplace.cpp.o
25.6	[173/249] Building CXX object library/src/CMakeFiles/rocsolver.dir/lapack/roclapack_geqrf_strided_batched.cpp.o
25.8	[174/249] Building CXX object library/src/CMakeFiles/rocsolver.dir/lapack/roclapack_gels.cpp.o
26.1	[175/249] Building CXX object library/src/CMakeFiles/rocsolver.dir/auxiliary/rocauxiliary_stedcx.cpp.o
26.8	[176/249] Building CXX object library/src/CMakeFiles/rocsolver.dir/lapack/roclapack_syevj_heevj.cpp.o
27.2	[177/249] Building CXX object library/src/CMakeFiles/rocsolver.dir/auxiliary/rocauxiliary_bdsqr.cpp.o
32.1	[178/249] Building CXX object library/src/CMakeFiles/rocsolver.dir/lapack/roclapack_gels_strided_batched.cpp.o
33.5	[179/249] Building CXX object library/src/CMakeFiles/rocsolver.dir/lapack/roclapack_sygvj_hegvj.cpp.o
36.4	[180/249] Building CXX object library/src/CMakeFiles/rocsolver.dir/lapack/roclapack_syevj_heevj_strided_batched.cpp.o
36.7	[181/249] Building CXX object library/src/CMakeFiles/rocsolver.dir/lapack/roclapack_gesvdx.cpp.o
36.7	[182/249] Building CXX object library/src/CMakeFiles/rocsolver.dir/auxiliary/rocauxiliary_stedc.cpp.o
37.9	[183/249] Building CXX object library/src/CMakeFiles/rocsolver.dir/lapack/roclapack_syevj_heevj_batched.cpp.o
38.5	[184/249] Building CXX object library/src/CMakeFiles/rocsolver.dir/lapack/roclapack_gesvdx_notransv_strided_batched.cpp.o
39.7	[185/249] Building CXX object library/src/CMakeFiles/rocsolver.dir/lapack/roclapack_gesvdj_notransv.cpp.o
40.1	[186/249] Building CXX object library/src/CMakeFiles/rocsolver.dir/lapack/roclapack_gesvdx_strided_batched.cpp.o
40.5	[187/249] Building CXX object library/src/CMakeFiles/rocsolver.dir/lapack/roclapack_gesvdj_batched.cpp.o
41.0	[188/249] Building CXX object library/src/CMakeFiles/rocsolver.dir/lapack/roclapack_syevx_heevx.cpp.o
41.0	[189/249] Building CXX object library/src/CMakeFiles/rocsolver.dir/lapack/roclapack_gesvdj.cpp.o
41.6	[190/249] Building CXX object library/src/CMakeFiles/rocsolver.dir/lapack/roclapack_gesvdj_strided_batched.cpp.o
42.1	[191/249] Building CXX object library/src/CMakeFiles/rocsolver.dir/lapack/roclapack_sygvj_hegvj_strided_batched.cpp.o
42.2	[192/249] Building CXX object library/src/CMakeFiles/rocsolver.dir/lapack/roclapack_syev_heev.cpp.o
43.1	[193/249] Building CXX object library/src/CMakeFiles/rocsolver.dir/lapack/roclapack_gesvdj_notransv_strided_batched.cpp.o
44.0	[194/249] Building CXX object library/src/CMakeFiles/rocsolver.dir/lapack/roclapack_sygvj_hegvj_batched.cpp.o
44.0	[195/249] Building CXX object library/src/CMakeFiles/rocsolver.dir/lapack/roclapack_syev_heev_batched.cpp.o
45.6	[196/249] Building CXX object library/src/CMakeFiles/rocsolver.dir/lapack/roclapack_syevx_heevx_batched.cpp.o
45.6	[197/249] Building CXX object library/src/CMakeFiles/rocsolver.dir/lapack/roclapack_gesvdx_batched.cpp.o
45.8	[198/249] Building CXX object library/src/CMakeFiles/rocsolver.dir/lapack/roclapack_sygv_hegv.cpp.o
45.8	[199/249] Building CXX object library/src/CMakeFiles/rocsolver.dir/lapack/roclapack_sygv_hegv_batched.cpp.o
46.0	[200/249] Building CXX object library/src/CMakeFiles/rocsolver.dir/lapack/roclapack_gesvd_strided_batched.cpp.o
46.6	[201/249] Building CXX object library/src/CMakeFiles/rocsolver.dir/lapack/roclapack_sygvx_hegvx.cpp.o
46.9	[202/249] Building CXX object library/src/CMakeFiles/rocsolver.dir/lapack/roclapack_syevx_heevx_strided_batched.cpp.o
48.4	[203/249] Building CXX object library/src/CMakeFiles/rocsolver.dir/lapack/roclapack_syev_heev_strided_batched.cpp.o
48.6	[204/249] Building CXX object library/src/CMakeFiles/rocsolver.dir/lapack/roclapack_syevdj_heevdj.cpp.o
49.1	[205/249] Building CXX object library/src/CMakeFiles/rocsolver.dir/lapack/roclapack_gesvd.cpp.o
49.6	[206/249] Building CXX object library/src/CMakeFiles/rocsolver.dir/lapack/roclapack_syevd_heevd_batched.cpp.o
49.6	[207/249] Building CXX object library/src/CMakeFiles/rocsolver.dir/lapack/roclapack_sygv_hegv_strided_batched.cpp.o
50.0	[208/249] Building CXX object library/src/CMakeFiles/rocsolver.dir/lapack/roclapack_sygvx_hegvx_batched.cpp.o
50.0	[209/249] Building CXX object library/src/CMakeFiles/rocsolver.dir/lapack/roclapack_sygvx_hegvx_strided_batched.cpp.o
51.4	[210/249] Building CXX object library/src/CMakeFiles/rocsolver.dir/lapack/roclapack_syevdx_heevdx.cpp.o
51.6	[211/249] Building CXX object library/src/CMakeFiles/rocsolver.dir/lapack/roclapack_sygvd_hegvd.cpp.o
51.7	[212/249] Building CXX object library/src/CMakeFiles/rocsolver.dir/lapack/roclapack_syevdj_heevdj_strided_batched.cpp.o
52.0	[213/249] Building CXX object library/src/CMakeFiles/rocsolver.dir/lapack/roclapack_syevd_heevd_strided_batched.cpp.o
52.4	[214/249] Building CXX object library/src/CMakeFiles/rocsolver.dir/lapack/roclapack_syevdx_heevdx_strided_batched.cpp.o
52.4	[215/249] Building CXX object library/src/CMakeFiles/rocsolver.dir/lapack/roclapack_sygvdj_hegvdj_strided_batched.cpp.o
52.6	[216/249] Building CXX object library/src/CMakeFiles/rocsolver.dir/lapack/roclapack_gesdd.cpp.o
52.8	[217/249] Building CXX object library/src/CMakeFiles/rocsolver.dir/lapack/roclapack_syevd_heevd.cpp.o
53.2	[218/249] Building CXX object library/src/CMakeFiles/rocsolver.dir/lapack/roclapack_syevdx_heevdx_batched.cpp.o
53.3	[219/249] Building CXX object library/src/CMakeFiles/rocsolver.dir/lapack/roclapack_sygvd_hegvd_batched.cpp.o
54.4	[220/249] Building CXX object library/src/CMakeFiles/rocsolver.dir/lapack/roclapack_syevdx_heevdx_inplace.cpp.o
55.0	[221/249] Building CXX object library/src/CMakeFiles/rocsolver.dir/lapack/roclapack_sygvdj_hegvdj_batched.cpp.o
55.1	[222/249] Building CXX object library/src/CMakeFiles/rocsolver.dir/lapack/roclapack_syevdj_heevdj_batched.cpp.o
55.4	[223/249] Building CXX object library/src/CMakeFiles/rocsolver.dir/lapack/roclapack_sygvd_hegvd_strided_batched.cpp.o
55.7	[224/249] Building CXX object library/src/CMakeFiles/rocsolver.dir/lapack/roclapack_sygvdx_hegvdx.cpp.o
56.4	[225/249] Building CXX object library/src/CMakeFiles/rocsolver.dir/lapack/roclapack_gesdd_strided_batched.cpp.o
56.6	[226/249] Building CXX object library/src/CMakeFiles/rocsolver.dir/lapack/roclapack_sygvdx_hegvdx_batched.cpp.o
57.0	[227/249] Building CXX object library/src/CMakeFiles/rocsolver.dir/lapack/roclapack_sygvdx_hegvdx_strided_batched.cpp.o
57.1	[228/249] Building CXX object library/src/CMakeFiles/rocsolver.dir/lapack/roclapack_sygvdx_hegvdx_inplace.cpp.o
57.5	[229/249] Building CXX object library/src/CMakeFiles/rocsolver.dir/lapack/roclapack_sygvdj_hegvdj.cpp.o
58.9	[230/249] Building CXX object library/src/CMakeFiles/rocsolver.dir/lapack/roclapack_gesdd_batched.cpp.o
60.5	[231/249] Building CXX object library/src/CMakeFiles/rocsolver.dir/lapack/roclapack_gesvd_batched.cpp.o
128.0	[232/249] Building CXX object library/src/CMakeFiles/rocsolver.dir/specialized/roclapack_trtri_specialized_kernels_d.cpp.o
136.2	[233/249] Building CXX object library/src/CMakeFiles/rocsolver.dir/specialized/roclapack_trtri_specialized_kernels_c.cpp.o
149.2	[234/249] Building CXX object library/src/CMakeFiles/rocsolver.dir/specialized/roclapack_trtri_specialized_kernels_z.cpp.o
156.1	[235/249] Building CXX object library/src/CMakeFiles/rocsolver.dir/specialized/roclapack_getri_specialized_kernels_d.cpp.o
160.9	[236/249] Building CXX object library/src/CMakeFiles/rocsolver.dir/specialized/roclapack_getri_specialized_kernels_s.cpp.o
197.0	[237/249] Building CXX object library/src/CMakeFiles/rocsolver.dir/specialized/roclapack_trtri_specialized_kernels_s.cpp.o
244.7	[238/249] Building CXX object library/src/CMakeFiles/rocsolver.dir/specialized/roclapack_getri_specialized_kernels_c.cpp.o
315.5	[239/249] Building CXX object library/src/CMakeFiles/rocsolver.dir/specialized/roclapack_getf2_small_d.cpp.o
317.3	[240/249] Building CXX object library/src/CMakeFiles/rocsolver.dir/specialized/roclapack_getf2_small_db.cpp.o
323.5	[241/249] Building CXX object library/src/CMakeFiles/rocsolver.dir/specialized/roclapack_getf2_small_s.cpp.o
325.1	[242/249] Building CXX object library/src/CMakeFiles/rocsolver.dir/specialized/roclapack_getf2_small_sb.cpp.o
328.1	[243/249] Building CXX object library/src/CMakeFiles/rocsolver.dir/specialized/roclapack_getri_specialized_kernels_z.cpp.o
600.0	[244/249] Building CXX object library/src/CMakeFiles/rocsolver.dir/specialized/roclapack_getf2_small_c.cpp.o
600.5	[245/249] Building CXX object library/src/CMakeFiles/rocsolver.dir/specialized/roclapack_getf2_small_cb.cpp.o
1007.7	[246/249] Building CXX object library/src/CMakeFiles/rocsolver.dir/specialized/roclapack_getf2_small_z.cpp.o
1011.0	[247/249] Building CXX object library/src/CMakeFiles/rocsolver.dir/specialized/roclapack_getf2_small_zb.cpp.o
1011.2	[248/249] Linking CXX shared library library/src/librocsolver.so.0.7
1011.2	[249/249] Creating library symlink library/src/librocsolver.so.0 library/src/librocsolver.so
END	1757699180.682747	1011.2323837280273	0
