BEGIN	1757693408.6979415
EXEC	/work1/grodgers/git/tr-aomp/TheRock/build/third-party/fmt/build	/usr/bin/cmake --install /work/grodgers/git/tr-aomp/TheRock/build/third-party/fmt/build
0.0	-- Install configuration: "Release"
0.0	-- Installing: /work/grodgers/git/tr-aomp/TheRock/build/third-party/fmt/stage/lib/libfmt.a
0.0	-- Installing: /work/grodgers/git/tr-aomp/TheRock/build/third-party/fmt/stage/include/fmt/args.h
0.0	-- Installing: /work/grodgers/git/tr-aomp/TheRock/build/third-party/fmt/stage/include/fmt/base.h
0.0	-- Installing: /work/grodgers/git/tr-aomp/TheRock/build/third-party/fmt/stage/include/fmt/chrono.h
0.0	-- Installing: /work/grodgers/git/tr-aomp/TheRock/build/third-party/fmt/stage/include/fmt/color.h
0.0	-- Installing: /work/grodgers/git/tr-aomp/TheRock/build/third-party/fmt/stage/include/fmt/compile.h
0.0	-- Installing: /work/grodgers/git/tr-aomp/TheRock/build/third-party/fmt/stage/include/fmt/core.h
0.0	-- Installing: /work/grodgers/git/tr-aomp/TheRock/build/third-party/fmt/stage/include/fmt/format.h
0.0	-- Installing: /work/grodgers/git/tr-aomp/TheRock/build/third-party/fmt/stage/include/fmt/format-inl.h
0.0	-- Installing: /work/grodgers/git/tr-aomp/TheRock/build/third-party/fmt/stage/include/fmt/os.h
0.0	-- Installing: /work/grodgers/git/tr-aomp/TheRock/build/third-party/fmt/stage/include/fmt/ostream.h
0.0	-- Installing: /work/grodgers/git/tr-aomp/TheRock/build/third-party/fmt/stage/include/fmt/printf.h
0.0	-- Installing: /work/grodgers/git/tr-aomp/TheRock/build/third-party/fmt/stage/include/fmt/ranges.h
0.0	-- Installing: /work/grodgers/git/tr-aomp/TheRock/build/third-party/fmt/stage/include/fmt/std.h
0.0	-- Installing: /work/grodgers/git/tr-aomp/TheRock/build/third-party/fmt/stage/include/fmt/xchar.h
0.0	-- Installing: /work/grodgers/git/tr-aomp/TheRock/build/third-party/fmt/stage/lib/cmake/fmt/fmt-config.cmake
0.0	-- Installing: /work/grodgers/git/tr-aomp/TheRock/build/third-party/fmt/stage/lib/cmake/fmt/fmt-config-version.cmake
0.0	-- Installing: /work/grodgers/git/tr-aomp/TheRock/build/third-party/fmt/stage/lib/cmake/fmt/fmt-targets.cmake
0.0	-- Installing: /work/grodgers/git/tr-aomp/TheRock/build/third-party/fmt/stage/lib/cmake/fmt/fmt-targets-release.cmake
0.0	-- Installing: /work/grodgers/git/tr-aomp/TheRock/build/third-party/fmt/stage/lib/pkgconfig/fmt.pc
END	1757693408.7158263	0.01788473129272461	0
