BEGIN	1757693405.9877372
EXEC	/work1/grodgers/git/tr-aomp/TheRock/build/third-party/eigen/build	/usr/bin/cmake -E env --unset=ROCM_PATH --unset=ROCM_DIR --unset=HIP_PATH --unset=HIP_DIR -- /usr/bin/cmake -GNinja -B/work/grodgers/git/tr-aomp/TheRock/build/third-party/eigen/build -S/work/grodgers/git/tr-aomp/TheRock/build/third-party/eigen/source -DCMAKE_BUILD_TYPE=Release -DCMAKE_INSTALL_PREFIX=/work/grodgers/git/tr-aomp/TheRock/build/third-party/eigen/stage -DTHEROCK_STAGE_INSTALL_ROOT=/work/grodgers/git/tr-aomp/TheRock/build/third-party/eigen/stage -DCMAKE_TOOLCHAIN_FILE=/work/grodgers/git/tr-aomp/TheRock/build/third-party/eigen/_toolchain.cmake -DCMAKE_PROJECT_TOP_LEVEL_INCLUDES=/work/grodgers/git/tr-aomp/TheRock/build/third-party/eigen/_init.cmake
0.1	-- The C compiler identification is GNU 13.3.0
0.1	-- The CXX compiler identification is GNU 13.3.0
0.1	-- Detecting C compiler ABI info
0.2	-- Detecting C compiler ABI info - done
0.2	-- Check for working C compiler: /usr/bin/cc - skipped
0.2	-- Detecting C compile features
0.2	-- Detecting C compile features - done
0.3	-- Detecting CXX compiler ABI info
0.3	-- Detecting CXX compiler ABI info - done
0.3	-- Check for working CXX compiler: /usr/bin/c++ - skipped
0.3	-- Detecting CXX compile features
0.3	-- Detecting CXX compile features - done
0.4	-- Performing Test EIGEN_COMPILER_SUPPORT_CPP11
0.4	-- Performing Test EIGEN_COMPILER_SUPPORT_CPP11 - Success
0.4	-- Performing Test COMPILER_SUPPORT_std=cpp03
0.5	-- Performing Test COMPILER_SUPPORT_std=cpp03 - Success
0.5	-- Performing Test standard_math_library_linked_to_automatically
0.6	-- Performing Test standard_math_library_linked_to_automatically - Success
0.6	-- Standard libraries to link to explicitly: none
0.6	-- Performing Test COMPILER_SUPPORT_WERROR
0.7	-- Performing Test COMPILER_SUPPORT_WERROR - Success
0.7	-- Performing Test COMPILER_SUPPORT_pedantic
0.7	-- Performing Test COMPILER_SUPPORT_pedantic - Success
0.7	-- Performing Test COMPILER_SUPPORT_Wall
0.8	-- Performing Test COMPILER_SUPPORT_Wall - Success
0.8	-- Performing Test COMPILER_SUPPORT_Wextra
0.9	-- Performing Test COMPILER_SUPPORT_Wextra - Success
0.9	-- Performing Test COMPILER_SUPPORT_Wundef
0.9	-- Performing Test COMPILER_SUPPORT_Wundef - Success
0.9	-- Performing Test COMPILER_SUPPORT_Wcastalign
1.0	-- Performing Test COMPILER_SUPPORT_Wcastalign - Success
1.0	-- Performing Test COMPILER_SUPPORT_Wcharsubscripts
1.1	-- Performing Test COMPILER_SUPPORT_Wcharsubscripts - Success
1.1	-- Performing Test COMPILER_SUPPORT_Wnonvirtualdtor
1.2	-- Performing Test COMPILER_SUPPORT_Wnonvirtualdtor - Success
1.2	-- Performing Test COMPILER_SUPPORT_Wunusedlocaltypedefs
1.2	-- Performing Test COMPILER_SUPPORT_Wunusedlocaltypedefs - Success
1.2	-- Performing Test COMPILER_SUPPORT_Wpointerarith
1.3	-- Performing Test COMPILER_SUPPORT_Wpointerarith - Success
1.3	-- Performing Test COMPILER_SUPPORT_Wwritestrings
1.4	-- Performing Test COMPILER_SUPPORT_Wwritestrings - Success
1.4	-- Performing Test COMPILER_SUPPORT_Wformatsecurity
1.5	-- Performing Test COMPILER_SUPPORT_Wformatsecurity - Success
1.5	-- Performing Test COMPILER_SUPPORT_Wshorten64to32
1.5	-- Performing Test COMPILER_SUPPORT_Wshorten64to32 - Failed
1.5	-- Performing Test COMPILER_SUPPORT_Wlogicalop
1.5	-- Performing Test COMPILER_SUPPORT_Wlogicalop - Success
1.6	-- Performing Test COMPILER_SUPPORT_Wenumconversion
1.6	-- Performing Test COMPILER_SUPPORT_Wenumconversion - Success
1.6	-- Performing Test COMPILER_SUPPORT_Wcpp11extensions
1.7	-- Performing Test COMPILER_SUPPORT_Wcpp11extensions - Success
1.7	-- Performing Test COMPILER_SUPPORT_Wdoublepromotion
1.7	-- Performing Test COMPILER_SUPPORT_Wdoublepromotion - Success
1.7	-- Performing Test COMPILER_SUPPORT_Wshadow
1.8	-- Performing Test COMPILER_SUPPORT_Wshadow - Success
1.8	-- Performing Test COMPILER_SUPPORT_Wnopsabi
1.9	-- Performing Test COMPILER_SUPPORT_Wnopsabi - Success
1.9	-- Performing Test COMPILER_SUPPORT_Wnovariadicmacros
2.0	-- Performing Test COMPILER_SUPPORT_Wnovariadicmacros - Success
2.0	-- Performing Test COMPILER_SUPPORT_Wnolonglong
2.0	-- Performing Test COMPILER_SUPPORT_Wnolonglong - Success
2.0	-- Performing Test COMPILER_SUPPORT_fnochecknew
2.1	-- Performing Test COMPILER_SUPPORT_fnochecknew - Success
2.1	-- Performing Test COMPILER_SUPPORT_fnocommon
2.1	-- Performing Test COMPILER_SUPPORT_fnocommon - Success
2.1	-- Performing Test COMPILER_SUPPORT_fstrictaliasing
2.2	-- Performing Test COMPILER_SUPPORT_fstrictaliasing - Success
2.2	-- Performing Test COMPILER_SUPPORT_wd981
2.2	-- Performing Test COMPILER_SUPPORT_wd981 - Failed
2.2	-- Performing Test COMPILER_SUPPORT_wd2304
2.3	-- Performing Test COMPILER_SUPPORT_wd2304 - Failed
2.3	-- Performing Test COMPILER_SUPPORT_STRICTANSI
2.3	-- Performing Test COMPILER_SUPPORT_STRICTANSI - Failed
2.3	-- Performing Test COMPILER_SUPPORT_Qunusedarguments
2.4	-- Performing Test COMPILER_SUPPORT_Qunusedarguments - Failed
2.4	-- Performing Test COMPILER_SUPPORT_ansi
2.4	-- Performing Test COMPILER_SUPPORT_ansi - Success
2.4	-- Performing Test COMPILER_SUPPORT_OPENMP
2.5	-- Performing Test COMPILER_SUPPORT_OPENMP - Success
2.5	-- Found unsuitable Qt version "" from NOTFOUND
3.0	-- Looking for a Fortran compiler
3.2	-- Looking for a Fortran compiler - /usr/bin/f95
3.3	-- The Fortran compiler identification is GNU 13.3.0
3.3	-- Detecting Fortran compiler ABI info
3.5	-- Detecting Fortran compiler ABI info - done
3.5	-- Check for working Fortran compiler: /usr/bin/f95 - skipped
3.5	-- Could NOT find CHOLMOD (missing: CHOLMOD_INCLUDES CHOLMOD_LIBRARIES) 
3.5	-- Could NOT find UMFPACK (missing: UMFPACK_INCLUDES UMFPACK_LIBRARIES) 
3.5	-- Could NOT find KLU (missing: KLU_INCLUDES KLU_LIBRARIES) 
3.5	-- Could NOT find SuperLU (missing: SUPERLU_INCLUDES SUPERLU_LIBRARIES SUPERLU_VERSION_OK) (Required is at least version "4.0")
3.6	-- Checking for one of the modules 'hwloc'
3.7	-- Performing Test HAVE_HWLOC_PARENT_MEMBER
3.8	-- Performing Test HAVE_HWLOC_PARENT_MEMBER - Success
3.8	-- Performing Test HAVE_HWLOC_CACHE_ATTR
3.9	-- Performing Test HAVE_HWLOC_CACHE_ATTR - Success
3.9	-- Performing Test HAVE_HWLOC_OBJ_PU
3.9	-- Performing Test HAVE_HWLOC_OBJ_PU - Success
3.9	-- Looking for hwloc_bitmap_free in hwloc
4.0	-- Looking for hwloc_bitmap_free in hwloc - found
4.0	-- Looking for Fortran sgemm
4.2	-- Looking for Fortran sgemm - found
4.2	-- Performing Test SCOTCH_Num_4
4.2	-- Performing Test SCOTCH_Num_4 - Failed
4.2	-- Performing Test SCOTCH_Num_8
4.2	-- Performing Test SCOTCH_Num_8 - Failed
4.2	-- A version of Pastix has been found but pastix_nompi.h does not exist in the include directory. Because Eigen tests require a version without MPI, we disable the Pastix backend.
4.2	-- Could NOT find SPQR (missing: SPQR_INCLUDES SPQR_LIBRARIES) 
4.3	-- Found unsuitable Qt version "" from NOTFOUND
4.4	-- Performing Test COMPILER_SUPPORT_FASTMATH
4.5	-- Performing Test COMPILER_SUPPORT_FASTMATH - Success
4.5	-- Found Boost: /usr/lib/x86_64-linux-gnu/cmake/Boost-1.83.0/BoostConfig.cmake (found suitable version "1.83.0", minimum required is "1.53.0")  
4.5	-- Found Threads: TRUE  
4.5	-- Could NOT find GoogleHash (missing: GOOGLEHASH_INCLUDES GOOGLEHASH_COMPILE) 
4.5	-- Could NOT find Adolc (missing: ADOLC_INCLUDES ADOLC_LIBRARIES) 
4.5	-- Found MPFR: /usr/include (Required is at least version "1.0.0") 
4.5	-- Found GMP: /usr/include/x86_64-linux-gnu  
4.5	-- Could NOT find MPREAL (missing: MPREAL_INCLUDES MPREAL_VERSION_OK MPREAL_WORKS) (Required is at least version "1.0.0")
4.6	-- Found PkgConfig: /usr/bin/pkg-config (found version "1.8.1") 
4.6	-- Found FFTW: /usr/include  
4.6	CMake Warning (dev) at unsupported/test/CMakeLists.txt:293 (find_package):
4.6	  Policy CMP0146 is not set: The FindCUDA module is removed.  Run "cmake
4.6	  --help-policy CMP0146" for policy details.  Use the cmake_policy command to
4.6	  set the policy and suppress this warning.
4.6	
4.6	This warning is for project developers.  Use -Wno-dev to suppress it.
4.6	
4.7	-- Found CUDA: /usr/local/cuda (found suitable version "12.4", minimum required is "7.0") 
4.7	-- Found unsuitable Qt version "" from NOTFOUND
4.7	-- Qt4 not found, so disabling the mandelbrot and opengl demos
4.7	-- Could NOT find CHOLMOD (missing: CHOLMOD_INCLUDES CHOLMOD_LIBRARIES) 
4.7	-- Could NOT find UMFPACK (missing: UMFPACK_INCLUDES UMFPACK_LIBRARIES) 
4.7	-- Could NOT find KLU (missing: KLU_INCLUDES KLU_LIBRARIES) 
4.7	-- Could NOT find SuperLU (missing: SUPERLU_INCLUDES SUPERLU_LIBRARIES SUPERLU_VERSION_OK) (Required is at least version "4.0")
4.7	-- A version of Pastix has been found but pastix_nompi.h does not exist in the include directory. Because Eigen tests require a version without MPI, we disable the Pastix backend.
4.7	-- ************************************************************
4.7	-- ***    Eigen's unit tests configuration summary          ***
4.7	-- ************************************************************
4.7	-- 
4.7	-- Build type:        Release
4.7	-- Build site:        r17
4.7	-- Build string:      linux-6.8.0-57-generic-_-13.3.0-sse2-64bit
4.7	-- Enabled backends:  Boost.Multiprecision,  fftw, 
4.7	-- Disabled backends: CHOLMOD,  UMFPACK,  KLU,  SuperLU,  PaStiX,  METIS,  SPQR,  Qt4 support,  GoogleHash,  Adolc,  MPFR C++,  OpenGL, 
4.7	-- Default order:     Column-major
4.7	-- Maximal matrix/vector size: 320
4.7	-- SSE2:              Using architecture defaults
4.7	-- SSE3:              Using architecture defaults
4.7	-- SSSE3:             Using architecture defaults
4.7	-- SSE4.1:            Using architecture defaults
4.7	-- SSE4.2:            Using architecture defaults
4.7	-- AVX:               Using architecture defaults
4.7	-- AVX2:              Using architecture defaults
4.7	-- FMA:               Using architecture defaults
4.7	-- AVX512:            Using architecture defaults
4.7	-- AVX512DQ:          Using architecture defaults
4.7	-- Altivec:           Using architecture defaults
4.7	-- VSX:               Using architecture defaults
4.7	-- MIPS MSA:          Using architecture defaults
4.7	-- ARM NEON:          Using architecture defaults
4.7	-- ARMv8 NEON:        Using architecture defaults
4.7	-- S390X ZVECTOR:     Using architecture defaults
4.7	-- C++11:             OFF
4.7	-- SYCL:              OFF
4.7	-- CUDA:              OFF
4.7	-- HIP:               OFF
4.7	-- 
4.7	CXX:               /usr/bin/c++
4.7	 CXX_VERSION:       c++ (Ubuntu 13.3.0-6ubuntu2~24.04) 13.3.0
4.7	 CXX_FLAGS:          -std=c++03 -pedantic -Wall -Wextra -Wundef -Wcast-align -Wchar-subscripts -Wnon-virtual-dtor -Wunused-local-typedefs -Wpointer-arith -Wwrite-strings -Wformat-security -Wlogical-op -Wenum-conversion -Wc++11-extensions -Wdouble-promotion -Wshadow -Wno-psabi -Wno-variadic-macros -Wno-long-long -fno-check-new -fno-common -fstrict-aliasing -ansi
4.7	 Sparse lib flags:   
4.7	
4.7	-- ************************************************************
4.7	-- 
4.7	-- Configured Eigen 3.4.0
4.7	-- 
4.7	-- Available targets (use: cmake --build . --target TARGET):
4.7	-- ---------+--------------------------------------------------------------
4.7	-- Target   |   Description
4.7	-- ---------+--------------------------------------------------------------
4.7	-- install  | Install Eigen. Headers will be installed to:
4.7	--          |     <CMAKE_INSTALL_PREFIX>/<INCLUDE_INSTALL_DIR>
4.7	--          |   Using the following values:
4.7	--          |     CMAKE_INSTALL_PREFIX: /work/grodgers/git/tr-aomp/TheRock/build/third-party/eigen/stage
4.7	--          |     INCLUDE_INSTALL_DIR:  include/eigen3
4.7	--          |   Change the install location of Eigen headers using:
4.7	--          |     cmake . -DCMAKE_INSTALL_PREFIX=yourprefix
4.7	--          |   Or:
4.7	--          |     cmake . -DINCLUDE_INSTALL_DIR=yourdir
4.7	-- doc      | Generate the API documentation, requires Doxygen & LaTeX
4.7	-- check    | Build and run the unit-tests. Read this page:
4.7	--          |   http://eigen.tuxfamily.org/index.php?title=Tests
4.7	-- blas     | Build BLAS library (not the same thing as Eigen)
4.7	-- uninstall| Remove files installed by the install target
4.7	-- ---------+--------------------------------------------------------------
4.7	-- 
4.7	-- Set RPATH  on CustomizingEigen_Inheritance
4.7	-- Set RPATH  on Cwise_erf
4.7	-- Set RPATH  on Cwise_erfc
4.7	-- Set RPATH  on Cwise_lgamma
4.7	-- Set RPATH  on DenseBase_middleCols_int
4.7	-- Set RPATH  on DenseBase_middleRows_int
4.7	-- Set RPATH  on DenseBase_template_int_middleCols
4.7	-- Set RPATH  on DenseBase_template_int_middleRows
4.7	-- Set RPATH  on QuickStart_example
4.7	-- Set RPATH  on QuickStart_example2_dynamic
4.7	-- Set RPATH  on QuickStart_example2_fixed
4.7	-- Set RPATH  on TemplateKeyword_flexible
4.7	-- Set RPATH  on TemplateKeyword_simple
4.7	-- Set RPATH  on TutorialInplaceLU
4.7	-- Set RPATH  on TutorialLinAlgComputeTwice
4.7	-- Set RPATH  on TutorialLinAlgExComputeSolveError
4.7	-- Set RPATH  on TutorialLinAlgExSolveColPivHouseholderQR
4.7	-- Set RPATH  on TutorialLinAlgExSolveLDLT
4.7	-- Set RPATH  on TutorialLinAlgInverseDeterminant
4.7	-- Set RPATH  on TutorialLinAlgRankRevealing
4.7	-- Set RPATH  on TutorialLinAlgSVDSolve
4.7	-- Set RPATH  on TutorialLinAlgSelfAdjointEigenSolver
4.7	-- Set RPATH  on TutorialLinAlgSetThreshold
4.7	-- Set RPATH  on Tutorial_ArrayClass_accessors
4.7	-- Set RPATH  on Tutorial_ArrayClass_addition
4.7	-- Set RPATH  on Tutorial_ArrayClass_cwise_other
4.7	-- Set RPATH  on Tutorial_ArrayClass_interop
4.7	-- Set RPATH  on Tutorial_ArrayClass_interop_matrix
4.7	-- Set RPATH  on Tutorial_ArrayClass_mult
4.7	-- Set RPATH  on Tutorial_BlockOperations_block_assignment
4.7	-- Set RPATH  on Tutorial_BlockOperations_colrow
4.7	-- Set RPATH  on Tutorial_BlockOperations_corner
4.7	-- Set RPATH  on Tutorial_BlockOperations_print_block
4.7	-- Set RPATH  on Tutorial_BlockOperations_vector
4.7	-- Set RPATH  on Tutorial_PartialLU_solve
4.7	-- Set RPATH  on Tutorial_ReductionsVisitorsBroadcasting_broadcast_1nn
4.7	-- Set RPATH  on Tutorial_ReductionsVisitorsBroadcasting_broadcast_simple
4.7	-- Set RPATH  on Tutorial_ReductionsVisitorsBroadcasting_broadcast_simple_rowwise
4.7	-- Set RPATH  on Tutorial_ReductionsVisitorsBroadcasting_colwise
4.7	-- Set RPATH  on Tutorial_ReductionsVisitorsBroadcasting_maxnorm
4.7	-- Set RPATH  on Tutorial_ReductionsVisitorsBroadcasting_reductions_bool
4.7	-- Set RPATH  on Tutorial_ReductionsVisitorsBroadcasting_reductions_norm
4.7	-- Set RPATH  on Tutorial_ReductionsVisitorsBroadcasting_reductions_operatornorm
4.7	-- Set RPATH  on Tutorial_ReductionsVisitorsBroadcasting_rowwise
4.7	-- Set RPATH  on Tutorial_ReductionsVisitorsBroadcasting_visitors
4.7	-- Set RPATH  on Tutorial_simple_example_dynamic_size
4.7	-- Set RPATH  on Tutorial_simple_example_fixed_size
4.7	-- Set RPATH  on class_Block
4.7	-- Set RPATH  on class_CwiseBinaryOp
4.7	-- Set RPATH  on class_CwiseUnaryOp
4.7	-- Set RPATH  on class_CwiseUnaryOp_ptrfun
4.7	-- Set RPATH  on class_FixedBlock
4.7	-- Set RPATH  on class_FixedReshaped
4.7	-- Set RPATH  on class_FixedVectorBlock
4.7	-- Set RPATH  on class_Reshaped
4.7	-- Set RPATH  on class_VectorBlock
4.7	-- Set RPATH  on function_taking_eigenbase
4.7	-- Set RPATH  on function_taking_ref
4.7	-- Set RPATH  on make_circulant
4.7	-- Set RPATH  on make_circulant2
4.7	-- Set RPATH  on matrixfree_cg
4.7	-- Set RPATH  on nullary_indexing
4.7	-- Set RPATH  on tut_arithmetic_add_sub
4.7	-- Set RPATH  on tut_arithmetic_dot_cross
4.7	-- Set RPATH  on tut_arithmetic_matrix_mul
4.7	-- Set RPATH  on tut_arithmetic_redux_basic
4.7	-- Set RPATH  on tut_arithmetic_scalar_mul_div
4.7	-- Set RPATH  on tut_matrix_coefficient_accessors
4.7	-- Set RPATH  on tut_matrix_resize
4.7	-- Set RPATH  on tut_matrix_resize_fixed_size
4.7	-- Set RPATH  on random_cpp11
4.7	-- Set RPATH  on compile_AngleAxis_mimic_euler
4.7	-- Set RPATH  on compile_Array_initializer_list_23_cxx11
4.7	-- Set RPATH  on compile_Array_initializer_list_vector_cxx11
4.7	-- Set RPATH  on compile_Array_variadic_ctor_cxx11
4.7	-- Set RPATH  on compile_BiCGSTAB_simple
4.7	-- Set RPATH  on compile_BiCGSTAB_step_by_step
4.7	-- Set RPATH  on compile_ColPivHouseholderQR_solve
4.7	-- Set RPATH  on compile_ComplexEigenSolver_compute
4.7	-- Set RPATH  on compile_ComplexEigenSolver_eigenvalues
4.7	-- Set RPATH  on compile_ComplexEigenSolver_eigenvectors
4.7	-- Set RPATH  on compile_ComplexSchur_compute
4.7	-- Set RPATH  on compile_ComplexSchur_matrixT
4.7	-- Set RPATH  on compile_ComplexSchur_matrixU
4.7	-- Set RPATH  on compile_Cwise_abs
4.7	-- Set RPATH  on compile_Cwise_abs2
4.7	-- Set RPATH  on compile_Cwise_acos
4.7	-- Set RPATH  on compile_Cwise_arg
4.7	-- Set RPATH  on compile_Cwise_array_power_array
4.7	-- Set RPATH  on compile_Cwise_asin
4.7	-- Set RPATH  on compile_Cwise_atan
4.7	-- Set RPATH  on compile_Cwise_boolean_and
4.7	-- Set RPATH  on compile_Cwise_boolean_not
4.7	-- Set RPATH  on compile_Cwise_boolean_or
4.7	-- Set RPATH  on compile_Cwise_boolean_xor
4.7	-- Set RPATH  on compile_Cwise_ceil
4.7	-- Set RPATH  on compile_Cwise_cos
4.7	-- Set RPATH  on compile_Cwise_cosh
4.7	-- Set RPATH  on compile_Cwise_cube
4.7	-- Set RPATH  on compile_Cwise_equal_equal
4.7	-- Set RPATH  on compile_Cwise_exp
4.7	-- Set RPATH  on compile_Cwise_floor
4.7	-- Set RPATH  on compile_Cwise_greater
4.7	-- Set RPATH  on compile_Cwise_greater_equal
4.7	-- Set RPATH  on compile_Cwise_inverse
4.7	-- Set RPATH  on compile_Cwise_isFinite
4.7	-- Set RPATH  on compile_Cwise_isInf
4.7	-- Set RPATH  on compile_Cwise_isNaN
4.7	-- Set RPATH  on compile_Cwise_less
4.7	-- Set RPATH  on compile_Cwise_less_equal
4.7	-- Set RPATH  on compile_Cwise_log
4.7	-- Set RPATH  on compile_Cwise_log10
4.7	-- Set RPATH  on compile_Cwise_max
4.7	-- Set RPATH  on compile_Cwise_min
4.7	-- Set RPATH  on compile_Cwise_minus
4.7	-- Set RPATH  on compile_Cwise_minus_equal
4.7	-- Set RPATH  on compile_Cwise_not_equal
4.7	-- Set RPATH  on compile_Cwise_plus
4.7	-- Set RPATH  on compile_Cwise_plus_equal
4.7	-- Set RPATH  on compile_Cwise_pow
4.7	-- Set RPATH  on compile_Cwise_product
4.7	-- Set RPATH  on compile_Cwise_quotient
4.7	-- Set RPATH  on compile_Cwise_rint
4.7	-- Set RPATH  on compile_Cwise_round
4.7	-- Set RPATH  on compile_Cwise_scalar_power_array
4.7	-- Set RPATH  on compile_Cwise_sign
4.7	-- Set RPATH  on compile_Cwise_sin
4.7	-- Set RPATH  on compile_Cwise_sinh
4.7	-- Set RPATH  on compile_Cwise_slash_equal
4.7	-- Set RPATH  on compile_Cwise_sqrt
4.7	-- Set RPATH  on compile_Cwise_square
4.7	-- Set RPATH  on compile_Cwise_tan
4.7	-- Set RPATH  on compile_Cwise_tanh
4.7	-- Set RPATH  on compile_Cwise_times_equal
4.7	-- Set RPATH  on compile_DenseBase_LinSpaced
4.7	-- Set RPATH  on compile_DenseBase_LinSpacedInt
4.7	-- Set RPATH  on compile_DenseBase_LinSpaced_seq_deprecated
4.7	-- Set RPATH  on compile_DenseBase_setLinSpaced
4.7	-- Set RPATH  on compile_DirectionWise_hnormalized
4.7	-- Set RPATH  on compile_DirectionWise_replicate
4.7	-- Set RPATH  on compile_DirectionWise_replicate_int
4.7	-- Set RPATH  on compile_EigenSolver_EigenSolver_MatrixType
4.7	-- Set RPATH  on compile_EigenSolver_compute
4.7	-- Set RPATH  on compile_EigenSolver_eigenvalues
4.7	-- Set RPATH  on compile_EigenSolver_eigenvectors
4.7	-- Set RPATH  on compile_EigenSolver_pseudoEigenvectors
4.7	-- Set RPATH  on compile_FullPivHouseholderQR_solve
4.7	-- Set RPATH  on compile_FullPivLU_image
4.7	-- Set RPATH  on compile_FullPivLU_kernel
4.7	-- Set RPATH  on compile_FullPivLU_solve
4.7	-- Set RPATH  on compile_GeneralizedEigenSolver
4.7	-- Set RPATH  on compile_HessenbergDecomposition_compute
4.7	-- Set RPATH  on compile_HessenbergDecomposition_matrixH
4.7	-- Set RPATH  on compile_HessenbergDecomposition_packedMatrix
4.7	-- Set RPATH  on compile_HouseholderQR_householderQ
4.7	-- Set RPATH  on compile_HouseholderQR_solve
4.7	-- Set RPATH  on compile_HouseholderSequence_HouseholderSequence
4.7	-- Set RPATH  on compile_IOFormat
4.7	-- Set RPATH  on compile_JacobiSVD_basic
4.7	-- Set RPATH  on compile_Jacobi_makeGivens
4.7	-- Set RPATH  on compile_Jacobi_makeJacobi
4.7	-- Set RPATH  on compile_LLT_example
4.7	-- Set RPATH  on compile_LLT_solve
4.7	-- Set RPATH  on compile_LeastSquaresNormalEquations
4.7	-- Set RPATH  on compile_LeastSquaresQR
4.7	-- Set RPATH  on compile_Map_general_stride
4.7	-- Set RPATH  on compile_Map_inner_stride
4.7	-- Set RPATH  on compile_Map_outer_stride
4.7	-- Set RPATH  on compile_Map_placement_new
4.7	-- Set RPATH  on compile_Map_simple
4.7	-- Set RPATH  on compile_MatrixBase_adjoint
4.7	-- Set RPATH  on compile_MatrixBase_all
4.7	-- Set RPATH  on compile_MatrixBase_applyOnTheLeft
4.7	-- Set RPATH  on compile_MatrixBase_applyOnTheRight
4.7	-- Set RPATH  on compile_MatrixBase_array
4.7	-- Set RPATH  on compile_MatrixBase_array_const
4.7	-- Set RPATH  on compile_MatrixBase_asDiagonal
4.7	-- Set RPATH  on compile_MatrixBase_block_int_int
4.7	-- Set RPATH  on compile_MatrixBase_block_int_int_int_int
4.7	-- Set RPATH  on compile_MatrixBase_bottomLeftCorner_int_int
4.7	-- Set RPATH  on compile_MatrixBase_bottomRightCorner_int_int
4.7	-- Set RPATH  on compile_MatrixBase_bottomRows_int
4.7	-- Set RPATH  on compile_MatrixBase_cast
4.7	-- Set RPATH  on compile_MatrixBase_col
4.7	-- Set RPATH  on compile_MatrixBase_colwise
4.7	-- Set RPATH  on compile_MatrixBase_colwise_iterator_cxx11
4.7	-- Set RPATH  on compile_MatrixBase_computeInverseAndDetWithCheck
4.7	-- Set RPATH  on compile_MatrixBase_computeInverseWithCheck
4.7	-- Set RPATH  on compile_MatrixBase_cwiseAbs
4.7	-- Set RPATH  on compile_MatrixBase_cwiseAbs2
4.7	-- Set RPATH  on compile_MatrixBase_cwiseArg
4.7	-- Set RPATH  on compile_MatrixBase_cwiseEqual
4.7	-- Set RPATH  on compile_MatrixBase_cwiseInverse
4.7	-- Set RPATH  on compile_MatrixBase_cwiseMax
4.7	-- Set RPATH  on compile_MatrixBase_cwiseMin
4.7	-- Set RPATH  on compile_MatrixBase_cwiseNotEqual
4.7	-- Set RPATH  on compile_MatrixBase_cwiseProduct
4.7	-- Set RPATH  on compile_MatrixBase_cwiseQuotient
4.7	-- Set RPATH  on compile_MatrixBase_cwiseSign
4.7	-- Set RPATH  on compile_MatrixBase_cwiseSqrt
4.7	-- Set RPATH  on compile_MatrixBase_diagonal
4.7	-- Set RPATH  on compile_MatrixBase_diagonal_int
4.7	-- Set RPATH  on compile_MatrixBase_diagonal_template_int
4.7	-- Set RPATH  on compile_MatrixBase_eigenvalues
4.7	-- Set RPATH  on compile_MatrixBase_end_int
4.7	-- Set RPATH  on compile_MatrixBase_eval
4.7	-- Set RPATH  on compile_MatrixBase_fixedBlock_int_int
4.7	-- Set RPATH  on compile_MatrixBase_hnormalized
4.7	-- Set RPATH  on compile_MatrixBase_homogeneous
4.7	-- Set RPATH  on compile_MatrixBase_identity
4.7	-- Set RPATH  on compile_MatrixBase_identity_int_int
4.7	-- Set RPATH  on compile_MatrixBase_inverse
4.7	-- Set RPATH  on compile_MatrixBase_isDiagonal
4.7	-- Set RPATH  on compile_MatrixBase_isIdentity
4.7	-- Set RPATH  on compile_MatrixBase_isOnes
4.7	-- Set RPATH  on compile_MatrixBase_isOrthogonal
4.7	-- Set RPATH  on compile_MatrixBase_isUnitary
4.7	-- Set RPATH  on compile_MatrixBase_isZero
4.7	-- Set RPATH  on compile_MatrixBase_leftCols_int
4.7	-- Set RPATH  on compile_MatrixBase_noalias
4.7	-- Set RPATH  on compile_MatrixBase_ones
4.7	-- Set RPATH  on compile_MatrixBase_ones_int
4.7	-- Set RPATH  on compile_MatrixBase_ones_int_int
4.7	-- Set RPATH  on compile_MatrixBase_operatorNorm
4.7	-- Set RPATH  on compile_MatrixBase_prod
4.7	-- Set RPATH  on compile_MatrixBase_random
4.7	-- Set RPATH  on compile_MatrixBase_random_int
4.7	-- Set RPATH  on compile_MatrixBase_random_int_int
4.7	-- Set RPATH  on compile_MatrixBase_replicate
4.7	-- Set RPATH  on compile_MatrixBase_replicate_int_int
4.7	-- Set RPATH  on compile_MatrixBase_reshaped_auto
4.7	-- Set RPATH  on compile_MatrixBase_reshaped_fixed
4.7	-- Set RPATH  on compile_MatrixBase_reshaped_int_int
4.7	-- Set RPATH  on compile_MatrixBase_reshaped_to_vector
4.7	-- Set RPATH  on compile_MatrixBase_reverse
4.7	-- Set RPATH  on compile_MatrixBase_rightCols_int
4.7	-- Set RPATH  on compile_MatrixBase_row
4.7	-- Set RPATH  on compile_MatrixBase_rowwise
4.7	-- Set RPATH  on compile_MatrixBase_segment_int_int
4.7	-- Set RPATH  on compile_MatrixBase_select
4.7	-- Set RPATH  on compile_MatrixBase_selfadjointView
4.7	-- Set RPATH  on compile_MatrixBase_set
4.7	-- Set RPATH  on compile_MatrixBase_setIdentity
4.7	-- Set RPATH  on compile_MatrixBase_setOnes
4.7	-- Set RPATH  on compile_MatrixBase_setRandom
4.7	-- Set RPATH  on compile_MatrixBase_setZero
4.7	-- Set RPATH  on compile_MatrixBase_start_int
4.7	-- Set RPATH  on compile_MatrixBase_template_int_bottomRows
4.7	-- Set RPATH  on compile_MatrixBase_template_int_end
4.7	-- Set RPATH  on compile_MatrixBase_template_int_int_block_int_int_int_int
4.7	-- Set RPATH  on compile_MatrixBase_template_int_int_bottomLeftCorner
4.7	-- Set RPATH  on compile_MatrixBase_template_int_int_bottomLeftCorner_int_int
4.7	-- Set RPATH  on compile_MatrixBase_template_int_int_bottomRightCorner
4.7	-- Set RPATH  on compile_MatrixBase_template_int_int_bottomRightCorner_int_int
4.7	-- Set RPATH  on compile_MatrixBase_template_int_int_topLeftCorner
4.7	-- Set RPATH  on compile_MatrixBase_template_int_int_topLeftCorner_int_int
4.7	-- Set RPATH  on compile_MatrixBase_template_int_int_topRightCorner
4.7	-- Set RPATH  on compile_MatrixBase_template_int_int_topRightCorner_int_int
4.7	-- Set RPATH  on compile_MatrixBase_template_int_leftCols
4.7	-- Set RPATH  on compile_MatrixBase_template_int_rightCols
4.7	-- Set RPATH  on compile_MatrixBase_template_int_segment
4.7	-- Set RPATH  on compile_MatrixBase_template_int_start
4.7	-- Set RPATH  on compile_MatrixBase_template_int_topRows
4.7	-- Set RPATH  on compile_MatrixBase_topLeftCorner_int_int
4.7	-- Set RPATH  on compile_MatrixBase_topRightCorner_int_int
4.7	-- Set RPATH  on compile_MatrixBase_topRows_int
4.7	-- Set RPATH  on compile_MatrixBase_transpose
4.7	-- Set RPATH  on compile_MatrixBase_triangularView
4.7	-- Set RPATH  on compile_MatrixBase_zero
4.7	-- Set RPATH  on compile_MatrixBase_zero_int
4.7	-- Set RPATH  on compile_MatrixBase_zero_int_int
4.7	-- Set RPATH  on compile_Matrix_Map_stride
4.7	-- Set RPATH  on compile_Matrix_initializer_list_23_cxx11
4.7	-- Set RPATH  on compile_Matrix_initializer_list_vector_cxx11
4.7	-- Set RPATH  on compile_Matrix_resize_NoChange_int
4.7	-- Set RPATH  on compile_Matrix_resize_int
4.7	-- Set RPATH  on compile_Matrix_resize_int_NoChange
4.7	-- Set RPATH  on compile_Matrix_resize_int_int
4.7	-- Set RPATH  on compile_Matrix_setConstant_int
4.7	-- Set RPATH  on compile_Matrix_setConstant_int_int
4.7	-- Set RPATH  on compile_Matrix_setIdentity_int_int
4.7	-- Set RPATH  on compile_Matrix_setOnes_int
4.7	-- Set RPATH  on compile_Matrix_setOnes_int_int
4.7	-- Set RPATH  on compile_Matrix_setRandom_int
4.7	-- Set RPATH  on compile_Matrix_setRandom_int_int
4.7	-- Set RPATH  on compile_Matrix_setZero_int
4.7	-- Set RPATH  on compile_Matrix_setZero_int_int
4.7	-- Set RPATH  on compile_Matrix_variadic_ctor_cxx11
4.7	-- Set RPATH  on compile_PartialPivLU_solve
4.7	-- Set RPATH  on compile_PartialRedux_count
4.7	-- Set RPATH  on compile_PartialRedux_maxCoeff
4.7	-- Set RPATH  on compile_PartialRedux_minCoeff
4.7	-- Set RPATH  on compile_PartialRedux_norm
4.7	-- Set RPATH  on compile_PartialRedux_prod
4.7	-- Set RPATH  on compile_PartialRedux_squaredNorm
4.7	-- Set RPATH  on compile_PartialRedux_sum
4.7	-- Set RPATH  on compile_RealQZ_compute
4.7	-- Set RPATH  on compile_RealSchur_RealSchur_MatrixType
4.7	-- Set RPATH  on compile_RealSchur_compute
4.7	-- Set RPATH  on compile_SelfAdjointEigenSolver_SelfAdjointEigenSolver
4.7	-- Set RPATH  on compile_SelfAdjointEigenSolver_SelfAdjointEigenSolver_MatrixType
4.7	-- Set RPATH  on compile_SelfAdjointEigenSolver_SelfAdjointEigenSolver_MatrixType2
4.7	-- Set RPATH  on compile_SelfAdjointEigenSolver_compute_MatrixType
4.7	-- Set RPATH  on compile_SelfAdjointEigenSolver_compute_MatrixType2
4.7	-- Set RPATH  on compile_SelfAdjointEigenSolver_eigenvalues
4.7	-- Set RPATH  on compile_SelfAdjointEigenSolver_eigenvectors
4.7	-- Set RPATH  on compile_SelfAdjointEigenSolver_operatorInverseSqrt
4.7	-- Set RPATH  on compile_SelfAdjointEigenSolver_operatorSqrt
4.7	-- Set RPATH  on compile_SelfAdjointView_eigenvalues
4.7	-- Set RPATH  on compile_SelfAdjointView_operatorNorm
4.7	-- Set RPATH  on compile_Slicing_arrayexpr
4.7	-- Set RPATH  on compile_Slicing_custom_padding_cxx11
4.7	-- Set RPATH  on compile_Slicing_rawarray_cxx11
4.7	-- Set RPATH  on compile_Slicing_stdvector_cxx11
4.7	-- Set RPATH  on compile_SparseMatrix_coeffs
4.7	-- Set RPATH  on compile_TopicAliasing_block
4.7	-- Set RPATH  on compile_TopicAliasing_block_correct
4.7	-- Set RPATH  on compile_TopicAliasing_cwise
4.7	-- Set RPATH  on compile_TopicAliasing_mult1
4.7	-- Set RPATH  on compile_TopicAliasing_mult2
4.7	-- Set RPATH  on compile_TopicAliasing_mult3
4.7	-- Set RPATH  on compile_TopicAliasing_mult4
4.7	-- Set RPATH  on compile_TopicAliasing_mult5
4.7	-- Set RPATH  on compile_TopicStorageOrders_example
4.7	-- Set RPATH  on compile_Triangular_solve
4.7	-- Set RPATH  on compile_Tridiagonalization_Tridiagonalization_MatrixType
4.7	-- Set RPATH  on compile_Tridiagonalization_compute
4.7	-- Set RPATH  on compile_Tridiagonalization_decomposeInPlace
4.7	-- Set RPATH  on compile_Tridiagonalization_diagonal
4.7	-- Set RPATH  on compile_Tridiagonalization_householderCoefficients
4.7	-- Set RPATH  on compile_Tridiagonalization_packedMatrix
4.7	-- Set RPATH  on compile_Tutorial_AdvancedInitialization_Block
4.7	-- Set RPATH  on compile_Tutorial_AdvancedInitialization_CommaTemporary
4.7	-- Set RPATH  on compile_Tutorial_AdvancedInitialization_Join
4.7	-- Set RPATH  on compile_Tutorial_AdvancedInitialization_LinSpaced
4.7	-- Set RPATH  on compile_Tutorial_AdvancedInitialization_ThreeWays
4.7	-- Set RPATH  on compile_Tutorial_AdvancedInitialization_Zero
4.7	-- Set RPATH  on compile_Tutorial_Map_rowmajor
4.7	-- Set RPATH  on compile_Tutorial_Map_using
4.7	-- Set RPATH  on compile_Tutorial_ReshapeMat2Mat
4.7	-- Set RPATH  on compile_Tutorial_ReshapeMat2Vec
4.7	-- Set RPATH  on compile_Tutorial_SlicingCol
4.7	-- Set RPATH  on compile_Tutorial_SlicingVec
4.7	-- Set RPATH  on compile_Tutorial_commainit_01
4.7	-- Set RPATH  on compile_Tutorial_commainit_01b
4.8	-- Set RPATH  on compile_Tutorial_commainit_02
4.8	-- Set RPATH  on compile_Tutorial_range_for_loop_1d_cxx11
4.8	-- Set RPATH  on compile_Tutorial_range_for_loop_2d_cxx11
4.8	-- Set RPATH  on compile_Tutorial_reshaped_vs_resize_1
4.8	-- Set RPATH  on compile_Tutorial_reshaped_vs_resize_2
4.8	-- Set RPATH  on compile_Tutorial_solve_matrix_inverse
4.8	-- Set RPATH  on compile_Tutorial_solve_multiple_rhs
4.8	-- Set RPATH  on compile_Tutorial_solve_reuse_decomposition
4.8	-- Set RPATH  on compile_Tutorial_solve_singular
4.8	-- Set RPATH  on compile_Tutorial_solve_triangular
4.8	-- Set RPATH  on compile_Tutorial_solve_triangular_inplace
4.8	-- Set RPATH  on compile_Tutorial_std_sort
4.8	-- Set RPATH  on compile_Tutorial_std_sort_rows_cxx11
4.8	-- Set RPATH  on compile_VectorwiseOp_homogeneous
4.8	-- Set RPATH  on compile_Vectorwise_reverse
4.8	-- Set RPATH  on compile_class_FullPivLU
4.8	-- Set RPATH  on compile_tut_arithmetic_redux_minmax
4.8	-- Set RPATH  on compile_tut_arithmetic_transpose_aliasing
4.8	-- Set RPATH  on compile_tut_arithmetic_transpose_conjugate
4.8	-- Set RPATH  on compile_tut_arithmetic_transpose_inplace
4.8	-- Set RPATH  on compile_tut_matrix_assignment_resizing
4.8	-- Set RPATH  on rand
4.8	-- Set RPATH  on meta
4.8	-- Set RPATH  on numext
4.8	-- Set RPATH  on sizeof
4.8	-- Set RPATH  on dynalloc
4.8	-- Set RPATH  on nomalloc_1
4.8	-- Set RPATH  on nomalloc_2
4.8	-- Set RPATH  on nomalloc_3
4.8	-- Set RPATH  on nomalloc_4
4.8	-- Set RPATH  on nomalloc_5
4.8	-- Set RPATH  on nomalloc_6
4.8	-- Set RPATH  on nomalloc_7
4.8	-- Set RPATH  on nomalloc_8
4.8	-- Set RPATH  on first_aligned
4.8	-- Set RPATH  on type_alias
4.8	-- Set RPATH  on nullary_1
4.8	-- Set RPATH  on nullary_2
4.8	-- Set RPATH  on nullary_3
4.8	-- Set RPATH  on nullary_4
4.8	-- Set RPATH  on nullary_5
4.8	-- Set RPATH  on nullary_6
4.8	-- Set RPATH  on nullary_7
4.8	-- Set RPATH  on nullary_8
4.8	-- Set RPATH  on nullary_9
4.8	-- Set RPATH  on nullary_10
4.8	-- Set RPATH  on mixingtypes_7
4.8	-- Set RPATH  on mixingtypes_1
4.8	-- Set RPATH  on mixingtypes_2
4.8	-- Set RPATH  on mixingtypes_3
4.8	-- Set RPATH  on mixingtypes_4
4.8	-- Set RPATH  on mixingtypes_5
4.8	-- Set RPATH  on mixingtypes_6
4.8	-- Set RPATH  on io
4.8	-- Set RPATH  on packetmath_1
4.8	-- Set RPATH  on packetmath_2
4.8	-- Set RPATH  on packetmath_3
4.8	-- Set RPATH  on packetmath_4
4.8	-- Set RPATH  on packetmath_5
4.8	-- Set RPATH  on packetmath_6
4.8	-- Set RPATH  on packetmath_7
4.8	-- Set RPATH  on packetmath_8
4.8	-- Set RPATH  on packetmath_9
4.8	-- Set RPATH  on packetmath_10
4.8	-- Set RPATH  on packetmath_11
4.8	-- Set RPATH  on packetmath_12
4.8	-- Set RPATH  on packetmath_13
4.8	-- Set RPATH  on packetmath_14
4.8	-- Set RPATH  on packetmath_15
4.8	-- Set RPATH  on vectorization_logic_1
4.8	-- Set RPATH  on vectorization_logic_2
4.8	-- Set RPATH  on basicstuff_1
4.8	-- Set RPATH  on basicstuff_2
4.8	-- Set RPATH  on basicstuff_3
4.8	-- Set RPATH  on basicstuff_4
4.8	-- Set RPATH  on basicstuff_5
4.8	-- Set RPATH  on basicstuff_6
4.8	-- Set RPATH  on basicstuff_7
4.8	-- Set RPATH  on basicstuff_8
4.8	-- Set RPATH  on constructor_1
4.8	-- Set RPATH  on linearstructure_1
4.8	-- Set RPATH  on linearstructure_2
4.8	-- Set RPATH  on linearstructure_3
4.8	-- Set RPATH  on linearstructure_4
4.8	-- Set RPATH  on linearstructure_5
4.8	-- Set RPATH  on linearstructure_6
4.8	-- Set RPATH  on linearstructure_7
4.8	-- Set RPATH  on linearstructure_8
4.8	-- Set RPATH  on linearstructure_9
4.8	-- Set RPATH  on linearstructure_10
4.8	-- Set RPATH  on linearstructure_11
4.8	-- Set RPATH  on integer_types_1
4.8	-- Set RPATH  on integer_types_2
4.8	-- Set RPATH  on integer_types_3
4.8	-- Set RPATH  on integer_types_4
4.8	-- Set RPATH  on integer_types_5
4.8	-- Set RPATH  on integer_types_6
4.8	-- Set RPATH  on integer_types_7
4.8	-- Set RPATH  on integer_types_8
4.8	-- Set RPATH  on integer_types_9
4.8	-- Set RPATH  on unalignedcount
4.8	-- Set RPATH  on exceptions
4.8	-- Set RPATH  on redux_1
4.8	-- Set RPATH  on redux_2
4.8	-- Set RPATH  on redux_3
4.8	-- Set RPATH  on redux_4
4.8	-- Set RPATH  on redux_5
4.8	-- Set RPATH  on redux_6
4.8	-- Set RPATH  on redux_7
4.8	-- Set RPATH  on redux_8
4.8	-- Set RPATH  on visitor_1
4.8	-- Set RPATH  on visitor_2
4.8	-- Set RPATH  on visitor_3
4.8	-- Set RPATH  on visitor_4
4.8	-- Set RPATH  on visitor_5
4.8	-- Set RPATH  on visitor_6
4.8	-- Set RPATH  on visitor_7
4.8	-- Set RPATH  on visitor_8
4.8	-- Set RPATH  on visitor_9
4.8	-- Set RPATH  on visitor_10
4.8	-- Set RPATH  on block_1
4.8	-- Set RPATH  on block_2
4.8	-- Set RPATH  on block_3
4.8	-- Set RPATH  on block_4
4.8	-- Set RPATH  on block_5
4.8	-- Set RPATH  on block_6
4.8	-- Set RPATH  on block_7
4.8	-- Set RPATH  on block_8
4.8	-- Set RPATH  on corners_1
4.8	-- Set RPATH  on corners_2
4.8	-- Set RPATH  on corners_3
4.8	-- Set RPATH  on corners_4
4.8	-- Set RPATH  on corners_5
4.8	-- Set RPATH  on symbolic_index_2
4.8	-- Set RPATH  on symbolic_index_1
4.8	-- Set RPATH  on indexed_view_2
4.8	-- Set RPATH  on indexed_view_3
4.8	-- Set RPATH  on indexed_view_1
4.8	-- Set RPATH  on reshape
4.8	-- Set RPATH  on swap_1
4.8	-- Set RPATH  on swap_2
4.8	-- Set RPATH  on swap_3
4.8	-- Set RPATH  on swap_4
4.8	-- Set RPATH  on resize
4.8	-- Set RPATH  on conservative_resize_1
4.8	-- Set RPATH  on conservative_resize_2
4.8	-- Set RPATH  on conservative_resize_3
4.8	-- Set RPATH  on conservative_resize_4
4.8	-- Set RPATH  on conservative_resize_5
4.8	-- Set RPATH  on conservative_resize_6
4.8	-- Set RPATH  on product_small_1
4.8	-- Set RPATH  on product_small_2
4.8	-- Set RPATH  on product_small_8
4.8	-- Set RPATH  on product_small_3
4.8	-- Set RPATH  on product_small_4
4.8	-- Set RPATH  on product_small_5
4.8	-- Set RPATH  on product_small_6
4.8	-- Set RPATH  on product_small_11
4.8	-- Set RPATH  on product_small_12
4.8	-- Set RPATH  on product_small_13
4.8	-- Set RPATH  on product_small_21
4.8	-- Set RPATH  on product_small_22
4.8	-- Set RPATH  on product_small_23
4.8	-- Set RPATH  on product_small_31
4.8	-- Set RPATH  on product_small_32
4.8	-- Set RPATH  on product_small_33
4.8	-- Set RPATH  on product_small_41
4.8	-- Set RPATH  on product_small_42
4.8	-- Set RPATH  on product_small_43
4.8	-- Set RPATH  on product_small_7
4.8	-- Set RPATH  on product_small_9
4.8	-- Set RPATH  on product_large_1
4.8	-- Set RPATH  on product_large_2
4.8	-- Set RPATH  on product_large_3
4.8	-- Set RPATH  on product_large_4
4.8	-- Set RPATH  on product_large_5
4.8	-- Set RPATH  on product_large_6
4.8	-- Set RPATH  on product_large_7
4.8	-- Set RPATH  on product_large_8
4.8	-- Set RPATH  on product_large_9
4.8	-- Set RPATH  on product_large_10
4.8	-- Set RPATH  on product_extra_1
4.8	-- Set RPATH  on product_extra_2
4.8	-- Set RPATH  on product_extra_3
4.8	-- Set RPATH  on product_extra_4
4.8	-- Set RPATH  on product_extra_5
4.8	-- Set RPATH  on product_extra_6
4.8	-- Set RPATH  on product_extra_7
4.8	-- Set RPATH  on product_extra_8
4.8	-- Set RPATH  on diagonalmatrices_1
4.8	-- Set RPATH  on diagonalmatrices_2
4.8	-- Set RPATH  on diagonalmatrices_3
4.8	-- Set RPATH  on diagonalmatrices_4
4.8	-- Set RPATH  on diagonalmatrices_5
4.8	-- Set RPATH  on diagonalmatrices_6
4.8	-- Set RPATH  on diagonalmatrices_7
4.8	-- Set RPATH  on diagonalmatrices_8
4.8	-- Set RPATH  on diagonalmatrices_9
4.8	-- Set RPATH  on diagonalmatrices_10
4.8	-- Set RPATH  on adjoint_1
4.8	-- Set RPATH  on adjoint_2
4.8	-- Set RPATH  on adjoint_3
4.8	-- Set RPATH  on adjoint_4
4.8	-- Set RPATH  on adjoint_5
4.8	-- Set RPATH  on adjoint_6
4.8	-- Set RPATH  on adjoint_8
4.8	-- Set RPATH  on adjoint_9
4.8	-- Set RPATH  on adjoint_10
4.8	-- Set RPATH  on adjoint_11
4.8	-- Set RPATH  on adjoint_12
4.8	-- Set RPATH  on adjoint_7
4.8	-- Set RPATH  on adjoint_13
4.8	-- Set RPATH  on diagonal_1
4.8	-- Set RPATH  on diagonal_2
4.8	-- Set RPATH  on miscmatrices_1
4.8	-- Set RPATH  on miscmatrices_2
4.8	-- Set RPATH  on miscmatrices_3
4.8	-- Set RPATH  on miscmatrices_4
4.8	-- Set RPATH  on miscmatrices_5
4.8	-- Set RPATH  on commainitializer_1
4.8	-- Set RPATH  on commainitializer_2
4.8	-- Set RPATH  on smallvectors
4.8	-- Set RPATH  on mapped_matrix_1
4.8	-- Set RPATH  on mapped_matrix_2
4.8	-- Set RPATH  on mapped_matrix_3
4.8	-- Set RPATH  on mapped_matrix_4
4.8	-- Set RPATH  on mapped_matrix_5
4.8	-- Set RPATH  on mapped_matrix_11
4.8	-- Set RPATH  on mapped_matrix_6
4.8	-- Set RPATH  on mapped_matrix_7
4.8	-- Set RPATH  on mapped_matrix_8
4.8	-- Set RPATH  on mapped_matrix_9
4.8	-- Set RPATH  on mapped_matrix_10
4.8	-- Set RPATH  on mapstride_1
4.8	-- Set RPATH  on mapstride_2
4.8	-- Set RPATH  on mapstride_3
4.8	-- Set RPATH  on mapstride_4
4.8	-- Set RPATH  on mapstride_5
4.8	-- Set RPATH  on mapstride_6
4.8	-- Set RPATH  on mapstaticmethods_1
4.8	-- Set RPATH  on mapstaticmethods_2
4.8	-- Set RPATH  on mapstaticmethods_3
4.8	-- Set RPATH  on mapstaticmethods_4
4.8	-- Set RPATH  on mapstaticmethods_5
4.8	-- Set RPATH  on mapstaticmethods_6
4.8	-- Set RPATH  on mapstaticmethods_7
4.8	-- Set RPATH  on mapstaticmethods_8
4.8	-- Set RPATH  on array_cwise_1
4.8	-- Set RPATH  on array_cwise_2
4.8	-- Set RPATH  on array_cwise_3
4.8	-- Set RPATH  on array_cwise_4
4.8	-- Set RPATH  on array_cwise_5
4.8	-- Set RPATH  on array_cwise_6
4.8	-- Set RPATH  on array_cwise_7
4.8	-- Set RPATH  on array_cwise_8
4.8	-- Set RPATH  on array_for_matrix_1
4.8	-- Set RPATH  on array_for_matrix_2
4.8	-- Set RPATH  on array_for_matrix_3
4.8	-- Set RPATH  on array_for_matrix_4
4.8	-- Set RPATH  on array_for_matrix_5
4.8	-- Set RPATH  on array_for_matrix_6
4.8	-- Set RPATH  on array_for_matrix_7
4.8	-- Set RPATH  on array_for_matrix_8
4.8	-- Set RPATH  on array_replicate_1
4.8	-- Set RPATH  on array_replicate_2
4.8	-- Set RPATH  on array_replicate_3
4.8	-- Set RPATH  on array_replicate_4
4.8	-- Set RPATH  on array_replicate_5
4.8	-- Set RPATH  on array_replicate_6
4.8	-- Set RPATH  on array_reverse_1
4.8	-- Set RPATH  on array_reverse_2
4.8	-- Set RPATH  on array_reverse_3
4.8	-- Set RPATH  on array_reverse_4
4.8	-- Set RPATH  on array_reverse_5
4.8	-- Set RPATH  on array_reverse_6
4.8	-- Set RPATH  on array_reverse_7
4.8	-- Set RPATH  on array_reverse_8
4.8	-- Set RPATH  on array_reverse_9
4.8	-- Set RPATH  on ref_1
4.8	-- Set RPATH  on ref_2
4.8	-- Set RPATH  on ref_3
4.8	-- Set RPATH  on ref_4
4.8	-- Set RPATH  on ref_5
4.8	-- Set RPATH  on ref_6
4.8	-- Set RPATH  on ref_8
4.8	-- Set RPATH  on ref_7
4.8	-- Set RPATH  on is_same_dense
4.8	-- Set RPATH  on triangular_100
4.8	-- Set RPATH  on triangular_1
4.8	-- Set RPATH  on triangular_2
4.8	-- Set RPATH  on triangular_3
4.8	-- Set RPATH  on triangular_4
4.8	-- Set RPATH  on triangular_5
4.8	-- Set RPATH  on triangular_6
4.8	-- Set RPATH  on triangular_7
4.8	-- Set RPATH  on triangular_8
4.8	-- Set RPATH  on triangular_9
4.8	-- Set RPATH  on selfadjoint_1
4.8	-- Set RPATH  on selfadjoint_2
4.8	-- Set RPATH  on selfadjoint_3
4.8	-- Set RPATH  on selfadjoint_4
4.8	-- Set RPATH  on selfadjoint_5
4.8	-- Set RPATH  on product_selfadjoint_1
4.8	-- Set RPATH  on product_selfadjoint_2
4.8	-- Set RPATH  on product_selfadjoint_3
4.8	-- Set RPATH  on product_selfadjoint_4
4.8	-- Set RPATH  on product_selfadjoint_5
4.8	-- Set RPATH  on product_selfadjoint_6
4.8	-- Set RPATH  on product_selfadjoint_7
4.8	-- Set RPATH  on product_symm_1
4.8	-- Set RPATH  on product_symm_2
4.8	-- Set RPATH  on product_symm_3
4.8	-- Set RPATH  on product_symm_4
4.8	-- Set RPATH  on product_symm_5
4.8	-- Set RPATH  on product_symm_6
4.8	-- Set RPATH  on product_symm_7
4.8	-- Set RPATH  on product_symm_8
4.8	-- Set RPATH  on product_syrk_1
4.8	-- Set RPATH  on product_syrk_2
4.8	-- Set RPATH  on product_syrk_3
4.8	-- Set RPATH  on product_syrk_4
4.8	-- Set RPATH  on product_trmv_1
4.8	-- Set RPATH  on product_trmv_2
4.8	-- Set RPATH  on product_trmv_3
4.8	-- Set RPATH  on product_trmv_4
4.8	-- Set RPATH  on product_trmv_5
4.8	-- Set RPATH  on product_trmv_6
4.8	-- Set RPATH  on product_trmm_1
4.8	-- Set RPATH  on product_trmm_11
4.8	-- Set RPATH  on product_trmm_111
4.8	-- Set RPATH  on product_trmm_21
4.8	-- Set RPATH  on product_trmm_121
4.8	-- Set RPATH  on product_trmm_31
4.8	-- Set RPATH  on product_trmm_131
4.8	-- Set RPATH  on product_trmm_12
4.8	-- Set RPATH  on product_trmm_112
4.8	-- Set RPATH  on product_trmm_22
4.8	-- Set RPATH  on product_trmm_122
4.8	-- Set RPATH  on product_trmm_32
4.8	-- Set RPATH  on product_trmm_132
4.8	-- Set RPATH  on product_trmm_13
4.8	-- Set RPATH  on product_trmm_113
4.8	-- Set RPATH  on product_trmm_23
4.8	-- Set RPATH  on product_trmm_123
4.8	-- Set RPATH  on product_trmm_33
4.8	-- Set RPATH  on product_trmm_133
4.8	-- Set RPATH  on product_trmm_14
4.8	-- Set RPATH  on product_trmm_114
4.8	-- Set RPATH  on product_trmm_24
4.8	-- Set RPATH  on product_trmm_124
4.8	-- Set RPATH  on product_trmm_34
4.8	-- Set RPATH  on product_trmm_134
4.8	-- Set RPATH  on product_trsolve_1
4.8	-- Set RPATH  on product_trsolve_2
4.8	-- Set RPATH  on product_trsolve_3
4.8	-- Set RPATH  on product_trsolve_4
4.8	-- Set RPATH  on product_trsolve_5
4.8	-- Set RPATH  on product_trsolve_6
4.8	-- Set RPATH  on product_trsolve_7
4.8	-- Set RPATH  on product_trsolve_8
4.8	-- Set RPATH  on product_trsolve_9
4.8	-- Set RPATH  on product_trsolve_10
4.8	-- Set RPATH  on product_trsolve_11
4.8	-- Set RPATH  on product_trsolve_12
4.8	-- Set RPATH  on product_trsolve_13
4.8	-- Set RPATH  on product_trsolve_14
4.8	-- Set RPATH  on product_mmtr_1
4.8	-- Set RPATH  on product_mmtr_2
4.8	-- Set RPATH  on product_mmtr_3
4.8	-- Set RPATH  on product_mmtr_4
4.8	-- Set RPATH  on product_notemporary_1
4.8	-- Set RPATH  on product_notemporary_2
4.8	-- Set RPATH  on product_notemporary_3
4.8	-- Set RPATH  on product_notemporary_4
4.8	-- Set RPATH  on stable_norm_3
4.8	-- Set RPATH  on stable_norm_4
4.8	-- Set RPATH  on stable_norm_5
4.8	-- Set RPATH  on stable_norm_6
4.8	-- Set RPATH  on stable_norm_1
4.8	-- Set RPATH  on stable_norm_2
4.8	-- Set RPATH  on permutationmatrices_1
4.8	-- Set RPATH  on permutationmatrices_2
4.8	-- Set RPATH  on permutationmatrices_3
4.8	-- Set RPATH  on permutationmatrices_4
4.8	-- Set RPATH  on permutationmatrices_5
4.8	-- Set RPATH  on permutationmatrices_6
4.8	-- Set RPATH  on permutationmatrices_7
4.8	-- Set RPATH  on bandmatrix
4.8	-- Set RPATH  on cholesky_1
4.8	-- Set RPATH  on cholesky_3
4.8	-- Set RPATH  on cholesky_4
4.8	-- Set RPATH  on cholesky_5
4.8	-- Set RPATH  on cholesky_2
4.8	-- Set RPATH  on cholesky_6
4.8	-- Set RPATH  on cholesky_7
4.8	-- Set RPATH  on cholesky_8
4.8	-- Set RPATH  on cholesky_9
4.8	-- Set RPATH  on lu_1
4.8	-- Set RPATH  on lu_2
4.8	-- Set RPATH  on lu_3
4.8	-- Set RPATH  on lu_4
4.8	-- Set RPATH  on lu_5
4.8	-- Set RPATH  on lu_6
4.8	-- Set RPATH  on lu_7
4.8	-- Set RPATH  on lu_9
4.8	-- Set RPATH  on determinant_1
4.8	-- Set RPATH  on determinant_2
4.8	-- Set RPATH  on determinant_3
4.8	-- Set RPATH  on determinant_4
4.8	-- Set RPATH  on determinant_5
4.8	-- Set RPATH  on determinant_6
4.8	-- Set RPATH  on inverse_1
4.8	-- Set RPATH  on inverse_2
4.8	-- Set RPATH  on inverse_3
4.8	-- Set RPATH  on inverse_4
4.8	-- Set RPATH  on inverse_5
4.8	-- Set RPATH  on inverse_6
4.8	-- Set RPATH  on inverse_7
4.8	-- Set RPATH  on inverse_8
4.8	-- Set RPATH  on qr_1
4.8	-- Set RPATH  on qr_2
4.8	-- Set RPATH  on qr_3
4.8	-- Set RPATH  on qr_4
4.8	-- Set RPATH  on qr_5
4.8	-- Set RPATH  on qr_11
4.8	-- Set RPATH  on qr_6
4.8	-- Set RPATH  on qr_7
4.8	-- Set RPATH  on qr_8
4.8	-- Set RPATH  on qr_9
4.8	-- Set RPATH  on qr_10
4.8	-- Set RPATH  on qr_12
4.8	-- Set RPATH  on qr_colpivoting_1
4.8	-- Set RPATH  on qr_colpivoting_2
4.8	-- Set RPATH  on qr_colpivoting_3
4.8	-- Set RPATH  on qr_colpivoting_4
4.8	-- Set RPATH  on qr_colpivoting_5
4.8	-- Set RPATH  on qr_colpivoting_6
4.8	-- Set RPATH  on qr_colpivoting_7
4.8	-- Set RPATH  on qr_colpivoting_8
4.8	-- Set RPATH  on qr_colpivoting_9
4.8	-- Set RPATH  on qr_fullpivoting_5
4.8	-- Set RPATH  on qr_fullpivoting_6
4.8	-- Set RPATH  on qr_fullpivoting_8
4.8	-- Set RPATH  on qr_fullpivoting_1
4.8	-- Set RPATH  on qr_fullpivoting_2
4.8	-- Set RPATH  on qr_fullpivoting_3
4.8	-- Set RPATH  on qr_fullpivoting_4
4.8	-- Set RPATH  on qr_fullpivoting_7
4.8	-- Set RPATH  on upperbidiagonalization_1
4.8	-- Set RPATH  on upperbidiagonalization_2
4.8	-- Set RPATH  on upperbidiagonalization_3
4.8	-- Set RPATH  on upperbidiagonalization_4
4.8	-- Set RPATH  on upperbidiagonalization_5
4.8	-- Set RPATH  on upperbidiagonalization_6
4.8	-- Set RPATH  on upperbidiagonalization_7
4.8	-- Set RPATH  on hessenberg_1
4.8	-- Set RPATH  on hessenberg_2
4.8	-- Set RPATH  on hessenberg_3
4.8	-- Set RPATH  on hessenberg_4
4.8	-- Set RPATH  on hessenberg_5
4.8	-- Set RPATH  on hessenberg_6
4.8	-- Set RPATH  on schur_real_1
4.8	-- Set RPATH  on schur_real_2
4.8	-- Set RPATH  on schur_real_3
4.8	-- Set RPATH  on schur_real_4
4.8	-- Set RPATH  on schur_real_5
4.8	-- Set RPATH  on schur_complex_1
4.8	-- Set RPATH  on schur_complex_2
4.8	-- Set RPATH  on schur_complex_3
4.8	-- Set RPATH  on schur_complex_4
4.8	-- Set RPATH  on schur_complex_5
4.8	-- Set RPATH  on eigensolver_selfadjoint_1
4.8	-- Set RPATH  on eigensolver_selfadjoint_12
4.8	-- Set RPATH  on eigensolver_selfadjoint_13
4.8	-- Set RPATH  on eigensolver_selfadjoint_2
4.8	-- Set RPATH  on eigensolver_selfadjoint_3
4.8	-- Set RPATH  on eigensolver_selfadjoint_4
4.8	-- Set RPATH  on eigensolver_selfadjoint_5
4.8	-- Set RPATH  on eigensolver_selfadjoint_9
4.8	-- Set RPATH  on eigensolver_selfadjoint_6
4.8	-- Set RPATH  on eigensolver_selfadjoint_7
4.8	-- Set RPATH  on eigensolver_selfadjoint_8
4.8	-- Set RPATH  on eigensolver_generic_1
4.8	-- Set RPATH  on eigensolver_generic_2
4.8	-- Set RPATH  on eigensolver_generic_3
4.8	-- Set RPATH  on eigensolver_generic_4
4.8	-- Set RPATH  on eigensolver_generic_5
4.8	-- Set RPATH  on eigensolver_complex_1
4.8	-- Set RPATH  on eigensolver_complex_2
4.8	-- Set RPATH  on eigensolver_complex_3
4.8	-- Set RPATH  on eigensolver_complex_4
4.8	-- Set RPATH  on eigensolver_complex_5
4.8	-- Set RPATH  on real_qz_1
4.8	-- Set RPATH  on real_qz_2
4.8	-- Set RPATH  on real_qz_3
4.8	-- Set RPATH  on real_qz_4
4.8	-- Set RPATH  on eigensolver_generalized_real_1
4.8	-- Set RPATH  on eigensolver_generalized_real_2
4.8	-- Set RPATH  on eigensolver_generalized_real_3
4.8	-- Set RPATH  on eigensolver_generalized_real_4
4.8	-- Set RPATH  on jacobi_1
4.8	-- Set RPATH  on jacobi_2
4.8	-- Set RPATH  on jacobi_3
4.8	-- Set RPATH  on jacobi_4
4.8	-- Set RPATH  on jacobi_5
4.8	-- Set RPATH  on jacobi_6
4.8	-- Set RPATH  on jacobisvd_3
4.8	-- Set RPATH  on jacobisvd_4
4.8	-- Set RPATH  on jacobisvd_7
4.8	-- Set RPATH  on jacobisvd_8
4.8	-- Set RPATH  on jacobisvd_11
4.8	-- Set RPATH  on jacobisvd_12
4.8	-- Set RPATH  on jacobisvd_5
4.8	-- Set RPATH  on jacobisvd_6
4.8	-- Set RPATH  on jacobisvd_10
4.8	-- Set RPATH  on jacobisvd_13
4.8	-- Set RPATH  on jacobisvd_1
4.8	-- Set RPATH  on jacobisvd_9
4.8	-- Set RPATH  on jacobisvd_2
4.8	-- Set RPATH  on bdcsvd_3
4.8	-- Set RPATH  on bdcsvd_4
4.8	-- Set RPATH  on bdcsvd_7
4.8	-- Set RPATH  on bdcsvd_8
4.8	-- Set RPATH  on bdcsvd_101
4.8	-- Set RPATH  on bdcsvd_102
4.8	-- Set RPATH  on bdcsvd_5
4.8	-- Set RPATH  on bdcsvd_6
4.8	-- Set RPATH  on bdcsvd_10
4.8	-- Set RPATH  on bdcsvd_1
4.8	-- Set RPATH  on bdcsvd_9
4.8	-- Set RPATH  on bdcsvd_2
4.8	-- Set RPATH  on householder_1
4.8	-- Set RPATH  on householder_2
4.8	-- Set RPATH  on householder_3
4.8	-- Set RPATH  on householder_4
4.8	-- Set RPATH  on householder_5
4.8	-- Set RPATH  on householder_6
4.8	-- Set RPATH  on householder_7
4.8	-- Set RPATH  on householder_8
4.8	-- Set RPATH  on geo_orthomethods_1
4.8	-- Set RPATH  on geo_orthomethods_2
4.8	-- Set RPATH  on geo_orthomethods_4
4.8	-- Set RPATH  on geo_orthomethods_3
4.8	-- Set RPATH  on geo_orthomethods_5
4.8	-- Set RPATH  on geo_orthomethods_6
4.8	-- Set RPATH  on geo_quaternion_1
4.8	-- Set RPATH  on geo_quaternion_2
4.8	-- Set RPATH  on geo_quaternion_3
4.8	-- Set RPATH  on geo_eulerangles_1
4.8	-- Set RPATH  on geo_eulerangles_2
4.8	-- Set RPATH  on geo_parametrizedline_1
4.8	-- Set RPATH  on geo_parametrizedline_2
4.8	-- Set RPATH  on geo_parametrizedline_3
4.8	-- Set RPATH  on geo_parametrizedline_4
4.8	-- Set RPATH  on geo_alignedbox_1
4.8	-- Set RPATH  on geo_alignedbox_2
4.8	-- Set RPATH  on geo_alignedbox_3
4.8	-- Set RPATH  on geo_alignedbox_4
4.8	-- Set RPATH  on geo_alignedbox_5
4.8	-- Set RPATH  on geo_alignedbox_6
4.8	-- Set RPATH  on geo_alignedbox_7
4.8	-- Set RPATH  on geo_alignedbox_8
4.8	-- Set RPATH  on geo_alignedbox_9
4.8	-- Set RPATH  on geo_alignedbox_10
4.8	-- Set RPATH  on geo_alignedbox_11
4.8	-- Set RPATH  on geo_alignedbox_14
4.8	-- Set RPATH  on geo_alignedbox_12
4.8	-- Set RPATH  on geo_alignedbox_13
4.8	-- Set RPATH  on geo_hyperplane_1
4.8	-- Set RPATH  on geo_hyperplane_2
4.8	-- Set RPATH  on geo_hyperplane_3
4.8	-- Set RPATH  on geo_hyperplane_4
4.8	-- Set RPATH  on geo_hyperplane_5
4.8	-- Set RPATH  on geo_transformations_1
4.8	-- Set RPATH  on geo_transformations_2
4.8	-- Set RPATH  on geo_transformations_3
4.8	-- Set RPATH  on geo_transformations_4
4.8	-- Set RPATH  on geo_transformations_5
4.8	-- Set RPATH  on geo_transformations_6
4.8	-- Set RPATH  on geo_transformations_7
4.8	-- Set RPATH  on geo_transformations_8
4.8	-- Set RPATH  on geo_transformations_9
4.8	-- Set RPATH  on geo_homogeneous_1
4.8	-- Set RPATH  on geo_homogeneous_2
4.8	-- Set RPATH  on geo_homogeneous_3
4.8	-- Set RPATH  on stdvector_1
4.8	-- Set RPATH  on stdvector_2
4.8	-- Set RPATH  on stdvector_3
4.8	-- Set RPATH  on stdvector_4
4.8	-- Set RPATH  on stdvector_5
4.8	-- Set RPATH  on stdvector_overload_1
4.8	-- Set RPATH  on stdvector_overload_2
4.8	-- Set RPATH  on stdvector_overload_3
4.8	-- Set RPATH  on stdvector_overload_4
4.8	-- Set RPATH  on stdvector_overload_5
4.8	-- Set RPATH  on stdlist_1
4.8	-- Set RPATH  on stdlist_2
4.8	-- Set RPATH  on stdlist_3
4.8	-- Set RPATH  on stdlist_4
4.8	-- Set RPATH  on stdlist_5
4.8	-- Set RPATH  on stdlist_overload_1
4.8	-- Set RPATH  on stdlist_overload_2
4.8	-- Set RPATH  on stdlist_overload_3
4.8	-- Set RPATH  on stdlist_overload_4
4.8	-- Set RPATH  on stdlist_overload_5
4.8	-- Set RPATH  on stddeque_1
4.8	-- Set RPATH  on stddeque_2
4.8	-- Set RPATH  on stddeque_3
4.8	-- Set RPATH  on stddeque_4
4.8	-- Set RPATH  on stddeque_5
4.8	-- Set RPATH  on stddeque_overload_1
4.8	-- Set RPATH  on stddeque_overload_2
4.8	-- Set RPATH  on stddeque_overload_3
4.8	-- Set RPATH  on stddeque_overload_4
4.8	-- Set RPATH  on stddeque_overload_5
4.8	-- Set RPATH  on sparse_basic_1
4.8	-- Set RPATH  on sparse_basic_2
4.8	-- Set RPATH  on sparse_basic_5
4.8	-- Set RPATH  on sparse_basic_6
4.8	-- Set RPATH  on sparse_basic_3
4.8	-- Set RPATH  on sparse_basic_4
4.8	-- Set RPATH  on sparse_basic_7
4.8	-- Set RPATH  on sparse_block_1
4.8	-- Set RPATH  on sparse_block_2
4.8	-- Set RPATH  on sparse_block_3
4.8	-- Set RPATH  on sparse_block_4
4.8	-- Set RPATH  on sparse_block_5
4.8	-- Set RPATH  on sparse_vector_1
4.8	-- Set RPATH  on sparse_vector_2
4.8	-- Set RPATH  on sparse_product_1
4.8	-- Set RPATH  on sparse_product_2
4.8	-- Set RPATH  on sparse_product_3
4.8	-- Set RPATH  on sparse_product_4
4.8	-- Set RPATH  on sparse_product_5
4.8	-- Set RPATH  on sparse_ref_1
4.8	-- Set RPATH  on sparse_ref_2
4.8	-- Set RPATH  on sparse_ref_3
4.8	-- Set RPATH  on sparse_solvers_1
4.8	-- Set RPATH  on sparse_solvers_2
4.8	-- Set RPATH  on sparse_permutations_1
4.8	-- Set RPATH  on sparse_permutations_2
4.8	-- Set RPATH  on simplicial_cholesky_11
4.8	-- Set RPATH  on simplicial_cholesky_12
4.8	-- Set RPATH  on simplicial_cholesky_13
4.8	-- Set RPATH  on simplicial_cholesky_21
4.8	-- Set RPATH  on simplicial_cholesky_22
4.8	-- Set RPATH  on simplicial_cholesky_23
4.8	-- Set RPATH  on conjugate_gradient_1
4.8	-- Set RPATH  on conjugate_gradient_2
4.8	-- Set RPATH  on conjugate_gradient_3
4.8	-- Set RPATH  on incomplete_cholesky_1
4.8	-- Set RPATH  on incomplete_cholesky_2
4.8	-- Set RPATH  on incomplete_cholesky_3
4.8	-- Set RPATH  on bicgstab_1
4.8	-- Set RPATH  on bicgstab_2
4.8	-- Set RPATH  on bicgstab_3
4.8	-- Set RPATH  on lscg_1
4.8	-- Set RPATH  on lscg_2
4.8	-- Set RPATH  on sparselu_1
4.8	-- Set RPATH  on sparselu_2
4.8	-- Set RPATH  on sparselu_3
4.8	-- Set RPATH  on sparselu_4
4.8	-- Set RPATH  on sparseqr_1
4.8	-- Set RPATH  on sparseqr_2
4.8	-- Set RPATH  on umeyama_1
4.8	-- Set RPATH  on umeyama_2
4.8	-- Set RPATH  on umeyama_3
4.8	-- Set RPATH  on umeyama_4
4.8	-- Set RPATH  on umeyama_5
4.8	-- Set RPATH  on umeyama_6
4.8	-- Set RPATH  on umeyama_7
4.8	-- Set RPATH  on umeyama_8
4.8	-- Set RPATH  on nesting_ops_1
4.8	-- Set RPATH  on nesting_ops_2
4.8	-- Set RPATH  on nesting_ops_3
4.8	-- Set RPATH  on nesting_ops_4
4.8	-- Set RPATH  on nestbyvalue
4.8	-- Set RPATH  on zerosized
4.8	-- Set RPATH  on dontalign_1
4.8	-- Set RPATH  on dontalign_2
4.8	-- Set RPATH  on dontalign_3
4.8	-- Set RPATH  on dontalign_4
4.8	-- Set RPATH  on dontalign_5
4.8	-- Set RPATH  on dontalign_6
4.8	-- Set RPATH  on dontalign_7
4.8	-- Set RPATH  on dontalign_8
4.8	-- Set RPATH  on evaluators
4.8	-- Set RPATH  on sizeoverflow
4.8	-- Set RPATH  on prec_inverse_4x4_1
4.8	-- Set RPATH  on prec_inverse_4x4_2
4.8	-- Set RPATH  on prec_inverse_4x4_3
4.8	-- Set RPATH  on vectorwiseop_1
4.8	-- Set RPATH  on vectorwiseop_2
4.8	-- Set RPATH  on vectorwiseop_3
4.8	-- Set RPATH  on vectorwiseop_4
4.8	-- Set RPATH  on vectorwiseop_5
4.8	-- Set RPATH  on vectorwiseop_6
4.8	-- Set RPATH  on vectorwiseop_7
4.8	-- Set RPATH  on special_numbers_1
4.8	-- Set RPATH  on rvalue_types_1
4.8	-- Set RPATH  on rvalue_types_2
4.8	-- Set RPATH  on rvalue_types_3
4.8	-- Set RPATH  on rvalue_types_4
4.8	-- Set RPATH  on rvalue_types_5
4.8	-- Set RPATH  on dense_storage
4.8	-- Set RPATH  on ctorleak
4.8	-- Set RPATH  on mpl2only
4.8	-- Set RPATH  on inplace_decomposition_1
4.8	-- Set RPATH  on inplace_decomposition_2
4.8	-- Set RPATH  on inplace_decomposition_3
4.8	-- Set RPATH  on inplace_decomposition_4
4.8	-- Set RPATH  on inplace_decomposition_5
4.8	-- Set RPATH  on inplace_decomposition_6
4.8	-- Set RPATH  on inplace_decomposition_7
4.8	-- Set RPATH  on inplace_decomposition_8
4.8	-- Set RPATH  on half_float
4.8	-- Set RPATH  on bfloat16_float
4.8	-- Set RPATH  on array_of_string
4.8	-- Set RPATH  on num_dimensions
4.8	-- Set RPATH  on stl_iterators_1
4.8	-- Set RPATH  on blasutil_1
4.8	-- Set RPATH  on blasutil_2
4.8	-- Set RPATH  on blasutil_3
4.8	-- Set RPATH  on blasutil_4
4.8	-- Set RPATH  on blasutil_5
4.8	-- Set RPATH  on blasutil_6
4.8	-- Set RPATH  on blasutil_7
4.8	-- Set RPATH  on blasutil_8
4.8	-- Set RPATH  on bug1213
4.8	-- Set RPATH  on fastmath
4.8	-- Set RPATH  on boostmultiprec_1
4.8	-- Set RPATH  on boostmultiprec_2
4.8	-- Set RPATH  on boostmultiprec_3
4.8	-- Set RPATH  on boostmultiprec_4
4.8	-- Set RPATH  on boostmultiprec_5
4.8	-- Set RPATH  on boostmultiprec_6
4.8	-- Set RPATH  on boostmultiprec_7
4.8	-- Set RPATH  on boostmultiprec_8
4.8	-- Set RPATH  on boostmultiprec_9
4.8	-- Set RPATH  on boostmultiprec_10
4.8	-- Set RPATH  on boostmultiprec_11
4.8	-- Set RPATH  on failtest_sanity_check_ok
4.8	-- Set RPATH  on failtest_sanity_check_ko
4.8	-- Set RPATH  on block_nonconst_ctor_on_const_xpr_0_ok
4.8	-- Set RPATH  on block_nonconst_ctor_on_const_xpr_0_ko
4.8	-- Set RPATH  on block_nonconst_ctor_on_const_xpr_1_ok
4.8	-- Set RPATH  on block_nonconst_ctor_on_const_xpr_1_ko
4.8	-- Set RPATH  on block_nonconst_ctor_on_const_xpr_2_ok
4.8	-- Set RPATH  on block_nonconst_ctor_on_const_xpr_2_ko
4.8	-- Set RPATH  on transpose_nonconst_ctor_on_const_xpr_ok
4.8	-- Set RPATH  on transpose_nonconst_ctor_on_const_xpr_ko
4.8	-- Set RPATH  on diagonal_nonconst_ctor_on_const_xpr_ok
4.8	-- Set RPATH  on diagonal_nonconst_ctor_on_const_xpr_ko
4.8	-- Set RPATH  on cwiseunaryview_nonconst_ctor_on_const_xpr_ok
4.8	-- Set RPATH  on cwiseunaryview_nonconst_ctor_on_const_xpr_ko
4.8	-- Set RPATH  on triangularview_nonconst_ctor_on_const_xpr_ok
4.8	-- Set RPATH  on triangularview_nonconst_ctor_on_const_xpr_ko
4.8	-- Set RPATH  on selfadjointview_nonconst_ctor_on_const_xpr_ok
4.8	-- Set RPATH  on selfadjointview_nonconst_ctor_on_const_xpr_ko
4.8	-- Set RPATH  on const_qualified_block_method_retval_0_ok
4.8	-- Set RPATH  on const_qualified_block_method_retval_0_ko
4.8	-- Set RPATH  on const_qualified_block_method_retval_1_ok
4.8	-- Set RPATH  on const_qualified_block_method_retval_1_ko
4.8	-- Set RPATH  on const_qualified_transpose_method_retval_ok
4.8	-- Set RPATH  on const_qualified_transpose_method_retval_ko
4.8	-- Set RPATH  on const_qualified_diagonal_method_retval_ok
4.8	-- Set RPATH  on const_qualified_diagonal_method_retval_ko
4.8	-- Set RPATH  on map_nonconst_ctor_on_const_ptr_0_ok
4.8	-- Set RPATH  on map_nonconst_ctor_on_const_ptr_0_ko
4.8	-- Set RPATH  on map_nonconst_ctor_on_const_ptr_1_ok
4.8	-- Set RPATH  on map_nonconst_ctor_on_const_ptr_1_ko
4.8	-- Set RPATH  on map_nonconst_ctor_on_const_ptr_2_ok
4.8	-- Set RPATH  on map_nonconst_ctor_on_const_ptr_2_ko
4.8	-- Set RPATH  on map_nonconst_ctor_on_const_ptr_3_ok
4.8	-- Set RPATH  on map_nonconst_ctor_on_const_ptr_3_ko
4.8	-- Set RPATH  on map_nonconst_ctor_on_const_ptr_4_ok
4.8	-- Set RPATH  on map_nonconst_ctor_on_const_ptr_4_ko
4.8	-- Set RPATH  on map_on_const_type_actually_const_0_ok
4.8	-- Set RPATH  on map_on_const_type_actually_const_0_ko
4.8	-- Set RPATH  on map_on_const_type_actually_const_1_ok
4.8	-- Set RPATH  on map_on_const_type_actually_const_1_ko
4.8	-- Set RPATH  on block_on_const_type_actually_const_0_ok
4.8	-- Set RPATH  on block_on_const_type_actually_const_0_ko
4.8	-- Set RPATH  on block_on_const_type_actually_const_1_ok
4.8	-- Set RPATH  on block_on_const_type_actually_const_1_ko
4.8	-- Set RPATH  on transpose_on_const_type_actually_const_ok
4.8	-- Set RPATH  on transpose_on_const_type_actually_const_ko
4.8	-- Set RPATH  on diagonal_on_const_type_actually_const_ok
4.8	-- Set RPATH  on diagonal_on_const_type_actually_const_ko
4.8	-- Set RPATH  on cwiseunaryview_on_const_type_actually_const_ok
4.8	-- Set RPATH  on cwiseunaryview_on_const_type_actually_const_ko
4.8	-- Set RPATH  on triangularview_on_const_type_actually_const_ok
4.8	-- Set RPATH  on triangularview_on_const_type_actually_const_ko
4.8	-- Set RPATH  on selfadjointview_on_const_type_actually_const_ok
4.8	-- Set RPATH  on selfadjointview_on_const_type_actually_const_ko
4.8	-- Set RPATH  on ref_1_ok
4.8	-- Set RPATH  on ref_1_ko
4.8	-- Set RPATH  on ref_2_ok
4.8	-- Set RPATH  on ref_2_ko
4.8	-- Set RPATH  on ref_3_ok
4.8	-- Set RPATH  on ref_3_ko
4.8	-- Set RPATH  on ref_4_ok
4.8	-- Set RPATH  on ref_4_ko
4.8	-- Set RPATH  on ref_5_ok
4.8	-- Set RPATH  on ref_5_ko
4.8	-- Set RPATH  on swap_1_ok
4.8	-- Set RPATH  on swap_1_ko
4.8	-- Set RPATH  on swap_2_ok
4.8	-- Set RPATH  on swap_2_ko
4.8	-- Set RPATH  on ternary_1_ok
4.8	-- Set RPATH  on ternary_1_ko
4.8	-- Set RPATH  on ternary_2_ok
4.8	-- Set RPATH  on ternary_2_ko
4.8	-- Set RPATH  on sparse_ref_1_ok
4.8	-- Set RPATH  on sparse_ref_1_ko
4.8	-- Set RPATH  on sparse_ref_2_ok
4.8	-- Set RPATH  on sparse_ref_2_ko
4.8	-- Set RPATH  on sparse_ref_3_ok
4.8	-- Set RPATH  on sparse_ref_3_ko
4.8	-- Set RPATH  on sparse_ref_4_ok
4.8	-- Set RPATH  on sparse_ref_4_ko
4.8	-- Set RPATH  on sparse_ref_5_ok
4.8	-- Set RPATH  on sparse_ref_5_ko
4.8	-- Set RPATH  on sparse_storage_mismatch_ok
4.8	-- Set RPATH  on sparse_storage_mismatch_ko
4.8	-- Set RPATH  on partialpivlu_int_ok
4.8	-- Set RPATH  on partialpivlu_int_ko
4.8	-- Set RPATH  on fullpivlu_int_ok
4.8	-- Set RPATH  on fullpivlu_int_ko
4.8	-- Set RPATH  on llt_int_ok
4.8	-- Set RPATH  on llt_int_ko
4.8	-- Set RPATH  on ldlt_int_ok
4.8	-- Set RPATH  on ldlt_int_ko
4.8	-- Set RPATH  on qr_int_ok
4.8	-- Set RPATH  on qr_int_ko
4.8	-- Set RPATH  on colpivqr_int_ok
4.8	-- Set RPATH  on colpivqr_int_ko
4.8	-- Set RPATH  on fullpivqr_int_ok
4.8	-- Set RPATH  on fullpivqr_int_ko
4.8	-- Set RPATH  on jacobisvd_int_ok
4.8	-- Set RPATH  on jacobisvd_int_ko
4.8	-- Set RPATH  on bdcsvd_int_ok
4.8	-- Set RPATH  on bdcsvd_int_ko
4.8	-- Set RPATH  on eigensolver_int_ok
4.8	-- Set RPATH  on eigensolver_int_ko
4.8	-- Set RPATH  on eigensolver_cplx_ok
4.8	-- Set RPATH  on eigensolver_cplx_ko
4.8	-- Set RPATH  on sblat1
4.8	-- Set RPATH  on sblat2
4.8	-- Set RPATH  on sblat3
4.8	-- Set RPATH  on dblat1
4.8	-- Set RPATH  on dblat2
4.8	-- Set RPATH  on dblat3
4.8	-- Set RPATH  on cblat1
4.8	-- Set RPATH  on cblat2
4.8	-- Set RPATH  on cblat3
4.8	-- Set RPATH  on zblat1
4.8	-- Set RPATH  on zblat2
4.8	-- Set RPATH  on zblat3
4.8	-- Set RPATH  on example_BVH_Example
4.8	-- Set RPATH  on example_EulerAngles
4.8	-- Set RPATH  on example_FFT
4.8	-- Set RPATH  on example_MatrixExponential
4.8	-- Set RPATH  on example_MatrixFunction
4.8	-- Set RPATH  on example_MatrixLogarithm
4.8	-- Set RPATH  on example_MatrixPower
4.8	-- Set RPATH  on example_MatrixPower_optimal
4.8	-- Set RPATH  on example_MatrixSine
4.8	-- Set RPATH  on example_MatrixSinh
4.8	-- Set RPATH  on example_MatrixSquareRoot
4.8	-- Set RPATH  on example_PolynomialSolver1
4.8	-- Set RPATH  on example_PolynomialUtils1
4.8	-- Set RPATH  on NonLinearOptimization
4.8	-- Set RPATH  on NumericalDiff
4.8	-- Set RPATH  on autodiff_scalar_1
4.8	-- Set RPATH  on autodiff_scalar_2
4.8	-- Set RPATH  on autodiff_scalar_3
4.8	-- Set RPATH  on autodiff_scalar_4
4.8	-- Set RPATH  on autodiff_scalar_5
4.8	-- Set RPATH  on autodiff_5
4.8	-- Set RPATH  on autodiff_1
4.8	-- Set RPATH  on autodiff_2
4.8	-- Set RPATH  on autodiff_3
4.8	-- Set RPATH  on autodiff_4
4.8	-- Set RPATH  on BVH_1
4.8	-- Set RPATH  on BVH_2
4.8	-- Set RPATH  on BVH_3
4.8	-- Set RPATH  on matrix_exponential_2
4.8	-- Set RPATH  on matrix_exponential_1
4.8	-- Set RPATH  on matrix_exponential_8
4.8	-- Set RPATH  on matrix_exponential_6
4.8	-- Set RPATH  on matrix_exponential_5
4.8	-- Set RPATH  on matrix_exponential_7
4.8	-- Set RPATH  on matrix_exponential_3
4.8	-- Set RPATH  on matrix_exponential_4
4.8	-- Set RPATH  on matrix_exponential_9
4.8	-- Set RPATH  on matrix_function_1
4.8	-- Set RPATH  on matrix_function_2
4.8	-- Set RPATH  on matrix_function_3
4.8	-- Set RPATH  on matrix_function_4
4.8	-- Set RPATH  on matrix_function_5
4.8	-- Set RPATH  on matrix_function_6
4.8	-- Set RPATH  on matrix_function_7
4.8	-- Set RPATH  on matrix_power_2
4.8	-- Set RPATH  on matrix_power_1
4.8	-- Set RPATH  on matrix_power_9
4.8	-- Set RPATH  on matrix_power_10
4.8	-- Set RPATH  on matrix_power_11
4.8	-- Set RPATH  on matrix_power_12
4.8	-- Set RPATH  on matrix_power_7
4.8	-- Set RPATH  on matrix_power_3
4.8	-- Set RPATH  on matrix_power_4
4.8	-- Set RPATH  on matrix_power_5
4.8	-- Set RPATH  on matrix_power_8
4.8	-- Set RPATH  on matrix_power_6
4.8	-- Set RPATH  on matrix_square_root_1
4.8	-- Set RPATH  on matrix_square_root_2
4.8	-- Set RPATH  on matrix_square_root_3
4.8	-- Set RPATH  on matrix_square_root_4
4.8	-- Set RPATH  on matrix_square_root_5
4.8	-- Set RPATH  on alignedvector3
4.8	-- Set RPATH  on FFT
4.8	-- Set RPATH  on EulerAngles_1
4.8	-- Set RPATH  on EulerAngles_2
4.8	-- Set RPATH  on EulerAngles_3
4.8	-- Set RPATH  on EulerAngles_4
4.8	-- Set RPATH  on sparse_extra_1
4.8	-- Set RPATH  on sparse_extra_2
4.8	-- Set RPATH  on sparse_extra_3
4.8	-- Set RPATH  on sparse_extra_4
4.8	-- Set RPATH  on sparse_extra_5
4.8	-- Set RPATH  on FFTW
4.8	-- Set RPATH  on polynomialsolver_1
4.8	-- Set RPATH  on polynomialsolver_2
4.8	-- Set RPATH  on polynomialsolver_3
4.8	-- Set RPATH  on polynomialsolver_4
4.8	-- Set RPATH  on polynomialsolver_5
4.8	-- Set RPATH  on polynomialsolver_6
4.8	-- Set RPATH  on polynomialsolver_7
4.8	-- Set RPATH  on polynomialsolver_8
4.8	-- Set RPATH  on polynomialsolver_9
4.8	-- Set RPATH  on polynomialsolver_10
4.8	-- Set RPATH  on polynomialsolver_11
4.8	-- Set RPATH  on polynomialsolver_12
4.8	-- Set RPATH  on polynomialutils_2
4.8	-- Set RPATH  on polynomialutils_3
4.8	-- Set RPATH  on polynomialutils_4
4.8	-- Set RPATH  on polynomialutils_5
4.8	-- Set RPATH  on polynomialutils_6
4.8	-- Set RPATH  on polynomialutils_7
4.8	-- Set RPATH  on polynomialutils_8
4.8	-- Set RPATH  on polynomialutils_9
4.8	-- Set RPATH  on splines
4.8	-- Set RPATH  on gmres_1
4.8	-- Set RPATH  on gmres_2
4.8	-- Set RPATH  on dgmres_1
4.8	-- Set RPATH  on dgmres_2
4.8	-- Set RPATH  on minres_1
4.8	-- Set RPATH  on minres_2
4.8	-- Set RPATH  on idrs_1
4.8	-- Set RPATH  on idrs_2
4.8	-- Set RPATH  on levenberg_marquardt
4.8	-- Set RPATH  on kronecker_product_1
4.8	-- Set RPATH  on kronecker_product_2
4.8	-- Set RPATH  on bessel_functions_1
4.8	-- Set RPATH  on bessel_functions_2
4.8	-- Set RPATH  on special_functions_1
4.8	-- Set RPATH  on special_functions_2
4.8	-- Set RPATH  on special_functions_3
4.8	-- Set RPATH  on special_functions_4
4.8	-- Set RPATH  on special_packetmath_1
4.8	-- Set RPATH  on special_packetmath_2
4.8	-- Set RPATH  on special_packetmath_3
4.8	-- Set RPATH  on special_packetmath_4
4.8	-- Set RPATH  on spbenchsolver
4.8	-- Set RPATH  on spsolver
4.8	-- Set RPATH  on test_sparseLU
4.8	-- Set RPATH  on eigen_blas
4.8	-- Set RPATH  on eigen_lapack
4.8	-- Configuring done (4.8s)
5.5	-- Generating done (0.7s)
5.6	CMake Warning:
5.6	  Manually-specified variables were not used by the project:
5.6	
5.6	    THEROCK_STAGE_INSTALL_ROOT
5.6	
5.6	
5.6	-- Build files have been written to: /work/grodgers/git/tr-aomp/TheRock/build/third-party/eigen/build
END	1757693411.798534	5.810796737670898	0
