BEGIN	1757693409.018821
EXEC	/work1/grodgers/git/tr-aomp/TheRock/build/third-party/Catch2/build	/usr/bin/cmake --install /work/grodgers/git/tr-aomp/TheRock/build/third-party/Catch2/build
0.0	-- Install configuration: "Release"
0.0	-- Installing: /work/grodgers/git/tr-aomp/TheRock/build/third-party/Catch2/stage/lib/libCatch2.a
0.0	-- Installing: /work/grodgers/git/tr-aomp/TheRock/build/third-party/Catch2/stage/lib/libCatch2Main.a
0.0	-- Installing: /work/grodgers/git/tr-aomp/TheRock/build/third-party/Catch2/stage/lib/cmake/Catch2/Catch2Targets.cmake
0.0	-- Installing: /work/grodgers/git/tr-aomp/TheRock/build/third-party/Catch2/stage/lib/cmake/Catch2/Catch2Targets-release.cmake
0.0	-- Installing: /work/grodgers/git/tr-aomp/TheRock/build/third-party/Catch2/stage/include/catch2
0.0	-- Installing: /work/grodgers/git/tr-aomp/TheRock/build/third-party/Catch2/stage/include/catch2/catch_totals.hpp
0.0	-- Installing: /work/grodgers/git/tr-aomp/TheRock/build/third-party/Catch2/stage/include/catch2/catch_template_test_macros.hpp
0.0	-- Installing: /work/grodgers/git/tr-aomp/TheRock/build/third-party/Catch2/stage/include/catch2/reporters
0.0	-- Installing: /work/grodgers/git/tr-aomp/TheRock/build/third-party/Catch2/stage/include/catch2/reporters/catch_reporter_xml.hpp
0.0	-- Installing: /work/grodgers/git/tr-aomp/TheRock/build/third-party/Catch2/stage/include/catch2/reporters/catch_reporter_registrars.hpp
0.0	-- Installing: /work/grodgers/git/tr-aomp/TheRock/build/third-party/Catch2/stage/include/catch2/reporters/catch_reporter_tap.hpp
0.0	-- Installing: /work/grodgers/git/tr-aomp/TheRock/build/third-party/Catch2/stage/include/catch2/reporters/catch_reporter_common_base.hpp
0.0	-- Installing: /work/grodgers/git/tr-aomp/TheRock/build/third-party/Catch2/stage/include/catch2/reporters/catch_reporters_all.hpp
0.0	-- Installing: /work/grodgers/git/tr-aomp/TheRock/build/third-party/Catch2/stage/include/catch2/reporters/catch_reporter_console.hpp
0.0	-- Installing: /work/grodgers/git/tr-aomp/TheRock/build/third-party/Catch2/stage/include/catch2/reporters/catch_reporter_helpers.hpp
0.0	-- Installing: /work/grodgers/git/tr-aomp/TheRock/build/third-party/Catch2/stage/include/catch2/reporters/catch_reporter_cumulative_base.hpp
0.0	-- Installing: /work/grodgers/git/tr-aomp/TheRock/build/third-party/Catch2/stage/include/catch2/reporters/catch_reporter_teamcity.hpp
0.0	-- Installing: /work/grodgers/git/tr-aomp/TheRock/build/third-party/Catch2/stage/include/catch2/reporters/catch_reporter_junit.hpp
0.0	-- Installing: /work/grodgers/git/tr-aomp/TheRock/build/third-party/Catch2/stage/include/catch2/reporters/catch_reporter_compact.hpp
0.0	-- Installing: /work/grodgers/git/tr-aomp/TheRock/build/third-party/Catch2/stage/include/catch2/reporters/catch_reporter_streaming_base.hpp
0.0	-- Installing: /work/grodgers/git/tr-aomp/TheRock/build/third-party/Catch2/stage/include/catch2/reporters/catch_reporter_event_listener.hpp
0.0	-- Installing: /work/grodgers/git/tr-aomp/TheRock/build/third-party/Catch2/stage/include/catch2/reporters/catch_reporter_multi.hpp
0.0	-- Installing: /work/grodgers/git/tr-aomp/TheRock/build/third-party/Catch2/stage/include/catch2/reporters/catch_reporter_json.hpp
0.0	-- Installing: /work/grodgers/git/tr-aomp/TheRock/build/third-party/Catch2/stage/include/catch2/reporters/catch_reporter_automake.hpp
0.0	-- Installing: /work/grodgers/git/tr-aomp/TheRock/build/third-party/Catch2/stage/include/catch2/reporters/catch_reporter_sonarqube.hpp
0.0	-- Installing: /work/grodgers/git/tr-aomp/TheRock/build/third-party/Catch2/stage/include/catch2/catch_tostring.hpp
0.0	-- Installing: /work/grodgers/git/tr-aomp/TheRock/build/third-party/Catch2/stage/include/catch2/catch_translate_exception.hpp
0.0	-- Installing: /work/grodgers/git/tr-aomp/TheRock/build/third-party/Catch2/stage/include/catch2/benchmark
0.0	-- Installing: /work/grodgers/git/tr-aomp/TheRock/build/third-party/Catch2/stage/include/catch2/benchmark/catch_benchmark.hpp
0.0	-- Installing: /work/grodgers/git/tr-aomp/TheRock/build/third-party/Catch2/stage/include/catch2/benchmark/catch_outlier_classification.hpp
0.0	-- Installing: /work/grodgers/git/tr-aomp/TheRock/build/third-party/Catch2/stage/include/catch2/benchmark/detail
0.0	-- Installing: /work/grodgers/git/tr-aomp/TheRock/build/third-party/Catch2/stage/include/catch2/benchmark/detail/catch_timing.hpp
0.0	-- Installing: /work/grodgers/git/tr-aomp/TheRock/build/third-party/Catch2/stage/include/catch2/benchmark/detail/catch_benchmark_stats_fwd.hpp
0.0	-- Installing: /work/grodgers/git/tr-aomp/TheRock/build/third-party/Catch2/stage/include/catch2/benchmark/detail/catch_measure.hpp
0.0	-- Installing: /work/grodgers/git/tr-aomp/TheRock/build/third-party/Catch2/stage/include/catch2/benchmark/detail/catch_analyse.hpp
0.0	-- Installing: /work/grodgers/git/tr-aomp/TheRock/build/third-party/Catch2/stage/include/catch2/benchmark/detail/catch_complete_invoke.hpp
0.0	-- Installing: /work/grodgers/git/tr-aomp/TheRock/build/third-party/Catch2/stage/include/catch2/benchmark/detail/catch_estimate_clock.hpp
0.0	-- Installing: /work/grodgers/git/tr-aomp/TheRock/build/third-party/Catch2/stage/include/catch2/benchmark/detail/catch_repeat.hpp
0.0	-- Installing: /work/grodgers/git/tr-aomp/TheRock/build/third-party/Catch2/stage/include/catch2/benchmark/detail/catch_run_for_at_least.hpp
0.0	-- Installing: /work/grodgers/git/tr-aomp/TheRock/build/third-party/Catch2/stage/include/catch2/benchmark/detail/catch_benchmark_stats.hpp
0.0	-- Installing: /work/grodgers/git/tr-aomp/TheRock/build/third-party/Catch2/stage/include/catch2/benchmark/detail/catch_stats.hpp
0.0	-- Installing: /work/grodgers/git/tr-aomp/TheRock/build/third-party/Catch2/stage/include/catch2/benchmark/detail/catch_benchmark_function.hpp
0.0	-- Installing: /work/grodgers/git/tr-aomp/TheRock/build/third-party/Catch2/stage/include/catch2/benchmark/catch_execution_plan.hpp
0.0	-- Installing: /work/grodgers/git/tr-aomp/TheRock/build/third-party/Catch2/stage/include/catch2/benchmark/catch_chronometer.hpp
0.0	-- Installing: /work/grodgers/git/tr-aomp/TheRock/build/third-party/Catch2/stage/include/catch2/benchmark/catch_environment.hpp
0.0	-- Installing: /work/grodgers/git/tr-aomp/TheRock/build/third-party/Catch2/stage/include/catch2/benchmark/catch_estimate.hpp
0.0	-- Installing: /work/grodgers/git/tr-aomp/TheRock/build/third-party/Catch2/stage/include/catch2/benchmark/catch_benchmark_all.hpp
0.0	-- Installing: /work/grodgers/git/tr-aomp/TheRock/build/third-party/Catch2/stage/include/catch2/benchmark/catch_clock.hpp
0.0	-- Installing: /work/grodgers/git/tr-aomp/TheRock/build/third-party/Catch2/stage/include/catch2/benchmark/catch_constructor.hpp
0.0	-- Installing: /work/grodgers/git/tr-aomp/TheRock/build/third-party/Catch2/stage/include/catch2/benchmark/catch_sample_analysis.hpp
0.0	-- Installing: /work/grodgers/git/tr-aomp/TheRock/build/third-party/Catch2/stage/include/catch2/benchmark/catch_optimizer.hpp
0.0	-- Installing: /work/grodgers/git/tr-aomp/TheRock/build/third-party/Catch2/stage/include/catch2/interfaces
0.0	-- Installing: /work/grodgers/git/tr-aomp/TheRock/build/third-party/Catch2/stage/include/catch2/interfaces/catch_interfaces_reporter.hpp
0.0	-- Installing: /work/grodgers/git/tr-aomp/TheRock/build/third-party/Catch2/stage/include/catch2/interfaces/catch_interfaces_registry_hub.hpp
0.0	-- Installing: /work/grodgers/git/tr-aomp/TheRock/build/third-party/Catch2/stage/include/catch2/interfaces/catch_interfaces_tag_alias_registry.hpp
0.0	-- Installing: /work/grodgers/git/tr-aomp/TheRock/build/third-party/Catch2/stage/include/catch2/interfaces/catch_interfaces_enum_values_registry.hpp
0.0	-- Installing: /work/grodgers/git/tr-aomp/TheRock/build/third-party/Catch2/stage/include/catch2/interfaces/catch_interfaces_test_invoker.hpp
0.0	-- Installing: /work/grodgers/git/tr-aomp/TheRock/build/third-party/Catch2/stage/include/catch2/interfaces/catch_interfaces_exception.hpp
0.0	-- Installing: /work/grodgers/git/tr-aomp/TheRock/build/third-party/Catch2/stage/include/catch2/interfaces/catch_interfaces_reporter_factory.hpp
0.0	-- Installing: /work/grodgers/git/tr-aomp/TheRock/build/third-party/Catch2/stage/include/catch2/interfaces/catch_interfaces_config.hpp
0.0	-- Installing: /work/grodgers/git/tr-aomp/TheRock/build/third-party/Catch2/stage/include/catch2/interfaces/catch_interfaces_all.hpp
0.0	-- Installing: /work/grodgers/git/tr-aomp/TheRock/build/third-party/Catch2/stage/include/catch2/interfaces/catch_interfaces_testcase.hpp
0.0	-- Installing: /work/grodgers/git/tr-aomp/TheRock/build/third-party/Catch2/stage/include/catch2/interfaces/catch_interfaces_generatortracker.hpp
0.0	-- Installing: /work/grodgers/git/tr-aomp/TheRock/build/third-party/Catch2/stage/include/catch2/interfaces/catch_interfaces_capture.hpp
0.0	-- Installing: /work/grodgers/git/tr-aomp/TheRock/build/third-party/Catch2/stage/include/catch2/generators
0.0	-- Installing: /work/grodgers/git/tr-aomp/TheRock/build/third-party/Catch2/stage/include/catch2/generators/catch_generators_all.hpp
0.0	-- Installing: /work/grodgers/git/tr-aomp/TheRock/build/third-party/Catch2/stage/include/catch2/generators/catch_generator_exception.hpp
0.0	-- Installing: /work/grodgers/git/tr-aomp/TheRock/build/third-party/Catch2/stage/include/catch2/generators/catch_generators.hpp
0.0	-- Installing: /work/grodgers/git/tr-aomp/TheRock/build/third-party/Catch2/stage/include/catch2/generators/catch_generators_adapters.hpp
0.0	-- Installing: /work/grodgers/git/tr-aomp/TheRock/build/third-party/Catch2/stage/include/catch2/generators/catch_generators_random.hpp
0.0	-- Installing: /work/grodgers/git/tr-aomp/TheRock/build/third-party/Catch2/stage/include/catch2/generators/catch_generators_range.hpp
0.0	-- Installing: /work/grodgers/git/tr-aomp/TheRock/build/third-party/Catch2/stage/include/catch2/catch_section_info.hpp
0.0	-- Installing: /work/grodgers/git/tr-aomp/TheRock/build/third-party/Catch2/stage/include/catch2/catch_session.hpp
0.0	-- Installing: /work/grodgers/git/tr-aomp/TheRock/build/third-party/Catch2/stage/include/catch2/catch_assertion_info.hpp
0.0	-- Installing: /work/grodgers/git/tr-aomp/TheRock/build/third-party/Catch2/stage/include/catch2/catch_assertion_result.hpp
0.0	-- Installing: /work/grodgers/git/tr-aomp/TheRock/build/third-party/Catch2/stage/include/catch2/catch_tag_alias_autoregistrar.hpp
0.0	-- Installing: /work/grodgers/git/tr-aomp/TheRock/build/third-party/Catch2/stage/include/catch2/catch_timer.hpp
0.0	-- Installing: /work/grodgers/git/tr-aomp/TheRock/build/third-party/Catch2/stage/include/catch2/catch_test_macros.hpp
0.0	-- Installing: /work/grodgers/git/tr-aomp/TheRock/build/third-party/Catch2/stage/include/catch2/matchers
0.0	-- Installing: /work/grodgers/git/tr-aomp/TheRock/build/third-party/Catch2/stage/include/catch2/matchers/catch_matchers_contains.hpp
0.0	-- Installing: /work/grodgers/git/tr-aomp/TheRock/build/third-party/Catch2/stage/include/catch2/matchers/catch_matchers.hpp
0.0	-- Installing: /work/grodgers/git/tr-aomp/TheRock/build/third-party/Catch2/stage/include/catch2/matchers/catch_matchers_container_properties.hpp
0.0	-- Installing: /work/grodgers/git/tr-aomp/TheRock/build/third-party/Catch2/stage/include/catch2/matchers/catch_matchers_exception.hpp
0.0	-- Installing: /work/grodgers/git/tr-aomp/TheRock/build/third-party/Catch2/stage/include/catch2/matchers/catch_matchers_templated.hpp
0.0	-- Installing: /work/grodgers/git/tr-aomp/TheRock/build/third-party/Catch2/stage/include/catch2/matchers/catch_matchers_range_equals.hpp
0.0	-- Installing: /work/grodgers/git/tr-aomp/TheRock/build/third-party/Catch2/stage/include/catch2/matchers/internal
0.0	-- Installing: /work/grodgers/git/tr-aomp/TheRock/build/third-party/Catch2/stage/include/catch2/matchers/internal/catch_matchers_impl.hpp
0.0	-- Installing: /work/grodgers/git/tr-aomp/TheRock/build/third-party/Catch2/stage/include/catch2/matchers/catch_matchers_all.hpp
0.0	-- Installing: /work/grodgers/git/tr-aomp/TheRock/build/third-party/Catch2/stage/include/catch2/matchers/catch_matchers_floating_point.hpp
0.0	-- Installing: /work/grodgers/git/tr-aomp/TheRock/build/third-party/Catch2/stage/include/catch2/matchers/catch_matchers_predicate.hpp
0.0	-- Installing: /work/grodgers/git/tr-aomp/TheRock/build/third-party/Catch2/stage/include/catch2/matchers/catch_matchers_quantifiers.hpp
0.0	-- Installing: /work/grodgers/git/tr-aomp/TheRock/build/third-party/Catch2/stage/include/catch2/matchers/catch_matchers_string.hpp
0.0	-- Installing: /work/grodgers/git/tr-aomp/TheRock/build/third-party/Catch2/stage/include/catch2/matchers/catch_matchers_vector.hpp
0.0	-- Installing: /work/grodgers/git/tr-aomp/TheRock/build/third-party/Catch2/stage/include/catch2/internal
0.0	-- Installing: /work/grodgers/git/tr-aomp/TheRock/build/third-party/Catch2/stage/include/catch2/internal/catch_exception_translator_registry.hpp
0.0	-- Installing: /work/grodgers/git/tr-aomp/TheRock/build/third-party/Catch2/stage/include/catch2/internal/catch_preprocessor_remove_parens.hpp
0.0	-- Installing: /work/grodgers/git/tr-aomp/TheRock/build/third-party/Catch2/stage/include/catch2/internal/catch_debugger.hpp
0.0	-- Installing: /work/grodgers/git/tr-aomp/TheRock/build/third-party/Catch2/stage/include/catch2/internal/catch_source_line_info.hpp
0.0	-- Installing: /work/grodgers/git/tr-aomp/TheRock/build/third-party/Catch2/stage/include/catch2/internal/catch_test_case_registry_impl.hpp
0.0	-- Installing: /work/grodgers/git/tr-aomp/TheRock/build/third-party/Catch2/stage/include/catch2/internal/catch_sharding.hpp
0.0	-- Installing: /work/grodgers/git/tr-aomp/TheRock/build/third-party/Catch2/stage/include/catch2/internal/catch_reusable_string_stream.hpp
0.0	-- Installing: /work/grodgers/git/tr-aomp/TheRock/build/third-party/Catch2/stage/include/catch2/internal/catch_void_type.hpp
0.0	-- Installing: /work/grodgers/git/tr-aomp/TheRock/build/third-party/Catch2/stage/include/catch2/internal/catch_config_counter.hpp
0.0	-- Installing: /work/grodgers/git/tr-aomp/TheRock/build/third-party/Catch2/stage/include/catch2/internal/catch_startup_exception_registry.hpp
0.0	-- Installing: /work/grodgers/git/tr-aomp/TheRock/build/third-party/Catch2/stage/include/catch2/internal/catch_is_permutation.hpp
0.0	-- Installing: /work/grodgers/git/tr-aomp/TheRock/build/third-party/Catch2/stage/include/catch2/internal/catch_random_seed_generation.hpp
0.0	-- Installing: /work/grodgers/git/tr-aomp/TheRock/build/third-party/Catch2/stage/include/catch2/internal/catch_section.hpp
0.0	-- Installing: /work/grodgers/git/tr-aomp/TheRock/build/third-party/Catch2/stage/include/catch2/internal/catch_getenv.hpp
0.0	-- Installing: /work/grodgers/git/tr-aomp/TheRock/build/third-party/Catch2/stage/include/catch2/internal/catch_uncaught_exceptions.hpp
0.0	-- Installing: /work/grodgers/git/tr-aomp/TheRock/build/third-party/Catch2/stage/include/catch2/internal/catch_lazy_expr.hpp
0.0	-- Installing: /work/grodgers/git/tr-aomp/TheRock/build/third-party/Catch2/stage/include/catch2/internal/catch_test_run_info.hpp
0.0	-- Installing: /work/grodgers/git/tr-aomp/TheRock/build/third-party/Catch2/stage/include/catch2/internal/catch_config_android_logwrite.hpp
0.0	-- Installing: /work/grodgers/git/tr-aomp/TheRock/build/third-party/Catch2/stage/include/catch2/internal/catch_uniform_floating_point_distribution.hpp
0.0	-- Installing: /work/grodgers/git/tr-aomp/TheRock/build/third-party/Catch2/stage/include/catch2/internal/catch_stream_end_stop.hpp
0.0	-- Installing: /work/grodgers/git/tr-aomp/TheRock/build/third-party/Catch2/stage/include/catch2/internal/catch_errno_guard.hpp
0.0	-- Installing: /work/grodgers/git/tr-aomp/TheRock/build/third-party/Catch2/stage/include/catch2/internal/catch_test_case_info_hasher.hpp
0.0	-- Installing: /work/grodgers/git/tr-aomp/TheRock/build/third-party/Catch2/stage/include/catch2/internal/catch_commandline.hpp
0.0	-- Installing: /work/grodgers/git/tr-aomp/TheRock/build/third-party/Catch2/stage/include/catch2/internal/catch_jsonwriter.hpp
0.0	-- Installing: /work/grodgers/git/tr-aomp/TheRock/build/third-party/Catch2/stage/include/catch2/internal/catch_textflow.hpp
0.0	-- Installing: /work/grodgers/git/tr-aomp/TheRock/build/third-party/Catch2/stage/include/catch2/internal/catch_test_case_tracker.hpp
0.0	-- Installing: /work/grodgers/git/tr-aomp/TheRock/build/third-party/Catch2/stage/include/catch2/internal/catch_enum_values_registry.hpp
0.0	-- Installing: /work/grodgers/git/tr-aomp/TheRock/build/third-party/Catch2/stage/include/catch2/internal/catch_compare_traits.hpp
0.0	-- Installing: /work/grodgers/git/tr-aomp/TheRock/build/third-party/Catch2/stage/include/catch2/internal/catch_optional.hpp
0.0	-- Installing: /work/grodgers/git/tr-aomp/TheRock/build/third-party/Catch2/stage/include/catch2/internal/catch_config_wchar.hpp
0.0	-- Installing: /work/grodgers/git/tr-aomp/TheRock/build/third-party/Catch2/stage/include/catch2/internal/catch_random_floating_point_helpers.hpp
0.0	-- Installing: /work/grodgers/git/tr-aomp/TheRock/build/third-party/Catch2/stage/include/catch2/internal/catch_console_width.hpp
0.0	-- Installing: /work/grodgers/git/tr-aomp/TheRock/build/third-party/Catch2/stage/include/catch2/internal/catch_meta.hpp
0.0	-- Installing: /work/grodgers/git/tr-aomp/TheRock/build/third-party/Catch2/stage/include/catch2/internal/catch_stringref.hpp
0.0	-- Installing: /work/grodgers/git/tr-aomp/TheRock/build/third-party/Catch2/stage/include/catch2/internal/catch_random_number_generator.hpp
0.0	-- Installing: /work/grodgers/git/tr-aomp/TheRock/build/third-party/Catch2/stage/include/catch2/internal/catch_istream.hpp
0.0	-- Installing: /work/grodgers/git/tr-aomp/TheRock/build/third-party/Catch2/stage/include/catch2/internal/catch_platform.hpp
0.0	-- Installing: /work/grodgers/git/tr-aomp/TheRock/build/third-party/Catch2/stage/include/catch2/internal/catch_random_integer_helpers.hpp
0.0	-- Installing: /work/grodgers/git/tr-aomp/TheRock/build/third-party/Catch2/stage/include/catch2/internal/catch_compiler_capabilities.hpp
0.0	-- Installing: /work/grodgers/git/tr-aomp/TheRock/build/third-party/Catch2/stage/include/catch2/internal/catch_config_prefix_messages.hpp
0.0	-- Installing: /work/grodgers/git/tr-aomp/TheRock/build/third-party/Catch2/stage/include/catch2/internal/catch_config_static_analysis_support.hpp
0.0	-- Installing: /work/grodgers/git/tr-aomp/TheRock/build/third-party/Catch2/stage/include/catch2/internal/catch_context.hpp
0.0	-- Installing: /work/grodgers/git/tr-aomp/TheRock/build/third-party/Catch2/stage/include/catch2/internal/catch_xmlwriter.hpp
0.0	-- Installing: /work/grodgers/git/tr-aomp/TheRock/build/third-party/Catch2/stage/include/catch2/internal/catch_enforce.hpp
0.0	-- Installing: /work/grodgers/git/tr-aomp/TheRock/build/third-party/Catch2/stage/include/catch2/internal/catch_list.hpp
0.0	-- Installing: /work/grodgers/git/tr-aomp/TheRock/build/third-party/Catch2/stage/include/catch2/internal/catch_singletons.hpp
0.0	-- Installing: /work/grodgers/git/tr-aomp/TheRock/build/third-party/Catch2/stage/include/catch2/internal/catch_uniform_integer_distribution.hpp
0.0	-- Installing: /work/grodgers/git/tr-aomp/TheRock/build/third-party/Catch2/stage/include/catch2/internal/catch_parse_numbers.hpp
0.0	-- Installing: /work/grodgers/git/tr-aomp/TheRock/build/third-party/Catch2/stage/include/catch2/internal/catch_reporter_spec_parser.hpp
0.0	-- Installing: /work/grodgers/git/tr-aomp/TheRock/build/third-party/Catch2/stage/include/catch2/internal/catch_test_spec_parser.hpp
0.0	-- Installing: /work/grodgers/git/tr-aomp/TheRock/build/third-party/Catch2/stage/include/catch2/internal/catch_test_macro_impl.hpp
0.0	-- Installing: /work/grodgers/git/tr-aomp/TheRock/build/third-party/Catch2/stage/include/catch2/internal/catch_polyfills.hpp
0.0	-- Installing: /work/grodgers/git/tr-aomp/TheRock/build/third-party/Catch2/stage/include/catch2/internal/catch_decomposer.hpp
0.0	-- Installing: /work/grodgers/git/tr-aomp/TheRock/build/third-party/Catch2/stage/include/catch2/internal/catch_noncopyable.hpp
0.0	-- Installing: /work/grodgers/git/tr-aomp/TheRock/build/third-party/Catch2/stage/include/catch2/internal/catch_test_failure_exception.hpp
0.0	-- Installing: /work/grodgers/git/tr-aomp/TheRock/build/third-party/Catch2/stage/include/catch2/internal/catch_container_nonmembers.hpp
0.0	-- Installing: /work/grodgers/git/tr-aomp/TheRock/build/third-party/Catch2/stage/include/catch2/internal/catch_to_string.hpp
0.0	-- Installing: /work/grodgers/git/tr-aomp/TheRock/build/third-party/Catch2/stage/include/catch2/internal/catch_console_colour.hpp
0.0	-- Installing: /work/grodgers/git/tr-aomp/TheRock/build/third-party/Catch2/stage/include/catch2/internal/catch_stdstreams.hpp
0.0	-- Installing: /work/grodgers/git/tr-aomp/TheRock/build/third-party/Catch2/stage/include/catch2/internal/catch_unique_ptr.hpp
0.0	-- Installing: /work/grodgers/git/tr-aomp/TheRock/build/third-party/Catch2/stage/include/catch2/internal/catch_tag_alias_registry.hpp
0.0	-- Installing: /work/grodgers/git/tr-aomp/TheRock/build/third-party/Catch2/stage/include/catch2/internal/catch_debug_console.hpp
0.0	-- Installing: /work/grodgers/git/tr-aomp/TheRock/build/third-party/Catch2/stage/include/catch2/internal/catch_reporter_registry.hpp
0.0	-- Installing: /work/grodgers/git/tr-aomp/TheRock/build/third-party/Catch2/stage/include/catch2/internal/catch_test_registry.hpp
0.0	-- Installing: /work/grodgers/git/tr-aomp/TheRock/build/third-party/Catch2/stage/include/catch2/internal/catch_unique_name.hpp
0.0	-- Installing: /work/grodgers/git/tr-aomp/TheRock/build/third-party/Catch2/stage/include/catch2/internal/catch_clara.hpp
0.0	-- Installing: /work/grodgers/git/tr-aomp/TheRock/build/third-party/Catch2/stage/include/catch2/internal/catch_fatal_condition_handler.hpp
0.0	-- Installing: /work/grodgers/git/tr-aomp/TheRock/build/third-party/Catch2/stage/include/catch2/internal/catch_preprocessor_internal_stringify.hpp
0.0	-- Installing: /work/grodgers/git/tr-aomp/TheRock/build/third-party/Catch2/stage/include/catch2/internal/catch_case_insensitive_comparisons.hpp
0.0	-- Installing: /work/grodgers/git/tr-aomp/TheRock/build/third-party/Catch2/stage/include/catch2/internal/catch_preprocessor.hpp
0.0	-- Installing: /work/grodgers/git/tr-aomp/TheRock/build/third-party/Catch2/stage/include/catch2/internal/catch_template_test_registry.hpp
0.0	-- Installing: /work/grodgers/git/tr-aomp/TheRock/build/third-party/Catch2/stage/include/catch2/internal/catch_assertion_handler.hpp
0.0	-- Installing: /work/grodgers/git/tr-aomp/TheRock/build/third-party/Catch2/stage/include/catch2/internal/catch_string_manip.hpp
0.0	-- Installing: /work/grodgers/git/tr-aomp/TheRock/build/third-party/Catch2/stage/include/catch2/internal/catch_windows_h_proxy.hpp
0.0	-- Installing: /work/grodgers/git/tr-aomp/TheRock/build/third-party/Catch2/stage/include/catch2/internal/catch_leak_detector.hpp
0.0	-- Installing: /work/grodgers/git/tr-aomp/TheRock/build/third-party/Catch2/stage/include/catch2/internal/catch_output_redirect.hpp
0.0	-- Installing: /work/grodgers/git/tr-aomp/TheRock/build/third-party/Catch2/stage/include/catch2/internal/catch_move_and_forward.hpp
0.0	-- Installing: /work/grodgers/git/tr-aomp/TheRock/build/third-party/Catch2/stage/include/catch2/internal/catch_message_info.hpp
0.0	-- Installing: /work/grodgers/git/tr-aomp/TheRock/build/third-party/Catch2/stage/include/catch2/internal/catch_logical_traits.hpp
0.0	-- Installing: /work/grodgers/git/tr-aomp/TheRock/build/third-party/Catch2/stage/include/catch2/internal/catch_floating_point_helpers.hpp
0.0	-- Installing: /work/grodgers/git/tr-aomp/TheRock/build/third-party/Catch2/stage/include/catch2/internal/catch_wildcard_pattern.hpp
0.0	-- Installing: /work/grodgers/git/tr-aomp/TheRock/build/third-party/Catch2/stage/include/catch2/internal/catch_config_uncaught_exceptions.hpp
0.0	-- Installing: /work/grodgers/git/tr-aomp/TheRock/build/third-party/Catch2/stage/include/catch2/internal/catch_result_type.hpp
0.0	-- Installing: /work/grodgers/git/tr-aomp/TheRock/build/third-party/Catch2/stage/include/catch2/internal/catch_run_context.hpp
0.0	-- Installing: /work/grodgers/git/tr-aomp/TheRock/build/third-party/Catch2/stage/include/catch2/catch_all.hpp
0.0	-- Installing: /work/grodgers/git/tr-aomp/TheRock/build/third-party/Catch2/stage/include/catch2/catch_test_case_info.hpp
0.0	-- Installing: /work/grodgers/git/tr-aomp/TheRock/build/third-party/Catch2/stage/include/catch2/catch_approx.hpp
0.0	-- Installing: /work/grodgers/git/tr-aomp/TheRock/build/third-party/Catch2/stage/include/catch2/catch_case_sensitive.hpp
0.0	-- Installing: /work/grodgers/git/tr-aomp/TheRock/build/third-party/Catch2/stage/include/catch2/catch_test_spec.hpp
0.0	-- Installing: /work/grodgers/git/tr-aomp/TheRock/build/third-party/Catch2/stage/include/catch2/catch_get_random_seed.hpp
0.0	-- Installing: /work/grodgers/git/tr-aomp/TheRock/build/third-party/Catch2/stage/include/catch2/catch_config.hpp
0.0	-- Installing: /work/grodgers/git/tr-aomp/TheRock/build/third-party/Catch2/stage/include/catch2/catch_version.hpp
0.0	-- Installing: /work/grodgers/git/tr-aomp/TheRock/build/third-party/Catch2/stage/include/catch2/catch_message.hpp
0.0	-- Installing: /work/grodgers/git/tr-aomp/TheRock/build/third-party/Catch2/stage/include/catch2/catch_version_macros.hpp
0.0	-- Installing: /work/grodgers/git/tr-aomp/TheRock/build/third-party/Catch2/stage/include/catch2/catch_tag_alias.hpp
0.0	-- Up-to-date: /work/grodgers/git/tr-aomp/TheRock/build/third-party/Catch2/stage/include/catch2
0.0	-- Installing: /work/grodgers/git/tr-aomp/TheRock/build/third-party/Catch2/stage/include/catch2/catch_user_config.hpp
0.0	-- Installing: /work/grodgers/git/tr-aomp/TheRock/build/third-party/Catch2/stage/lib/cmake/Catch2/Catch2Config.cmake
0.0	-- Installing: /work/grodgers/git/tr-aomp/TheRock/build/third-party/Catch2/stage/lib/cmake/Catch2/Catch2ConfigVersion.cmake
0.0	-- Installing: /work/grodgers/git/tr-aomp/TheRock/build/third-party/Catch2/stage/share/doc/Catch2
0.0	-- Installing: /work/grodgers/git/tr-aomp/TheRock/build/third-party/Catch2/stage/share/doc/Catch2/reporters.md
0.0	-- Installing: /work/grodgers/git/tr-aomp/TheRock/build/third-party/Catch2/stage/share/doc/Catch2/contributing.md
0.0	-- Installing: /work/grodgers/git/tr-aomp/TheRock/build/third-party/Catch2/stage/share/doc/Catch2/assertions.md
0.0	-- Installing: /work/grodgers/git/tr-aomp/TheRock/build/third-party/Catch2/stage/share/doc/Catch2/matchers.md
0.0	-- Installing: /work/grodgers/git/tr-aomp/TheRock/build/third-party/Catch2/stage/share/doc/Catch2/test-cases-and-sections.md
0.0	-- Installing: /work/grodgers/git/tr-aomp/TheRock/build/third-party/Catch2/stage/share/doc/Catch2/configuration.md
0.0	-- Installing: /work/grodgers/git/tr-aomp/TheRock/build/third-party/Catch2/stage/share/doc/Catch2/tostring.md
0.0	-- Installing: /work/grodgers/git/tr-aomp/TheRock/build/third-party/Catch2/stage/share/doc/Catch2/cmake-integration.md
0.0	-- Installing: /work/grodgers/git/tr-aomp/TheRock/build/third-party/Catch2/stage/share/doc/Catch2/release-notes.md
0.0	-- Installing: /work/grodgers/git/tr-aomp/TheRock/build/third-party/Catch2/stage/share/doc/Catch2/generators.md
0.0	-- Installing: /work/grodgers/git/tr-aomp/TheRock/build/third-party/Catch2/stage/share/doc/Catch2/why-catch.md
0.0	-- Installing: /work/grodgers/git/tr-aomp/TheRock/build/third-party/Catch2/stage/share/doc/Catch2/commercial-users.md
0.0	-- Installing: /work/grodgers/git/tr-aomp/TheRock/build/third-party/Catch2/stage/share/doc/Catch2/list-of-examples.md
0.0	-- Installing: /work/grodgers/git/tr-aomp/TheRock/build/third-party/Catch2/stage/share/doc/Catch2/release-process.md
0.0	-- Installing: /work/grodgers/git/tr-aomp/TheRock/build/third-party/Catch2/stage/share/doc/Catch2/limitations.md
0.0	-- Installing: /work/grodgers/git/tr-aomp/TheRock/build/third-party/Catch2/stage/share/doc/Catch2/tutorial.md
0.0	-- Installing: /work/grodgers/git/tr-aomp/TheRock/build/third-party/Catch2/stage/share/doc/Catch2/opensource-users.md
0.0	-- Installing: /work/grodgers/git/tr-aomp/TheRock/build/third-party/Catch2/stage/share/doc/Catch2/skipping-passing-failing.md
0.0	-- Installing: /work/grodgers/git/tr-aomp/TheRock/build/third-party/Catch2/stage/share/doc/Catch2/comparing-floating-point-numbers.md
0.0	-- Installing: /work/grodgers/git/tr-aomp/TheRock/build/third-party/Catch2/stage/share/doc/Catch2/test-fixtures.md
0.0	-- Installing: /work/grodgers/git/tr-aomp/TheRock/build/third-party/Catch2/stage/share/doc/Catch2/own-main.md
0.0	-- Installing: /work/grodgers/git/tr-aomp/TheRock/build/third-party/Catch2/stage/share/doc/Catch2/logging.md
0.0	-- Installing: /work/grodgers/git/tr-aomp/TheRock/build/third-party/Catch2/stage/share/doc/Catch2/benchmarks.md
0.0	-- Installing: /work/grodgers/git/tr-aomp/TheRock/build/third-party/Catch2/stage/share/doc/Catch2/command-line.md
0.0	-- Installing: /work/grodgers/git/tr-aomp/TheRock/build/third-party/Catch2/stage/share/doc/Catch2/ci-and-misc.md
0.0	-- Installing: /work/grodgers/git/tr-aomp/TheRock/build/third-party/Catch2/stage/share/doc/Catch2/faq.md
0.0	-- Installing: /work/grodgers/git/tr-aomp/TheRock/build/third-party/Catch2/stage/share/doc/Catch2/deprecations.md
0.0	-- Installing: /work/grodgers/git/tr-aomp/TheRock/build/third-party/Catch2/stage/share/doc/Catch2/Readme.md
0.0	-- Installing: /work/grodgers/git/tr-aomp/TheRock/build/third-party/Catch2/stage/share/doc/Catch2/usage-tips.md
0.0	-- Installing: /work/grodgers/git/tr-aomp/TheRock/build/third-party/Catch2/stage/share/doc/Catch2/other-macros.md
0.0	-- Installing: /work/grodgers/git/tr-aomp/TheRock/build/third-party/Catch2/stage/share/doc/Catch2/migrate-v2-to-v3.md
0.0	-- Installing: /work/grodgers/git/tr-aomp/TheRock/build/third-party/Catch2/stage/share/doc/Catch2/event-listeners.md
0.0	-- Installing: /work/grodgers/git/tr-aomp/TheRock/build/third-party/Catch2/stage/share/doc/Catch2/reporter-events.md
0.0	-- Installing: /work/grodgers/git/tr-aomp/TheRock/build/third-party/Catch2/stage/lib/cmake/Catch2/ParseAndAddCatchTests.cmake
0.0	-- Installing: /work/grodgers/git/tr-aomp/TheRock/build/third-party/Catch2/stage/lib/cmake/Catch2/Catch.cmake
0.0	-- Installing: /work/grodgers/git/tr-aomp/TheRock/build/third-party/Catch2/stage/lib/cmake/Catch2/CatchAddTests.cmake
0.0	-- Installing: /work/grodgers/git/tr-aomp/TheRock/build/third-party/Catch2/stage/lib/cmake/Catch2/CatchShardTests.cmake
0.0	-- Installing: /work/grodgers/git/tr-aomp/TheRock/build/third-party/Catch2/stage/lib/cmake/Catch2/CatchShardTestsImpl.cmake
0.0	-- Installing: /work/grodgers/git/tr-aomp/TheRock/build/third-party/Catch2/stage/share/Catch2/gdbinit
0.0	-- Installing: /work/grodgers/git/tr-aomp/TheRock/build/third-party/Catch2/stage/share/Catch2/lldbinit
0.0	-- Installing: /work/grodgers/git/tr-aomp/TheRock/build/third-party/Catch2/stage/share/pkgconfig/catch2.pc
0.0	-- Installing: /work/grodgers/git/tr-aomp/TheRock/build/third-party/Catch2/stage/share/pkgconfig/catch2-with-main.pc
END	1757693409.0602703	0.04144930839538574	0
