BEGIN	1757693406.0879364
EXEC	/work1/grodgers/git/tr-aomp/TheRock/build/third-party/Catch2/build	/usr/bin/cmake -E env --unset=ROCM_PATH --unset=ROCM_DIR --unset=HIP_PATH --unset=HIP_DIR -- /usr/bin/cmake --build /work/grodgers/git/tr-aomp/TheRock/build/third-party/Catch2/build
0.1	[1/109] cd /work/grodgers/git/tr-aomp/TheRock/build/third-party/Catch2/build && /usr/bin/cmake -E rm -f /work/grodgers/git/tr-aomp/TheRock/build/third-party/Catch2/stamp/stage.stamp
0.1	[2/109] Building CXX object src/CMakeFiles/Catch2.dir/catch2/internal/catch_errno_guard.cpp.o
0.1	[3/109] Building CXX object src/CMakeFiles/Catch2.dir/catch2/internal/catch_context.cpp.o
0.1	[4/109] Building CXX object src/CMakeFiles/Catch2.dir/catch2/generators/catch_generator_exception.cpp.o
0.1	[5/109] Building CXX object src/CMakeFiles/Catch2.dir/catch2/catch_totals.cpp.o
0.1	[6/109] Building CXX object src/CMakeFiles/Catch2.dir/catch2/internal/catch_getenv.cpp.o
0.1	[7/109] Building CXX object src/CMakeFiles/Catch2.dir/catch2/internal/catch_random_number_generator.cpp.o
0.1	[8/109] Building CXX object src/CMakeFiles/Catch2.dir/catch2/benchmark/catch_chronometer.cpp.o
0.1	[9/109] Building CXX object src/CMakeFiles/Catch2.dir/catch2/benchmark/detail/catch_benchmark_function.cpp.o
0.1	[10/109] Building CXX object src/CMakeFiles/Catch2.dir/catch2/catch_timer.cpp.o
0.1	[11/109] Building CXX object src/CMakeFiles/Catch2.dir/catch2/internal/catch_uncaught_exceptions.cpp.o
0.1	[12/109] Building CXX object src/CMakeFiles/Catch2.dir/catch2/interfaces/catch_interfaces_testcase.cpp.o
0.2	[13/109] Building CXX object src/CMakeFiles/Catch2.dir/catch2/internal/catch_polyfills.cpp.o
0.2	[14/109] Building CXX object src/CMakeFiles/Catch2.dir/catch2/internal/catch_floating_point_helpers.cpp.o
0.2	[15/109] Building CXX object src/CMakeFiles/Catch2.dir/catch2/internal/catch_singletons.cpp.o
0.2	[16/109] Building CXX object src/CMakeFiles/Catch2.dir/catch2/interfaces/catch_interfaces_registry_hub.cpp.o
0.2	[17/109] Building CXX object src/CMakeFiles/Catch2.dir/catch2/interfaces/catch_interfaces_reporter_factory.cpp.o
0.2	[18/109] Building CXX object src/CMakeFiles/Catch2.dir/catch2/reporters/catch_reporter_registrars.cpp.o
0.2	[19/109] Building CXX object src/CMakeFiles/Catch2.dir/catch2/catch_tag_alias_autoregistrar.cpp.o
0.2	[20/109] Building CXX object src/CMakeFiles/Catch2.dir/catch2/internal/catch_message_info.cpp.o
0.2	[21/109] Building CXX object src/CMakeFiles/Catch2.dir/catch2/interfaces/catch_interfaces_generatortracker.cpp.o
0.2	[22/109] Building CXX object src/CMakeFiles/Catch2.dir/catch2/interfaces/catch_interfaces_capture.cpp.o
0.2	[23/109] Building CXX object src/CMakeFiles/Catch2.dir/catch2/internal/catch_startup_exception_registry.cpp.o
0.3	[24/109] Building CXX object src/CMakeFiles/Catch2.dir/catch2/internal/catch_test_case_info_hasher.cpp.o
0.3	[25/109] Building CXX object src/CMakeFiles/Catch2.dir/catch2/internal/catch_debug_console.cpp.o
0.3	[26/109] Building CXX object src/CMakeFiles/Catch2.dir/catch2/internal/catch_parse_numbers.cpp.o
0.3	[27/109] Building CXX object src/CMakeFiles/Catch2.dir/catch2/catch_version.cpp.o
0.3	[28/109] Building CXX object src/CMakeFiles/Catch2.dir/catch2/internal/catch_enforce.cpp.o
0.3	[29/109] Building CXX object src/CMakeFiles/Catch2.dir/catch2/internal/catch_case_insensitive_comparisons.cpp.o
0.3	[30/109] Building CXX object src/CMakeFiles/Catch2.dir/catch2/reporters/catch_reporter_event_listener.cpp.o
0.3	[31/109] Building CXX object src/CMakeFiles/Catch2.dir/catch2/interfaces/catch_interfaces_config.cpp.o
0.3	[32/109] Building CXX object src/CMakeFiles/Catch2.dir/catch2/internal/catch_source_line_info.cpp.o
0.3	[33/109] Building CXX object src/CMakeFiles/Catch2.dir/catch2/benchmark/detail/catch_run_for_at_least.cpp.o
0.3	[34/109] Building CXX object src/CMakeFiles/Catch2.dir/catch2/internal/catch_stdstreams.cpp.o
0.3	[35/109] Building CXX object src/CMakeFiles/Catch2.dir/catch2/internal/catch_leak_detector.cpp.o
0.3	[36/109] Building CXX object src/CMakeFiles/Catch2.dir/catch2/catch_get_random_seed.cpp.o
0.3	[37/109] Building CXX object src/CMakeFiles/Catch2.dir/catch2/internal/catch_test_failure_exception.cpp.o
0.3	[38/109] Building CXX object src/CMakeFiles/Catch2.dir/catch2/interfaces/catch_interfaces_exception.cpp.o
0.3	[39/109] Building CXX object src/CMakeFiles/Catch2.dir/catch2/catch_translate_exception.cpp.o
0.3	[40/109] Building CXX object src/CMakeFiles/Catch2.dir/catch2/internal/catch_section.cpp.o
0.3	[41/109] Building CXX object src/CMakeFiles/Catch2.dir/catch2/internal/catch_stringref.cpp.o
0.3	[42/109] Building CXX object src/CMakeFiles/Catch2.dir/catch2/internal/catch_debugger.cpp.o
0.3	[43/109] Building CXX object src/CMakeFiles/Catch2.dir/catch2/internal/catch_output_redirect.cpp.o
0.3	[44/109] Building CXX object src/CMakeFiles/Catch2.dir/catch2/generators/catch_generators.cpp.o
0.3	[45/109] Building CXX object src/CMakeFiles/Catch2.dir/catch2/internal/catch_decomposer.cpp.o
0.3	[46/109] Building CXX object src/CMakeFiles/Catch2.dir/catch2/catch_assertion_result.cpp.o
0.3	[47/109] Building CXX object src/CMakeFiles/Catch2.dir/catch2/benchmark/detail/catch_analyse.cpp.o
0.3	[48/109] Building CXX object src/CMakeFiles/Catch2.dir/catch2/internal/catch_assertion_handler.cpp.o
0.3	[49/109] Building CXX object src/CMakeFiles/Catch2.dir/catch2/internal/catch_fatal_condition_handler.cpp.o
0.3	[50/109] Building CXX object src/CMakeFiles/Catch2.dir/catch2/internal/catch_exception_translator_registry.cpp.o
0.3	[51/109] Building CXX object src/CMakeFiles/Catch2.dir/catch2/reporters/catch_reporter_streaming_base.cpp.o
0.3	[52/109] Building CXX object src/CMakeFiles/Catch2.dir/catch2/matchers/internal/catch_matchers_impl.cpp.o
0.3	[53/109] Building CXX object src/CMakeFiles/Catch2.dir/catch2/internal/catch_jsonwriter.cpp.o
0.4	[54/109] Building CXX object src/CMakeFiles/Catch2.dir/catch2/internal/catch_lazy_expr.cpp.o
0.4	[55/109] Building CXX object src/CMakeFiles/Catch2.dir/catch2/internal/catch_console_colour.cpp.o
0.4	[56/109] Building CXX object src/CMakeFiles/Catch2.dir/catch2/internal/catch_wildcard_pattern.cpp.o
0.4	[57/109] Building CXX object src/CMakeFiles/Catch2.dir/catch2/matchers/catch_matchers_predicate.cpp.o
0.4	[58/109] Building CXX object src/CMakeFiles/Catch2.dir/catch2/reporters/catch_reporter_automake.cpp.o
0.4	[59/109] Building CXX object src/CMakeFiles/Catch2.dir/catch2/matchers/catch_matchers_templated.cpp.o
0.4	[60/109] Building CXX object src/CMakeFiles/Catch2.dir/catch2/internal/catch_test_registry.cpp.o
0.4	[61/109] Building CXX object src/CMakeFiles/Catch2.dir/catch2/internal/catch_string_manip.cpp.o
0.4	[62/109] Building CXX object src/CMakeFiles/Catch2.dir/catch2/catch_approx.cpp.o
0.4	[63/109] Building CXX object src/CMakeFiles/Catch2.dir/catch2/internal/catch_random_seed_generation.cpp.o
0.4	[64/109] Building CXX object src/CMakeFiles/Catch2.dir/catch2/internal/catch_enum_values_registry.cpp.o
0.4	[65/109] Building CXX object src/CMakeFiles/Catch2.dir/catch2/matchers/catch_matchers_quantifiers.cpp.o
0.4	[66/109] Building CXX object src/CMakeFiles/Catch2.dir/catch2/reporters/catch_reporter_common_base.cpp.o
0.4	[67/109] Building CXX object src/CMakeFiles/Catch2.dir/catch2/matchers/catch_matchers_exception.cpp.o
0.4	[68/109] Building CXX object src/CMakeFiles/Catch2.dir/catch2/matchers/catch_matchers_container_properties.cpp.o
0.4	[69/109] Building CXX object src/CMakeFiles/Catch2.dir/catch2/generators/catch_generators_random.cpp.o
0.4	[70/109] Building CXX object src/CMakeFiles/Catch2.dir/catch2/matchers/catch_matchers.cpp.o
0.5	[71/109] Building CXX object src/CMakeFiles/Catch2.dir/catch2/internal/catch_reusable_string_stream.cpp.o
0.5	[72/109] Building CXX object src/CMakeFiles/Catch2.dir/catch2/internal/catch_istream.cpp.o
0.5	[73/109] Building CXX object src/CMakeFiles/Catch2.dir/catch2/interfaces/catch_interfaces_reporter.cpp.o
0.5	[74/109] Building CXX object src/CMakeFiles/Catch2.dir/catch2/catch_message.cpp.o
0.5	[75/109] Building CXX object src/CMakeFiles/Catch2.dir/catch2/internal/catch_xmlwriter.cpp.o
0.5	[76/109] Building CXX object src/CMakeFiles/Catch2.dir/catch2/catch_registry_hub.cpp.o
0.5	[77/109] Building CXX object src/CMakeFiles/Catch2WithMain.dir/catch2/internal/catch_main.cpp.o
0.5	[78/109] Building CXX object src/CMakeFiles/Catch2.dir/catch2/reporters/catch_reporter_teamcity.cpp.o
0.5	[79/109] Building CXX object src/CMakeFiles/Catch2.dir/catch2/catch_test_case_info.cpp.o
0.5	[80/109] Building CXX object src/CMakeFiles/Catch2.dir/catch2/internal/catch_tag_alias_registry.cpp.o
0.5	[81/109] Building CXX object src/CMakeFiles/Catch2.dir/catch2/internal/catch_test_case_tracker.cpp.o
0.6	[82/109] Building CXX object src/CMakeFiles/Catch2.dir/catch2/benchmark/detail/catch_stats.cpp.o
0.6	[83/109] Building CXX object src/CMakeFiles/Catch2.dir/catch2/reporters/catch_reporter_tap.cpp.o
0.6	[84/109] Building CXX object src/CMakeFiles/Catch2.dir/catch2/catch_test_spec.cpp.o
0.6	[85/109] Building CXX object src/CMakeFiles/Catch2.dir/catch2/internal/catch_test_spec_parser.cpp.o
0.6	[86/109] Building CXX object src/CMakeFiles/Catch2.dir/catch2/catch_tostring.cpp.o
0.6	[87/109] Building CXX object src/CMakeFiles/Catch2.dir/catch2/reporters/catch_reporter_sonarqube.cpp.o
0.6	[88/109] Building CXX object src/CMakeFiles/Catch2.dir/catch2/internal/catch_reporter_spec_parser.cpp.o
0.6	[89/109] Building CXX object src/CMakeFiles/Catch2.dir/catch2/reporters/catch_reporter_compact.cpp.o
0.6	[90/109] Building CXX object src/CMakeFiles/Catch2.dir/catch2/internal/catch_textflow.cpp.o
0.7	[91/109] Building CXX object src/CMakeFiles/Catch2.dir/catch2/matchers/catch_matchers_floating_point.cpp.o
0.7	[92/109] Building CXX object src/CMakeFiles/Catch2.dir/catch2/internal/catch_list.cpp.o
0.7	[93/109] Building CXX object src/CMakeFiles/Catch2.dir/catch2/reporters/catch_reporter_junit.cpp.o
0.7	[94/109] Building CXX object src/CMakeFiles/Catch2.dir/catch2/reporters/catch_reporter_xml.cpp.o
0.7	[95/109] Building CXX object src/CMakeFiles/Catch2.dir/catch2/reporters/catch_reporter_multi.cpp.o
0.7	[96/109] Building CXX object src/CMakeFiles/Catch2.dir/catch2/reporters/catch_reporter_console.cpp.o
0.7	[97/109] Building CXX object src/CMakeFiles/Catch2.dir/catch2/internal/catch_reporter_registry.cpp.o
0.8	[98/109] Building CXX object src/CMakeFiles/Catch2.dir/catch2/reporters/catch_reporter_cumulative_base.cpp.o
0.8	[99/109] Building CXX object src/CMakeFiles/Catch2.dir/catch2/internal/catch_test_case_registry_impl.cpp.o
0.9	[100/109] Building CXX object src/CMakeFiles/Catch2.dir/catch2/reporters/catch_reporter_helpers.cpp.o
0.9	[101/109] Building CXX object src/CMakeFiles/Catch2.dir/catch2/reporters/catch_reporter_json.cpp.o
0.9	[102/109] Building CXX object src/CMakeFiles/Catch2.dir/catch2/internal/catch_run_context.cpp.o
0.9	[103/109] Building CXX object src/CMakeFiles/Catch2.dir/catch2/catch_config.cpp.o
1.2	[104/109] Building CXX object src/CMakeFiles/Catch2.dir/catch2/internal/catch_clara.cpp.o
1.4	[105/109] Building CXX object src/CMakeFiles/Catch2.dir/catch2/catch_session.cpp.o
2.1	[106/109] Building CXX object src/CMakeFiles/Catch2.dir/catch2/internal/catch_commandline.cpp.o
2.7	[107/109] Building CXX object src/CMakeFiles/Catch2.dir/catch2/matchers/catch_matchers_string.cpp.o
2.8	[108/109] Linking CXX static library src/libCatch2.a
2.9	[109/109] Linking CXX static library src/libCatch2Main.a
END	1757693408.978842	2.8909056186676025	0
