BEGIN	1757693412.0982578
EXEC	/work1/grodgers/git/tr-aomp/TheRock/build/third-party/eigen/build	/usr/bin/cmake --install /work/grodgers/git/tr-aomp/TheRock/build/third-party/eigen/build
0.0	-- Install configuration: "Release"
0.0	-- Installing: /work/grodgers/git/tr-aomp/TheRock/build/third-party/eigen/stage/include/eigen3/signature_of_eigen3_matrix_library
0.0	-- Installing: /work/grodgers/git/tr-aomp/TheRock/build/third-party/eigen/stage/share/pkgconfig/eigen3.pc
0.0	-- Installing: /work/grodgers/git/tr-aomp/TheRock/build/third-party/eigen/stage/include/eigen3/Eigen
0.0	-- Installing: /work/grodgers/git/tr-aomp/TheRock/build/third-party/eigen/stage/include/eigen3/Eigen/UmfPackSupport
0.0	-- Installing: /work/grodgers/git/tr-aomp/TheRock/build/third-party/eigen/stage/include/eigen3/Eigen/Sparse
0.0	-- Installing: /work/grodgers/git/tr-aomp/TheRock/build/third-party/eigen/stage/include/eigen3/Eigen/Householder
0.0	-- Installing: /work/grodgers/git/tr-aomp/TheRock/build/third-party/eigen/stage/include/eigen3/Eigen/OrderingMethods
0.0	-- Installing: /work/grodgers/git/tr-aomp/TheRock/build/third-party/eigen/stage/include/eigen3/Eigen/QR
0.0	-- Installing: /work/grodgers/git/tr-aomp/TheRock/build/third-party/eigen/stage/include/eigen3/Eigen/SVD
0.0	-- Installing: /work/grodgers/git/tr-aomp/TheRock/build/third-party/eigen/stage/include/eigen3/Eigen/Geometry
0.0	-- Installing: /work/grodgers/git/tr-aomp/TheRock/build/third-party/eigen/stage/include/eigen3/Eigen/src
0.0	-- Installing: /work/grodgers/git/tr-aomp/TheRock/build/third-party/eigen/stage/include/eigen3/Eigen/src/plugins
0.0	-- Installing: /work/grodgers/git/tr-aomp/TheRock/build/third-party/eigen/stage/include/eigen3/Eigen/src/plugins/MatrixCwiseBinaryOps.h
0.0	-- Installing: /work/grodgers/git/tr-aomp/TheRock/build/third-party/eigen/stage/include/eigen3/Eigen/src/plugins/ArrayCwiseBinaryOps.h
0.0	-- Installing: /work/grodgers/git/tr-aomp/TheRock/build/third-party/eigen/stage/include/eigen3/Eigen/src/plugins/ReshapedMethods.h
0.0	-- Installing: /work/grodgers/git/tr-aomp/TheRock/build/third-party/eigen/stage/include/eigen3/Eigen/src/plugins/CommonCwiseUnaryOps.h
0.0	-- Installing: /work/grodgers/git/tr-aomp/TheRock/build/third-party/eigen/stage/include/eigen3/Eigen/src/plugins/CommonCwiseBinaryOps.h
0.0	-- Installing: /work/grodgers/git/tr-aomp/TheRock/build/third-party/eigen/stage/include/eigen3/Eigen/src/plugins/ArrayCwiseUnaryOps.h
0.0	-- Installing: /work/grodgers/git/tr-aomp/TheRock/build/third-party/eigen/stage/include/eigen3/Eigen/src/plugins/IndexedViewMethods.h
0.0	-- Installing: /work/grodgers/git/tr-aomp/TheRock/build/third-party/eigen/stage/include/eigen3/Eigen/src/plugins/MatrixCwiseUnaryOps.h
0.0	-- Installing: /work/grodgers/git/tr-aomp/TheRock/build/third-party/eigen/stage/include/eigen3/Eigen/src/plugins/BlockMethods.h
0.0	-- Installing: /work/grodgers/git/tr-aomp/TheRock/build/third-party/eigen/stage/include/eigen3/Eigen/src/UmfPackSupport
0.0	-- Installing: /work/grodgers/git/tr-aomp/TheRock/build/third-party/eigen/stage/include/eigen3/Eigen/src/UmfPackSupport/UmfPackSupport.h
0.0	-- Installing: /work/grodgers/git/tr-aomp/TheRock/build/third-party/eigen/stage/include/eigen3/Eigen/src/Householder
0.0	-- Installing: /work/grodgers/git/tr-aomp/TheRock/build/third-party/eigen/stage/include/eigen3/Eigen/src/Householder/HouseholderSequence.h
0.0	-- Installing: /work/grodgers/git/tr-aomp/TheRock/build/third-party/eigen/stage/include/eigen3/Eigen/src/Householder/Householder.h
0.0	-- Installing: /work/grodgers/git/tr-aomp/TheRock/build/third-party/eigen/stage/include/eigen3/Eigen/src/Householder/BlockHouseholder.h
0.0	-- Installing: /work/grodgers/git/tr-aomp/TheRock/build/third-party/eigen/stage/include/eigen3/Eigen/src/OrderingMethods
0.0	-- Installing: /work/grodgers/git/tr-aomp/TheRock/build/third-party/eigen/stage/include/eigen3/Eigen/src/OrderingMethods/Eigen_Colamd.h
0.0	-- Installing: /work/grodgers/git/tr-aomp/TheRock/build/third-party/eigen/stage/include/eigen3/Eigen/src/OrderingMethods/Amd.h
0.0	-- Installing: /work/grodgers/git/tr-aomp/TheRock/build/third-party/eigen/stage/include/eigen3/Eigen/src/OrderingMethods/Ordering.h
0.0	-- Installing: /work/grodgers/git/tr-aomp/TheRock/build/third-party/eigen/stage/include/eigen3/Eigen/src/misc
0.0	-- Installing: /work/grodgers/git/tr-aomp/TheRock/build/third-party/eigen/stage/include/eigen3/Eigen/src/misc/Image.h
0.0	-- Installing: /work/grodgers/git/tr-aomp/TheRock/build/third-party/eigen/stage/include/eigen3/Eigen/src/misc/blas.h
0.0	-- Installing: /work/grodgers/git/tr-aomp/TheRock/build/third-party/eigen/stage/include/eigen3/Eigen/src/misc/lapacke_mangling.h
0.0	-- Installing: /work/grodgers/git/tr-aomp/TheRock/build/third-party/eigen/stage/include/eigen3/Eigen/src/misc/RealSvd2x2.h
0.0	-- Installing: /work/grodgers/git/tr-aomp/TheRock/build/third-party/eigen/stage/include/eigen3/Eigen/src/misc/lapack.h
0.0	-- Installing: /work/grodgers/git/tr-aomp/TheRock/build/third-party/eigen/stage/include/eigen3/Eigen/src/misc/Kernel.h
0.0	-- Installing: /work/grodgers/git/tr-aomp/TheRock/build/third-party/eigen/stage/include/eigen3/Eigen/src/misc/lapacke.h
0.0	-- Installing: /work/grodgers/git/tr-aomp/TheRock/build/third-party/eigen/stage/include/eigen3/Eigen/src/QR
0.0	-- Installing: /work/grodgers/git/tr-aomp/TheRock/build/third-party/eigen/stage/include/eigen3/Eigen/src/QR/FullPivHouseholderQR.h
0.0	-- Installing: /work/grodgers/git/tr-aomp/TheRock/build/third-party/eigen/stage/include/eigen3/Eigen/src/QR/CompleteOrthogonalDecomposition.h
0.0	-- Installing: /work/grodgers/git/tr-aomp/TheRock/build/third-party/eigen/stage/include/eigen3/Eigen/src/QR/HouseholderQR.h
0.0	-- Installing: /work/grodgers/git/tr-aomp/TheRock/build/third-party/eigen/stage/include/eigen3/Eigen/src/QR/HouseholderQR_LAPACKE.h
0.0	-- Installing: /work/grodgers/git/tr-aomp/TheRock/build/third-party/eigen/stage/include/eigen3/Eigen/src/QR/ColPivHouseholderQR_LAPACKE.h
0.0	-- Installing: /work/grodgers/git/tr-aomp/TheRock/build/third-party/eigen/stage/include/eigen3/Eigen/src/QR/ColPivHouseholderQR.h
0.0	-- Installing: /work/grodgers/git/tr-aomp/TheRock/build/third-party/eigen/stage/include/eigen3/Eigen/src/SVD
0.0	-- Installing: /work/grodgers/git/tr-aomp/TheRock/build/third-party/eigen/stage/include/eigen3/Eigen/src/SVD/JacobiSVD.h
0.0	-- Installing: /work/grodgers/git/tr-aomp/TheRock/build/third-party/eigen/stage/include/eigen3/Eigen/src/SVD/JacobiSVD_LAPACKE.h
0.0	-- Installing: /work/grodgers/git/tr-aomp/TheRock/build/third-party/eigen/stage/include/eigen3/Eigen/src/SVD/BDCSVD.h
0.0	-- Installing: /work/grodgers/git/tr-aomp/TheRock/build/third-party/eigen/stage/include/eigen3/Eigen/src/SVD/SVDBase.h
0.0	-- Installing: /work/grodgers/git/tr-aomp/TheRock/build/third-party/eigen/stage/include/eigen3/Eigen/src/SVD/UpperBidiagonalization.h
0.0	-- Installing: /work/grodgers/git/tr-aomp/TheRock/build/third-party/eigen/stage/include/eigen3/Eigen/src/Geometry
0.0	-- Installing: /work/grodgers/git/tr-aomp/TheRock/build/third-party/eigen/stage/include/eigen3/Eigen/src/Geometry/Hyperplane.h
0.0	-- Installing: /work/grodgers/git/tr-aomp/TheRock/build/third-party/eigen/stage/include/eigen3/Eigen/src/Geometry/arch
0.0	-- Installing: /work/grodgers/git/tr-aomp/TheRock/build/third-party/eigen/stage/include/eigen3/Eigen/src/Geometry/arch/Geometry_SIMD.h
0.0	-- Installing: /work/grodgers/git/tr-aomp/TheRock/build/third-party/eigen/stage/include/eigen3/Eigen/src/Geometry/Translation.h
0.0	-- Installing: /work/grodgers/git/tr-aomp/TheRock/build/third-party/eigen/stage/include/eigen3/Eigen/src/Geometry/Quaternion.h
0.0	-- Installing: /work/grodgers/git/tr-aomp/TheRock/build/third-party/eigen/stage/include/eigen3/Eigen/src/Geometry/EulerAngles.h
0.0	-- Installing: /work/grodgers/git/tr-aomp/TheRock/build/third-party/eigen/stage/include/eigen3/Eigen/src/Geometry/ParametrizedLine.h
0.0	-- Installing: /work/grodgers/git/tr-aomp/TheRock/build/third-party/eigen/stage/include/eigen3/Eigen/src/Geometry/Rotation2D.h
0.0	-- Installing: /work/grodgers/git/tr-aomp/TheRock/build/third-party/eigen/stage/include/eigen3/Eigen/src/Geometry/AlignedBox.h
0.0	-- Installing: /work/grodgers/git/tr-aomp/TheRock/build/third-party/eigen/stage/include/eigen3/Eigen/src/Geometry/RotationBase.h
0.0	-- Installing: /work/grodgers/git/tr-aomp/TheRock/build/third-party/eigen/stage/include/eigen3/Eigen/src/Geometry/Scaling.h
0.0	-- Installing: /work/grodgers/git/tr-aomp/TheRock/build/third-party/eigen/stage/include/eigen3/Eigen/src/Geometry/OrthoMethods.h
0.0	-- Installing: /work/grodgers/git/tr-aomp/TheRock/build/third-party/eigen/stage/include/eigen3/Eigen/src/Geometry/AngleAxis.h
0.0	-- Installing: /work/grodgers/git/tr-aomp/TheRock/build/third-party/eigen/stage/include/eigen3/Eigen/src/Geometry/Umeyama.h
0.0	-- Installing: /work/grodgers/git/tr-aomp/TheRock/build/third-party/eigen/stage/include/eigen3/Eigen/src/Geometry/Transform.h
0.0	-- Installing: /work/grodgers/git/tr-aomp/TheRock/build/third-party/eigen/stage/include/eigen3/Eigen/src/Geometry/Homogeneous.h
0.0	-- Installing: /work/grodgers/git/tr-aomp/TheRock/build/third-party/eigen/stage/include/eigen3/Eigen/src/IterativeLinearSolvers
0.0	-- Installing: /work/grodgers/git/tr-aomp/TheRock/build/third-party/eigen/stage/include/eigen3/Eigen/src/IterativeLinearSolvers/BasicPreconditioners.h
0.0	-- Installing: /work/grodgers/git/tr-aomp/TheRock/build/third-party/eigen/stage/include/eigen3/Eigen/src/IterativeLinearSolvers/IterativeSolverBase.h
0.0	-- Installing: /work/grodgers/git/tr-aomp/TheRock/build/third-party/eigen/stage/include/eigen3/Eigen/src/IterativeLinearSolvers/SolveWithGuess.h
0.0	-- Installing: /work/grodgers/git/tr-aomp/TheRock/build/third-party/eigen/stage/include/eigen3/Eigen/src/IterativeLinearSolvers/BiCGSTAB.h
0.0	-- Installing: /work/grodgers/git/tr-aomp/TheRock/build/third-party/eigen/stage/include/eigen3/Eigen/src/IterativeLinearSolvers/IncompleteCholesky.h
0.0	-- Installing: /work/grodgers/git/tr-aomp/TheRock/build/third-party/eigen/stage/include/eigen3/Eigen/src/IterativeLinearSolvers/ConjugateGradient.h
0.0	-- Installing: /work/grodgers/git/tr-aomp/TheRock/build/third-party/eigen/stage/include/eigen3/Eigen/src/IterativeLinearSolvers/LeastSquareConjugateGradient.h
0.0	-- Installing: /work/grodgers/git/tr-aomp/TheRock/build/third-party/eigen/stage/include/eigen3/Eigen/src/IterativeLinearSolvers/IncompleteLUT.h
0.0	-- Installing: /work/grodgers/git/tr-aomp/TheRock/build/third-party/eigen/stage/include/eigen3/Eigen/src/LU
0.0	-- Installing: /work/grodgers/git/tr-aomp/TheRock/build/third-party/eigen/stage/include/eigen3/Eigen/src/LU/Determinant.h
0.0	-- Installing: /work/grodgers/git/tr-aomp/TheRock/build/third-party/eigen/stage/include/eigen3/Eigen/src/LU/InverseImpl.h
0.0	-- Installing: /work/grodgers/git/tr-aomp/TheRock/build/third-party/eigen/stage/include/eigen3/Eigen/src/LU/arch
0.0	-- Installing: /work/grodgers/git/tr-aomp/TheRock/build/third-party/eigen/stage/include/eigen3/Eigen/src/LU/arch/InverseSize4.h
0.0	-- Installing: /work/grodgers/git/tr-aomp/TheRock/build/third-party/eigen/stage/include/eigen3/Eigen/src/LU/FullPivLU.h
0.0	-- Installing: /work/grodgers/git/tr-aomp/TheRock/build/third-party/eigen/stage/include/eigen3/Eigen/src/LU/PartialPivLU.h
0.0	-- Installing: /work/grodgers/git/tr-aomp/TheRock/build/third-party/eigen/stage/include/eigen3/Eigen/src/LU/PartialPivLU_LAPACKE.h
0.0	-- Installing: /work/grodgers/git/tr-aomp/TheRock/build/third-party/eigen/stage/include/eigen3/Eigen/src/Jacobi
0.0	-- Installing: /work/grodgers/git/tr-aomp/TheRock/build/third-party/eigen/stage/include/eigen3/Eigen/src/Jacobi/Jacobi.h
0.0	-- Installing: /work/grodgers/git/tr-aomp/TheRock/build/third-party/eigen/stage/include/eigen3/Eigen/src/MetisSupport
0.0	-- Installing: /work/grodgers/git/tr-aomp/TheRock/build/third-party/eigen/stage/include/eigen3/Eigen/src/MetisSupport/MetisSupport.h
0.0	-- Installing: /work/grodgers/git/tr-aomp/TheRock/build/third-party/eigen/stage/include/eigen3/Eigen/src/PaStiXSupport
0.0	-- Installing: /work/grodgers/git/tr-aomp/TheRock/build/third-party/eigen/stage/include/eigen3/Eigen/src/PaStiXSupport/PaStiXSupport.h
0.0	-- Installing: /work/grodgers/git/tr-aomp/TheRock/build/third-party/eigen/stage/include/eigen3/Eigen/src/CholmodSupport
0.0	-- Installing: /work/grodgers/git/tr-aomp/TheRock/build/third-party/eigen/stage/include/eigen3/Eigen/src/CholmodSupport/CholmodSupport.h
0.0	-- Installing: /work/grodgers/git/tr-aomp/TheRock/build/third-party/eigen/stage/include/eigen3/Eigen/src/StlSupport
0.0	-- Installing: /work/grodgers/git/tr-aomp/TheRock/build/third-party/eigen/stage/include/eigen3/Eigen/src/StlSupport/details.h
0.0	-- Installing: /work/grodgers/git/tr-aomp/TheRock/build/third-party/eigen/stage/include/eigen3/Eigen/src/StlSupport/StdDeque.h
0.0	-- Installing: /work/grodgers/git/tr-aomp/TheRock/build/third-party/eigen/stage/include/eigen3/Eigen/src/StlSupport/StdList.h
0.0	-- Installing: /work/grodgers/git/tr-aomp/TheRock/build/third-party/eigen/stage/include/eigen3/Eigen/src/StlSupport/StdVector.h
0.0	-- Installing: /work/grodgers/git/tr-aomp/TheRock/build/third-party/eigen/stage/include/eigen3/Eigen/src/KLUSupport
0.0	-- Installing: /work/grodgers/git/tr-aomp/TheRock/build/third-party/eigen/stage/include/eigen3/Eigen/src/KLUSupport/KLUSupport.h
0.0	-- Installing: /work/grodgers/git/tr-aomp/TheRock/build/third-party/eigen/stage/include/eigen3/Eigen/src/SparseLU
0.0	-- Installing: /work/grodgers/git/tr-aomp/TheRock/build/third-party/eigen/stage/include/eigen3/Eigen/src/SparseLU/SparseLU_panel_dfs.h
0.0	-- Installing: /work/grodgers/git/tr-aomp/TheRock/build/third-party/eigen/stage/include/eigen3/Eigen/src/SparseLU/SparseLU_pivotL.h
0.0	-- Installing: /work/grodgers/git/tr-aomp/TheRock/build/third-party/eigen/stage/include/eigen3/Eigen/src/SparseLU/SparseLU_panel_bmod.h
0.0	-- Installing: /work/grodgers/git/tr-aomp/TheRock/build/third-party/eigen/stage/include/eigen3/Eigen/src/SparseLU/SparseLU_column_dfs.h
0.0	-- Installing: /work/grodgers/git/tr-aomp/TheRock/build/third-party/eigen/stage/include/eigen3/Eigen/src/SparseLU/SparseLU.h
0.0	-- Installing: /work/grodgers/git/tr-aomp/TheRock/build/third-party/eigen/stage/include/eigen3/Eigen/src/SparseLU/SparseLU_gemm_kernel.h
0.0	-- Installing: /work/grodgers/git/tr-aomp/TheRock/build/third-party/eigen/stage/include/eigen3/Eigen/src/SparseLU/SparseLU_Memory.h
0.0	-- Installing: /work/grodgers/git/tr-aomp/TheRock/build/third-party/eigen/stage/include/eigen3/Eigen/src/SparseLU/SparseLU_copy_to_ucol.h
0.0	-- Installing: /work/grodgers/git/tr-aomp/TheRock/build/third-party/eigen/stage/include/eigen3/Eigen/src/SparseLU/SparseLU_SupernodalMatrix.h
0.0	-- Installing: /work/grodgers/git/tr-aomp/TheRock/build/third-party/eigen/stage/include/eigen3/Eigen/src/SparseLU/SparseLU_Utils.h
0.0	-- Installing: /work/grodgers/git/tr-aomp/TheRock/build/third-party/eigen/stage/include/eigen3/Eigen/src/SparseLU/SparseLU_kernel_bmod.h
0.0	-- Installing: /work/grodgers/git/tr-aomp/TheRock/build/third-party/eigen/stage/include/eigen3/Eigen/src/SparseLU/SparseLU_column_bmod.h
0.0	-- Installing: /work/grodgers/git/tr-aomp/TheRock/build/third-party/eigen/stage/include/eigen3/Eigen/src/SparseLU/SparseLU_heap_relax_snode.h
0.0	-- Installing: /work/grodgers/git/tr-aomp/TheRock/build/third-party/eigen/stage/include/eigen3/Eigen/src/SparseLU/SparseLUImpl.h
0.0	-- Installing: /work/grodgers/git/tr-aomp/TheRock/build/third-party/eigen/stage/include/eigen3/Eigen/src/SparseLU/SparseLU_Structs.h
0.0	-- Installing: /work/grodgers/git/tr-aomp/TheRock/build/third-party/eigen/stage/include/eigen3/Eigen/src/SparseLU/SparseLU_relax_snode.h
0.0	-- Installing: /work/grodgers/git/tr-aomp/TheRock/build/third-party/eigen/stage/include/eigen3/Eigen/src/SparseLU/SparseLU_pruneL.h
0.0	-- Installing: /work/grodgers/git/tr-aomp/TheRock/build/third-party/eigen/stage/include/eigen3/Eigen/src/SparseCholesky
0.0	-- Installing: /work/grodgers/git/tr-aomp/TheRock/build/third-party/eigen/stage/include/eigen3/Eigen/src/SparseCholesky/SimplicialCholesky.h
0.0	-- Installing: /work/grodgers/git/tr-aomp/TheRock/build/third-party/eigen/stage/include/eigen3/Eigen/src/SparseCholesky/SimplicialCholesky_impl.h
0.0	-- Installing: /work/grodgers/git/tr-aomp/TheRock/build/third-party/eigen/stage/include/eigen3/Eigen/src/Core
0.0	-- Installing: /work/grodgers/git/tr-aomp/TheRock/build/third-party/eigen/stage/include/eigen3/Eigen/src/Core/SolverBase.h
0.0	-- Installing: /work/grodgers/git/tr-aomp/TheRock/build/third-party/eigen/stage/include/eigen3/Eigen/src/Core/Dot.h
0.0	-- Installing: /work/grodgers/git/tr-aomp/TheRock/build/third-party/eigen/stage/include/eigen3/Eigen/src/Core/DenseBase.h
0.0	-- Installing: /work/grodgers/git/tr-aomp/TheRock/build/third-party/eigen/stage/include/eigen3/Eigen/src/Core/CwiseBinaryOp.h
0.0	-- Installing: /work/grodgers/git/tr-aomp/TheRock/build/third-party/eigen/stage/include/eigen3/Eigen/src/Core/DiagonalMatrix.h
0.0	-- Installing: /work/grodgers/git/tr-aomp/TheRock/build/third-party/eigen/stage/include/eigen3/Eigen/src/Core/CwiseUnaryView.h
0.0	-- Installing: /work/grodgers/git/tr-aomp/TheRock/build/third-party/eigen/stage/include/eigen3/Eigen/src/Core/DenseCoeffsBase.h
0.0	-- Installing: /work/grodgers/git/tr-aomp/TheRock/build/third-party/eigen/stage/include/eigen3/Eigen/src/Core/GenericPacketMath.h
0.0	-- Installing: /work/grodgers/git/tr-aomp/TheRock/build/third-party/eigen/stage/include/eigen3/Eigen/src/Core/functors
0.0	-- Installing: /work/grodgers/git/tr-aomp/TheRock/build/third-party/eigen/stage/include/eigen3/Eigen/src/Core/functors/AssignmentFunctors.h
0.0	-- Installing: /work/grodgers/git/tr-aomp/TheRock/build/third-party/eigen/stage/include/eigen3/Eigen/src/Core/functors/TernaryFunctors.h
0.0	-- Installing: /work/grodgers/git/tr-aomp/TheRock/build/third-party/eigen/stage/include/eigen3/Eigen/src/Core/functors/BinaryFunctors.h
0.0	-- Installing: /work/grodgers/git/tr-aomp/TheRock/build/third-party/eigen/stage/include/eigen3/Eigen/src/Core/functors/StlFunctors.h
0.0	-- Installing: /work/grodgers/git/tr-aomp/TheRock/build/third-party/eigen/stage/include/eigen3/Eigen/src/Core/functors/NullaryFunctors.h
0.0	-- Installing: /work/grodgers/git/tr-aomp/TheRock/build/third-party/eigen/stage/include/eigen3/Eigen/src/Core/functors/UnaryFunctors.h
0.0	-- Installing: /work/grodgers/git/tr-aomp/TheRock/build/third-party/eigen/stage/include/eigen3/Eigen/src/Core/Solve.h
0.0	-- Installing: /work/grodgers/git/tr-aomp/TheRock/build/third-party/eigen/stage/include/eigen3/Eigen/src/Core/TriangularMatrix.h
0.0	-- Installing: /work/grodgers/git/tr-aomp/TheRock/build/third-party/eigen/stage/include/eigen3/Eigen/src/Core/ArrayWrapper.h
0.0	-- Installing: /work/grodgers/git/tr-aomp/TheRock/build/third-party/eigen/stage/include/eigen3/Eigen/src/Core/VectorBlock.h
0.0	-- Installing: /work/grodgers/git/tr-aomp/TheRock/build/third-party/eigen/stage/include/eigen3/Eigen/src/Core/EigenBase.h
0.0	-- Installing: /work/grodgers/git/tr-aomp/TheRock/build/third-party/eigen/stage/include/eigen3/Eigen/src/Core/NoAlias.h
0.0	-- Installing: /work/grodgers/git/tr-aomp/TheRock/build/third-party/eigen/stage/include/eigen3/Eigen/src/Core/MathFunctions.h
0.0	-- Installing: /work/grodgers/git/tr-aomp/TheRock/build/third-party/eigen/stage/include/eigen3/Eigen/src/Core/Transpose.h
0.1	-- Installing: /work/grodgers/git/tr-aomp/TheRock/build/third-party/eigen/stage/include/eigen3/Eigen/src/Core/Random.h
0.1	-- Installing: /work/grodgers/git/tr-aomp/TheRock/build/third-party/eigen/stage/include/eigen3/Eigen/src/Core/AssignEvaluator.h
0.1	-- Installing: /work/grodgers/git/tr-aomp/TheRock/build/third-party/eigen/stage/include/eigen3/Eigen/src/Core/IndexedView.h
0.1	-- Installing: /work/grodgers/git/tr-aomp/TheRock/build/third-party/eigen/stage/include/eigen3/Eigen/src/Core/Redux.h
0.1	-- Installing: /work/grodgers/git/tr-aomp/TheRock/build/third-party/eigen/stage/include/eigen3/Eigen/src/Core/IO.h
0.1	-- Installing: /work/grodgers/git/tr-aomp/TheRock/build/third-party/eigen/stage/include/eigen3/Eigen/src/Core/SelfCwiseBinaryOp.h
0.1	-- Installing: /work/grodgers/git/tr-aomp/TheRock/build/third-party/eigen/stage/include/eigen3/Eigen/src/Core/GeneralProduct.h
0.1	-- Installing: /work/grodgers/git/tr-aomp/TheRock/build/third-party/eigen/stage/include/eigen3/Eigen/src/Core/Swap.h
0.1	-- Installing: /work/grodgers/git/tr-aomp/TheRock/build/third-party/eigen/stage/include/eigen3/Eigen/src/Core/VectorwiseOp.h
0.1	-- Installing: /work/grodgers/git/tr-aomp/TheRock/build/third-party/eigen/stage/include/eigen3/Eigen/src/Core/Fuzzy.h
0.1	-- Installing: /work/grodgers/git/tr-aomp/TheRock/build/third-party/eigen/stage/include/eigen3/Eigen/src/Core/Assign.h
0.1	-- Installing: /work/grodgers/git/tr-aomp/TheRock/build/third-party/eigen/stage/include/eigen3/Eigen/src/Core/Inverse.h
0.1	-- Installing: /work/grodgers/git/tr-aomp/TheRock/build/third-party/eigen/stage/include/eigen3/Eigen/src/Core/CwiseUnaryOp.h
0.1	-- Installing: /work/grodgers/git/tr-aomp/TheRock/build/third-party/eigen/stage/include/eigen3/Eigen/src/Core/arch
0.1	-- Installing: /work/grodgers/git/tr-aomp/TheRock/build/third-party/eigen/stage/include/eigen3/Eigen/src/Core/arch/SVE
0.1	-- Installing: /work/grodgers/git/tr-aomp/TheRock/build/third-party/eigen/stage/include/eigen3/Eigen/src/Core/arch/SVE/MathFunctions.h
0.1	-- Installing: /work/grodgers/git/tr-aomp/TheRock/build/third-party/eigen/stage/include/eigen3/Eigen/src/Core/arch/SVE/PacketMath.h
0.1	-- Installing: /work/grodgers/git/tr-aomp/TheRock/build/third-party/eigen/stage/include/eigen3/Eigen/src/Core/arch/SVE/TypeCasting.h
0.1	-- Installing: /work/grodgers/git/tr-aomp/TheRock/build/third-party/eigen/stage/include/eigen3/Eigen/src/Core/arch/AltiVec
0.1	-- Installing: /work/grodgers/git/tr-aomp/TheRock/build/third-party/eigen/stage/include/eigen3/Eigen/src/Core/arch/AltiVec/MatrixProductMMA.h
0.1	-- Installing: /work/grodgers/git/tr-aomp/TheRock/build/third-party/eigen/stage/include/eigen3/Eigen/src/Core/arch/AltiVec/MathFunctions.h
0.1	-- Installing: /work/grodgers/git/tr-aomp/TheRock/build/third-party/eigen/stage/include/eigen3/Eigen/src/Core/arch/AltiVec/MatrixProduct.h
0.1	-- Installing: /work/grodgers/git/tr-aomp/TheRock/build/third-party/eigen/stage/include/eigen3/Eigen/src/Core/arch/AltiVec/PacketMath.h
0.1	-- Installing: /work/grodgers/git/tr-aomp/TheRock/build/third-party/eigen/stage/include/eigen3/Eigen/src/Core/arch/AltiVec/Complex.h
0.1	-- Installing: /work/grodgers/git/tr-aomp/TheRock/build/third-party/eigen/stage/include/eigen3/Eigen/src/Core/arch/AltiVec/MatrixProductCommon.h
0.1	-- Installing: /work/grodgers/git/tr-aomp/TheRock/build/third-party/eigen/stage/include/eigen3/Eigen/src/Core/arch/Default
0.1	-- Installing: /work/grodgers/git/tr-aomp/TheRock/build/third-party/eigen/stage/include/eigen3/Eigen/src/Core/arch/Default/BFloat16.h
0.1	-- Installing: /work/grodgers/git/tr-aomp/TheRock/build/third-party/eigen/stage/include/eigen3/Eigen/src/Core/arch/Default/GenericPacketMathFunctions.h
0.1	-- Installing: /work/grodgers/git/tr-aomp/TheRock/build/third-party/eigen/stage/include/eigen3/Eigen/src/Core/arch/Default/Half.h
0.1	-- Installing: /work/grodgers/git/tr-aomp/TheRock/build/third-party/eigen/stage/include/eigen3/Eigen/src/Core/arch/Default/ConjHelper.h
0.1	-- Installing: /work/grodgers/git/tr-aomp/TheRock/build/third-party/eigen/stage/include/eigen3/Eigen/src/Core/arch/Default/GenericPacketMathFunctionsFwd.h
0.1	-- Installing: /work/grodgers/git/tr-aomp/TheRock/build/third-party/eigen/stage/include/eigen3/Eigen/src/Core/arch/Default/TypeCasting.h
0.1	-- Installing: /work/grodgers/git/tr-aomp/TheRock/build/third-party/eigen/stage/include/eigen3/Eigen/src/Core/arch/Default/Settings.h
0.1	-- Installing: /work/grodgers/git/tr-aomp/TheRock/build/third-party/eigen/stage/include/eigen3/Eigen/src/Core/arch/MSA
0.1	-- Installing: /work/grodgers/git/tr-aomp/TheRock/build/third-party/eigen/stage/include/eigen3/Eigen/src/Core/arch/MSA/MathFunctions.h
0.1	-- Installing: /work/grodgers/git/tr-aomp/TheRock/build/third-party/eigen/stage/include/eigen3/Eigen/src/Core/arch/MSA/PacketMath.h
0.1	-- Installing: /work/grodgers/git/tr-aomp/TheRock/build/third-party/eigen/stage/include/eigen3/Eigen/src/Core/arch/MSA/Complex.h
0.1	-- Installing: /work/grodgers/git/tr-aomp/TheRock/build/third-party/eigen/stage/include/eigen3/Eigen/src/Core/arch/AVX
0.1	-- Installing: /work/grodgers/git/tr-aomp/TheRock/build/third-party/eigen/stage/include/eigen3/Eigen/src/Core/arch/AVX/MathFunctions.h
0.1	-- Installing: /work/grodgers/git/tr-aomp/TheRock/build/third-party/eigen/stage/include/eigen3/Eigen/src/Core/arch/AVX/PacketMath.h
0.1	-- Installing: /work/grodgers/git/tr-aomp/TheRock/build/third-party/eigen/stage/include/eigen3/Eigen/src/Core/arch/AVX/TypeCasting.h
0.1	-- Installing: /work/grodgers/git/tr-aomp/TheRock/build/third-party/eigen/stage/include/eigen3/Eigen/src/Core/arch/AVX/Complex.h
0.1	-- Installing: /work/grodgers/git/tr-aomp/TheRock/build/third-party/eigen/stage/include/eigen3/Eigen/src/Core/arch/SYCL
0.1	-- Installing: /work/grodgers/git/tr-aomp/TheRock/build/third-party/eigen/stage/include/eigen3/Eigen/src/Core/arch/SYCL/MathFunctions.h
0.1	-- Installing: /work/grodgers/git/tr-aomp/TheRock/build/third-party/eigen/stage/include/eigen3/Eigen/src/Core/arch/SYCL/SyclMemoryModel.h
0.1	-- Installing: /work/grodgers/git/tr-aomp/TheRock/build/third-party/eigen/stage/include/eigen3/Eigen/src/Core/arch/SYCL/PacketMath.h
0.1	-- Installing: /work/grodgers/git/tr-aomp/TheRock/build/third-party/eigen/stage/include/eigen3/Eigen/src/Core/arch/SYCL/TypeCasting.h
0.1	-- Installing: /work/grodgers/git/tr-aomp/TheRock/build/third-party/eigen/stage/include/eigen3/Eigen/src/Core/arch/SYCL/InteropHeaders.h
0.1	-- Installing: /work/grodgers/git/tr-aomp/TheRock/build/third-party/eigen/stage/include/eigen3/Eigen/src/Core/arch/AVX512
0.1	-- Installing: /work/grodgers/git/tr-aomp/TheRock/build/third-party/eigen/stage/include/eigen3/Eigen/src/Core/arch/AVX512/MathFunctions.h
0.1	-- Installing: /work/grodgers/git/tr-aomp/TheRock/build/third-party/eigen/stage/include/eigen3/Eigen/src/Core/arch/AVX512/PacketMath.h
0.1	-- Installing: /work/grodgers/git/tr-aomp/TheRock/build/third-party/eigen/stage/include/eigen3/Eigen/src/Core/arch/AVX512/TypeCasting.h
0.1	-- Installing: /work/grodgers/git/tr-aomp/TheRock/build/third-party/eigen/stage/include/eigen3/Eigen/src/Core/arch/AVX512/Complex.h
0.1	-- Installing: /work/grodgers/git/tr-aomp/TheRock/build/third-party/eigen/stage/include/eigen3/Eigen/src/Core/arch/CUDA
0.1	-- Installing: /work/grodgers/git/tr-aomp/TheRock/build/third-party/eigen/stage/include/eigen3/Eigen/src/Core/arch/CUDA/Complex.h
0.1	-- Installing: /work/grodgers/git/tr-aomp/TheRock/build/third-party/eigen/stage/include/eigen3/Eigen/src/Core/arch/ZVector
0.1	-- Installing: /work/grodgers/git/tr-aomp/TheRock/build/third-party/eigen/stage/include/eigen3/Eigen/src/Core/arch/ZVector/MathFunctions.h
0.1	-- Installing: /work/grodgers/git/tr-aomp/TheRock/build/third-party/eigen/stage/include/eigen3/Eigen/src/Core/arch/ZVector/PacketMath.h
0.1	-- Installing: /work/grodgers/git/tr-aomp/TheRock/build/third-party/eigen/stage/include/eigen3/Eigen/src/Core/arch/ZVector/Complex.h
0.1	-- Installing: /work/grodgers/git/tr-aomp/TheRock/build/third-party/eigen/stage/include/eigen3/Eigen/src/Core/arch/GPU
0.1	-- Installing: /work/grodgers/git/tr-aomp/TheRock/build/third-party/eigen/stage/include/eigen3/Eigen/src/Core/arch/GPU/MathFunctions.h
0.1	-- Installing: /work/grodgers/git/tr-aomp/TheRock/build/third-party/eigen/stage/include/eigen3/Eigen/src/Core/arch/GPU/PacketMath.h
0.1	-- Installing: /work/grodgers/git/tr-aomp/TheRock/build/third-party/eigen/stage/include/eigen3/Eigen/src/Core/arch/GPU/TypeCasting.h
0.1	-- Installing: /work/grodgers/git/tr-aomp/TheRock/build/third-party/eigen/stage/include/eigen3/Eigen/src/Core/arch/NEON
0.1	-- Installing: /work/grodgers/git/tr-aomp/TheRock/build/third-party/eigen/stage/include/eigen3/Eigen/src/Core/arch/NEON/MathFunctions.h
0.1	-- Installing: /work/grodgers/git/tr-aomp/TheRock/build/third-party/eigen/stage/include/eigen3/Eigen/src/Core/arch/NEON/GeneralBlockPanelKernel.h
0.1	-- Installing: /work/grodgers/git/tr-aomp/TheRock/build/third-party/eigen/stage/include/eigen3/Eigen/src/Core/arch/NEON/PacketMath.h
0.1	-- Installing: /work/grodgers/git/tr-aomp/TheRock/build/third-party/eigen/stage/include/eigen3/Eigen/src/Core/arch/NEON/TypeCasting.h
0.1	-- Installing: /work/grodgers/git/tr-aomp/TheRock/build/third-party/eigen/stage/include/eigen3/Eigen/src/Core/arch/NEON/Complex.h
0.1	-- Installing: /work/grodgers/git/tr-aomp/TheRock/build/third-party/eigen/stage/include/eigen3/Eigen/src/Core/arch/HIP
0.1	-- Installing: /work/grodgers/git/tr-aomp/TheRock/build/third-party/eigen/stage/include/eigen3/Eigen/src/Core/arch/HIP/hcc
0.1	-- Installing: /work/grodgers/git/tr-aomp/TheRock/build/third-party/eigen/stage/include/eigen3/Eigen/src/Core/arch/HIP/hcc/math_constants.h
0.1	-- Installing: /work/grodgers/git/tr-aomp/TheRock/build/third-party/eigen/stage/include/eigen3/Eigen/src/Core/arch/SSE
0.1	-- Installing: /work/grodgers/git/tr-aomp/TheRock/build/third-party/eigen/stage/include/eigen3/Eigen/src/Core/arch/SSE/MathFunctions.h
0.1	-- Installing: /work/grodgers/git/tr-aomp/TheRock/build/third-party/eigen/stage/include/eigen3/Eigen/src/Core/arch/SSE/PacketMath.h
0.1	-- Installing: /work/grodgers/git/tr-aomp/TheRock/build/third-party/eigen/stage/include/eigen3/Eigen/src/Core/arch/SSE/TypeCasting.h
0.1	-- Installing: /work/grodgers/git/tr-aomp/TheRock/build/third-party/eigen/stage/include/eigen3/Eigen/src/Core/arch/SSE/Complex.h
0.1	-- Installing: /work/grodgers/git/tr-aomp/TheRock/build/third-party/eigen/stage/include/eigen3/Eigen/src/Core/Map.h
0.1	-- Installing: /work/grodgers/git/tr-aomp/TheRock/build/third-party/eigen/stage/include/eigen3/Eigen/src/Core/Array.h
0.1	-- Installing: /work/grodgers/git/tr-aomp/TheRock/build/third-party/eigen/stage/include/eigen3/Eigen/src/Core/Reverse.h
0.1	-- Installing: /work/grodgers/git/tr-aomp/TheRock/build/third-party/eigen/stage/include/eigen3/Eigen/src/Core/ArrayBase.h
0.1	-- Installing: /work/grodgers/git/tr-aomp/TheRock/build/third-party/eigen/stage/include/eigen3/Eigen/src/Core/Stride.h
0.1	-- Installing: /work/grodgers/git/tr-aomp/TheRock/build/third-party/eigen/stage/include/eigen3/Eigen/src/Core/CwiseTernaryOp.h
0.1	-- Installing: /work/grodgers/git/tr-aomp/TheRock/build/third-party/eigen/stage/include/eigen3/Eigen/src/Core/GlobalFunctions.h
0.1	-- Installing: /work/grodgers/git/tr-aomp/TheRock/build/third-party/eigen/stage/include/eigen3/Eigen/src/Core/CoreIterators.h
0.1	-- Installing: /work/grodgers/git/tr-aomp/TheRock/build/third-party/eigen/stage/include/eigen3/Eigen/src/Core/NumTraits.h
0.1	-- Installing: /work/grodgers/git/tr-aomp/TheRock/build/third-party/eigen/stage/include/eigen3/Eigen/src/Core/MathFunctionsImpl.h
0.1	-- Installing: /work/grodgers/git/tr-aomp/TheRock/build/third-party/eigen/stage/include/eigen3/Eigen/src/Core/CoreEvaluators.h
0.1	-- Installing: /work/grodgers/git/tr-aomp/TheRock/build/third-party/eigen/stage/include/eigen3/Eigen/src/Core/util
0.1	-- Installing: /work/grodgers/git/tr-aomp/TheRock/build/third-party/eigen/stage/include/eigen3/Eigen/src/Core/util/Meta.h
0.1	-- Installing: /work/grodgers/git/tr-aomp/TheRock/build/third-party/eigen/stage/include/eigen3/Eigen/src/Core/util/IndexedViewHelper.h
0.1	-- Installing: /work/grodgers/git/tr-aomp/TheRock/build/third-party/eigen/stage/include/eigen3/Eigen/src/Core/util/ReenableStupidWarnings.h
0.1	-- Installing: /work/grodgers/git/tr-aomp/TheRock/build/third-party/eigen/stage/include/eigen3/Eigen/src/Core/util/BlasUtil.h
0.1	-- Installing: /work/grodgers/git/tr-aomp/TheRock/build/third-party/eigen/stage/include/eigen3/Eigen/src/Core/util/ForwardDeclarations.h
0.1	-- Installing: /work/grodgers/git/tr-aomp/TheRock/build/third-party/eigen/stage/include/eigen3/Eigen/src/Core/util/Memory.h
0.1	-- Installing: /work/grodgers/git/tr-aomp/TheRock/build/third-party/eigen/stage/include/eigen3/Eigen/src/Core/util/StaticAssert.h
0.1	-- Installing: /work/grodgers/git/tr-aomp/TheRock/build/third-party/eigen/stage/include/eigen3/Eigen/src/Core/util/NonMPL2.h
0.1	-- Installing: /work/grodgers/git/tr-aomp/TheRock/build/third-party/eigen/stage/include/eigen3/Eigen/src/Core/util/ConfigureVectorization.h
0.1	-- Installing: /work/grodgers/git/tr-aomp/TheRock/build/third-party/eigen/stage/include/eigen3/Eigen/src/Core/util/IntegralConstant.h
0.1	-- Installing: /work/grodgers/git/tr-aomp/TheRock/build/third-party/eigen/stage/include/eigen3/Eigen/src/Core/util/SymbolicIndex.h
0.1	-- Installing: /work/grodgers/git/tr-aomp/TheRock/build/third-party/eigen/stage/include/eigen3/Eigen/src/Core/util/Constants.h
0.1	-- Installing: /work/grodgers/git/tr-aomp/TheRock/build/third-party/eigen/stage/include/eigen3/Eigen/src/Core/util/DisableStupidWarnings.h
0.1	-- Installing: /work/grodgers/git/tr-aomp/TheRock/build/third-party/eigen/stage/include/eigen3/Eigen/src/Core/util/ReshapedHelper.h
0.1	-- Installing: /work/grodgers/git/tr-aomp/TheRock/build/third-party/eigen/stage/include/eigen3/Eigen/src/Core/util/MKL_support.h
0.1	-- Installing: /work/grodgers/git/tr-aomp/TheRock/build/third-party/eigen/stage/include/eigen3/Eigen/src/Core/util/Macros.h
0.1	-- Installing: /work/grodgers/git/tr-aomp/TheRock/build/third-party/eigen/stage/include/eigen3/Eigen/src/Core/util/XprHelper.h
0.1	-- Installing: /work/grodgers/git/tr-aomp/TheRock/build/third-party/eigen/stage/include/eigen3/Eigen/src/Core/SelfAdjointView.h
0.1	-- Installing: /work/grodgers/git/tr-aomp/TheRock/build/third-party/eigen/stage/include/eigen3/Eigen/src/Core/Matrix.h
0.1	-- Installing: /work/grodgers/git/tr-aomp/TheRock/build/third-party/eigen/stage/include/eigen3/Eigen/src/Core/NestByValue.h
0.1	-- Installing: /work/grodgers/git/tr-aomp/TheRock/build/third-party/eigen/stage/include/eigen3/Eigen/src/Core/ConditionEstimator.h
0.1	-- Installing: /work/grodgers/git/tr-aomp/TheRock/build/third-party/eigen/stage/include/eigen3/Eigen/src/Core/StlIterators.h
0.1	-- Installing: /work/grodgers/git/tr-aomp/TheRock/build/third-party/eigen/stage/include/eigen3/Eigen/src/Core/ProductEvaluators.h
0.1	-- Installing: /work/grodgers/git/tr-aomp/TheRock/build/third-party/eigen/stage/include/eigen3/Eigen/src/Core/MapBase.h
0.1	-- Installing: /work/grodgers/git/tr-aomp/TheRock/build/third-party/eigen/stage/include/eigen3/Eigen/src/Core/Product.h
0.1	-- Installing: /work/grodgers/git/tr-aomp/TheRock/build/third-party/eigen/stage/include/eigen3/Eigen/src/Core/DiagonalProduct.h
0.1	-- Installing: /work/grodgers/git/tr-aomp/TheRock/build/third-party/eigen/stage/include/eigen3/Eigen/src/Core/ForceAlignedAccess.h
0.1	-- Installing: /work/grodgers/git/tr-aomp/TheRock/build/third-party/eigen/stage/include/eigen3/Eigen/src/Core/PlainObjectBase.h
0.1	-- Installing: /work/grodgers/git/tr-aomp/TheRock/build/third-party/eigen/stage/include/eigen3/Eigen/src/Core/ReturnByValue.h
0.1	-- Installing: /work/grodgers/git/tr-aomp/TheRock/build/third-party/eigen/stage/include/eigen3/Eigen/src/Core/Block.h
0.1	-- Installing: /work/grodgers/git/tr-aomp/TheRock/build/third-party/eigen/stage/include/eigen3/Eigen/src/Core/ArithmeticSequence.h
0.1	-- Installing: /work/grodgers/git/tr-aomp/TheRock/build/third-party/eigen/stage/include/eigen3/Eigen/src/Core/BandMatrix.h
0.1	-- Installing: /work/grodgers/git/tr-aomp/TheRock/build/third-party/eigen/stage/include/eigen3/Eigen/src/Core/StableNorm.h
0.1	-- Installing: /work/grodgers/git/tr-aomp/TheRock/build/third-party/eigen/stage/include/eigen3/Eigen/src/Core/Replicate.h
0.1	-- Installing: /work/grodgers/git/tr-aomp/TheRock/build/third-party/eigen/stage/include/eigen3/Eigen/src/Core/SolveTriangular.h
0.1	-- Installing: /work/grodgers/git/tr-aomp/TheRock/build/third-party/eigen/stage/include/eigen3/Eigen/src/Core/BooleanRedux.h
0.1	-- Installing: /work/grodgers/git/tr-aomp/TheRock/build/third-party/eigen/stage/include/eigen3/Eigen/src/Core/CwiseNullaryOp.h
0.1	-- Installing: /work/grodgers/git/tr-aomp/TheRock/build/third-party/eigen/stage/include/eigen3/Eigen/src/Core/products
0.1	-- Installing: /work/grodgers/git/tr-aomp/TheRock/build/third-party/eigen/stage/include/eigen3/Eigen/src/Core/products/TriangularMatrixMatrix_BLAS.h
0.1	-- Installing: /work/grodgers/git/tr-aomp/TheRock/build/third-party/eigen/stage/include/eigen3/Eigen/src/Core/products/TriangularSolverVector.h
0.1	-- Installing: /work/grodgers/git/tr-aomp/TheRock/build/third-party/eigen/stage/include/eigen3/Eigen/src/Core/products/GeneralMatrixVector_BLAS.h
0.1	-- Installing: /work/grodgers/git/tr-aomp/TheRock/build/third-party/eigen/stage/include/eigen3/Eigen/src/Core/products/TriangularMatrixVector.h
0.1	-- Installing: /work/grodgers/git/tr-aomp/TheRock/build/third-party/eigen/stage/include/eigen3/Eigen/src/Core/products/Parallelizer.h
0.1	-- Installing: /work/grodgers/git/tr-aomp/TheRock/build/third-party/eigen/stage/include/eigen3/Eigen/src/Core/products/SelfadjointRank2Update.h
0.1	-- Installing: /work/grodgers/git/tr-aomp/TheRock/build/third-party/eigen/stage/include/eigen3/Eigen/src/Core/products/TriangularSolverMatrix.h
0.1	-- Installing: /work/grodgers/git/tr-aomp/TheRock/build/third-party/eigen/stage/include/eigen3/Eigen/src/Core/products/GeneralMatrixMatrix_BLAS.h
0.1	-- Installing: /work/grodgers/git/tr-aomp/TheRock/build/third-party/eigen/stage/include/eigen3/Eigen/src/Core/products/GeneralBlockPanelKernel.h
0.1	-- Installing: /work/grodgers/git/tr-aomp/TheRock/build/third-party/eigen/stage/include/eigen3/Eigen/src/Core/products/TriangularSolverMatrix_BLAS.h
0.1	-- Installing: /work/grodgers/git/tr-aomp/TheRock/build/third-party/eigen/stage/include/eigen3/Eigen/src/Core/products/GeneralMatrixMatrix.h
0.1	-- Installing: /work/grodgers/git/tr-aomp/TheRock/build/third-party/eigen/stage/include/eigen3/Eigen/src/Core/products/GeneralMatrixMatrixTriangular_BLAS.h
0.1	-- Installing: /work/grodgers/git/tr-aomp/TheRock/build/third-party/eigen/stage/include/eigen3/Eigen/src/Core/products/SelfadjointMatrixMatrix_BLAS.h
0.1	-- Installing: /work/grodgers/git/tr-aomp/TheRock/build/third-party/eigen/stage/include/eigen3/Eigen/src/Core/products/GeneralMatrixMatrixTriangular.h
0.1	-- Installing: /work/grodgers/git/tr-aomp/TheRock/build/third-party/eigen/stage/include/eigen3/Eigen/src/Core/products/TriangularMatrixMatrix.h
0.1	-- Installing: /work/grodgers/git/tr-aomp/TheRock/build/third-party/eigen/stage/include/eigen3/Eigen/src/Core/products/SelfadjointProduct.h
0.1	-- Installing: /work/grodgers/git/tr-aomp/TheRock/build/third-party/eigen/stage/include/eigen3/Eigen/src/Core/products/SelfadjointMatrixMatrix.h
0.1	-- Installing: /work/grodgers/git/tr-aomp/TheRock/build/third-party/eigen/stage/include/eigen3/Eigen/src/Core/products/TriangularMatrixVector_BLAS.h
0.1	-- Installing: /work/grodgers/git/tr-aomp/TheRock/build/third-party/eigen/stage/include/eigen3/Eigen/src/Core/products/SelfadjointMatrixVector.h
0.1	-- Installing: /work/grodgers/git/tr-aomp/TheRock/build/third-party/eigen/stage/include/eigen3/Eigen/src/Core/products/SelfadjointMatrixVector_BLAS.h
0.1	-- Installing: /work/grodgers/git/tr-aomp/TheRock/build/third-party/eigen/stage/include/eigen3/Eigen/src/Core/products/GeneralMatrixVector.h
0.1	-- Installing: /work/grodgers/git/tr-aomp/TheRock/build/third-party/eigen/stage/include/eigen3/Eigen/src/Core/Assign_MKL.h
0.1	-- Installing: /work/grodgers/git/tr-aomp/TheRock/build/third-party/eigen/stage/include/eigen3/Eigen/src/Core/Reshaped.h
0.1	-- Installing: /work/grodgers/git/tr-aomp/TheRock/build/third-party/eigen/stage/include/eigen3/Eigen/src/Core/DenseStorage.h
0.1	-- Installing: /work/grodgers/git/tr-aomp/TheRock/build/third-party/eigen/stage/include/eigen3/Eigen/src/Core/Transpositions.h
0.1	-- Installing: /work/grodgers/git/tr-aomp/TheRock/build/third-party/eigen/stage/include/eigen3/Eigen/src/Core/Visitor.h
0.1	-- Installing: /work/grodgers/git/tr-aomp/TheRock/build/third-party/eigen/stage/include/eigen3/Eigen/src/Core/Ref.h
0.1	-- Installing: /work/grodgers/git/tr-aomp/TheRock/build/third-party/eigen/stage/include/eigen3/Eigen/src/Core/CommaInitializer.h
0.1	-- Installing: /work/grodgers/git/tr-aomp/TheRock/build/third-party/eigen/stage/include/eigen3/Eigen/src/Core/Select.h
0.1	-- Installing: /work/grodgers/git/tr-aomp/TheRock/build/third-party/eigen/stage/include/eigen3/Eigen/src/Core/PartialReduxEvaluator.h
0.1	-- Installing: /work/grodgers/git/tr-aomp/TheRock/build/third-party/eigen/stage/include/eigen3/Eigen/src/Core/Diagonal.h
0.1	-- Installing: /work/grodgers/git/tr-aomp/TheRock/build/third-party/eigen/stage/include/eigen3/Eigen/src/Core/MatrixBase.h
0.1	-- Installing: /work/grodgers/git/tr-aomp/TheRock/build/third-party/eigen/stage/include/eigen3/Eigen/src/Core/PermutationMatrix.h
0.1	-- Installing: /work/grodgers/git/tr-aomp/TheRock/build/third-party/eigen/stage/include/eigen3/Eigen/src/Eigenvalues
0.1	-- Installing: /work/grodgers/git/tr-aomp/TheRock/build/third-party/eigen/stage/include/eigen3/Eigen/src/Eigenvalues/RealSchur_LAPACKE.h
0.1	-- Installing: /work/grodgers/git/tr-aomp/TheRock/build/third-party/eigen/stage/include/eigen3/Eigen/src/Eigenvalues/HessenbergDecomposition.h
0.1	-- Installing: /work/grodgers/git/tr-aomp/TheRock/build/third-party/eigen/stage/include/eigen3/Eigen/src/Eigenvalues/GeneralizedEigenSolver.h
0.1	-- Installing: /work/grodgers/git/tr-aomp/TheRock/build/third-party/eigen/stage/include/eigen3/Eigen/src/Eigenvalues/SelfAdjointEigenSolver.h
0.1	-- Installing: /work/grodgers/git/tr-aomp/TheRock/build/third-party/eigen/stage/include/eigen3/Eigen/src/Eigenvalues/EigenSolver.h
0.1	-- Installing: /work/grodgers/git/tr-aomp/TheRock/build/third-party/eigen/stage/include/eigen3/Eigen/src/Eigenvalues/RealQZ.h
0.1	-- Installing: /work/grodgers/git/tr-aomp/TheRock/build/third-party/eigen/stage/include/eigen3/Eigen/src/Eigenvalues/GeneralizedSelfAdjointEigenSolver.h
0.1	-- Installing: /work/grodgers/git/tr-aomp/TheRock/build/third-party/eigen/stage/include/eigen3/Eigen/src/Eigenvalues/SelfAdjointEigenSolver_LAPACKE.h
0.1	-- Installing: /work/grodgers/git/tr-aomp/TheRock/build/third-party/eigen/stage/include/eigen3/Eigen/src/Eigenvalues/MatrixBaseEigenvalues.h
0.1	-- Installing: /work/grodgers/git/tr-aomp/TheRock/build/third-party/eigen/stage/include/eigen3/Eigen/src/Eigenvalues/Tridiagonalization.h
0.1	-- Installing: /work/grodgers/git/tr-aomp/TheRock/build/third-party/eigen/stage/include/eigen3/Eigen/src/Eigenvalues/RealSchur.h
0.1	-- Installing: /work/grodgers/git/tr-aomp/TheRock/build/third-party/eigen/stage/include/eigen3/Eigen/src/Eigenvalues/ComplexSchur_LAPACKE.h
0.1	-- Installing: /work/grodgers/git/tr-aomp/TheRock/build/third-party/eigen/stage/include/eigen3/Eigen/src/Eigenvalues/ComplexSchur.h
0.1	-- Installing: /work/grodgers/git/tr-aomp/TheRock/build/third-party/eigen/stage/include/eigen3/Eigen/src/Eigenvalues/ComplexEigenSolver.h
0.1	-- Installing: /work/grodgers/git/tr-aomp/TheRock/build/third-party/eigen/stage/include/eigen3/Eigen/src/SPQRSupport
0.1	-- Installing: /work/grodgers/git/tr-aomp/TheRock/build/third-party/eigen/stage/include/eigen3/Eigen/src/SPQRSupport/SuiteSparseQRSupport.h
0.1	-- Installing: /work/grodgers/git/tr-aomp/TheRock/build/third-party/eigen/stage/include/eigen3/Eigen/src/SparseCore
0.1	-- Installing: /work/grodgers/git/tr-aomp/TheRock/build/third-party/eigen/stage/include/eigen3/Eigen/src/SparseCore/SparsePermutation.h
0.1	-- Installing: /work/grodgers/git/tr-aomp/TheRock/build/third-party/eigen/stage/include/eigen3/Eigen/src/SparseCore/ConservativeSparseSparseProduct.h
0.1	-- Installing: /work/grodgers/git/tr-aomp/TheRock/build/third-party/eigen/stage/include/eigen3/Eigen/src/SparseCore/SparseCwiseUnaryOp.h
0.1	-- Installing: /work/grodgers/git/tr-aomp/TheRock/build/third-party/eigen/stage/include/eigen3/Eigen/src/SparseCore/SparseFuzzy.h
0.1	-- Installing: /work/grodgers/git/tr-aomp/TheRock/build/third-party/eigen/stage/include/eigen3/Eigen/src/SparseCore/SparseBlock.h
0.1	-- Installing: /work/grodgers/git/tr-aomp/TheRock/build/third-party/eigen/stage/include/eigen3/Eigen/src/SparseCore/SparseMap.h
0.1	-- Installing: /work/grodgers/git/tr-aomp/TheRock/build/third-party/eigen/stage/include/eigen3/Eigen/src/SparseCore/SparseCwiseBinaryOp.h
0.1	-- Installing: /work/grodgers/git/tr-aomp/TheRock/build/third-party/eigen/stage/include/eigen3/Eigen/src/SparseCore/SparseAssign.h
0.1	-- Installing: /work/grodgers/git/tr-aomp/TheRock/build/third-party/eigen/stage/include/eigen3/Eigen/src/SparseCore/SparseDot.h
0.1	-- Installing: /work/grodgers/git/tr-aomp/TheRock/build/third-party/eigen/stage/include/eigen3/Eigen/src/SparseCore/SparseMatrixBase.h
0.1	-- Installing: /work/grodgers/git/tr-aomp/TheRock/build/third-party/eigen/stage/include/eigen3/Eigen/src/SparseCore/SparseSparseProductWithPruning.h
0.1	-- Installing: /work/grodgers/git/tr-aomp/TheRock/build/third-party/eigen/stage/include/eigen3/Eigen/src/SparseCore/SparseView.h
0.1	-- Installing: /work/grodgers/git/tr-aomp/TheRock/build/third-party/eigen/stage/include/eigen3/Eigen/src/SparseCore/SparseTranspose.h
0.1	-- Installing: /work/grodgers/git/tr-aomp/TheRock/build/third-party/eigen/stage/include/eigen3/Eigen/src/SparseCore/SparseCompressedBase.h
0.1	-- Installing: /work/grodgers/git/tr-aomp/TheRock/build/third-party/eigen/stage/include/eigen3/Eigen/src/SparseCore/SparseVector.h
0.1	-- Installing: /work/grodgers/git/tr-aomp/TheRock/build/third-party/eigen/stage/include/eigen3/Eigen/src/SparseCore/SparseSelfAdjointView.h
0.1	-- Installing: /work/grodgers/git/tr-aomp/TheRock/build/third-party/eigen/stage/include/eigen3/Eigen/src/SparseCore/SparseColEtree.h
0.1	-- Installing: /work/grodgers/git/tr-aomp/TheRock/build/third-party/eigen/stage/include/eigen3/Eigen/src/SparseCore/SparseUtil.h
0.1	-- Installing: /work/grodgers/git/tr-aomp/TheRock/build/third-party/eigen/stage/include/eigen3/Eigen/src/SparseCore/SparseDiagonalProduct.h
0.1	-- Installing: /work/grodgers/git/tr-aomp/TheRock/build/third-party/eigen/stage/include/eigen3/Eigen/src/SparseCore/SparseRedux.h
0.1	-- Installing: /work/grodgers/git/tr-aomp/TheRock/build/third-party/eigen/stage/include/eigen3/Eigen/src/SparseCore/CompressedStorage.h
0.1	-- Installing: /work/grodgers/git/tr-aomp/TheRock/build/third-party/eigen/stage/include/eigen3/Eigen/src/SparseCore/AmbiVector.h
0.1	-- Installing: /work/grodgers/git/tr-aomp/TheRock/build/third-party/eigen/stage/include/eigen3/Eigen/src/SparseCore/SparseMatrix.h
0.1	-- Installing: /work/grodgers/git/tr-aomp/TheRock/build/third-party/eigen/stage/include/eigen3/Eigen/src/SparseCore/TriangularSolver.h
0.1	-- Installing: /work/grodgers/git/tr-aomp/TheRock/build/third-party/eigen/stage/include/eigen3/Eigen/src/SparseCore/SparseTriangularView.h
0.1	-- Installing: /work/grodgers/git/tr-aomp/TheRock/build/third-party/eigen/stage/include/eigen3/Eigen/src/SparseCore/SparseProduct.h
0.1	-- Installing: /work/grodgers/git/tr-aomp/TheRock/build/third-party/eigen/stage/include/eigen3/Eigen/src/SparseCore/SparseDenseProduct.h
0.1	-- Installing: /work/grodgers/git/tr-aomp/TheRock/build/third-party/eigen/stage/include/eigen3/Eigen/src/SparseCore/SparseRef.h
0.1	-- Installing: /work/grodgers/git/tr-aomp/TheRock/build/third-party/eigen/stage/include/eigen3/Eigen/src/SparseCore/MappedSparseMatrix.h
0.1	-- Installing: /work/grodgers/git/tr-aomp/TheRock/build/third-party/eigen/stage/include/eigen3/Eigen/src/SparseCore/SparseSolverBase.h
0.1	-- Installing: /work/grodgers/git/tr-aomp/TheRock/build/third-party/eigen/stage/include/eigen3/Eigen/src/SparseQR
0.1	-- Installing: /work/grodgers/git/tr-aomp/TheRock/build/third-party/eigen/stage/include/eigen3/Eigen/src/SparseQR/SparseQR.h
0.1	-- Installing: /work/grodgers/git/tr-aomp/TheRock/build/third-party/eigen/stage/include/eigen3/Eigen/src/Cholesky
0.1	-- Installing: /work/grodgers/git/tr-aomp/TheRock/build/third-party/eigen/stage/include/eigen3/Eigen/src/Cholesky/LDLT.h
0.1	-- Installing: /work/grodgers/git/tr-aomp/TheRock/build/third-party/eigen/stage/include/eigen3/Eigen/src/Cholesky/LLT.h
0.1	-- Installing: /work/grodgers/git/tr-aomp/TheRock/build/third-party/eigen/stage/include/eigen3/Eigen/src/Cholesky/LLT_LAPACKE.h
0.1	-- Installing: /work/grodgers/git/tr-aomp/TheRock/build/third-party/eigen/stage/include/eigen3/Eigen/src/SuperLUSupport
0.1	-- Installing: /work/grodgers/git/tr-aomp/TheRock/build/third-party/eigen/stage/include/eigen3/Eigen/src/SuperLUSupport/SuperLUSupport.h
0.1	-- Installing: /work/grodgers/git/tr-aomp/TheRock/build/third-party/eigen/stage/include/eigen3/Eigen/src/PardisoSupport
0.1	-- Installing: /work/grodgers/git/tr-aomp/TheRock/build/third-party/eigen/stage/include/eigen3/Eigen/src/PardisoSupport/PardisoSupport.h
0.1	-- Installing: /work/grodgers/git/tr-aomp/TheRock/build/third-party/eigen/stage/include/eigen3/Eigen/IterativeLinearSolvers
0.1	-- Installing: /work/grodgers/git/tr-aomp/TheRock/build/third-party/eigen/stage/include/eigen3/Eigen/LU
0.1	-- Installing: /work/grodgers/git/tr-aomp/TheRock/build/third-party/eigen/stage/include/eigen3/Eigen/Jacobi
0.1	-- Installing: /work/grodgers/git/tr-aomp/TheRock/build/third-party/eigen/stage/include/eigen3/Eigen/Dense
0.1	-- Installing: /work/grodgers/git/tr-aomp/TheRock/build/third-party/eigen/stage/include/eigen3/Eigen/Eigen
0.1	-- Installing: /work/grodgers/git/tr-aomp/TheRock/build/third-party/eigen/stage/include/eigen3/Eigen/MetisSupport
0.1	-- Installing: /work/grodgers/git/tr-aomp/TheRock/build/third-party/eigen/stage/include/eigen3/Eigen/QtAlignedMalloc
0.1	-- Installing: /work/grodgers/git/tr-aomp/TheRock/build/third-party/eigen/stage/include/eigen3/Eigen/PaStiXSupport
0.1	-- Installing: /work/grodgers/git/tr-aomp/TheRock/build/third-party/eigen/stage/include/eigen3/Eigen/CholmodSupport
0.1	-- Installing: /work/grodgers/git/tr-aomp/TheRock/build/third-party/eigen/stage/include/eigen3/Eigen/KLUSupport
0.1	-- Installing: /work/grodgers/git/tr-aomp/TheRock/build/third-party/eigen/stage/include/eigen3/Eigen/SparseLU
0.1	-- Installing: /work/grodgers/git/tr-aomp/TheRock/build/third-party/eigen/stage/include/eigen3/Eigen/SparseCholesky
0.1	-- Installing: /work/grodgers/git/tr-aomp/TheRock/build/third-party/eigen/stage/include/eigen3/Eigen/StdDeque
0.1	-- Installing: /work/grodgers/git/tr-aomp/TheRock/build/third-party/eigen/stage/include/eigen3/Eigen/Core
0.1	-- Installing: /work/grodgers/git/tr-aomp/TheRock/build/third-party/eigen/stage/include/eigen3/Eigen/Eigenvalues
0.1	-- Installing: /work/grodgers/git/tr-aomp/TheRock/build/third-party/eigen/stage/include/eigen3/Eigen/SPQRSupport
0.1	-- Installing: /work/grodgers/git/tr-aomp/TheRock/build/third-party/eigen/stage/include/eigen3/Eigen/SparseCore
0.1	-- Installing: /work/grodgers/git/tr-aomp/TheRock/build/third-party/eigen/stage/include/eigen3/Eigen/SparseQR
0.1	-- Installing: /work/grodgers/git/tr-aomp/TheRock/build/third-party/eigen/stage/include/eigen3/Eigen/Cholesky
0.1	-- Installing: /work/grodgers/git/tr-aomp/TheRock/build/third-party/eigen/stage/include/eigen3/Eigen/SuperLUSupport
0.1	-- Installing: /work/grodgers/git/tr-aomp/TheRock/build/third-party/eigen/stage/include/eigen3/Eigen/PardisoSupport
0.1	-- Installing: /work/grodgers/git/tr-aomp/TheRock/build/third-party/eigen/stage/include/eigen3/Eigen/StdList
0.1	-- Installing: /work/grodgers/git/tr-aomp/TheRock/build/third-party/eigen/stage/include/eigen3/Eigen/StdVector
0.1	-- Installing: /work/grodgers/git/tr-aomp/TheRock/build/third-party/eigen/stage/share/eigen3/cmake/Eigen3Targets.cmake
0.1	-- Installing: /work/grodgers/git/tr-aomp/TheRock/build/third-party/eigen/stage/share/eigen3/cmake/UseEigen3.cmake
0.1	-- Installing: /work/grodgers/git/tr-aomp/TheRock/build/third-party/eigen/stage/share/eigen3/cmake/Eigen3Config.cmake
0.1	-- Installing: /work/grodgers/git/tr-aomp/TheRock/build/third-party/eigen/stage/share/eigen3/cmake/Eigen3ConfigVersion.cmake
0.1	-- Installing: /work/grodgers/git/tr-aomp/TheRock/build/third-party/eigen/stage/include/eigen3/unsupported/Eigen/AdolcForward
0.1	-- Installing: /work/grodgers/git/tr-aomp/TheRock/build/third-party/eigen/stage/include/eigen3/unsupported/Eigen/AlignedVector3
0.1	-- Installing: /work/grodgers/git/tr-aomp/TheRock/build/third-party/eigen/stage/include/eigen3/unsupported/Eigen/ArpackSupport
0.1	-- Installing: /work/grodgers/git/tr-aomp/TheRock/build/third-party/eigen/stage/include/eigen3/unsupported/Eigen/AutoDiff
0.1	-- Installing: /work/grodgers/git/tr-aomp/TheRock/build/third-party/eigen/stage/include/eigen3/unsupported/Eigen/BVH
0.1	-- Installing: /work/grodgers/git/tr-aomp/TheRock/build/third-party/eigen/stage/include/eigen3/unsupported/Eigen/EulerAngles
0.1	-- Installing: /work/grodgers/git/tr-aomp/TheRock/build/third-party/eigen/stage/include/eigen3/unsupported/Eigen/FFT
0.1	-- Installing: /work/grodgers/git/tr-aomp/TheRock/build/third-party/eigen/stage/include/eigen3/unsupported/Eigen/IterativeSolvers
0.1	-- Installing: /work/grodgers/git/tr-aomp/TheRock/build/third-party/eigen/stage/include/eigen3/unsupported/Eigen/KroneckerProduct
0.1	-- Installing: /work/grodgers/git/tr-aomp/TheRock/build/third-party/eigen/stage/include/eigen3/unsupported/Eigen/LevenbergMarquardt
0.1	-- Installing: /work/grodgers/git/tr-aomp/TheRock/build/third-party/eigen/stage/include/eigen3/unsupported/Eigen/MatrixFunctions
0.1	-- Installing: /work/grodgers/git/tr-aomp/TheRock/build/third-party/eigen/stage/include/eigen3/unsupported/Eigen/MoreVectorization
0.1	-- Installing: /work/grodgers/git/tr-aomp/TheRock/build/third-party/eigen/stage/include/eigen3/unsupported/Eigen/MPRealSupport
0.1	-- Installing: /work/grodgers/git/tr-aomp/TheRock/build/third-party/eigen/stage/include/eigen3/unsupported/Eigen/NonLinearOptimization
0.1	-- Installing: /work/grodgers/git/tr-aomp/TheRock/build/third-party/eigen/stage/include/eigen3/unsupported/Eigen/NumericalDiff
0.1	-- Installing: /work/grodgers/git/tr-aomp/TheRock/build/third-party/eigen/stage/include/eigen3/unsupported/Eigen/OpenGLSupport
0.1	-- Installing: /work/grodgers/git/tr-aomp/TheRock/build/third-party/eigen/stage/include/eigen3/unsupported/Eigen/Polynomials
0.1	-- Installing: /work/grodgers/git/tr-aomp/TheRock/build/third-party/eigen/stage/include/eigen3/unsupported/Eigen/Skyline
0.1	-- Installing: /work/grodgers/git/tr-aomp/TheRock/build/third-party/eigen/stage/include/eigen3/unsupported/Eigen/SparseExtra
0.1	-- Installing: /work/grodgers/git/tr-aomp/TheRock/build/third-party/eigen/stage/include/eigen3/unsupported/Eigen/SpecialFunctions
0.1	-- Installing: /work/grodgers/git/tr-aomp/TheRock/build/third-party/eigen/stage/include/eigen3/unsupported/Eigen/Splines
0.1	-- Installing: /work/grodgers/git/tr-aomp/TheRock/build/third-party/eigen/stage/include/eigen3/unsupported/Eigen/src
0.1	-- Installing: /work/grodgers/git/tr-aomp/TheRock/build/third-party/eigen/stage/include/eigen3/unsupported/Eigen/src/SpecialFunctions
0.1	-- Installing: /work/grodgers/git/tr-aomp/TheRock/build/third-party/eigen/stage/include/eigen3/unsupported/Eigen/src/SpecialFunctions/BesselFunctionsFunctors.h
0.1	-- Installing: /work/grodgers/git/tr-aomp/TheRock/build/third-party/eigen/stage/include/eigen3/unsupported/Eigen/src/SpecialFunctions/HipVectorCompatibility.h
0.1	-- Installing: /work/grodgers/git/tr-aomp/TheRock/build/third-party/eigen/stage/include/eigen3/unsupported/Eigen/src/SpecialFunctions/SpecialFunctionsImpl.h
0.1	-- Installing: /work/grodgers/git/tr-aomp/TheRock/build/third-party/eigen/stage/include/eigen3/unsupported/Eigen/src/SpecialFunctions/arch
0.1	-- Installing: /work/grodgers/git/tr-aomp/TheRock/build/third-party/eigen/stage/include/eigen3/unsupported/Eigen/src/SpecialFunctions/arch/AVX
0.1	-- Installing: /work/grodgers/git/tr-aomp/TheRock/build/third-party/eigen/stage/include/eigen3/unsupported/Eigen/src/SpecialFunctions/arch/AVX/SpecialFunctions.h
0.1	-- Installing: /work/grodgers/git/tr-aomp/TheRock/build/third-party/eigen/stage/include/eigen3/unsupported/Eigen/src/SpecialFunctions/arch/AVX/BesselFunctions.h
0.1	-- Installing: /work/grodgers/git/tr-aomp/TheRock/build/third-party/eigen/stage/include/eigen3/unsupported/Eigen/src/SpecialFunctions/arch/AVX512
0.1	-- Installing: /work/grodgers/git/tr-aomp/TheRock/build/third-party/eigen/stage/include/eigen3/unsupported/Eigen/src/SpecialFunctions/arch/AVX512/SpecialFunctions.h
0.1	-- Installing: /work/grodgers/git/tr-aomp/TheRock/build/third-party/eigen/stage/include/eigen3/unsupported/Eigen/src/SpecialFunctions/arch/AVX512/BesselFunctions.h
0.1	-- Installing: /work/grodgers/git/tr-aomp/TheRock/build/third-party/eigen/stage/include/eigen3/unsupported/Eigen/src/SpecialFunctions/arch/GPU
0.1	-- Installing: /work/grodgers/git/tr-aomp/TheRock/build/third-party/eigen/stage/include/eigen3/unsupported/Eigen/src/SpecialFunctions/arch/GPU/SpecialFunctions.h
0.1	-- Installing: /work/grodgers/git/tr-aomp/TheRock/build/third-party/eigen/stage/include/eigen3/unsupported/Eigen/src/SpecialFunctions/arch/NEON
0.1	-- Installing: /work/grodgers/git/tr-aomp/TheRock/build/third-party/eigen/stage/include/eigen3/unsupported/Eigen/src/SpecialFunctions/arch/NEON/SpecialFunctions.h
0.1	-- Installing: /work/grodgers/git/tr-aomp/TheRock/build/third-party/eigen/stage/include/eigen3/unsupported/Eigen/src/SpecialFunctions/arch/NEON/BesselFunctions.h
0.1	-- Installing: /work/grodgers/git/tr-aomp/TheRock/build/third-party/eigen/stage/include/eigen3/unsupported/Eigen/src/SpecialFunctions/SpecialFunctionsFunctors.h
0.1	-- Installing: /work/grodgers/git/tr-aomp/TheRock/build/third-party/eigen/stage/include/eigen3/unsupported/Eigen/src/SpecialFunctions/BesselFunctionsPacketMath.h
0.1	-- Installing: /work/grodgers/git/tr-aomp/TheRock/build/third-party/eigen/stage/include/eigen3/unsupported/Eigen/src/SpecialFunctions/SpecialFunctionsHalf.h
0.1	-- Installing: /work/grodgers/git/tr-aomp/TheRock/build/third-party/eigen/stage/include/eigen3/unsupported/Eigen/src/SpecialFunctions/BesselFunctionsArrayAPI.h
0.1	-- Installing: /work/grodgers/git/tr-aomp/TheRock/build/third-party/eigen/stage/include/eigen3/unsupported/Eigen/src/SpecialFunctions/SpecialFunctionsBFloat16.h
0.1	-- Installing: /work/grodgers/git/tr-aomp/TheRock/build/third-party/eigen/stage/include/eigen3/unsupported/Eigen/src/SpecialFunctions/BesselFunctionsImpl.h
0.1	-- Installing: /work/grodgers/git/tr-aomp/TheRock/build/third-party/eigen/stage/include/eigen3/unsupported/Eigen/src/SpecialFunctions/SpecialFunctionsArrayAPI.h
0.1	-- Installing: /work/grodgers/git/tr-aomp/TheRock/build/third-party/eigen/stage/include/eigen3/unsupported/Eigen/src/SpecialFunctions/BesselFunctionsHalf.h
0.1	-- Installing: /work/grodgers/git/tr-aomp/TheRock/build/third-party/eigen/stage/include/eigen3/unsupported/Eigen/src/SpecialFunctions/SpecialFunctionsPacketMath.h
0.1	-- Installing: /work/grodgers/git/tr-aomp/TheRock/build/third-party/eigen/stage/include/eigen3/unsupported/Eigen/src/SpecialFunctions/BesselFunctionsBFloat16.h
0.1	-- Installing: /work/grodgers/git/tr-aomp/TheRock/build/third-party/eigen/stage/include/eigen3/unsupported/Eigen/src/BVH
0.1	-- Installing: /work/grodgers/git/tr-aomp/TheRock/build/third-party/eigen/stage/include/eigen3/unsupported/Eigen/src/BVH/BVAlgorithms.h
0.1	-- Installing: /work/grodgers/git/tr-aomp/TheRock/build/third-party/eigen/stage/include/eigen3/unsupported/Eigen/src/BVH/KdBVH.h
0.1	-- Installing: /work/grodgers/git/tr-aomp/TheRock/build/third-party/eigen/stage/include/eigen3/unsupported/Eigen/src/Polynomials
0.1	-- Installing: /work/grodgers/git/tr-aomp/TheRock/build/third-party/eigen/stage/include/eigen3/unsupported/Eigen/src/Polynomials/PolynomialUtils.h
0.1	-- Installing: /work/grodgers/git/tr-aomp/TheRock/build/third-party/eigen/stage/include/eigen3/unsupported/Eigen/src/Polynomials/Companion.h
0.1	-- Installing: /work/grodgers/git/tr-aomp/TheRock/build/third-party/eigen/stage/include/eigen3/unsupported/Eigen/src/Polynomials/PolynomialSolver.h
0.1	-- Installing: /work/grodgers/git/tr-aomp/TheRock/build/third-party/eigen/stage/include/eigen3/unsupported/Eigen/src/LevenbergMarquardt
0.1	-- Installing: /work/grodgers/git/tr-aomp/TheRock/build/third-party/eigen/stage/include/eigen3/unsupported/Eigen/src/LevenbergMarquardt/LMcovar.h
0.1	-- Installing: /work/grodgers/git/tr-aomp/TheRock/build/third-party/eigen/stage/include/eigen3/unsupported/Eigen/src/LevenbergMarquardt/LMqrsolv.h
0.1	-- Installing: /work/grodgers/git/tr-aomp/TheRock/build/third-party/eigen/stage/include/eigen3/unsupported/Eigen/src/LevenbergMarquardt/LevenbergMarquardt.h
0.1	-- Installing: /work/grodgers/git/tr-aomp/TheRock/build/third-party/eigen/stage/include/eigen3/unsupported/Eigen/src/LevenbergMarquardt/LMpar.h
0.1	-- Installing: /work/grodgers/git/tr-aomp/TheRock/build/third-party/eigen/stage/include/eigen3/unsupported/Eigen/src/LevenbergMarquardt/LMonestep.h
0.1	-- Installing: /work/grodgers/git/tr-aomp/TheRock/build/third-party/eigen/stage/include/eigen3/unsupported/Eigen/src/MatrixFunctions
0.1	-- Installing: /work/grodgers/git/tr-aomp/TheRock/build/third-party/eigen/stage/include/eigen3/unsupported/Eigen/src/MatrixFunctions/MatrixExponential.h
0.1	-- Installing: /work/grodgers/git/tr-aomp/TheRock/build/third-party/eigen/stage/include/eigen3/unsupported/Eigen/src/MatrixFunctions/MatrixFunction.h
0.1	-- Installing: /work/grodgers/git/tr-aomp/TheRock/build/third-party/eigen/stage/include/eigen3/unsupported/Eigen/src/MatrixFunctions/MatrixPower.h
0.1	-- Installing: /work/grodgers/git/tr-aomp/TheRock/build/third-party/eigen/stage/include/eigen3/unsupported/Eigen/src/MatrixFunctions/MatrixLogarithm.h
0.1	-- Installing: /work/grodgers/git/tr-aomp/TheRock/build/third-party/eigen/stage/include/eigen3/unsupported/Eigen/src/MatrixFunctions/MatrixSquareRoot.h
0.1	-- Installing: /work/grodgers/git/tr-aomp/TheRock/build/third-party/eigen/stage/include/eigen3/unsupported/Eigen/src/MatrixFunctions/StemFunction.h
0.1	-- Installing: /work/grodgers/git/tr-aomp/TheRock/build/third-party/eigen/stage/include/eigen3/unsupported/Eigen/src/AutoDiff
0.1	-- Installing: /work/grodgers/git/tr-aomp/TheRock/build/third-party/eigen/stage/include/eigen3/unsupported/Eigen/src/AutoDiff/AutoDiffVector.h
0.1	-- Installing: /work/grodgers/git/tr-aomp/TheRock/build/third-party/eigen/stage/include/eigen3/unsupported/Eigen/src/AutoDiff/AutoDiffJacobian.h
0.1	-- Installing: /work/grodgers/git/tr-aomp/TheRock/build/third-party/eigen/stage/include/eigen3/unsupported/Eigen/src/AutoDiff/AutoDiffScalar.h
0.1	-- Installing: /work/grodgers/git/tr-aomp/TheRock/build/third-party/eigen/stage/include/eigen3/unsupported/Eigen/src/Splines
0.1	-- Installing: /work/grodgers/git/tr-aomp/TheRock/build/third-party/eigen/stage/include/eigen3/unsupported/Eigen/src/Splines/Spline.h
0.1	-- Installing: /work/grodgers/git/tr-aomp/TheRock/build/third-party/eigen/stage/include/eigen3/unsupported/Eigen/src/Splines/SplineFwd.h
0.1	-- Installing: /work/grodgers/git/tr-aomp/TheRock/build/third-party/eigen/stage/include/eigen3/unsupported/Eigen/src/Splines/SplineFitting.h
0.1	-- Installing: /work/grodgers/git/tr-aomp/TheRock/build/third-party/eigen/stage/include/eigen3/unsupported/Eigen/src/SparseExtra
0.1	-- Installing: /work/grodgers/git/tr-aomp/TheRock/build/third-party/eigen/stage/include/eigen3/unsupported/Eigen/src/SparseExtra/MatrixMarketIterator.h
0.1	-- Installing: /work/grodgers/git/tr-aomp/TheRock/build/third-party/eigen/stage/include/eigen3/unsupported/Eigen/src/SparseExtra/BlockSparseMatrix.h
0.1	-- Installing: /work/grodgers/git/tr-aomp/TheRock/build/third-party/eigen/stage/include/eigen3/unsupported/Eigen/src/SparseExtra/BlockOfDynamicSparseMatrix.h
0.1	-- Installing: /work/grodgers/git/tr-aomp/TheRock/build/third-party/eigen/stage/include/eigen3/unsupported/Eigen/src/SparseExtra/MarketIO.h
0.1	-- Installing: /work/grodgers/git/tr-aomp/TheRock/build/third-party/eigen/stage/include/eigen3/unsupported/Eigen/src/SparseExtra/DynamicSparseMatrix.h
0.1	-- Installing: /work/grodgers/git/tr-aomp/TheRock/build/third-party/eigen/stage/include/eigen3/unsupported/Eigen/src/SparseExtra/RandomSetter.h
0.1	-- Installing: /work/grodgers/git/tr-aomp/TheRock/build/third-party/eigen/stage/include/eigen3/unsupported/Eigen/src/NumericalDiff
0.1	-- Installing: /work/grodgers/git/tr-aomp/TheRock/build/third-party/eigen/stage/include/eigen3/unsupported/Eigen/src/NumericalDiff/NumericalDiff.h
0.1	-- Installing: /work/grodgers/git/tr-aomp/TheRock/build/third-party/eigen/stage/include/eigen3/unsupported/Eigen/src/Skyline
0.1	-- Installing: /work/grodgers/git/tr-aomp/TheRock/build/third-party/eigen/stage/include/eigen3/unsupported/Eigen/src/Skyline/SkylineMatrix.h
0.1	-- Installing: /work/grodgers/git/tr-aomp/TheRock/build/third-party/eigen/stage/include/eigen3/unsupported/Eigen/src/Skyline/SkylineProduct.h
0.1	-- Installing: /work/grodgers/git/tr-aomp/TheRock/build/third-party/eigen/stage/include/eigen3/unsupported/Eigen/src/Skyline/SkylineMatrixBase.h
0.1	-- Installing: /work/grodgers/git/tr-aomp/TheRock/build/third-party/eigen/stage/include/eigen3/unsupported/Eigen/src/Skyline/SkylineUtil.h
0.1	-- Installing: /work/grodgers/git/tr-aomp/TheRock/build/third-party/eigen/stage/include/eigen3/unsupported/Eigen/src/Skyline/SkylineInplaceLU.h
0.1	-- Installing: /work/grodgers/git/tr-aomp/TheRock/build/third-party/eigen/stage/include/eigen3/unsupported/Eigen/src/Skyline/SkylineStorage.h
0.1	-- Installing: /work/grodgers/git/tr-aomp/TheRock/build/third-party/eigen/stage/include/eigen3/unsupported/Eigen/src/KroneckerProduct
0.1	-- Installing: /work/grodgers/git/tr-aomp/TheRock/build/third-party/eigen/stage/include/eigen3/unsupported/Eigen/src/KroneckerProduct/KroneckerTensorProduct.h
0.1	-- Installing: /work/grodgers/git/tr-aomp/TheRock/build/third-party/eigen/stage/include/eigen3/unsupported/Eigen/src/FFT
0.1	-- Installing: /work/grodgers/git/tr-aomp/TheRock/build/third-party/eigen/stage/include/eigen3/unsupported/Eigen/src/FFT/ei_fftw_impl.h
0.1	-- Installing: /work/grodgers/git/tr-aomp/TheRock/build/third-party/eigen/stage/include/eigen3/unsupported/Eigen/src/FFT/ei_kissfft_impl.h
0.1	-- Installing: /work/grodgers/git/tr-aomp/TheRock/build/third-party/eigen/stage/include/eigen3/unsupported/Eigen/src/Eigenvalues
0.1	-- Installing: /work/grodgers/git/tr-aomp/TheRock/build/third-party/eigen/stage/include/eigen3/unsupported/Eigen/src/Eigenvalues/ArpackSelfAdjointEigenSolver.h
0.1	-- Installing: /work/grodgers/git/tr-aomp/TheRock/build/third-party/eigen/stage/include/eigen3/unsupported/Eigen/src/MoreVectorization
0.1	-- Installing: /work/grodgers/git/tr-aomp/TheRock/build/third-party/eigen/stage/include/eigen3/unsupported/Eigen/src/MoreVectorization/MathFunctions.h
0.1	-- Installing: /work/grodgers/git/tr-aomp/TheRock/build/third-party/eigen/stage/include/eigen3/unsupported/Eigen/src/NonLinearOptimization
0.1	-- Installing: /work/grodgers/git/tr-aomp/TheRock/build/third-party/eigen/stage/include/eigen3/unsupported/Eigen/src/NonLinearOptimization/r1updt.h
0.1	-- Installing: /work/grodgers/git/tr-aomp/TheRock/build/third-party/eigen/stage/include/eigen3/unsupported/Eigen/src/NonLinearOptimization/covar.h
0.1	-- Installing: /work/grodgers/git/tr-aomp/TheRock/build/third-party/eigen/stage/include/eigen3/unsupported/Eigen/src/NonLinearOptimization/chkder.h
0.1	-- Installing: /work/grodgers/git/tr-aomp/TheRock/build/third-party/eigen/stage/include/eigen3/unsupported/Eigen/src/NonLinearOptimization/qrsolv.h
0.1	-- Installing: /work/grodgers/git/tr-aomp/TheRock/build/third-party/eigen/stage/include/eigen3/unsupported/Eigen/src/NonLinearOptimization/LevenbergMarquardt.h
0.1	-- Installing: /work/grodgers/git/tr-aomp/TheRock/build/third-party/eigen/stage/include/eigen3/unsupported/Eigen/src/NonLinearOptimization/r1mpyq.h
0.1	-- Installing: /work/grodgers/git/tr-aomp/TheRock/build/third-party/eigen/stage/include/eigen3/unsupported/Eigen/src/NonLinearOptimization/lmpar.h
0.1	-- Installing: /work/grodgers/git/tr-aomp/TheRock/build/third-party/eigen/stage/include/eigen3/unsupported/Eigen/src/NonLinearOptimization/dogleg.h
0.1	-- Installing: /work/grodgers/git/tr-aomp/TheRock/build/third-party/eigen/stage/include/eigen3/unsupported/Eigen/src/NonLinearOptimization/HybridNonLinearSolver.h
0.1	-- Installing: /work/grodgers/git/tr-aomp/TheRock/build/third-party/eigen/stage/include/eigen3/unsupported/Eigen/src/NonLinearOptimization/rwupdt.h
0.1	-- Installing: /work/grodgers/git/tr-aomp/TheRock/build/third-party/eigen/stage/include/eigen3/unsupported/Eigen/src/NonLinearOptimization/fdjac1.h
0.1	-- Installing: /work/grodgers/git/tr-aomp/TheRock/build/third-party/eigen/stage/include/eigen3/unsupported/Eigen/src/EulerAngles
0.1	-- Installing: /work/grodgers/git/tr-aomp/TheRock/build/third-party/eigen/stage/include/eigen3/unsupported/Eigen/src/EulerAngles/EulerSystem.h
0.1	-- Installing: /work/grodgers/git/tr-aomp/TheRock/build/third-party/eigen/stage/include/eigen3/unsupported/Eigen/src/EulerAngles/EulerAngles.h
0.1	-- Installing: /work/grodgers/git/tr-aomp/TheRock/build/third-party/eigen/stage/include/eigen3/unsupported/Eigen/src/IterativeSolvers
0.1	-- Installing: /work/grodgers/git/tr-aomp/TheRock/build/third-party/eigen/stage/include/eigen3/unsupported/Eigen/src/IterativeSolvers/IterationController.h
0.1	-- Installing: /work/grodgers/git/tr-aomp/TheRock/build/third-party/eigen/stage/include/eigen3/unsupported/Eigen/src/IterativeSolvers/IDRS.h
0.1	-- Installing: /work/grodgers/git/tr-aomp/TheRock/build/third-party/eigen/stage/include/eigen3/unsupported/Eigen/src/IterativeSolvers/ConstrainedConjGrad.h
0.1	-- Installing: /work/grodgers/git/tr-aomp/TheRock/build/third-party/eigen/stage/include/eigen3/unsupported/Eigen/src/IterativeSolvers/IncompleteLU.h
0.1	-- Installing: /work/grodgers/git/tr-aomp/TheRock/build/third-party/eigen/stage/include/eigen3/unsupported/Eigen/src/IterativeSolvers/MINRES.h
0.1	-- Installing: /work/grodgers/git/tr-aomp/TheRock/build/third-party/eigen/stage/include/eigen3/unsupported/Eigen/src/IterativeSolvers/Scaling.h
0.1	-- Installing: /work/grodgers/git/tr-aomp/TheRock/build/third-party/eigen/stage/include/eigen3/unsupported/Eigen/src/IterativeSolvers/GMRES.h
0.1	-- Installing: /work/grodgers/git/tr-aomp/TheRock/build/third-party/eigen/stage/include/eigen3/unsupported/Eigen/src/IterativeSolvers/DGMRES.h
0.1	-- Installing: /work/grodgers/git/tr-aomp/TheRock/build/third-party/eigen/stage/include/eigen3/unsupported/Eigen/CXX11/Tensor
0.1	-- Installing: /work/grodgers/git/tr-aomp/TheRock/build/third-party/eigen/stage/include/eigen3/unsupported/Eigen/CXX11/TensorSymmetry
0.1	-- Installing: /work/grodgers/git/tr-aomp/TheRock/build/third-party/eigen/stage/include/eigen3/unsupported/Eigen/CXX11/ThreadPool
0.1	-- Installing: /work/grodgers/git/tr-aomp/TheRock/build/third-party/eigen/stage/include/eigen3/unsupported/Eigen/CXX11/src
0.1	-- Installing: /work/grodgers/git/tr-aomp/TheRock/build/third-party/eigen/stage/include/eigen3/unsupported/Eigen/CXX11/src/ThreadPool
0.1	-- Installing: /work/grodgers/git/tr-aomp/TheRock/build/third-party/eigen/stage/include/eigen3/unsupported/Eigen/CXX11/src/ThreadPool/NonBlockingThreadPool.h
0.1	-- Installing: /work/grodgers/git/tr-aomp/TheRock/build/third-party/eigen/stage/include/eigen3/unsupported/Eigen/CXX11/src/ThreadPool/ThreadYield.h
0.1	-- Installing: /work/grodgers/git/tr-aomp/TheRock/build/third-party/eigen/stage/include/eigen3/unsupported/Eigen/CXX11/src/ThreadPool/ThreadEnvironment.h
0.1	-- Installing: /work/grodgers/git/tr-aomp/TheRock/build/third-party/eigen/stage/include/eigen3/unsupported/Eigen/CXX11/src/ThreadPool/ThreadPoolInterface.h
0.1	-- Installing: /work/grodgers/git/tr-aomp/TheRock/build/third-party/eigen/stage/include/eigen3/unsupported/Eigen/CXX11/src/ThreadPool/ThreadLocal.h
0.1	-- Installing: /work/grodgers/git/tr-aomp/TheRock/build/third-party/eigen/stage/include/eigen3/unsupported/Eigen/CXX11/src/ThreadPool/EventCount.h
0.1	-- Installing: /work/grodgers/git/tr-aomp/TheRock/build/third-party/eigen/stage/include/eigen3/unsupported/Eigen/CXX11/src/ThreadPool/RunQueue.h
0.1	-- Installing: /work/grodgers/git/tr-aomp/TheRock/build/third-party/eigen/stage/include/eigen3/unsupported/Eigen/CXX11/src/ThreadPool/Barrier.h
0.1	-- Installing: /work/grodgers/git/tr-aomp/TheRock/build/third-party/eigen/stage/include/eigen3/unsupported/Eigen/CXX11/src/ThreadPool/ThreadCancel.h
0.1	-- Installing: /work/grodgers/git/tr-aomp/TheRock/build/third-party/eigen/stage/include/eigen3/unsupported/Eigen/CXX11/src/util
0.1	-- Installing: /work/grodgers/git/tr-aomp/TheRock/build/third-party/eigen/stage/include/eigen3/unsupported/Eigen/CXX11/src/util/MaxSizeVector.h
0.1	-- Installing: /work/grodgers/git/tr-aomp/TheRock/build/third-party/eigen/stage/include/eigen3/unsupported/Eigen/CXX11/src/util/EmulateArray.h
0.1	-- Installing: /work/grodgers/git/tr-aomp/TheRock/build/third-party/eigen/stage/include/eigen3/unsupported/Eigen/CXX11/src/util/CXX11Meta.h
0.1	-- Installing: /work/grodgers/git/tr-aomp/TheRock/build/third-party/eigen/stage/include/eigen3/unsupported/Eigen/CXX11/src/util/CXX11Workarounds.h
0.1	-- Installing: /work/grodgers/git/tr-aomp/TheRock/build/third-party/eigen/stage/include/eigen3/unsupported/Eigen/CXX11/src/Tensor
0.1	-- Installing: /work/grodgers/git/tr-aomp/TheRock/build/third-party/eigen/stage/include/eigen3/unsupported/Eigen/CXX11/src/Tensor/TensorReverse.h
0.1	-- Installing: /work/grodgers/git/tr-aomp/TheRock/build/third-party/eigen/stage/include/eigen3/unsupported/Eigen/CXX11/src/Tensor/TensorMacros.h
0.1	-- Installing: /work/grodgers/git/tr-aomp/TheRock/build/third-party/eigen/stage/include/eigen3/unsupported/Eigen/CXX11/src/Tensor/TensorIndexList.h
0.1	-- Installing: /work/grodgers/git/tr-aomp/TheRock/build/third-party/eigen/stage/include/eigen3/unsupported/Eigen/CXX11/src/Tensor/TensorFFT.h
0.1	-- Installing: /work/grodgers/git/tr-aomp/TheRock/build/third-party/eigen/stage/include/eigen3/unsupported/Eigen/CXX11/src/Tensor/TensorGpuHipCudaUndefines.h
0.1	-- Installing: /work/grodgers/git/tr-aomp/TheRock/build/third-party/eigen/stage/include/eigen3/unsupported/Eigen/CXX11/src/Tensor/TensorExecutor.h
0.1	-- Installing: /work/grodgers/git/tr-aomp/TheRock/build/third-party/eigen/stage/include/eigen3/unsupported/Eigen/CXX11/src/Tensor/TensorGpuHipCudaDefines.h
0.1	-- Installing: /work/grodgers/git/tr-aomp/TheRock/build/third-party/eigen/stage/include/eigen3/unsupported/Eigen/CXX11/src/Tensor/TensorVolumePatch.h
0.1	-- Installing: /work/grodgers/git/tr-aomp/TheRock/build/third-party/eigen/stage/include/eigen3/unsupported/Eigen/CXX11/src/Tensor/TensorTrace.h
0.1	-- Installing: /work/grodgers/git/tr-aomp/TheRock/build/third-party/eigen/stage/include/eigen3/unsupported/Eigen/CXX11/src/Tensor/TensorReduction.h
0.1	-- Installing: /work/grodgers/git/tr-aomp/TheRock/build/third-party/eigen/stage/include/eigen3/unsupported/Eigen/CXX11/src/Tensor/TensorContractionGpu.h
0.1	-- Installing: /work/grodgers/git/tr-aomp/TheRock/build/third-party/eigen/stage/include/eigen3/unsupported/Eigen/CXX11/src/Tensor/TensorPatch.h
0.1	-- Installing: /work/grodgers/git/tr-aomp/TheRock/build/third-party/eigen/stage/include/eigen3/unsupported/Eigen/CXX11/src/Tensor/TensorInflation.h
0.1	-- Installing: /work/grodgers/git/tr-aomp/TheRock/build/third-party/eigen/stage/include/eigen3/unsupported/Eigen/CXX11/src/Tensor/TensorEvaluator.h
0.1	-- Installing: /work/grodgers/git/tr-aomp/TheRock/build/third-party/eigen/stage/include/eigen3/unsupported/Eigen/CXX11/src/Tensor/TensorDeviceThreadPool.h
0.1	-- Installing: /work/grodgers/git/tr-aomp/TheRock/build/third-party/eigen/stage/include/eigen3/unsupported/Eigen/CXX11/src/Tensor/TensorArgMax.h
0.1	-- Installing: /work/grodgers/git/tr-aomp/TheRock/build/third-party/eigen/stage/include/eigen3/unsupported/Eigen/CXX11/src/Tensor/TensorDimensionList.h
0.1	-- Installing: /work/grodgers/git/tr-aomp/TheRock/build/third-party/eigen/stage/include/eigen3/unsupported/Eigen/CXX11/src/Tensor/TensorUInt128.h
0.1	-- Installing: /work/grodgers/git/tr-aomp/TheRock/build/third-party/eigen/stage/include/eigen3/unsupported/Eigen/CXX11/src/Tensor/TensorLayoutSwap.h
0.1	-- Installing: /work/grodgers/git/tr-aomp/TheRock/build/third-party/eigen/stage/include/eigen3/unsupported/Eigen/CXX11/src/Tensor/TensorIO.h
0.1	-- Installing: /work/grodgers/git/tr-aomp/TheRock/build/third-party/eigen/stage/include/eigen3/unsupported/Eigen/CXX11/src/Tensor/TensorConcatenation.h
0.1	-- Installing: /work/grodgers/git/tr-aomp/TheRock/build/third-party/eigen/stage/include/eigen3/unsupported/Eigen/CXX11/src/Tensor/TensorContractionCuda.h
0.1	-- Installing: /work/grodgers/git/tr-aomp/TheRock/build/third-party/eigen/stage/include/eigen3/unsupported/Eigen/CXX11/src/Tensor/TensorEvalTo.h
0.1	-- Installing: /work/grodgers/git/tr-aomp/TheRock/build/third-party/eigen/stage/include/eigen3/unsupported/Eigen/CXX11/src/Tensor/TensorContraction.h
0.1	-- Installing: /work/grodgers/git/tr-aomp/TheRock/build/third-party/eigen/stage/include/eigen3/unsupported/Eigen/CXX11/src/Tensor/TensorCustomOp.h
0.1	-- Installing: /work/grodgers/git/tr-aomp/TheRock/build/third-party/eigen/stage/include/eigen3/unsupported/Eigen/CXX11/src/Tensor/TensorStorage.h
0.1	-- Installing: /work/grodgers/git/tr-aomp/TheRock/build/third-party/eigen/stage/include/eigen3/unsupported/Eigen/CXX11/src/Tensor/TensorDeviceGpu.h
0.1	-- Installing: /work/grodgers/git/tr-aomp/TheRock/build/third-party/eigen/stage/include/eigen3/unsupported/Eigen/CXX11/src/Tensor/TensorMorphing.h
0.1	-- Installing: /work/grodgers/git/tr-aomp/TheRock/build/third-party/eigen/stage/include/eigen3/unsupported/Eigen/CXX11/src/Tensor/Tensor.h
0.1	-- Installing: /work/grodgers/git/tr-aomp/TheRock/build/third-party/eigen/stage/include/eigen3/unsupported/Eigen/CXX11/src/Tensor/TensorContractionMapper.h
0.1	-- Installing: /work/grodgers/git/tr-aomp/TheRock/build/third-party/eigen/stage/include/eigen3/unsupported/Eigen/CXX11/src/Tensor/TensorGenerator.h
0.1	-- Installing: /work/grodgers/git/tr-aomp/TheRock/build/third-party/eigen/stage/include/eigen3/unsupported/Eigen/CXX11/src/Tensor/TensorPadding.h
0.1	-- Installing: /work/grodgers/git/tr-aomp/TheRock/build/third-party/eigen/stage/include/eigen3/unsupported/Eigen/CXX11/src/Tensor/TensorMap.h
0.1	-- Installing: /work/grodgers/git/tr-aomp/TheRock/build/third-party/eigen/stage/include/eigen3/unsupported/Eigen/CXX11/src/Tensor/TensorDevice.h
0.1	-- Installing: /work/grodgers/git/tr-aomp/TheRock/build/third-party/eigen/stage/include/eigen3/unsupported/Eigen/CXX11/src/Tensor/TensorChipping.h
0.1	-- Installing: /work/grodgers/git/tr-aomp/TheRock/build/third-party/eigen/stage/include/eigen3/unsupported/Eigen/CXX11/src/Tensor/TensorStriding.h
0.1	-- Installing: /work/grodgers/git/tr-aomp/TheRock/build/third-party/eigen/stage/include/eigen3/unsupported/Eigen/CXX11/src/Tensor/TensorRandom.h
0.1	-- Installing: /work/grodgers/git/tr-aomp/TheRock/build/third-party/eigen/stage/include/eigen3/unsupported/Eigen/CXX11/src/Tensor/TensorConversion.h
0.1	-- Installing: /work/grodgers/git/tr-aomp/TheRock/build/third-party/eigen/stage/include/eigen3/unsupported/Eigen/CXX11/src/Tensor/TensorIntDiv.h
0.2	-- Installing: /work/grodgers/git/tr-aomp/TheRock/build/third-party/eigen/stage/include/eigen3/unsupported/Eigen/CXX11/src/Tensor/TensorDeviceDefault.h
0.2	-- Installing: /work/grodgers/git/tr-aomp/TheRock/build/third-party/eigen/stage/include/eigen3/unsupported/Eigen/CXX11/src/Tensor/TensorContractionBlocking.h
0.2	-- Installing: /work/grodgers/git/tr-aomp/TheRock/build/third-party/eigen/stage/include/eigen3/unsupported/Eigen/CXX11/src/Tensor/TensorForcedEval.h
0.2	-- Installing: /work/grodgers/git/tr-aomp/TheRock/build/third-party/eigen/stage/include/eigen3/unsupported/Eigen/CXX11/src/Tensor/TensorCostModel.h
0.2	-- Installing: /work/grodgers/git/tr-aomp/TheRock/build/third-party/eigen/stage/include/eigen3/unsupported/Eigen/CXX11/src/Tensor/TensorFixedSize.h
0.2	-- Installing: /work/grodgers/git/tr-aomp/TheRock/build/third-party/eigen/stage/include/eigen3/unsupported/Eigen/CXX11/src/Tensor/TensorBlock.h
0.2	-- Installing: /work/grodgers/git/tr-aomp/TheRock/build/third-party/eigen/stage/include/eigen3/unsupported/Eigen/CXX11/src/Tensor/TensorConvolution.h
0.2	-- Installing: /work/grodgers/git/tr-aomp/TheRock/build/third-party/eigen/stage/include/eigen3/unsupported/Eigen/CXX11/src/Tensor/TensorShuffling.h
0.2	-- Installing: /work/grodgers/git/tr-aomp/TheRock/build/third-party/eigen/stage/include/eigen3/unsupported/Eigen/CXX11/src/Tensor/TensorRef.h
0.2	-- Installing: /work/grodgers/git/tr-aomp/TheRock/build/third-party/eigen/stage/include/eigen3/unsupported/Eigen/CXX11/src/Tensor/TensorAssign.h
0.2	-- Installing: /work/grodgers/git/tr-aomp/TheRock/build/third-party/eigen/stage/include/eigen3/unsupported/Eigen/CXX11/src/Tensor/TensorBase.h
0.2	-- Installing: /work/grodgers/git/tr-aomp/TheRock/build/third-party/eigen/stage/include/eigen3/unsupported/Eigen/CXX11/src/Tensor/TensorImagePatch.h
0.2	-- Installing: /work/grodgers/git/tr-aomp/TheRock/build/third-party/eigen/stage/include/eigen3/unsupported/Eigen/CXX11/src/Tensor/TensorDimensions.h
0.2	-- Installing: /work/grodgers/git/tr-aomp/TheRock/build/third-party/eigen/stage/include/eigen3/unsupported/Eigen/CXX11/src/Tensor/TensorContractionSycl.h
0.2	-- Installing: /work/grodgers/git/tr-aomp/TheRock/build/third-party/eigen/stage/include/eigen3/unsupported/Eigen/CXX11/src/Tensor/TensorScan.h
0.2	-- Installing: /work/grodgers/git/tr-aomp/TheRock/build/third-party/eigen/stage/include/eigen3/unsupported/Eigen/CXX11/src/Tensor/TensorReductionCuda.h
0.2	-- Installing: /work/grodgers/git/tr-aomp/TheRock/build/third-party/eigen/stage/include/eigen3/unsupported/Eigen/CXX11/src/Tensor/TensorBroadcasting.h
0.2	-- Installing: /work/grodgers/git/tr-aomp/TheRock/build/third-party/eigen/stage/include/eigen3/unsupported/Eigen/CXX11/src/Tensor/TensorGlobalFunctions.h
0.2	-- Installing: /work/grodgers/git/tr-aomp/TheRock/build/third-party/eigen/stage/include/eigen3/unsupported/Eigen/CXX11/src/Tensor/TensorMeta.h
0.2	-- Installing: /work/grodgers/git/tr-aomp/TheRock/build/third-party/eigen/stage/include/eigen3/unsupported/Eigen/CXX11/src/Tensor/TensorExpr.h
0.2	-- Installing: /work/grodgers/git/tr-aomp/TheRock/build/third-party/eigen/stage/include/eigen3/unsupported/Eigen/CXX11/src/Tensor/TensorInitializer.h
0.2	-- Installing: /work/grodgers/git/tr-aomp/TheRock/build/third-party/eigen/stage/include/eigen3/unsupported/Eigen/CXX11/src/Tensor/TensorTraits.h
0.2	-- Installing: /work/grodgers/git/tr-aomp/TheRock/build/third-party/eigen/stage/include/eigen3/unsupported/Eigen/CXX11/src/Tensor/TensorScanSycl.h
0.2	-- Installing: /work/grodgers/git/tr-aomp/TheRock/build/third-party/eigen/stage/include/eigen3/unsupported/Eigen/CXX11/src/Tensor/TensorForwardDeclarations.h
0.2	-- Installing: /work/grodgers/git/tr-aomp/TheRock/build/third-party/eigen/stage/include/eigen3/unsupported/Eigen/CXX11/src/Tensor/TensorFunctors.h
0.2	-- Installing: /work/grodgers/git/tr-aomp/TheRock/build/third-party/eigen/stage/include/eigen3/unsupported/Eigen/CXX11/src/Tensor/TensorDeviceCuda.h
0.2	-- Installing: /work/grodgers/git/tr-aomp/TheRock/build/third-party/eigen/stage/include/eigen3/unsupported/Eigen/CXX11/src/Tensor/TensorDeviceSycl.h
0.2	-- Installing: /work/grodgers/git/tr-aomp/TheRock/build/third-party/eigen/stage/include/eigen3/unsupported/Eigen/CXX11/src/Tensor/TensorConvolutionSycl.h
0.2	-- Installing: /work/grodgers/git/tr-aomp/TheRock/build/third-party/eigen/stage/include/eigen3/unsupported/Eigen/CXX11/src/Tensor/TensorReductionGpu.h
0.2	-- Installing: /work/grodgers/git/tr-aomp/TheRock/build/third-party/eigen/stage/include/eigen3/unsupported/Eigen/CXX11/src/Tensor/TensorContractionThreadPool.h
0.2	-- Installing: /work/grodgers/git/tr-aomp/TheRock/build/third-party/eigen/stage/include/eigen3/unsupported/Eigen/CXX11/src/Tensor/TensorReductionSycl.h
0.2	-- Installing: /work/grodgers/git/tr-aomp/TheRock/build/third-party/eigen/stage/include/eigen3/unsupported/Eigen/CXX11/src/TensorSymmetry
0.2	-- Installing: /work/grodgers/git/tr-aomp/TheRock/build/third-party/eigen/stage/include/eigen3/unsupported/Eigen/CXX11/src/TensorSymmetry/util
0.2	-- Installing: /work/grodgers/git/tr-aomp/TheRock/build/third-party/eigen/stage/include/eigen3/unsupported/Eigen/CXX11/src/TensorSymmetry/util/TemplateGroupTheory.h
0.2	-- Installing: /work/grodgers/git/tr-aomp/TheRock/build/third-party/eigen/stage/include/eigen3/unsupported/Eigen/CXX11/src/TensorSymmetry/Symmetry.h
0.2	-- Installing: /work/grodgers/git/tr-aomp/TheRock/build/third-party/eigen/stage/include/eigen3/unsupported/Eigen/CXX11/src/TensorSymmetry/StaticSymmetry.h
0.2	-- Installing: /work/grodgers/git/tr-aomp/TheRock/build/third-party/eigen/stage/include/eigen3/unsupported/Eigen/CXX11/src/TensorSymmetry/DynamicSymmetry.h
END	1757693412.260594	0.16233611106872559	0
