BEGIN	1757693405.8281424
EXEC	/work1/grodgers/git/tr-aomp/TheRock/build/third-party/nlohmann-json/build	/usr/bin/cmake --install /work/grodgers/git/tr-aomp/TheRock/build/third-party/nlohmann-json/build
0.0	-- Install configuration: "Release"
0.0	-- Installing: /work/grodgers/git/tr-aomp/TheRock/build/third-party/nlohmann-json/stage/include
0.0	-- Installing: /work/grodgers/git/tr-aomp/TheRock/build/third-party/nlohmann-json/stage/include/nlohmann
0.0	-- Installing: /work/grodgers/git/tr-aomp/TheRock/build/third-party/nlohmann-json/stage/include/nlohmann/json_fwd.hpp
0.0	-- Installing: /work/grodgers/git/tr-aomp/TheRock/build/third-party/nlohmann-json/stage/include/nlohmann/thirdparty
0.0	-- Installing: /work/grodgers/git/tr-aomp/TheRock/build/third-party/nlohmann-json/stage/include/nlohmann/thirdparty/hedley
0.0	-- Installing: /work/grodgers/git/tr-aomp/TheRock/build/third-party/nlohmann-json/stage/include/nlohmann/thirdparty/hedley/hedley.hpp
0.0	-- Installing: /work/grodgers/git/tr-aomp/TheRock/build/third-party/nlohmann-json/stage/include/nlohmann/thirdparty/hedley/hedley_undef.hpp
0.0	-- Installing: /work/grodgers/git/tr-aomp/TheRock/build/third-party/nlohmann-json/stage/include/nlohmann/json.hpp
0.0	-- Installing: /work/grodgers/git/tr-aomp/TheRock/build/third-party/nlohmann-json/stage/include/nlohmann/ordered_map.hpp
0.0	-- Installing: /work/grodgers/git/tr-aomp/TheRock/build/third-party/nlohmann-json/stage/include/nlohmann/adl_serializer.hpp
0.0	-- Installing: /work/grodgers/git/tr-aomp/TheRock/build/third-party/nlohmann-json/stage/include/nlohmann/detail
0.0	-- Installing: /work/grodgers/git/tr-aomp/TheRock/build/third-party/nlohmann-json/stage/include/nlohmann/detail/exceptions.hpp
0.0	-- Installing: /work/grodgers/git/tr-aomp/TheRock/build/third-party/nlohmann-json/stage/include/nlohmann/detail/output
0.0	-- Installing: /work/grodgers/git/tr-aomp/TheRock/build/third-party/nlohmann-json/stage/include/nlohmann/detail/output/serializer.hpp
0.0	-- Installing: /work/grodgers/git/tr-aomp/TheRock/build/third-party/nlohmann-json/stage/include/nlohmann/detail/output/output_adapters.hpp
0.0	-- Installing: /work/grodgers/git/tr-aomp/TheRock/build/third-party/nlohmann-json/stage/include/nlohmann/detail/output/binary_writer.hpp
0.0	-- Installing: /work/grodgers/git/tr-aomp/TheRock/build/third-party/nlohmann-json/stage/include/nlohmann/detail/iterators
0.0	-- Installing: /work/grodgers/git/tr-aomp/TheRock/build/third-party/nlohmann-json/stage/include/nlohmann/detail/iterators/iteration_proxy.hpp
0.0	-- Installing: /work/grodgers/git/tr-aomp/TheRock/build/third-party/nlohmann-json/stage/include/nlohmann/detail/iterators/json_reverse_iterator.hpp
0.0	-- Installing: /work/grodgers/git/tr-aomp/TheRock/build/third-party/nlohmann-json/stage/include/nlohmann/detail/iterators/primitive_iterator.hpp
0.0	-- Installing: /work/grodgers/git/tr-aomp/TheRock/build/third-party/nlohmann-json/stage/include/nlohmann/detail/iterators/iter_impl.hpp
0.0	-- Installing: /work/grodgers/git/tr-aomp/TheRock/build/third-party/nlohmann-json/stage/include/nlohmann/detail/iterators/internal_iterator.hpp
0.0	-- Installing: /work/grodgers/git/tr-aomp/TheRock/build/third-party/nlohmann-json/stage/include/nlohmann/detail/iterators/iterator_traits.hpp
0.0	-- Installing: /work/grodgers/git/tr-aomp/TheRock/build/third-party/nlohmann-json/stage/include/nlohmann/detail/conversions
0.0	-- Installing: /work/grodgers/git/tr-aomp/TheRock/build/third-party/nlohmann-json/stage/include/nlohmann/detail/conversions/to_chars.hpp
0.0	-- Installing: /work/grodgers/git/tr-aomp/TheRock/build/third-party/nlohmann-json/stage/include/nlohmann/detail/conversions/from_json.hpp
0.0	-- Installing: /work/grodgers/git/tr-aomp/TheRock/build/third-party/nlohmann-json/stage/include/nlohmann/detail/conversions/to_json.hpp
0.0	-- Installing: /work/grodgers/git/tr-aomp/TheRock/build/third-party/nlohmann-json/stage/include/nlohmann/detail/hash.hpp
0.0	-- Installing: /work/grodgers/git/tr-aomp/TheRock/build/third-party/nlohmann-json/stage/include/nlohmann/detail/json_pointer.hpp
0.0	-- Installing: /work/grodgers/git/tr-aomp/TheRock/build/third-party/nlohmann-json/stage/include/nlohmann/detail/input
0.0	-- Installing: /work/grodgers/git/tr-aomp/TheRock/build/third-party/nlohmann-json/stage/include/nlohmann/detail/input/parser.hpp
0.0	-- Installing: /work/grodgers/git/tr-aomp/TheRock/build/third-party/nlohmann-json/stage/include/nlohmann/detail/input/position_t.hpp
0.0	-- Installing: /work/grodgers/git/tr-aomp/TheRock/build/third-party/nlohmann-json/stage/include/nlohmann/detail/input/binary_reader.hpp
0.0	-- Installing: /work/grodgers/git/tr-aomp/TheRock/build/third-party/nlohmann-json/stage/include/nlohmann/detail/input/input_adapters.hpp
0.0	-- Installing: /work/grodgers/git/tr-aomp/TheRock/build/third-party/nlohmann-json/stage/include/nlohmann/detail/input/lexer.hpp
0.0	-- Installing: /work/grodgers/git/tr-aomp/TheRock/build/third-party/nlohmann-json/stage/include/nlohmann/detail/input/json_sax.hpp
0.0	-- Installing: /work/grodgers/git/tr-aomp/TheRock/build/third-party/nlohmann-json/stage/include/nlohmann/detail/macro_scope.hpp
0.0	-- Installing: /work/grodgers/git/tr-aomp/TheRock/build/third-party/nlohmann-json/stage/include/nlohmann/detail/value_t.hpp
0.0	-- Installing: /work/grodgers/git/tr-aomp/TheRock/build/third-party/nlohmann-json/stage/include/nlohmann/detail/string_utils.hpp
0.0	-- Installing: /work/grodgers/git/tr-aomp/TheRock/build/third-party/nlohmann-json/stage/include/nlohmann/detail/meta
0.0	-- Installing: /work/grodgers/git/tr-aomp/TheRock/build/third-party/nlohmann-json/stage/include/nlohmann/detail/meta/call_std
0.0	-- Installing: /work/grodgers/git/tr-aomp/TheRock/build/third-party/nlohmann-json/stage/include/nlohmann/detail/meta/call_std/end.hpp
0.0	-- Installing: /work/grodgers/git/tr-aomp/TheRock/build/third-party/nlohmann-json/stage/include/nlohmann/detail/meta/call_std/begin.hpp
0.0	-- Installing: /work/grodgers/git/tr-aomp/TheRock/build/third-party/nlohmann-json/stage/include/nlohmann/detail/meta/std_fs.hpp
0.0	-- Installing: /work/grodgers/git/tr-aomp/TheRock/build/third-party/nlohmann-json/stage/include/nlohmann/detail/meta/detected.hpp
0.0	-- Installing: /work/grodgers/git/tr-aomp/TheRock/build/third-party/nlohmann-json/stage/include/nlohmann/detail/meta/is_sax.hpp
0.0	-- Installing: /work/grodgers/git/tr-aomp/TheRock/build/third-party/nlohmann-json/stage/include/nlohmann/detail/meta/void_t.hpp
0.0	-- Installing: /work/grodgers/git/tr-aomp/TheRock/build/third-party/nlohmann-json/stage/include/nlohmann/detail/meta/type_traits.hpp
0.0	-- Installing: /work/grodgers/git/tr-aomp/TheRock/build/third-party/nlohmann-json/stage/include/nlohmann/detail/meta/identity_tag.hpp
0.0	-- Installing: /work/grodgers/git/tr-aomp/TheRock/build/third-party/nlohmann-json/stage/include/nlohmann/detail/meta/cpp_future.hpp
0.0	-- Installing: /work/grodgers/git/tr-aomp/TheRock/build/third-party/nlohmann-json/stage/include/nlohmann/detail/string_concat.hpp
0.0	-- Installing: /work/grodgers/git/tr-aomp/TheRock/build/third-party/nlohmann-json/stage/include/nlohmann/detail/json_ref.hpp
0.0	-- Installing: /work/grodgers/git/tr-aomp/TheRock/build/third-party/nlohmann-json/stage/include/nlohmann/detail/macro_unscope.hpp
0.0	-- Installing: /work/grodgers/git/tr-aomp/TheRock/build/third-party/nlohmann-json/stage/include/nlohmann/detail/abi_macros.hpp
0.0	-- Installing: /work/grodgers/git/tr-aomp/TheRock/build/third-party/nlohmann-json/stage/include/nlohmann/detail/string_escape.hpp
0.0	-- Installing: /work/grodgers/git/tr-aomp/TheRock/build/third-party/nlohmann-json/stage/include/nlohmann/detail/json_custom_base_class.hpp
0.0	-- Installing: /work/grodgers/git/tr-aomp/TheRock/build/third-party/nlohmann-json/stage/include/nlohmann/byte_container_with_subtype.hpp
0.0	-- Installing: /work/grodgers/git/tr-aomp/TheRock/build/third-party/nlohmann-json/stage/share/cmake/nlohmann_json/nlohmann_jsonConfig.cmake
0.0	-- Installing: /work/grodgers/git/tr-aomp/TheRock/build/third-party/nlohmann-json/stage/share/cmake/nlohmann_json/nlohmann_jsonConfigVersion.cmake
0.0	-- Installing: /work/grodgers/git/tr-aomp/TheRock/build/third-party/nlohmann-json/stage/share/cmake/nlohmann_json/nlohmann_jsonTargets.cmake
0.0	-- Installing: /work/grodgers/git/tr-aomp/TheRock/build/third-party/nlohmann-json/stage/share/pkgconfig/nlohmann_json.pc
END	1757693405.846366	0.01822352409362793	0
