BEGIN	1757693411.8297966
EXEC	/work1/grodgers/git/tr-aomp/TheRock/build/third-party/yaml-cpp/build	/usr/bin/cmake --install /work/grodgers/git/tr-aomp/TheRock/build/third-party/yaml-cpp/build
0.0	-- Install configuration: "Release"
0.0	-- Installing: /work/grodgers/git/tr-aomp/TheRock/build/third-party/yaml-cpp/stage/lib/libyaml-cpp.a
0.0	-- Installing: /work/grodgers/git/tr-aomp/TheRock/build/third-party/yaml-cpp/stage/include
0.0	-- Installing: /work/grodgers/git/tr-aomp/TheRock/build/third-party/yaml-cpp/stage/include/yaml-cpp
0.0	-- Installing: /work/grodgers/git/tr-aomp/TheRock/build/third-party/yaml-cpp/stage/include/yaml-cpp/noexcept.h
0.0	-- Installing: /work/grodgers/git/tr-aomp/TheRock/build/third-party/yaml-cpp/stage/include/yaml-cpp/parser.h
0.0	-- Installing: /work/grodgers/git/tr-aomp/TheRock/build/third-party/yaml-cpp/stage/include/yaml-cpp/yaml.h
0.0	-- Installing: /work/grodgers/git/tr-aomp/TheRock/build/third-party/yaml-cpp/stage/include/yaml-cpp/depthguard.h
0.0	-- Installing: /work/grodgers/git/tr-aomp/TheRock/build/third-party/yaml-cpp/stage/include/yaml-cpp/node
0.0	-- Installing: /work/grodgers/git/tr-aomp/TheRock/build/third-party/yaml-cpp/stage/include/yaml-cpp/node/impl.h
0.0	-- Installing: /work/grodgers/git/tr-aomp/TheRock/build/third-party/yaml-cpp/stage/include/yaml-cpp/node/emit.h
0.0	-- Installing: /work/grodgers/git/tr-aomp/TheRock/build/third-party/yaml-cpp/stage/include/yaml-cpp/node/detail
0.0	-- Installing: /work/grodgers/git/tr-aomp/TheRock/build/third-party/yaml-cpp/stage/include/yaml-cpp/node/detail/memory.h
0.0	-- Installing: /work/grodgers/git/tr-aomp/TheRock/build/third-party/yaml-cpp/stage/include/yaml-cpp/node/detail/node_data.h
0.0	-- Installing: /work/grodgers/git/tr-aomp/TheRock/build/third-party/yaml-cpp/stage/include/yaml-cpp/node/detail/impl.h
0.0	-- Installing: /work/grodgers/git/tr-aomp/TheRock/build/third-party/yaml-cpp/stage/include/yaml-cpp/node/detail/node_ref.h
0.0	-- Installing: /work/grodgers/git/tr-aomp/TheRock/build/third-party/yaml-cpp/stage/include/yaml-cpp/node/detail/node_iterator.h
0.0	-- Installing: /work/grodgers/git/tr-aomp/TheRock/build/third-party/yaml-cpp/stage/include/yaml-cpp/node/detail/node.h
0.0	-- Installing: /work/grodgers/git/tr-aomp/TheRock/build/third-party/yaml-cpp/stage/include/yaml-cpp/node/detail/iterator.h
0.0	-- Installing: /work/grodgers/git/tr-aomp/TheRock/build/third-party/yaml-cpp/stage/include/yaml-cpp/node/detail/iterator_fwd.h
0.0	-- Installing: /work/grodgers/git/tr-aomp/TheRock/build/third-party/yaml-cpp/stage/include/yaml-cpp/node/type.h
0.0	-- Installing: /work/grodgers/git/tr-aomp/TheRock/build/third-party/yaml-cpp/stage/include/yaml-cpp/node/parse.h
0.0	-- Installing: /work/grodgers/git/tr-aomp/TheRock/build/third-party/yaml-cpp/stage/include/yaml-cpp/node/node.h
0.0	-- Installing: /work/grodgers/git/tr-aomp/TheRock/build/third-party/yaml-cpp/stage/include/yaml-cpp/node/iterator.h
0.0	-- Installing: /work/grodgers/git/tr-aomp/TheRock/build/third-party/yaml-cpp/stage/include/yaml-cpp/node/convert.h
0.0	-- Installing: /work/grodgers/git/tr-aomp/TheRock/build/third-party/yaml-cpp/stage/include/yaml-cpp/node/ptr.h
0.0	-- Installing: /work/grodgers/git/tr-aomp/TheRock/build/third-party/yaml-cpp/stage/include/yaml-cpp/emitter.h
0.0	-- Installing: /work/grodgers/git/tr-aomp/TheRock/build/third-party/yaml-cpp/stage/include/yaml-cpp/contrib
0.0	-- Installing: /work/grodgers/git/tr-aomp/TheRock/build/third-party/yaml-cpp/stage/include/yaml-cpp/contrib/anchordict.h
0.0	-- Installing: /work/grodgers/git/tr-aomp/TheRock/build/third-party/yaml-cpp/stage/include/yaml-cpp/contrib/graphbuilder.h
0.0	-- Installing: /work/grodgers/git/tr-aomp/TheRock/build/third-party/yaml-cpp/stage/include/yaml-cpp/dll.h
0.0	-- Installing: /work/grodgers/git/tr-aomp/TheRock/build/third-party/yaml-cpp/stage/include/yaml-cpp/emitterdef.h
0.0	-- Installing: /work/grodgers/git/tr-aomp/TheRock/build/third-party/yaml-cpp/stage/include/yaml-cpp/stlemitter.h
0.0	-- Installing: /work/grodgers/git/tr-aomp/TheRock/build/third-party/yaml-cpp/stage/include/yaml-cpp/emittermanip.h
0.0	-- Installing: /work/grodgers/git/tr-aomp/TheRock/build/third-party/yaml-cpp/stage/include/yaml-cpp/eventhandler.h
0.0	-- Installing: /work/grodgers/git/tr-aomp/TheRock/build/third-party/yaml-cpp/stage/include/yaml-cpp/traits.h
0.0	-- Installing: /work/grodgers/git/tr-aomp/TheRock/build/third-party/yaml-cpp/stage/include/yaml-cpp/ostream_wrapper.h
0.0	-- Installing: /work/grodgers/git/tr-aomp/TheRock/build/third-party/yaml-cpp/stage/include/yaml-cpp/anchor.h
0.0	-- Installing: /work/grodgers/git/tr-aomp/TheRock/build/third-party/yaml-cpp/stage/include/yaml-cpp/mark.h
0.0	-- Installing: /work/grodgers/git/tr-aomp/TheRock/build/third-party/yaml-cpp/stage/include/yaml-cpp/null.h
0.0	-- Installing: /work/grodgers/git/tr-aomp/TheRock/build/third-party/yaml-cpp/stage/include/yaml-cpp/exceptions.h
0.0	-- Installing: /work/grodgers/git/tr-aomp/TheRock/build/third-party/yaml-cpp/stage/include/yaml-cpp/emitfromevents.h
0.0	-- Installing: /work/grodgers/git/tr-aomp/TheRock/build/third-party/yaml-cpp/stage/include/yaml-cpp/emitterstyle.h
0.0	-- Installing: /work/grodgers/git/tr-aomp/TheRock/build/third-party/yaml-cpp/stage/include/yaml-cpp/binary.h
0.0	-- Installing: /work/grodgers/git/tr-aomp/TheRock/build/third-party/yaml-cpp/stage/lib/cmake/yaml-cpp/yaml-cpp-targets.cmake
0.0	-- Installing: /work/grodgers/git/tr-aomp/TheRock/build/third-party/yaml-cpp/stage/lib/cmake/yaml-cpp/yaml-cpp-targets-release.cmake
0.0	-- Installing: /work/grodgers/git/tr-aomp/TheRock/build/third-party/yaml-cpp/stage/lib/cmake/yaml-cpp/yaml-cpp-config.cmake
0.0	-- Installing: /work/grodgers/git/tr-aomp/TheRock/build/third-party/yaml-cpp/stage/lib/cmake/yaml-cpp/yaml-cpp-config-version.cmake
0.0	-- Installing: /work/grodgers/git/tr-aomp/TheRock/build/third-party/yaml-cpp/stage/lib/pkgconfig/yaml-cpp.pc
END	1757693411.8601665	0.030369997024536133	0
