BEGIN	1757693406.281342
EXEC	/work1/grodgers/git/tr-aomp/TheRock/build/third-party/FunctionalPlus/build	/usr/bin/cmake --install /work/grodgers/git/tr-aomp/TheRock/build/third-party/FunctionalPlus/build
0.0	-- Install configuration: "Release"
0.0	-- Installing: /work/grodgers/git/tr-aomp/TheRock/build/third-party/FunctionalPlus/stage/include/fplus
0.0	-- Installing: /work/grodgers/git/tr-aomp/TheRock/build/third-party/FunctionalPlus/stage/include/fplus/variant.hpp
0.0	-- Installing: /work/grodgers/git/tr-aomp/TheRock/build/third-party/FunctionalPlus/stage/include/fplus/show.hpp
0.0	-- Installing: /work/grodgers/git/tr-aomp/TheRock/build/third-party/FunctionalPlus/stage/include/fplus/timed.hpp
0.0	-- Installing: /work/grodgers/git/tr-aomp/TheRock/build/third-party/FunctionalPlus/stage/include/fplus/optimize.hpp
0.0	-- Installing: /work/grodgers/git/tr-aomp/TheRock/build/third-party/FunctionalPlus/stage/include/fplus/queue.hpp
0.0	-- Installing: /work/grodgers/git/tr-aomp/TheRock/build/third-party/FunctionalPlus/stage/include/fplus/maybe.hpp
0.0	-- Installing: /work/grodgers/git/tr-aomp/TheRock/build/third-party/FunctionalPlus/stage/include/fplus/read.hpp
0.0	-- Installing: /work/grodgers/git/tr-aomp/TheRock/build/third-party/FunctionalPlus/stage/include/fplus/maps.hpp
0.0	-- Installing: /work/grodgers/git/tr-aomp/TheRock/build/third-party/FunctionalPlus/stage/include/fplus/filter.hpp
0.0	-- Installing: /work/grodgers/git/tr-aomp/TheRock/build/third-party/FunctionalPlus/stage/include/fplus/curry.hpp
0.0	-- Installing: /work/grodgers/git/tr-aomp/TheRock/build/third-party/FunctionalPlus/stage/include/fplus/transform.hpp
0.0	-- Installing: /work/grodgers/git/tr-aomp/TheRock/build/third-party/FunctionalPlus/stage/include/fplus/replace.hpp
0.0	-- Installing: /work/grodgers/git/tr-aomp/TheRock/build/third-party/FunctionalPlus/stage/include/fplus/extrapolate.hpp
0.0	-- Installing: /work/grodgers/git/tr-aomp/TheRock/build/third-party/FunctionalPlus/stage/include/fplus/side_effects.hpp
0.0	-- Installing: /work/grodgers/git/tr-aomp/TheRock/build/third-party/FunctionalPlus/stage/include/fplus/curry_instances.autogenerated_defines
0.0	-- Installing: /work/grodgers/git/tr-aomp/TheRock/build/third-party/FunctionalPlus/stage/include/fplus/string_tools.hpp
0.0	-- Installing: /work/grodgers/git/tr-aomp/TheRock/build/third-party/FunctionalPlus/stage/include/fplus/container_traits.hpp
0.0	-- Installing: /work/grodgers/git/tr-aomp/TheRock/build/third-party/FunctionalPlus/stage/include/fplus/raii.hpp
0.0	-- Installing: /work/grodgers/git/tr-aomp/TheRock/build/third-party/FunctionalPlus/stage/include/fplus/stopwatch.hpp
0.0	-- Installing: /work/grodgers/git/tr-aomp/TheRock/build/third-party/FunctionalPlus/stage/include/fplus/numeric.hpp
0.0	-- Installing: /work/grodgers/git/tr-aomp/TheRock/build/third-party/FunctionalPlus/stage/include/fplus/container_properties.hpp
0.0	-- Installing: /work/grodgers/git/tr-aomp/TheRock/build/third-party/FunctionalPlus/stage/include/fplus/sets.hpp
0.0	-- Installing: /work/grodgers/git/tr-aomp/TheRock/build/third-party/FunctionalPlus/stage/include/fplus/generate.hpp
0.0	-- Installing: /work/grodgers/git/tr-aomp/TheRock/build/third-party/FunctionalPlus/stage/include/fplus/composition.hpp
0.0	-- Installing: /work/grodgers/git/tr-aomp/TheRock/build/third-party/FunctionalPlus/stage/include/fplus/compare.hpp
0.0	-- Installing: /work/grodgers/git/tr-aomp/TheRock/build/third-party/FunctionalPlus/stage/include/fplus/container_common.hpp
0.0	-- Installing: /work/grodgers/git/tr-aomp/TheRock/build/third-party/FunctionalPlus/stage/include/fplus/internal
0.0	-- Installing: /work/grodgers/git/tr-aomp/TheRock/build/third-party/FunctionalPlus/stage/include/fplus/internal/invoke.hpp
0.0	-- Installing: /work/grodgers/git/tr-aomp/TheRock/build/third-party/FunctionalPlus/stage/include/fplus/internal/function_traits_asserts.hpp
0.0	-- Installing: /work/grodgers/git/tr-aomp/TheRock/build/third-party/FunctionalPlus/stage/include/fplus/internal/asserts
0.0	-- Installing: /work/grodgers/git/tr-aomp/TheRock/build/third-party/FunctionalPlus/stage/include/fplus/internal/asserts/composition.hpp
0.0	-- Installing: /work/grodgers/git/tr-aomp/TheRock/build/third-party/FunctionalPlus/stage/include/fplus/internal/asserts/pairs.hpp
0.0	-- Installing: /work/grodgers/git/tr-aomp/TheRock/build/third-party/FunctionalPlus/stage/include/fplus/internal/asserts/functions.hpp
0.0	-- Installing: /work/grodgers/git/tr-aomp/TheRock/build/third-party/FunctionalPlus/stage/include/fplus/internal/composition.hpp
0.0	-- Installing: /work/grodgers/git/tr-aomp/TheRock/build/third-party/FunctionalPlus/stage/include/fplus/internal/compare.hpp
0.0	-- Installing: /work/grodgers/git/tr-aomp/TheRock/build/third-party/FunctionalPlus/stage/include/fplus/internal/container_common.hpp
0.0	-- Installing: /work/grodgers/git/tr-aomp/TheRock/build/third-party/FunctionalPlus/stage/include/fplus/internal/meta.hpp
0.0	-- Installing: /work/grodgers/git/tr-aomp/TheRock/build/third-party/FunctionalPlus/stage/include/fplus/internal/apply.hpp
0.0	-- Installing: /work/grodgers/git/tr-aomp/TheRock/build/third-party/FunctionalPlus/stage/include/fplus/internal/split.hpp
0.0	-- Installing: /work/grodgers/git/tr-aomp/TheRock/build/third-party/FunctionalPlus/stage/include/fplus/pairs.hpp
0.0	-- Installing: /work/grodgers/git/tr-aomp/TheRock/build/third-party/FunctionalPlus/stage/include/fplus/interpolate.hpp
0.0	-- Installing: /work/grodgers/git/tr-aomp/TheRock/build/third-party/FunctionalPlus/stage/include/fplus/fwd_instances.autogenerated_defines
0.0	-- Installing: /work/grodgers/git/tr-aomp/TheRock/build/third-party/FunctionalPlus/stage/include/fplus/tree.hpp
0.0	-- Installing: /work/grodgers/git/tr-aomp/TheRock/build/third-party/FunctionalPlus/stage/include/fplus/benchmark_session.hpp
0.0	-- Installing: /work/grodgers/git/tr-aomp/TheRock/build/third-party/FunctionalPlus/stage/include/fplus/function_traits.hpp
0.0	-- Installing: /work/grodgers/git/tr-aomp/TheRock/build/third-party/FunctionalPlus/stage/include/fplus/fwd.hpp
0.0	-- Installing: /work/grodgers/git/tr-aomp/TheRock/build/third-party/FunctionalPlus/stage/include/fplus/shared_ref.hpp
0.0	-- Installing: /work/grodgers/git/tr-aomp/TheRock/build/third-party/FunctionalPlus/stage/include/fplus/split.hpp
0.0	-- Installing: /work/grodgers/git/tr-aomp/TheRock/build/third-party/FunctionalPlus/stage/include/fplus/search.hpp
0.0	-- Installing: /work/grodgers/git/tr-aomp/TheRock/build/third-party/FunctionalPlus/stage/include/fplus/result.hpp
0.0	-- Installing: /work/grodgers/git/tr-aomp/TheRock/build/third-party/FunctionalPlus/stage/include/fplus/fplus.hpp
0.0	-- Installing: /work/grodgers/git/tr-aomp/TheRock/build/third-party/FunctionalPlus/stage/lib/cmake/FunctionalPlus/FunctionalPlusConfig.cmake
0.0	-- Installing: /work/grodgers/git/tr-aomp/TheRock/build/third-party/FunctionalPlus/stage/lib/cmake/FunctionalPlus/FunctionalPlusConfigVersion.cmake
0.0	-- Installing: /work/grodgers/git/tr-aomp/TheRock/build/third-party/FunctionalPlus/stage/lib/cmake/FunctionalPlus/FunctionalPlusTargets.cmake
END	1757693406.2987888	0.01744675636291504	0
