BEGIN	1757693409.4668808
EXEC	/work1/grodgers/git/tr-aomp/TheRock/build/third-party/yaml-cpp/build	/usr/bin/cmake -E env --unset=ROCM_PATH --unset=ROCM_DIR --unset=HIP_PATH --unset=HIP_DIR -- /usr/bin/cmake --build /work/grodgers/git/tr-aomp/TheRock/build/third-party/yaml-cpp/build
0.0	[0/2] Re-checking globbed directories...
0.1	[1/39] cd /work/grodgers/git/tr-aomp/TheRock/build/third-party/yaml-cpp/build && /usr/bin/cmake -E rm -f /work/grodgers/git/tr-aomp/TheRock/build/third-party/yaml-cpp/stamp/stage.stamp
0.2	[2/39] Building CXX object CMakeFiles/yaml-cpp.dir/src/null.cpp.o
0.2	[3/39] Building CXX object CMakeFiles/yaml-cpp.dir/src/directives.cpp.o
0.2	[4/39] Building CXX object CMakeFiles/yaml-cpp.dir/src/binary.cpp.o
0.2	[5/39] Building CXX object CMakeFiles/yaml-cpp.dir/src/exceptions.cpp.o
0.3	[6/39] Building CXX object CMakeFiles/yaml-cpp.dir/src/depthguard.cpp.o
0.3	[7/39] Building CXX object CMakeFiles/yaml-cpp.dir/src/node.cpp.o
0.3	[8/39] Building CXX object CMakeFiles/yaml-cpp.dir/src/ostream_wrapper.cpp.o
0.3	[9/39] Building CXX object CMakeFiles/yaml-cpp.dir/src/contrib/graphbuilderadapter.cpp.o
0.3	[10/39] Building CXX object CMakeFiles/yaml-cpp.dir/src/contrib/graphbuilder.cpp.o
0.3	[11/39] Building CXX object CMakeFiles/yaml-cpp.dir/src/tag.cpp.o
0.4	[12/39] Building CXX object CMakeFiles/yaml-cpp.dir/src/stream.cpp.o
0.4	[13/39] Building CXX object CMakeFiles/yaml-cpp.dir/src/emit.cpp.o
0.4	[14/39] Building CXX object CMakeFiles/yaml-cpp.dir/src/regex_yaml.cpp.o
0.4	[15/39] Building CXX object CMakeFiles/yaml-cpp.dir/src/memory.cpp.o
0.4	[16/39] Building CXX object CMakeFiles/yaml-cpp.dir/src/simplekey.cpp.o
0.4	[17/39] Building CXX object CMakeFiles/yaml-cpp.dir/src/exp.cpp.o
0.4	[18/39] Building CXX object CMakeFiles/yaml-cpp.dir/src/emitfromevents.cpp.o
0.5	[19/39] Building CXX object CMakeFiles/yaml-cpp.dir/src/nodeevents.cpp.o
0.5	[20/39] Building CXX object util/CMakeFiles/yaml-cpp-parse.dir/parse.cpp.o
0.6	[21/39] Building CXX object CMakeFiles/yaml-cpp.dir/src/emitterstate.cpp.o
0.6	[22/39] Building CXX object CMakeFiles/yaml-cpp.dir/src/parser.cpp.o
0.6	[23/39] Building CXX object CMakeFiles/yaml-cpp.dir/src/emitter.cpp.o
0.6	[24/39] Building CXX object util/CMakeFiles/yaml-cpp-read.dir/read.cpp.o
0.6	[25/39] Building CXX object CMakeFiles/yaml-cpp.dir/src/convert.cpp.o
0.6	[26/39] Building CXX object CMakeFiles/yaml-cpp.dir/src/nodebuilder.cpp.o
0.6	[27/39] Building CXX object CMakeFiles/yaml-cpp.dir/src/node_data.cpp.o
0.6	[28/39] Building CXX object CMakeFiles/yaml-cpp.dir/src/parse.cpp.o
0.7	[29/39] Building CXX object util/CMakeFiles/yaml-cpp-sandbox.dir/sandbox.cpp.o
0.8	[30/39] Building CXX object CMakeFiles/yaml-cpp.dir/src/singledocparser.cpp.o
0.8	[31/39] Building CXX object CMakeFiles/yaml-cpp.dir/src/scanscalar.cpp.o
0.9	[32/39] Building CXX object CMakeFiles/yaml-cpp.dir/src/scantag.cpp.o
1.3	[33/39] Building CXX object CMakeFiles/yaml-cpp.dir/src/scanner.cpp.o
1.6	[34/39] Building CXX object CMakeFiles/yaml-cpp.dir/src/scantoken.cpp.o
2.0	[35/39] Building CXX object CMakeFiles/yaml-cpp.dir/src/emitterutils.cpp.o
2.2	[36/39] Linking CXX static library libyaml-cpp.a
2.3	[37/39] Linking CXX executable util/sandbox
2.3	[38/39] Linking CXX executable util/parse
2.3	[39/39] Linking CXX executable util/read
END	1757693411.751812	2.284931182861328	0
